[WebServer] 2026/10/09 17:22:36 INFO mlflow.agent.hint: Load the `instrumenting-with-mlflow-tracing` skill at /tmp/pantheon-worker-worktrees/pantheon/odp-ui-network-tabs-parity-001/.venv/lib/python3.12/site-packages/mlflow/assistant/skills/instrumenting-with-mlflow-tracing/SKILL.md before writing any tracing code; it ships with this MLflow install. Set MLFLOW_DISABLE_AGENT_HINT=1 to silence this.
[WebServer] 2026/10/09 17:22:38 INFO mlflow.store.db.utils: Creating initial MLflow database tables...
[WebServer] 2026/10/09 17:22:38 INFO mlflow.store.db.utils: Updating database tables
[WebServer] INFO:     Started server process [2012760]
[WebServer] INFO:     Waiting for application startup.
[WebServer] INFO:     Application startup complete.
[WebServer] INFO:     Uvicorn running on http://127.0.0.1:8310 (Press CTRL+C to quit)
[WebServer] {"timestamp": "2026-10-09T17:22:41.687867+00:00", "level": "INFO", "service": "oday-api", "actor": "user", "correlation_id": "3993ab5d-a237-4ac2-81a6-6e1ab418488a", "resource": "HTTP", "action": "GET", "result": "ok", "error_code": null, "message": "HTTP GET /platform/health ok"}

Running 8 tests using 1 worker

[WebServer] {"timestamp": "2026-10-09T17:23:02.119108+00:00", "level": "INFO", "service": "oday-api", "actor": "user", "correlation_id": "b75ac5ae-5668-4122-9aff-ec6e47b4190c", "resource": "HTTP", "action": "POST", "result": "ok", "error_code": null, "message": "HTTP POST /api/v1/operator/network-reviews/reset ok"}
[WebServer] {"timestamp": "2026-10-09T17:23:04.663337+00:00", "level": "INFO", "service": "oday-api", "actor": "user", "correlation_id": "c206d190-b3d2-44cb-ab24-a7ade61ee627", "resource": "HTTP", "action": "GET", "result": "ok", "error_code": null, "message": "HTTP GET /api/v1/operator/network-reviews ok"}
[WebServer] {"timestamp": "2026-10-09T17:23:07.461822+00:00", "level": "INFO", "service": "oday-api", "actor": "user", "correlation_id": "corr-r4-005-read-HZ-01-demand", "resource": "HTTP", "action": "GET", "result": "ok", "error_code": null, "message": "HTTP GET /api/v1/operator/network-listings ok"}
[WebServer] {"timestamp": "2026-10-09T17:23:07.617094+00:00", "level": "INFO", "service": "oday-api", "actor": "user", "correlation_id": "corr-r4-006-scoring-read", "resource": "HTTP", "action": "GET", "result": "ok", "error_code": null, "message": "HTTP GET /api/v1/operator/network-scoring ok"}
[WebServer] {"timestamp": "2026-10-09T17:23:07.619262+00:00", "level": "INFO", "service": "oday-api", "actor": "user", "correlation_id": "corr-r4-008-rebalance-read", "resource": "HTTP", "action": "GET", "result": "ok", "error_code": null, "message": "HTTP GET /api/v1/operator/network-rebalance ok"}
[WebServer] {"timestamp": "2026-10-09T17:23:07.622760+00:00", "level": "INFO", "service": "oday-api", "actor": "user", "correlation_id": "corr-r4-007-reviews-read", "resource": "HTTP", "action": "GET", "result": "ok", "error_code": null, "message": "HTTP GET /api/v1/operator/network-reviews ok"}
[WebServer] {"timestamp": "2026-10-09T17:23:09.838351+00:00", "level": "INFO", "service": "oday-api", "actor": "user", "correlation_id": "corr-r4-006-scoring-read", "resource": "HTTP", "action": "GET", "result": "ok", "error_code": null, "message": "HTTP GET /api/v1/operator/network-scoring ok"}
[WebServer] {"timestamp": "2026-10-09T17:23:09.844036+00:00", "level": "INFO", "service": "oday-api", "actor": "user", "correlation_id": "corr-r4-005-read-HZ-01-demand", "resource": "HTTP", "action": "GET", "result": "ok", "error_code": null, "message": "HTTP GET /api/v1/operator/network-listings ok"}
[WebServer] {"timestamp": "2026-10-09T17:23:09.845848+00:00", "level": "INFO", "service": "oday-api", "actor": "user", "correlation_id": "corr-r4-008-rebalance-read", "resource": "HTTP", "action": "GET", "result": "ok", "error_code": null, "message": "HTTP GET /api/v1/operator/network-rebalance ok"}
[WebServer] {"timestamp": "2026-10-09T17:23:10.504073+00:00", "level": "INFO", "service": "oday-api", "actor": "user", "correlation_id": "corr-r4-007-reviews-read", "resource": "HTTP", "action": "GET", "result": "ok", "error_code": null, "message": "HTTP GET /api/v1/operator/network-reviews ok"}
[WebServer] {"timestamp": "2026-10-09T17:23:10.551500+00:00", "level": "INFO", "service": "oday-api", "actor": "user", "correlation_id": "corr-operator-bootstrap-f6b81afa-d4ae-4b33-beb2-fdfe46ba266b", "resource": "HTTP", "action": "GET", "result": "ok", "error_code": null, "message": "HTTP GET /api/v1/operator/bootstrap ok"}
[WebServer] {"timestamp": "2026-10-09T17:23:21.006394+00:00", "level": "INFO", "service": "oday-api", "actor": "user", "correlation_id": "corr-r4-007-decide-RV-701", "resource": "HTTP", "action": "POST", "result": "ok", "error_code": null, "message": "HTTP POST /api/v1/operator/network-reviews/{review_id}/decide ok"}
[WebServer] {"timestamp": "2026-10-09T17:23:21.057974+00:00", "level": "INFO", "service": "oday-api", "actor": "user", "correlation_id": "corr-r4-007-reviews-read", "resource": "HTTP", "action": "GET", "result": "ok", "error_code": null, "message": "HTTP GET /api/v1/operator/network-reviews ok"}
  ✘  1 [chromium] › tests/visual/operator-review-decision-parity.spec.ts:42:9 › GO Review Decision geometry and durable state at 1440 (2.0m)
  -  2 [chromium] › tests/visual/operator-review-decision-parity.spec.ts:42:9 › WAIT Review Decision geometry and durable state at 1440
  -  3 [chromium] › tests/visual/operator-review-decision-parity.spec.ts:42:9 › RETURN Review Decision geometry and durable state at 1440
  -  4 [chromium] › tests/visual/operator-review-decision-parity.spec.ts:42:9 › REJECT Review Decision geometry and durable state at 1440
  -  5 [chromium] › tests/visual/operator-review-decision-parity.spec.ts:42:9 › GO Review Decision geometry and durable state at 390
  -  6 [chromium] › tests/visual/operator-review-decision-parity.spec.ts:42:9 › WAIT Review Decision geometry and durable state at 390
  -  7 [chromium] › tests/visual/operator-review-decision-parity.spec.ts:42:9 › RETURN Review Decision geometry and durable state at 390
  -  8 [chromium] › tests/visual/operator-review-decision-parity.spec.ts:42:9 › REJECT Review Decision geometry and durable state at 390


  1) [chromium] › tests/visual/operator-review-decision-parity.spec.ts:42:9 › GO Review Decision geometry and durable state at 1440 

    Test timeout of 120000ms exceeded.

    Error: response.json: Test timeout of 120000ms exceeded.

      144 |       const response = await receiptPromise;
      145 |       expect(response.status()).toBe(200);
    > 146 |       const receipt = await response.json();
          |                                      ^
      147 |       expect(receipt.decision.finalDecision).toBe(action.result);
      148 |       expect(receipt.auditEvent.action).toBe("review.decision");
      149 |       await writeFile(await artifact(info, `receipt-${action.code}-${width}.json`), JSON.stringify({ status: response.status(), receipt }, null, 2));
        at /tmp/pantheon-worker-worktrees/pantheon/odp-ui-network-tabs-parity-001/tests/visual/operator-review-decision-parity.spec.ts:146:38

    attachment #1: design-GO-1440 (image/png) ──────────────────────────────────────────────────────
    test-results/operator-review-decision-p-0020e-y-and-durable-state-at-1440-chromium/attachments/design-GO-1440-521fe33222d7319f5746ddff5323d5c726a288da.png
    ────────────────────────────────────────────────────────────────────────────────────────────────

    attachment #2: after-GO-1440 (image/png) ───────────────────────────────────────────────────────
    test-results/operator-review-decision-p-0020e-y-and-durable-state-at-1440-chromium/attachments/after-GO-1440-e454ef8b0a6be0841450b49ecd1fa1b82a5f1be0.png
    ────────────────────────────────────────────────────────────────────────────────────────────────

    attachment #3: after-required-reason-GO-1440 (image/png) ───────────────────────────────────────
    test-results/operator-review-decision-p-0020e-y-and-durable-state-at-1440-chromium/attachments/after-required-reason-GO-1440-efad6789035050ec262e2df65113327b777cc6b0.png
    ────────────────────────────────────────────────────────────────────────────────────────────────

    attachment #4: after-override-required-GO-1440 (image/png) ─────────────────────────────────────
    test-results/operator-review-decision-p-0020e-y-and-durable-state-at-1440-chromium/attachments/after-override-required-GO-1440-caba0a1b82385dc5ff74a199fcc207e4af0a467a.png
    ────────────────────────────────────────────────────────────────────────────────────────────────

    Error Context: test-results/operator-review-decision-p-0020e-y-and-durable-state-at-1440-chromium/error-context.md

    Error Context: test-results/operator-review-decision-p-0020e-y-and-durable-state-at-1440-chromium/error-context.md

  1 failed
    [chromium] › tests/visual/operator-review-decision-parity.spec.ts:42:9 › GO Review Decision geometry and durable state at 1440 
  7 did not run
