[WebServer] 2026/10/09 17:37:12 INFO mlflow.agent.hint: Load the `instrumenting-with-mlflow-tracing` skill at /tmp/pantheon-worker-worktrees/pantheon/odp-ui-network-tabs-parity-001/.venv/lib/python3.12/site-packages/mlflow/assistant/skills/instrumenting-with-mlflow-tracing/SKILL.md before writing any tracing code; it ships with this MLflow install. Set MLFLOW_DISABLE_AGENT_HINT=1 to silence this.
[WebServer] 2026/10/09 17:37:14 INFO mlflow.store.db.utils: Creating initial MLflow database tables...
[WebServer] 2026/10/09 17:37:14 INFO mlflow.store.db.utils: Updating database tables
[WebServer] INFO:     Started server process [2023580]
[WebServer] INFO:     Waiting for application startup.
[WebServer] INFO:     Application startup complete.
[WebServer] INFO:     Uvicorn running on http://127.0.0.1:8310 (Press CTRL+C to quit)
[WebServer] {"timestamp": "2026-10-09T17:37:17.550853+00:00", "level": "INFO", "service": "oday-api", "actor": "user", "correlation_id": "85b920f9-62be-4d14-8b0e-795d3ddbac66", "resource": "HTTP", "action": "GET", "result": "ok", "error_code": null, "message": "HTTP GET /platform/health ok"}

Running 8 tests using 1 worker

[WebServer] {"timestamp": "2026-10-09T17:37:33.519707+00:00", "level": "INFO", "service": "oday-api", "actor": "user", "correlation_id": "726c2abc-55cd-4c99-903c-906c561fadfc", "resource": "HTTP", "action": "POST", "result": "ok", "error_code": null, "message": "HTTP POST /api/v1/operator/network-reviews/reset ok"}
[WebServer] {"timestamp": "2026-10-09T17:37:36.240939+00:00", "level": "INFO", "service": "oday-api", "actor": "user", "correlation_id": "10d8a57d-0bb8-4147-b384-d71cbf00d527", "resource": "HTTP", "action": "GET", "result": "ok", "error_code": null, "message": "HTTP GET /api/v1/operator/network-reviews ok"}
[WebServer] {"timestamp": "2026-10-09T17:37:38.829860+00:00", "level": "INFO", "service": "oday-api", "actor": "user", "correlation_id": "corr-r4-005-read-HZ-01-demand", "resource": "HTTP", "action": "GET", "result": "ok", "error_code": null, "message": "HTTP GET /api/v1/operator/network-listings ok"}
[WebServer] {"timestamp": "2026-10-09T17:37:39.028325+00:00", "level": "INFO", "service": "oday-api", "actor": "user", "correlation_id": "corr-r4-006-scoring-read", "resource": "HTTP", "action": "GET", "result": "ok", "error_code": null, "message": "HTTP GET /api/v1/operator/network-scoring ok"}
[WebServer] {"timestamp": "2026-10-09T17:37:39.034482+00:00", "level": "INFO", "service": "oday-api", "actor": "user", "correlation_id": "corr-r4-007-reviews-read", "resource": "HTTP", "action": "GET", "result": "ok", "error_code": null, "message": "HTTP GET /api/v1/operator/network-reviews ok"}
[WebServer] {"timestamp": "2026-10-09T17:37:39.034958+00:00", "level": "INFO", "service": "oday-api", "actor": "user", "correlation_id": "corr-r4-008-rebalance-read", "resource": "HTTP", "action": "GET", "result": "ok", "error_code": null, "message": "HTTP GET /api/v1/operator/network-rebalance ok"}
[WebServer] {"timestamp": "2026-10-09T17:37:41.032738+00:00", "level": "INFO", "service": "oday-api", "actor": "user", "correlation_id": "corr-r4-005-read-HZ-01-demand", "resource": "HTTP", "action": "GET", "result": "ok", "error_code": null, "message": "HTTP GET /api/v1/operator/network-listings ok"}
[WebServer] {"timestamp": "2026-10-09T17:37:41.076430+00:00", "level": "INFO", "service": "oday-api", "actor": "user", "correlation_id": "corr-r4-006-scoring-read", "resource": "HTTP", "action": "GET", "result": "ok", "error_code": null, "message": "HTTP GET /api/v1/operator/network-scoring ok"}
[WebServer] {"timestamp": "2026-10-09T17:37:41.079181+00:00", "level": "INFO", "service": "oday-api", "actor": "user", "correlation_id": "corr-r4-008-rebalance-read", "resource": "HTTP", "action": "GET", "result": "ok", "error_code": null, "message": "HTTP GET /api/v1/operator/network-rebalance ok"}
[WebServer] {"timestamp": "2026-10-09T17:37:41.080470+00:00", "level": "INFO", "service": "oday-api", "actor": "user", "correlation_id": "corr-r4-007-reviews-read", "resource": "HTTP", "action": "GET", "result": "ok", "error_code": null, "message": "HTTP GET /api/v1/operator/network-reviews ok"}
[WebServer] {"timestamp": "2026-10-09T17:37:41.992469+00:00", "level": "INFO", "service": "oday-api", "actor": "user", "correlation_id": "corr-operator-bootstrap-5ec344b1-6028-4ccd-b7fa-72187fbb186c", "resource": "HTTP", "action": "GET", "result": "ok", "error_code": null, "message": "HTTP GET /api/v1/operator/bootstrap ok"}
[WebServer] {"timestamp": "2026-10-09T17:37:42.631614+00:00", "level": "INFO", "service": "oday-api", "actor": "user", "correlation_id": "corr-r4-007-decide-RV-702", "resource": "HTTP", "action": "POST", "result": "ok", "error_code": null, "message": "HTTP POST /api/v1/operator/network-reviews/{review_id}/decide ok"}
[WebServer] {"timestamp": "2026-10-09T17:37:42.709244+00:00", "level": "INFO", "service": "oday-api", "actor": "user", "correlation_id": "corr-r4-007-reviews-read", "resource": "HTTP", "action": "GET", "result": "ok", "error_code": null, "message": "HTTP GET /api/v1/operator/network-reviews ok"}
  ✓  1 [chromium] › tests/e2e/operator-network-review.spec.ts:49:7 › ODP-OC-R4-007 Network Review decision › Review panel opens the decision dialog and approves the golden GO flow (11.4s)
[WebServer] {"timestamp": "2026-10-09T17:37:43.124868+00:00", "level": "INFO", "service": "oday-api", "actor": "user", "correlation_id": "08638756-9a71-49e0-96bf-99b7df2552c9", "resource": "HTTP", "action": "POST", "result": "ok", "error_code": null, "message": "HTTP POST /api/v1/operator/network-reviews/reset ok"}
[WebServer] {"timestamp": "2026-10-09T17:37:43.183790+00:00", "level": "INFO", "service": "oday-api", "actor": "user", "correlation_id": "6e571b0c-a864-43e9-a79b-d75de40d38d5", "resource": "HTTP", "action": "GET", "result": "ok", "error_code": null, "message": "HTTP GET /api/v1/operator/network-reviews ok"}
[WebServer] {"timestamp": "2026-10-09T17:37:45.248252+00:00", "level": "INFO", "service": "oday-api", "actor": "user", "correlation_id": "corr-r4-005-read-HZ-01-demand", "resource": "HTTP", "action": "GET", "result": "ok", "error_code": null, "message": "HTTP GET /api/v1/operator/network-listings ok"}
[WebServer] {"timestamp": "2026-10-09T17:37:45.342851+00:00", "level": "INFO", "service": "oday-api", "actor": "user", "correlation_id": "corr-r4-006-scoring-read", "resource": "HTTP", "action": "GET", "result": "ok", "error_code": null, "message": "HTTP GET /api/v1/operator/network-scoring ok"}
[WebServer] {"timestamp": "2026-10-09T17:37:45.349713+00:00", "level": "INFO", "service": "oday-api", "actor": "user", "correlation_id": "corr-r4-008-rebalance-read", "resource": "HTTP", "action": "GET", "result": "ok", "error_code": null, "message": "HTTP GET /api/v1/operator/network-rebalance ok"}
[WebServer] {"timestamp": "2026-10-09T17:37:45.352511+00:00", "level": "INFO", "service": "oday-api", "actor": "user", "correlation_id": "corr-r4-007-reviews-read", "resource": "HTTP", "action": "GET", "result": "ok", "error_code": null, "message": "HTTP GET /api/v1/operator/network-reviews ok"}
[WebServer] {"timestamp": "2026-10-09T17:37:45.452224+00:00", "level": "INFO", "service": "oday-api", "actor": "user", "correlation_id": "corr-r4-005-read-HZ-01-demand", "resource": "HTTP", "action": "GET", "result": "ok", "error_code": null, "message": "HTTP GET /api/v1/operator/network-listings ok"}
[WebServer] {"timestamp": "2026-10-09T17:37:45.771830+00:00", "level": "INFO", "service": "oday-api", "actor": "user", "correlation_id": "corr-r4-006-scoring-read", "resource": "HTTP", "action": "GET", "result": "ok", "error_code": null, "message": "HTTP GET /api/v1/operator/network-scoring ok"}
[WebServer] {"timestamp": "2026-10-09T17:37:45.807063+00:00", "level": "INFO", "service": "oday-api", "actor": "user", "correlation_id": "corr-r4-007-reviews-read", "resource": "HTTP", "action": "GET", "result": "ok", "error_code": null, "message": "HTTP GET /api/v1/operator/network-reviews ok"}
[WebServer] {"timestamp": "2026-10-09T17:37:45.808975+00:00", "level": "INFO", "service": "oday-api", "actor": "user", "correlation_id": "corr-r4-008-rebalance-read", "resource": "HTTP", "action": "GET", "result": "ok", "error_code": null, "message": "HTTP GET /api/v1/operator/network-rebalance ok"}
[WebServer] {"timestamp": "2026-10-09T17:37:45.841170+00:00", "level": "INFO", "service": "oday-api", "actor": "user", "correlation_id": "corr-operator-bootstrap-6769febb-b786-420e-acce-4769011db031", "resource": "HTTP", "action": "GET", "result": "ok", "error_code": null, "message": "HTTP GET /api/v1/operator/bootstrap ok"}
  ✓  2 [chromium] › tests/e2e/operator-network-review.spec.ts:77:7 › ODP-OC-R4-007 Network Review decision › WAIT decision requires pass conditions before it can submit (3.6s)
[WebServer] {"timestamp": "2026-10-09T17:37:46.710906+00:00", "level": "INFO", "service": "oday-api", "actor": "user", "correlation_id": "c293d0a3-ea4c-4ce8-8622-ccb89483c5b2", "resource": "HTTP", "action": "POST", "result": "ok", "error_code": null, "message": "HTTP POST /api/v1/operator/network-reviews/reset ok"}
[WebServer] {"timestamp": "2026-10-09T17:37:46.771283+00:00", "level": "INFO", "service": "oday-api", "actor": "user", "correlation_id": "2cba12fb-d6b5-4963-89b6-596f58fdad4f", "resource": "HTTP", "action": "GET", "result": "ok", "error_code": null, "message": "HTTP GET /api/v1/operator/network-reviews ok"}
[WebServer] {"timestamp": "2026-10-09T17:37:46.793914+00:00", "level": "INFO", "service": "oday-api", "actor": "user", "correlation_id": "ffd99052-4c73-446d-af8a-0dd7b4656976", "resource": "HTTP", "action": "POST", "result": "ok", "error_code": null, "message": "HTTP POST /api/v1/operator/network-reviews/{review_id}/decide ok"}
[WebServer] {"timestamp": "2026-10-09T17:37:46.810085+00:00", "level": "INFO", "service": "oday-api", "actor": "user", "correlation_id": "254ea4c2-fd4d-4620-8101-327e0121dbe3", "resource": "HTTP", "action": "GET", "result": "ok", "error_code": null, "message": "HTTP GET /api/v1/operator/network-reviews ok"}
  ✓  3 [chromium] › tests/e2e/operator-network-review.spec.ts:94:7 › ODP-OC-R4-007 Network Review decision › GO decision syncs five records and survives reload (183ms)
[WebServer] {"timestamp": "2026-10-09T17:37:46.930932+00:00", "level": "INFO", "service": "oday-api", "actor": "user", "correlation_id": "058f904b-d916-4278-a6c1-e4328f2e5f45", "resource": "HTTP", "action": "POST", "result": "ok", "error_code": null, "message": "HTTP POST /api/v1/operator/network-reviews/reset ok"}
[WebServer] {"timestamp": "2026-10-09T17:37:46.971824+00:00", "level": "INFO", "service": "oday-api", "actor": "user", "correlation_id": "c5b716f0-3efa-4f4c-92a4-7fa2df4e97b6", "resource": "HTTP", "action": "GET", "result": "ok", "error_code": null, "message": "HTTP GET /api/v1/operator/network-reviews ok"}
[WebServer] {"timestamp": "2026-10-09T17:37:46.989437+00:00", "level": "INFO", "service": "oday-api", "actor": "user", "correlation_id": "2f79a7ab-746e-4b24-a1a9-1fc5345a1dde", "resource": "HTTP", "action": "POST", "result": "ok", "error_code": null, "message": "HTTP POST /api/v1/operator/network-reviews/{review_id}/decide ok"}
[WebServer] {"timestamp": "2026-10-09T17:37:47.006727+00:00", "level": "INFO", "service": "oday-api", "actor": "user", "correlation_id": "1add6356-2665-4920-8c27-5e8685d3b0ce", "resource": "HTTP", "action": "POST", "result": "ok", "error_code": null, "message": "HTTP POST /api/v1/operator/network-reviews/{review_id}/decide ok"}
  ✓  4 [chromium] › tests/e2e/operator-network-review.spec.ts:116:7 › ODP-OC-R4-007 Network Review decision › Decision mapping covers WAIT / Return / Reject (182ms)
[WebServer] {"timestamp": "2026-10-09T17:37:47.160835+00:00", "level": "INFO", "service": "oday-api", "actor": "user", "correlation_id": "e1a9c7e5-40ad-4234-8865-78d24b7d86aa", "resource": "HTTP", "action": "POST", "result": "ok", "error_code": null, "message": "HTTP POST /api/v1/operator/network-reviews/reset ok"}
[WebServer] {"timestamp": "2026-10-09T17:37:47.199611+00:00", "level": "INFO", "service": "oday-api", "actor": "user", "correlation_id": "739b5601-4b82-4edb-9d2e-5f17b3943148", "resource": "HTTP", "action": "GET", "result": "ok", "error_code": null, "message": "HTTP GET /api/v1/operator/network-reviews ok"}
[WebServer] /tmp/pantheon-worker-worktrees/pantheon/odp-ui-network-tabs-parity-001/.venv/lib/python3.12/site-packages/anyio/_backends/_asyncio.py:1033: StarletteDeprecationWarning: 'HTTP_422_UNPROCESSABLE_ENTITY' is deprecated. Use 'HTTP_422_UNPROCESSABLE_CONTENT' instead.
[WebServer]   result = context.run(func, *args)
[WebServer] {"timestamp": "2026-10-09T17:37:47.220776+00:00", "level": "INFO", "service": "oday-api", "actor": "user", "correlation_id": "b44fe3c5-3c8c-407b-a517-efc925c2e161", "resource": "HTTP", "action": "POST", "result": "ok", "error_code": null, "message": "HTTP POST /api/v1/operator/network-reviews/{review_id}/decide ok"}
[WebServer] {"timestamp": "2026-10-09T17:37:47.232496+00:00", "level": "INFO", "service": "oday-api", "actor": "user", "correlation_id": "951bf6bf-56f7-427b-b3f0-4092a85cb2ec", "resource": "HTTP", "action": "GET", "result": "ok", "error_code": null, "message": "HTTP GET /api/v1/operator/network-reviews ok"}
  ✓  5 [chromium] › tests/e2e/operator-network-review.spec.ts:143:7 › ODP-OC-R4-007 Network Review decision › Failed transaction leaves all five records unchanged (186ms)
[WebServer] {"timestamp": "2026-10-09T17:37:47.347764+00:00", "level": "INFO", "service": "oday-api", "actor": "user", "correlation_id": "af6c2540-539e-4300-bb79-1b733951a2cb", "resource": "HTTP", "action": "POST", "result": "ok", "error_code": null, "message": "HTTP POST /api/v1/operator/network-reviews/reset ok"}
[WebServer] {"timestamp": "2026-10-09T17:37:47.398000+00:00", "level": "INFO", "service": "oday-api", "actor": "user", "correlation_id": "210e8163-38f9-470c-8225-f34cd46957c7", "resource": "HTTP", "action": "GET", "result": "ok", "error_code": null, "message": "HTTP GET /api/v1/operator/network-reviews ok"}
[WebServer] {"timestamp": "2026-10-09T17:37:47.420426+00:00", "level": "INFO", "service": "oday-api", "actor": "user", "correlation_id": "57359902-4075-4d01-803a-519ebec56451", "resource": "HTTP", "action": "POST", "result": "ok", "error_code": null, "message": "HTTP POST /api/v1/operator/network-reviews/{review_id}/decide ok"}
[WebServer] {"timestamp": "2026-10-09T17:37:47.431328+00:00", "level": "INFO", "service": "oday-api", "actor": "user", "correlation_id": "a5be29b3-50dd-4236-a03e-116e91575793", "resource": "HTTP", "action": "POST", "result": "ok", "error_code": null, "message": "HTTP POST /api/v1/operator/network-reviews/{review_id}/decide ok"}
[WebServer] {"timestamp": "2026-10-09T17:37:47.443353+00:00", "level": "INFO", "service": "oday-api", "actor": "user", "correlation_id": "ecec597d-16cd-4be4-8c3e-8cfeeb3c7273", "resource": "HTTP", "action": "GET", "result": "ok", "error_code": null, "message": "HTTP GET /api/v1/operator/network-reviews ok"}
  ✓  6 [chromium] › tests/e2e/operator-network-review.spec.ts:157:7 › ODP-OC-R4-007 Network Review decision › Idempotent replay creates no duplicate records (187ms)
[WebServer] {"timestamp": "2026-10-09T17:37:47.557907+00:00", "level": "INFO", "service": "oday-api", "actor": "user", "correlation_id": "7e6a9563-e1ec-4674-8f52-87e3223cd1e7", "resource": "HTTP", "action": "POST", "result": "ok", "error_code": null, "message": "HTTP POST /api/v1/operator/network-reviews/reset ok"}
[WebServer] {"timestamp": "2026-10-09T17:37:47.610875+00:00", "level": "INFO", "service": "oday-api", "actor": "user", "correlation_id": "6e675960-8ae4-4bba-ad00-3761cd1d6528", "resource": "HTTP", "action": "GET", "result": "ok", "error_code": null, "message": "HTTP GET /api/v1/operator/network-reviews ok"}
[WebServer] {"timestamp": "2026-10-09T17:37:49.545353+00:00", "level": "INFO", "service": "oday-api", "actor": "user", "correlation_id": "corr-r4-005-read-HZ-01-demand", "resource": "HTTP", "action": "GET", "result": "ok", "error_code": null, "message": "HTTP GET /api/v1/operator/network-listings ok"}
[WebServer] {"timestamp": "2026-10-09T17:37:49.655988+00:00", "level": "INFO", "service": "oday-api", "actor": "user", "correlation_id": "corr-r4-006-scoring-read", "resource": "HTTP", "action": "GET", "result": "ok", "error_code": null, "message": "HTTP GET /api/v1/operator/network-scoring ok"}
[WebServer] {"timestamp": "2026-10-09T17:37:49.660685+00:00", "level": "INFO", "service": "oday-api", "actor": "user", "correlation_id": "corr-r4-007-reviews-read", "resource": "HTTP", "action": "GET", "result": "ok", "error_code": null, "message": "HTTP GET /api/v1/operator/network-reviews ok"}
[WebServer] {"timestamp": "2026-10-09T17:37:49.663517+00:00", "level": "INFO", "service": "oday-api", "actor": "user", "correlation_id": "corr-r4-008-rebalance-read", "resource": "HTTP", "action": "GET", "result": "ok", "error_code": null, "message": "HTTP GET /api/v1/operator/network-rebalance ok"}
  ✓  7 [chromium] › tests/e2e/operator-network-review.spec.ts:174:7 › ODP-OC-R4-007 Network Review decision › Operations lead sees read-only review actions (no decision bar) (2.5s)
[WebServer] {"timestamp": "2026-10-09T17:37:50.108918+00:00", "level": "INFO", "service": "oday-api", "actor": "user", "correlation_id": "87197778-6a39-4f33-bc86-c7ed7cabfe7f", "resource": "HTTP", "action": "POST", "result": "ok", "error_code": null, "message": "HTTP POST /api/v1/operator/network-reviews/reset ok"}
[WebServer] {"timestamp": "2026-10-09T17:37:50.160621+00:00", "level": "INFO", "service": "oday-api", "actor": "user", "correlation_id": "8fed62b5-ff3d-43f1-92ca-aa1a6cc12a6f", "resource": "HTTP", "action": "GET", "result": "ok", "error_code": null, "message": "HTTP GET /api/v1/operator/network-reviews ok"}
[WebServer] {"timestamp": "2026-10-09T17:37:50.182448+00:00", "level": "INFO", "service": "oday-api", "actor": "user", "correlation_id": "338b3492-1292-4a4f-ae21-2cc80a9f3de9", "resource": "HTTP", "action": "GET", "result": "ok", "error_code": null, "message": "HTTP GET /api/v1/operator/network-reviews ok"}
[WebServer] {"timestamp": "2026-10-09T17:37:50.195331+00:00", "level": "INFO", "service": "oday-api", "actor": "user", "correlation_id": "cec4feaa-ba61-405c-ba10-388fb71783cb", "resource": "HTTP", "action": "POST", "result": "ok", "error_code": null, "message": "HTTP POST /api/v1/operator/network-reviews/{review_id}/decide ok"}
[WebServer] {"timestamp": "2026-10-09T17:37:50.212835+00:00", "level": "INFO", "service": "oday-api", "actor": "user", "correlation_id": "0f32dc82-8746-4e2d-9b88-d83e54211e67", "resource": "HTTP", "action": "POST", "result": "ok", "error_code": null, "message": "HTTP POST /api/v1/operator/network-reviews/{review_id}/decide ok"}
  ✓  8 [chromium] › tests/e2e/operator-network-review.spec.ts:199:7 › ODP-OC-R4-007 Network Review decision › Expansion may read but not decide; reviewer may decide (244ms)

  8 passed (42.9s)
