[WebServer] 2026/10/09 17:34:16 INFO mlflow.agent.hint: Load the `instrumenting-with-mlflow-tracing` skill at /tmp/pantheon-worker-worktrees/pantheon/odp-ui-network-tabs-parity-001/.venv/lib/python3.12/site-packages/mlflow/assistant/skills/instrumenting-with-mlflow-tracing/SKILL.md before writing any tracing code; it ships with this MLflow install. Set MLFLOW_DISABLE_AGENT_HINT=1 to silence this.
[WebServer] 2026/10/09 17:34:18 INFO mlflow.store.db.utils: Creating initial MLflow database tables...
[WebServer] 2026/10/09 17:34:18 INFO mlflow.store.db.utils: Updating database tables
[WebServer] INFO:     Started server process [2021647]
[WebServer] INFO:     Waiting for application startup.
[WebServer] INFO:     Application startup complete.
[WebServer] INFO:     Uvicorn running on http://127.0.0.1:8310 (Press CTRL+C to quit)
[WebServer] {"timestamp": "2026-10-09T17:34:22.782684+00:00", "level": "INFO", "service": "oday-api", "actor": "user", "correlation_id": "eb783732-3719-4fe1-a963-c4e2cbe38ec4", "resource": "HTTP", "action": "GET", "result": "ok", "error_code": null, "message": "HTTP GET /platform/health ok"}

Running 8 tests using 1 worker

[WebServer] {"timestamp": "2026-10-09T17:34:40.881869+00:00", "level": "INFO", "service": "oday-api", "actor": "user", "correlation_id": "8532ba19-70c2-4f6e-afa5-10e8227a2954", "resource": "HTTP", "action": "POST", "result": "ok", "error_code": null, "message": "HTTP POST /api/v1/operator/network-reviews/reset ok"}
[WebServer] {"timestamp": "2026-10-09T17:34:44.131758+00:00", "level": "INFO", "service": "oday-api", "actor": "user", "correlation_id": "fc9173b1-252b-420c-8970-4ccb3de02300", "resource": "HTTP", "action": "GET", "result": "ok", "error_code": null, "message": "HTTP GET /api/v1/operator/network-reviews ok"}
[WebServer] {"timestamp": "2026-10-09T17:34:47.007514+00:00", "level": "INFO", "service": "oday-api", "actor": "user", "correlation_id": "corr-r4-005-read-HZ-01-demand", "resource": "HTTP", "action": "GET", "result": "ok", "error_code": null, "message": "HTTP GET /api/v1/operator/network-listings ok"}
[WebServer] {"timestamp": "2026-10-09T17:34:47.261496+00:00", "level": "INFO", "service": "oday-api", "actor": "user", "correlation_id": "corr-r4-006-scoring-read", "resource": "HTTP", "action": "GET", "result": "ok", "error_code": null, "message": "HTTP GET /api/v1/operator/network-scoring ok"}
[WebServer] {"timestamp": "2026-10-09T17:34:47.264885+00:00", "level": "INFO", "service": "oday-api", "actor": "user", "correlation_id": "corr-r4-008-rebalance-read", "resource": "HTTP", "action": "GET", "result": "ok", "error_code": null, "message": "HTTP GET /api/v1/operator/network-rebalance ok"}
[WebServer] {"timestamp": "2026-10-09T17:34:47.267950+00:00", "level": "INFO", "service": "oday-api", "actor": "user", "correlation_id": "corr-r4-007-reviews-read", "resource": "HTTP", "action": "GET", "result": "ok", "error_code": null, "message": "HTTP GET /api/v1/operator/network-reviews ok"}
[WebServer] {"timestamp": "2026-10-09T17:34:52.234748+00:00", "level": "INFO", "service": "oday-api", "actor": "user", "correlation_id": "corr-r4-005-read-HZ-01-demand", "resource": "HTTP", "action": "GET", "result": "ok", "error_code": null, "message": "HTTP GET /api/v1/operator/network-listings ok"}
[WebServer] {"timestamp": "2026-10-09T17:34:52.280527+00:00", "level": "INFO", "service": "oday-api", "actor": "user", "correlation_id": "corr-r4-007-reviews-read", "resource": "HTTP", "action": "GET", "result": "ok", "error_code": null, "message": "HTTP GET /api/v1/operator/network-reviews ok"}
[WebServer] {"timestamp": "2026-10-09T17:34:52.283263+00:00", "level": "INFO", "service": "oday-api", "actor": "user", "correlation_id": "corr-r4-006-scoring-read", "resource": "HTTP", "action": "GET", "result": "ok", "error_code": null, "message": "HTTP GET /api/v1/operator/network-scoring ok"}
[WebServer] {"timestamp": "2026-10-09T17:34:52.285389+00:00", "level": "INFO", "service": "oday-api", "actor": "user", "correlation_id": "corr-r4-008-rebalance-read", "resource": "HTTP", "action": "GET", "result": "ok", "error_code": null, "message": "HTTP GET /api/v1/operator/network-rebalance ok"}
[WebServer] {"timestamp": "2026-10-09T17:34:52.328878+00:00", "level": "INFO", "service": "oday-api", "actor": "user", "correlation_id": "corr-operator-bootstrap-fdb011a9-5970-4f54-bc34-f18a02b268bf", "resource": "HTTP", "action": "GET", "result": "ok", "error_code": null, "message": "HTTP GET /api/v1/operator/bootstrap ok"}
[WebServer] {"timestamp": "2026-10-09T17:34:53.345239+00:00", "level": "INFO", "service": "oday-api", "actor": "user", "correlation_id": "corr-r4-007-decide-RV-702", "resource": "HTTP", "action": "POST", "result": "ok", "error_code": null, "message": "HTTP POST /api/v1/operator/network-reviews/{review_id}/decide ok"}
[WebServer] {"timestamp": "2026-10-09T17:34:53.401657+00:00", "level": "INFO", "service": "oday-api", "actor": "user", "correlation_id": "corr-r4-007-reviews-read", "resource": "HTTP", "action": "GET", "result": "ok", "error_code": null, "message": "HTTP GET /api/v1/operator/network-reviews ok"}
  ✓  1 [chromium] › tests/e2e/operator-network-review.spec.ts:49:7 › ODP-OC-R4-007 Network Review decision › Review panel opens the decision dialog and approves the golden GO flow (14.6s)
[WebServer] {"timestamp": "2026-10-09T17:34:53.743651+00:00", "level": "INFO", "service": "oday-api", "actor": "user", "correlation_id": "026caf38-f897-4066-9d30-9286526c0d0b", "resource": "HTTP", "action": "POST", "result": "ok", "error_code": null, "message": "HTTP POST /api/v1/operator/network-reviews/reset ok"}
[WebServer] {"timestamp": "2026-10-09T17:34:53.804955+00:00", "level": "INFO", "service": "oday-api", "actor": "user", "correlation_id": "ec202c1d-76bc-48fc-ae2b-c89a14b788fe", "resource": "HTTP", "action": "GET", "result": "ok", "error_code": null, "message": "HTTP GET /api/v1/operator/network-reviews ok"}
[WebServer] {"timestamp": "2026-10-09T17:34:56.413145+00:00", "level": "INFO", "service": "oday-api", "actor": "user", "correlation_id": "corr-r4-006-scoring-read", "resource": "HTTP", "action": "GET", "result": "ok", "error_code": null, "message": "HTTP GET /api/v1/operator/network-scoring ok"}
[WebServer] {"timestamp": "2026-10-09T17:34:56.523790+00:00", "level": "INFO", "service": "oday-api", "actor": "user", "correlation_id": "corr-r4-007-reviews-read", "resource": "HTTP", "action": "GET", "result": "ok", "error_code": null, "message": "HTTP GET /api/v1/operator/network-reviews ok"}
[WebServer] {"timestamp": "2026-10-09T17:34:56.526981+00:00", "level": "INFO", "service": "oday-api", "actor": "user", "correlation_id": "corr-r4-005-read-HZ-01-demand", "resource": "HTTP", "action": "GET", "result": "ok", "error_code": null, "message": "HTTP GET /api/v1/operator/network-listings ok"}
[WebServer] {"timestamp": "2026-10-09T17:34:56.529697+00:00", "level": "INFO", "service": "oday-api", "actor": "user", "correlation_id": "corr-r4-008-rebalance-read", "resource": "HTTP", "action": "GET", "result": "ok", "error_code": null, "message": "HTTP GET /api/v1/operator/network-rebalance ok"}
[WebServer] {"timestamp": "2026-10-09T17:34:56.876103+00:00", "level": "INFO", "service": "oday-api", "actor": "user", "correlation_id": "corr-r4-005-read-HZ-01-demand", "resource": "HTTP", "action": "GET", "result": "ok", "error_code": null, "message": "HTTP GET /api/v1/operator/network-listings ok"}
[WebServer] {"timestamp": "2026-10-09T17:34:56.894969+00:00", "level": "INFO", "service": "oday-api", "actor": "user", "correlation_id": "corr-r4-006-scoring-read", "resource": "HTTP", "action": "GET", "result": "ok", "error_code": null, "message": "HTTP GET /api/v1/operator/network-scoring ok"}
[WebServer] {"timestamp": "2026-10-09T17:34:56.944295+00:00", "level": "INFO", "service": "oday-api", "actor": "user", "correlation_id": "corr-r4-008-rebalance-read", "resource": "HTTP", "action": "GET", "result": "ok", "error_code": null, "message": "HTTP GET /api/v1/operator/network-rebalance ok"}
[WebServer] {"timestamp": "2026-10-09T17:34:56.944839+00:00", "level": "INFO", "service": "oday-api", "actor": "user", "correlation_id": "corr-r4-007-reviews-read", "resource": "HTTP", "action": "GET", "result": "ok", "error_code": null, "message": "HTTP GET /api/v1/operator/network-reviews ok"}
[WebServer] {"timestamp": "2026-10-09T17:34:57.008215+00:00", "level": "INFO", "service": "oday-api", "actor": "user", "correlation_id": "corr-operator-bootstrap-3d00fea9-e7bd-4fbc-8df4-d8dd2199a5af", "resource": "HTTP", "action": "GET", "result": "ok", "error_code": null, "message": "HTTP GET /api/v1/operator/bootstrap ok"}
  ✓  2 [chromium] › tests/e2e/operator-network-review.spec.ts:76:7 › ODP-OC-R4-007 Network Review decision › WAIT decision requires pass conditions before it can submit (4.2s)
[WebServer] {"timestamp": "2026-10-09T17:34:57.860877+00:00", "level": "INFO", "service": "oday-api", "actor": "user", "correlation_id": "1c2f1486-c2d2-496d-95a8-85229d0aa4dd", "resource": "HTTP", "action": "POST", "result": "ok", "error_code": null, "message": "HTTP POST /api/v1/operator/network-reviews/reset ok"}
[WebServer] {"timestamp": "2026-10-09T17:34:57.929731+00:00", "level": "INFO", "service": "oday-api", "actor": "user", "correlation_id": "0a0fdd8e-ea29-4b9c-bc83-1f610c9f2cb8", "resource": "HTTP", "action": "GET", "result": "ok", "error_code": null, "message": "HTTP GET /api/v1/operator/network-reviews ok"}
[WebServer] {"timestamp": "2026-10-09T17:34:57.950069+00:00", "level": "INFO", "service": "oday-api", "actor": "user", "correlation_id": "0886b149-2b4a-4794-afde-766517413373", "resource": "HTTP", "action": "POST", "result": "ok", "error_code": null, "message": "HTTP POST /api/v1/operator/network-reviews/{review_id}/decide ok"}
[WebServer] {"timestamp": "2026-10-09T17:34:57.966288+00:00", "level": "INFO", "service": "oday-api", "actor": "user", "correlation_id": "711b4ab1-c4c2-45bc-b645-cc71f6843384", "resource": "HTTP", "action": "GET", "result": "ok", "error_code": null, "message": "HTTP GET /api/v1/operator/network-reviews ok"}
  ✓  3 [chromium] › tests/e2e/operator-network-review.spec.ts:93:7 › ODP-OC-R4-007 Network Review decision › GO decision syncs five records and survives reload (196ms)
[WebServer] {"timestamp": "2026-10-09T17:34:58.105789+00:00", "level": "INFO", "service": "oday-api", "actor": "user", "correlation_id": "2a2c0831-5f7b-46f9-88f5-3bd6853c29f7", "resource": "HTTP", "action": "POST", "result": "ok", "error_code": null, "message": "HTTP POST /api/v1/operator/network-reviews/reset ok"}
[WebServer] {"timestamp": "2026-10-09T17:34:58.153283+00:00", "level": "INFO", "service": "oday-api", "actor": "user", "correlation_id": "fb677d5b-5aef-4f2e-9107-3d2dbb2b9ccd", "resource": "HTTP", "action": "GET", "result": "ok", "error_code": null, "message": "HTTP GET /api/v1/operator/network-reviews ok"}
[WebServer] {"timestamp": "2026-10-09T17:34:58.176916+00:00", "level": "INFO", "service": "oday-api", "actor": "user", "correlation_id": "54ebefff-110e-4d3c-bc7b-0642d83c42da", "resource": "HTTP", "action": "POST", "result": "ok", "error_code": null, "message": "HTTP POST /api/v1/operator/network-reviews/{review_id}/decide ok"}
[WebServer] {"timestamp": "2026-10-09T17:34:58.190869+00:00", "level": "INFO", "service": "oday-api", "actor": "user", "correlation_id": "310a776d-7291-4740-bb26-6acce51c0ac5", "resource": "HTTP", "action": "POST", "result": "ok", "error_code": null, "message": "HTTP POST /api/v1/operator/network-reviews/{review_id}/decide ok"}
  ✓  4 [chromium] › tests/e2e/operator-network-review.spec.ts:115:7 › ODP-OC-R4-007 Network Review decision › Decision mapping covers WAIT / Return / Reject (191ms)
[WebServer] {"timestamp": "2026-10-09T17:34:58.313893+00:00", "level": "INFO", "service": "oday-api", "actor": "user", "correlation_id": "06d20751-2967-42cc-b9aa-68dfb248183e", "resource": "HTTP", "action": "POST", "result": "ok", "error_code": null, "message": "HTTP POST /api/v1/operator/network-reviews/reset ok"}
[WebServer] {"timestamp": "2026-10-09T17:34:58.355419+00:00", "level": "INFO", "service": "oday-api", "actor": "user", "correlation_id": "6e2b58e7-dff3-4bdb-a18b-205425fb82d5", "resource": "HTTP", "action": "GET", "result": "ok", "error_code": null, "message": "HTTP GET /api/v1/operator/network-reviews ok"}
[WebServer] /tmp/pantheon-worker-worktrees/pantheon/odp-ui-network-tabs-parity-001/.venv/lib/python3.12/site-packages/anyio/_backends/_asyncio.py:1033: StarletteDeprecationWarning: 'HTTP_422_UNPROCESSABLE_ENTITY' is deprecated. Use 'HTTP_422_UNPROCESSABLE_CONTENT' instead.
[WebServer]   result = context.run(func, *args)
[WebServer] {"timestamp": "2026-10-09T17:34:58.384286+00:00", "level": "INFO", "service": "oday-api", "actor": "user", "correlation_id": "430a55ef-b39b-4eca-90c0-80130b9407c2", "resource": "HTTP", "action": "POST", "result": "ok", "error_code": null, "message": "HTTP POST /api/v1/operator/network-reviews/{review_id}/decide ok"}
[WebServer] {"timestamp": "2026-10-09T17:34:58.394163+00:00", "level": "INFO", "service": "oday-api", "actor": "user", "correlation_id": "45f3a0bb-5f77-4104-95c4-65a972dfd6e0", "resource": "HTTP", "action": "GET", "result": "ok", "error_code": null, "message": "HTTP GET /api/v1/operator/network-reviews ok"}
  ✓  5 [chromium] › tests/e2e/operator-network-review.spec.ts:142:7 › ODP-OC-R4-007 Network Review decision › Failed transaction leaves all five records unchanged (177ms)
[WebServer] {"timestamp": "2026-10-09T17:34:58.499723+00:00", "level": "INFO", "service": "oday-api", "actor": "user", "correlation_id": "5fa6cfff-25fd-4417-8bf0-02cc42625dda", "resource": "HTTP", "action": "POST", "result": "ok", "error_code": null, "message": "HTTP POST /api/v1/operator/network-reviews/reset ok"}
[WebServer] {"timestamp": "2026-10-09T17:34:58.543068+00:00", "level": "INFO", "service": "oday-api", "actor": "user", "correlation_id": "ea3642a6-faf6-4c73-b916-db468dd3fa05", "resource": "HTTP", "action": "GET", "result": "ok", "error_code": null, "message": "HTTP GET /api/v1/operator/network-reviews ok"}
[WebServer] {"timestamp": "2026-10-09T17:34:58.561549+00:00", "level": "INFO", "service": "oday-api", "actor": "user", "correlation_id": "505bf891-5f92-4347-9fd6-a1f1ce9a24aa", "resource": "HTTP", "action": "POST", "result": "ok", "error_code": null, "message": "HTTP POST /api/v1/operator/network-reviews/{review_id}/decide ok"}
[WebServer] {"timestamp": "2026-10-09T17:34:58.573298+00:00", "level": "INFO", "service": "oday-api", "actor": "user", "correlation_id": "79689829-c5be-4cb2-ab1a-e77748450347", "resource": "HTTP", "action": "POST", "result": "ok", "error_code": null, "message": "HTTP POST /api/v1/operator/network-reviews/{review_id}/decide ok"}
[WebServer] {"timestamp": "2026-10-09T17:34:58.587706+00:00", "level": "INFO", "service": "oday-api", "actor": "user", "correlation_id": "ea275790-d5c7-4b8c-9cdd-cdf85e336f25", "resource": "HTTP", "action": "GET", "result": "ok", "error_code": null, "message": "HTTP GET /api/v1/operator/network-reviews ok"}
  ✓  6 [chromium] › tests/e2e/operator-network-review.spec.ts:156:7 › ODP-OC-R4-007 Network Review decision › Idempotent replay creates no duplicate records (181ms)
[WebServer] {"timestamp": "2026-10-09T17:34:58.695273+00:00", "level": "INFO", "service": "oday-api", "actor": "user", "correlation_id": "9c7b87ff-fc07-4066-8037-b320edf211c5", "resource": "HTTP", "action": "POST", "result": "ok", "error_code": null, "message": "HTTP POST /api/v1/operator/network-reviews/reset ok"}
[WebServer] {"timestamp": "2026-10-09T17:34:58.738170+00:00", "level": "INFO", "service": "oday-api", "actor": "user", "correlation_id": "2156fdab-8905-4b7d-b6a7-2f9f15ae2622", "resource": "HTTP", "action": "GET", "result": "ok", "error_code": null, "message": "HTTP GET /api/v1/operator/network-reviews ok"}
[WebServer] {"timestamp": "2026-10-09T17:35:00.606165+00:00", "level": "INFO", "service": "oday-api", "actor": "user", "correlation_id": "corr-r4-005-read-HZ-01-demand", "resource": "HTTP", "action": "GET", "result": "ok", "error_code": null, "message": "HTTP GET /api/v1/operator/network-listings ok"}
[WebServer] {"timestamp": "2026-10-09T17:35:00.694416+00:00", "level": "INFO", "service": "oday-api", "actor": "user", "correlation_id": "corr-r4-006-scoring-read", "resource": "HTTP", "action": "GET", "result": "ok", "error_code": null, "message": "HTTP GET /api/v1/operator/network-scoring ok"}
[WebServer] {"timestamp": "2026-10-09T17:35:00.696728+00:00", "level": "INFO", "service": "oday-api", "actor": "user", "correlation_id": "corr-r4-008-rebalance-read", "resource": "HTTP", "action": "GET", "result": "ok", "error_code": null, "message": "HTTP GET /api/v1/operator/network-rebalance ok"}
[WebServer] {"timestamp": "2026-10-09T17:35:00.700145+00:00", "level": "INFO", "service": "oday-api", "actor": "user", "correlation_id": "corr-r4-007-reviews-read", "resource": "HTTP", "action": "GET", "result": "ok", "error_code": null, "message": "HTTP GET /api/v1/operator/network-reviews ok"}
  ✓  7 [chromium] › tests/e2e/operator-network-review.spec.ts:173:7 › ODP-OC-R4-007 Network Review decision › Operations lead sees read-only review actions (no decision bar) (2.4s)
[WebServer] {"timestamp": "2026-10-09T17:35:01.040165+00:00", "level": "INFO", "service": "oday-api", "actor": "user", "correlation_id": "corr-operator-bootstrap-5c76e881-8464-4f61-9133-da0b6e0fedc6", "resource": "HTTP", "action": "GET", "result": "ok", "error_code": null, "message": "HTTP GET /api/v1/operator/bootstrap ok"}
[WebServer] {"timestamp": "2026-10-09T17:35:01.116682+00:00", "level": "INFO", "service": "oday-api", "actor": "user", "correlation_id": "f830e3e3-8c39-49ea-923d-6bdf8c7f3135", "resource": "HTTP", "action": "POST", "result": "ok", "error_code": null, "message": "HTTP POST /api/v1/operator/network-reviews/reset ok"}
[WebServer] {"timestamp": "2026-10-09T17:35:01.160130+00:00", "level": "INFO", "service": "oday-api", "actor": "user", "correlation_id": "cf3c5436-31d2-4fd6-ba27-cfe3755feb11", "resource": "HTTP", "action": "GET", "result": "ok", "error_code": null, "message": "HTTP GET /api/v1/operator/network-reviews ok"}
[WebServer] {"timestamp": "2026-10-09T17:35:01.200779+00:00", "level": "INFO", "service": "oday-api", "actor": "user", "correlation_id": "7465ff0c-d64a-4426-a864-776c2dfadb56", "resource": "HTTP", "action": "GET", "result": "ok", "error_code": null, "message": "HTTP GET /api/v1/operator/network-reviews ok"}
[WebServer] {"timestamp": "2026-10-09T17:35:01.228363+00:00", "level": "INFO", "service": "oday-api", "actor": "user", "correlation_id": "fa674182-9d4e-473b-a437-87f2ece8aa3b", "resource": "HTTP", "action": "POST", "result": "ok", "error_code": null, "message": "HTTP POST /api/v1/operator/network-reviews/{review_id}/decide ok"}
[WebServer] {"timestamp": "2026-10-09T17:35:01.265357+00:00", "level": "INFO", "service": "oday-api", "actor": "user", "correlation_id": "a7696ba0-0739-4bdb-83e0-67de875c9c51", "resource": "HTTP", "action": "POST", "result": "ok", "error_code": null, "message": "HTTP POST /api/v1/operator/network-reviews/{review_id}/decide ok"}
  ✓  8 [chromium] › tests/e2e/operator-network-review.spec.ts:198:7 › ODP-OC-R4-007 Network Review decision › Expansion may read but not decide; reviewer may decide (287ms)

  8 passed (50.0s)
