[WebServer] 2026/10/09 16:52:16 INFO mlflow.agent.hint: Load the `instrumenting-with-mlflow-tracing` skill at /tmp/pantheon-worker-worktrees/pantheon/odp-ui-network-tabs-parity-001/.venv/lib/python3.12/site-packages/mlflow/assistant/skills/instrumenting-with-mlflow-tracing/SKILL.md before writing any tracing code; it ships with this MLflow install. Set MLFLOW_DISABLE_AGENT_HINT=1 to silence this.
[WebServer] 2026/10/09 16:52:18 INFO mlflow.store.db.utils: Creating initial MLflow database tables...
[WebServer] 2026/10/09 16:52:18 INFO mlflow.store.db.utils: Updating database tables
[WebServer] INFO:     Started server process [1988264]
[WebServer] INFO:     Waiting for application startup.
[WebServer] INFO:     Application startup complete.
[WebServer] INFO:     Uvicorn running on http://127.0.0.1:8310 (Press CTRL+C to quit)
[WebServer] {"timestamp": "2026-10-09T16:52:22.081608+00:00", "level": "INFO", "service": "oday-api", "actor": "user", "correlation_id": "7b6d71f6-af29-4db6-92d0-ee23bf7a11ce", "resource": "HTTP", "action": "GET", "result": "ok", "error_code": null, "message": "HTTP GET /platform/health ok"}

Running 2 tests using 1 worker

[WebServer] {"timestamp": "2026-10-09T16:52:38.057013+00:00", "level": "INFO", "service": "oday-api", "actor": "user", "correlation_id": "780e9469-514f-4251-8370-596f2df8038e", "resource": "HTTP", "action": "POST", "result": "ok", "error_code": null, "message": "HTTP POST /api/v1/operator/network-listings/reset ok"}
[WebServer] {"timestamp": "2026-10-09T16:52:40.691373+00:00", "level": "INFO", "service": "oday-api", "actor": "user", "correlation_id": "088aa571-b5dd-4073-b659-5078b897606a", "resource": "HTTP", "action": "GET", "result": "ok", "error_code": null, "message": "HTTP GET /api/v1/operator/network-listings/intake ok"}
[WebServer] {"timestamp": "2026-10-09T16:52:43.445504+00:00", "level": "INFO", "service": "oday-api", "actor": "user", "correlation_id": "corr-r4-005-read-HZ-01-demand", "resource": "HTTP", "action": "GET", "result": "ok", "error_code": null, "message": "HTTP GET /api/v1/operator/network-listings ok"}
[WebServer] {"timestamp": "2026-10-09T16:52:43.681525+00:00", "level": "INFO", "service": "oday-api", "actor": "user", "correlation_id": "corr-r4-006-scoring-read", "resource": "HTTP", "action": "GET", "result": "ok", "error_code": null, "message": "HTTP GET /api/v1/operator/network-scoring ok"}
[WebServer] {"timestamp": "2026-10-09T16:52:43.682211+00:00", "level": "INFO", "service": "oday-api", "actor": "user", "correlation_id": "corr-r4-008-rebalance-read", "resource": "HTTP", "action": "GET", "result": "ok", "error_code": null, "message": "HTTP GET /api/v1/operator/network-rebalance ok"}
[WebServer] {"timestamp": "2026-10-09T16:52:43.688221+00:00", "level": "INFO", "service": "oday-api", "actor": "user", "correlation_id": "corr-r4-007-reviews-read", "resource": "HTTP", "action": "GET", "result": "ok", "error_code": null, "message": "HTTP GET /api/v1/operator/network-reviews ok"}
[WebServer] {"timestamp": "2026-10-09T16:52:46.130925+00:00", "level": "INFO", "service": "oday-api", "actor": "user", "correlation_id": "corr-r4-008-rebalance-read", "resource": "HTTP", "action": "GET", "result": "ok", "error_code": null, "message": "HTTP GET /api/v1/operator/network-rebalance ok"}
[WebServer] {"timestamp": "2026-10-09T16:52:46.132689+00:00", "level": "INFO", "service": "oday-api", "actor": "user", "correlation_id": "corr-r4-006-scoring-read", "resource": "HTTP", "action": "GET", "result": "ok", "error_code": null, "message": "HTTP GET /api/v1/operator/network-scoring ok"}
[WebServer] {"timestamp": "2026-10-09T16:52:46.139369+00:00", "level": "INFO", "service": "oday-api", "actor": "user", "correlation_id": "corr-r4-005-read-HZ-01-demand", "resource": "HTTP", "action": "GET", "result": "ok", "error_code": null, "message": "HTTP GET /api/v1/operator/network-listings ok"}
[WebServer] {"timestamp": "2026-10-09T16:52:47.224961+00:00", "level": "INFO", "service": "oday-api", "actor": "user", "correlation_id": "corr-r4-007-reviews-read", "resource": "HTTP", "action": "GET", "result": "ok", "error_code": null, "message": "HTTP GET /api/v1/operator/network-reviews ok"}
[WebServer] {"timestamp": "2026-10-09T16:52:47.317159+00:00", "level": "INFO", "service": "oday-api", "actor": "user", "correlation_id": "corr-operator-bootstrap-8f45f866-9ff7-40cd-8a9f-aab6c9a7d131", "resource": "HTTP", "action": "GET", "result": "ok", "error_code": null, "message": "HTTP GET /api/v1/operator/bootstrap ok"}
[WebServer] {"timestamp": "2026-10-09T16:52:47.433989+00:00", "level": "INFO", "service": "oday-api", "actor": "user", "correlation_id": "47dfa5ed-511a-4c5a-abc8-9255274487f9", "resource": "HTTP", "action": "GET", "result": "ok", "error_code": null, "message": "HTTP GET /api/v1/operator/network-listings/intake ok"}
[WebServer] {"timestamp": "2026-10-09T16:52:47.603935+00:00", "level": "INFO", "service": "oday-api", "actor": "user", "correlation_id": "091c12c8-c280-4dc0-9323-bc987c8db5b9", "resource": "HTTP", "action": "GET", "result": "ok", "error_code": null, "message": "HTTP GET /api/v1/operator/network-listings/intake ok"}
[WebServer] {"timestamp": "2026-10-09T16:52:47.772036+00:00", "level": "INFO", "service": "oday-api", "actor": "user", "correlation_id": "9cbf86e6-7d42-4e9b-81cf-da05d79b470c", "resource": "HTTP", "action": "GET", "result": "ok", "error_code": null, "message": "HTTP GET /api/v1/operator/network-listings/intake ok"}
[WebServer] {"timestamp": "2026-10-09T16:52:48.897810+00:00", "level": "INFO", "service": "oday-api", "actor": "user", "correlation_id": "corr-63aa8e69-d98d-44d6-a19b-b54d561f121b", "resource": "HTTP", "action": "POST", "result": "ok", "error_code": null, "message": "HTTP POST /api/v1/operator/network-listings/intake/submit ok"}
[WebServer] {"timestamp": "2026-10-09T16:52:48.982096+00:00", "level": "INFO", "service": "oday-api", "actor": "user", "correlation_id": "1c34d437-d70d-4280-8c04-0ed448d7e5d5", "resource": "HTTP", "action": "GET", "result": "ok", "error_code": null, "message": "HTTP GET /api/v1/operator/network-listings/intake ok"}
[WebServer] {"timestamp": "2026-10-09T16:52:49.338562+00:00", "level": "INFO", "service": "oday-api", "actor": "user", "correlation_id": "fe95d845-5b91-42ee-9b22-4e54af902a2e", "resource": "HTTP", "action": "GET", "result": "ok", "error_code": null, "message": "HTTP GET /api/v1/operator/network-listings/intake ok"}
[WebServer] {"timestamp": "2026-10-09T16:52:49.377730+00:00", "level": "INFO", "service": "oday-api", "actor": "user", "correlation_id": "73bba839-bff0-4879-8660-c696c1fa0618", "resource": "HTTP", "action": "GET", "result": "ok", "error_code": null, "message": "HTTP GET /api/v1/operator/network-listings/intake/{intake_id} ok"}
[WebServer] {"timestamp": "2026-10-09T16:52:49.378428+00:00", "level": "INFO", "service": "oday-api", "actor": "user", "correlation_id": "5834670c-eef5-4eec-be49-db90c04209da", "resource": "HTTP", "action": "GET", "result": "ok", "error_code": null, "message": "HTTP GET /api/v1/operator/network-listings/intake/{intake_id} ok"}
[WebServer] {"timestamp": "2026-10-09T16:52:49.380528+00:00", "level": "INFO", "service": "oday-api", "actor": "user", "correlation_id": "b2ce6a8c-c05a-4220-91b8-fc480025fc93", "resource": "HTTP", "action": "GET", "result": "ok", "error_code": null, "message": "HTTP GET /api/v1/operator/network-listings/intake ok"}
[WebServer] {"timestamp": "2026-10-09T16:52:49.609688+00:00", "level": "INFO", "service": "oday-api", "actor": "user", "correlation_id": "2c23655f-c0d0-4e37-9f99-dcdbfcb6bced", "resource": "HTTP", "action": "GET", "result": "ok", "error_code": null, "message": "HTTP GET /api/v1/intakes/{intake_id}/promotion-decision ok"}
[WebServer] {"timestamp": "2026-10-09T16:52:49.807901+00:00", "level": "INFO", "service": "oday-api", "actor": "user", "correlation_id": "41df61f7-e828-4652-ba11-a72d176e5cb7", "resource": "HTTP", "action": "GET", "result": "ok", "error_code": null, "message": "HTTP GET /api/v1/operator/network-listings/intake/{intake_id} ok"}
[WebServer] {"timestamp": "2026-10-09T16:53:01.098478+00:00", "level": "INFO", "service": "oday-api", "actor": "user", "correlation_id": "1a6975f2-6f32-4003-bf18-88dc356eb770", "resource": "HTTP", "action": "GET", "result": "ok", "error_code": null, "message": "HTTP GET /api/v1/operator/network-listings/intake/{intake_id} ok"}
[WebServer] {"timestamp": "2026-10-09T16:53:01.164775+00:00", "level": "INFO", "service": "oday-api", "actor": "user", "correlation_id": "corr-r4-005-read-HZ-01-demand", "resource": "HTTP", "action": "GET", "result": "ok", "error_code": null, "message": "HTTP GET /api/v1/operator/network-listings ok"}
[WebServer] {"timestamp": "2026-10-09T16:53:01.165860+00:00", "level": "INFO", "service": "oday-api", "actor": "user", "correlation_id": "corr-r4-008-rebalance-read", "resource": "HTTP", "action": "GET", "result": "ok", "error_code": null, "message": "HTTP GET /api/v1/operator/network-rebalance ok"}
[WebServer] {"timestamp": "2026-10-09T16:53:01.168006+00:00", "level": "INFO", "service": "oday-api", "actor": "user", "correlation_id": "corr-r4-006-scoring-read", "resource": "HTTP", "action": "GET", "result": "ok", "error_code": null, "message": "HTTP GET /api/v1/operator/network-scoring ok"}
[WebServer] {"timestamp": "2026-10-09T16:53:01.170957+00:00", "level": "INFO", "service": "oday-api", "actor": "user", "correlation_id": "corr-r4-007-reviews-read", "resource": "HTTP", "action": "GET", "result": "ok", "error_code": null, "message": "HTTP GET /api/v1/operator/network-reviews ok"}
[WebServer] {"timestamp": "2026-10-09T16:53:01.459043+00:00", "level": "INFO", "service": "oday-api", "actor": "user", "correlation_id": "73aa12ba-0685-4fd2-92b8-9d89f782a18a", "resource": "HTTP", "action": "GET", "result": "ok", "error_code": null, "message": "HTTP GET /api/v1/operator/network-listings/intake/{intake_id} ok"}
[WebServer] {"timestamp": "2026-10-09T16:53:01.459574+00:00", "level": "INFO", "service": "oday-api", "actor": "user", "correlation_id": "corr-r4-005-read-HZ-01-demand", "resource": "HTTP", "action": "GET", "result": "ok", "error_code": null, "message": "HTTP GET /api/v1/operator/network-listings ok"}
[WebServer] {"timestamp": "2026-10-09T16:53:01.459983+00:00", "level": "INFO", "service": "oday-api", "actor": "user", "correlation_id": "1803cdfb-cd6a-4dc8-b3a1-ab0edc454ee6", "resource": "HTTP", "action": "GET", "result": "ok", "error_code": null, "message": "HTTP GET /api/v1/operator/network-listings/intake ok"}
[WebServer] {"timestamp": "2026-10-09T16:53:01.462080+00:00", "level": "INFO", "service": "oday-api", "actor": "user", "correlation_id": "corr-r4-006-scoring-read", "resource": "HTTP", "action": "GET", "result": "ok", "error_code": null, "message": "HTTP GET /api/v1/operator/network-scoring ok"}
[WebServer] {"timestamp": "2026-10-09T16:53:01.556688+00:00", "level": "INFO", "service": "oday-api", "actor": "user", "correlation_id": "corr-r4-008-rebalance-read", "resource": "HTTP", "action": "GET", "result": "ok", "error_code": null, "message": "HTTP GET /api/v1/operator/network-rebalance ok"}
[WebServer] {"timestamp": "2026-10-09T16:53:01.595650+00:00", "level": "INFO", "service": "oday-api", "actor": "user", "correlation_id": "corr-r4-007-reviews-read", "resource": "HTTP", "action": "GET", "result": "ok", "error_code": null, "message": "HTTP GET /api/v1/operator/network-reviews ok"}
[WebServer] {"timestamp": "2026-10-09T16:53:01.597185+00:00", "level": "INFO", "service": "oday-api", "actor": "user", "correlation_id": "corr-operator-bootstrap-4f1d60e6-7bb7-4ffa-85cd-191d475af9ff", "resource": "HTTP", "action": "GET", "result": "ok", "error_code": null, "message": "HTTP GET /api/v1/operator/bootstrap ok"}
[WebServer] {"timestamp": "2026-10-09T16:53:01.923370+00:00", "level": "INFO", "service": "oday-api", "actor": "user", "correlation_id": "5f1620a2-85f8-456f-a5fe-cbab8b94f003", "resource": "HTTP", "action": "GET", "result": "ok", "error_code": null, "message": "HTTP GET /api/v1/intakes/{intake_id}/promotion-decision ok"}
[WebServer] {"timestamp": "2026-10-09T16:53:02.827562+00:00", "level": "INFO", "service": "oday-api", "actor": "user", "correlation_id": "0723efd5-310c-486f-9c4c-701292c05800", "resource": "HTTP", "action": "GET", "result": "ok", "error_code": null, "message": "HTTP GET /api/v1/operator/network-listings/intake ok"}
[WebServer] {"timestamp": "2026-10-09T16:53:02.830542+00:00", "level": "INFO", "service": "oday-api", "actor": "user", "correlation_id": "a33edfce-46db-4e6b-a9c3-36d3c4a90013", "resource": "HTTP", "action": "GET", "result": "ok", "error_code": null, "message": "HTTP GET /api/v1/operator/network-listings/intake ok"}
[WebServer] {"timestamp": "2026-10-09T16:53:02.870165+00:00", "level": "INFO", "service": "oday-api", "actor": "user", "correlation_id": "ae7eb46a-fe7d-45a8-9791-e8d63f94c8c8", "resource": "HTTP", "action": "GET", "result": "ok", "error_code": null, "message": "HTTP GET /api/v1/operator/network-listings/intake ok"}
[WebServer] {"timestamp": "2026-10-09T16:53:02.932923+00:00", "level": "INFO", "service": "oday-api", "actor": "user", "correlation_id": "3936f461-1798-4b96-b749-02a8a597277d", "resource": "HTTP", "action": "GET", "result": "ok", "error_code": null, "message": "HTTP GET /api/v1/intakes/{intake_id}/promotion-decision ok"}
  ✓  1 [chromium] › tests/visual/operator-intake-detail-parity.spec.ts:37:7 › continuous detail geometry and unavailable authority at 1440 (26.7s)
[WebServer] {"timestamp": "2026-10-09T16:53:03.172496+00:00", "level": "INFO", "service": "oday-api", "actor": "user", "correlation_id": "0cfbcd65-7a48-4295-9883-fc1402823de5", "resource": "HTTP", "action": "POST", "result": "ok", "error_code": null, "message": "HTTP POST /api/v1/operator/network-listings/reset ok"}
[WebServer] {"timestamp": "2026-10-09T16:53:03.238417+00:00", "level": "INFO", "service": "oday-api", "actor": "user", "correlation_id": "e877a886-d5bd-4209-afd9-2b803aa688e5", "resource": "HTTP", "action": "GET", "result": "ok", "error_code": null, "message": "HTTP GET /api/v1/operator/network-listings/intake ok"}
[WebServer] {"timestamp": "2026-10-09T16:53:05.827831+00:00", "level": "INFO", "service": "oday-api", "actor": "user", "correlation_id": "corr-r4-005-read-HZ-01-demand", "resource": "HTTP", "action": "GET", "result": "ok", "error_code": null, "message": "HTTP GET /api/v1/operator/network-listings ok"}
[WebServer] {"timestamp": "2026-10-09T16:53:05.926628+00:00", "level": "INFO", "service": "oday-api", "actor": "user", "correlation_id": "corr-r4-006-scoring-read", "resource": "HTTP", "action": "GET", "result": "ok", "error_code": null, "message": "HTTP GET /api/v1/operator/network-scoring ok"}
[WebServer] {"timestamp": "2026-10-09T16:53:05.929276+00:00", "level": "INFO", "service": "oday-api", "actor": "user", "correlation_id": "corr-r4-007-reviews-read", "resource": "HTTP", "action": "GET", "result": "ok", "error_code": null, "message": "HTTP GET /api/v1/operator/network-reviews ok"}
[WebServer] {"timestamp": "2026-10-09T16:53:05.931863+00:00", "level": "INFO", "service": "oday-api", "actor": "user", "correlation_id": "corr-r4-008-rebalance-read", "resource": "HTTP", "action": "GET", "result": "ok", "error_code": null, "message": "HTTP GET /api/v1/operator/network-rebalance ok"}
[WebServer] {"timestamp": "2026-10-09T16:53:06.375438+00:00", "level": "INFO", "service": "oday-api", "actor": "user", "correlation_id": "corr-r4-008-rebalance-read", "resource": "HTTP", "action": "GET", "result": "ok", "error_code": null, "message": "HTTP GET /api/v1/operator/network-rebalance ok"}
[WebServer] {"timestamp": "2026-10-09T16:53:06.376681+00:00", "level": "INFO", "service": "oday-api", "actor": "user", "correlation_id": "corr-r4-005-read-HZ-01-demand", "resource": "HTTP", "action": "GET", "result": "ok", "error_code": null, "message": "HTTP GET /api/v1/operator/network-listings ok"}
[WebServer] {"timestamp": "2026-10-09T16:53:06.378451+00:00", "level": "INFO", "service": "oday-api", "actor": "user", "correlation_id": "corr-r4-006-scoring-read", "resource": "HTTP", "action": "GET", "result": "ok", "error_code": null, "message": "HTTP GET /api/v1/operator/network-scoring ok"}
[WebServer] {"timestamp": "2026-10-09T16:53:06.463692+00:00", "level": "INFO", "service": "oday-api", "actor": "user", "correlation_id": "corr-r4-007-reviews-read", "resource": "HTTP", "action": "GET", "result": "ok", "error_code": null, "message": "HTTP GET /api/v1/operator/network-reviews ok"}
[WebServer] {"timestamp": "2026-10-09T16:53:06.522020+00:00", "level": "INFO", "service": "oday-api", "actor": "user", "correlation_id": "corr-operator-bootstrap-a214f72b-baf6-41e2-8ae9-1cd2dd44f770", "resource": "HTTP", "action": "GET", "result": "ok", "error_code": null, "message": "HTTP GET /api/v1/operator/bootstrap ok"}
[WebServer] {"timestamp": "2026-10-09T16:53:06.864014+00:00", "level": "INFO", "service": "oday-api", "actor": "user", "correlation_id": "bba6470a-07bb-44e4-8ee3-1c73e18f1e4e", "resource": "HTTP", "action": "GET", "result": "ok", "error_code": null, "message": "HTTP GET /api/v1/operator/network-listings/intake ok"}
[WebServer] {"timestamp": "2026-10-09T16:53:06.903352+00:00", "level": "INFO", "service": "oday-api", "actor": "user", "correlation_id": "24a34ccc-3e99-42c6-b027-1fb13eb10a44", "resource": "HTTP", "action": "GET", "result": "ok", "error_code": null, "message": "HTTP GET /api/v1/operator/network-listings/intake ok"}
[WebServer] {"timestamp": "2026-10-09T16:53:07.108270+00:00", "level": "INFO", "service": "oday-api", "actor": "user", "correlation_id": "297e2d59-6b8b-4726-891e-a4cf9be43924", "resource": "HTTP", "action": "GET", "result": "ok", "error_code": null, "message": "HTTP GET /api/v1/operator/network-listings/intake ok"}
[WebServer] {"timestamp": "2026-10-09T16:53:08.126376+00:00", "level": "INFO", "service": "oday-api", "actor": "user", "correlation_id": "corr-8a251b28-c73a-4607-aedb-71a6578b20cb", "resource": "HTTP", "action": "POST", "result": "ok", "error_code": null, "message": "HTTP POST /api/v1/operator/network-listings/intake/submit ok"}
[WebServer] {"timestamp": "2026-10-09T16:53:08.216952+00:00", "level": "INFO", "service": "oday-api", "actor": "user", "correlation_id": "a20204d9-add5-42c6-b11c-cf7ef00f2006", "resource": "HTTP", "action": "GET", "result": "ok", "error_code": null, "message": "HTTP GET /api/v1/operator/network-listings/intake ok"}
[WebServer] {"timestamp": "2026-10-09T16:53:08.538123+00:00", "level": "INFO", "service": "oday-api", "actor": "user", "correlation_id": "361fa309-1018-41dc-9ce9-d478a1534a5d", "resource": "HTTP", "action": "GET", "result": "ok", "error_code": null, "message": "HTTP GET /api/v1/operator/network-listings/intake ok"}
[WebServer] {"timestamp": "2026-10-09T16:53:08.569884+00:00", "level": "INFO", "service": "oday-api", "actor": "user", "correlation_id": "d1501ca3-92f4-48e7-90cf-a647bec37c96", "resource": "HTTP", "action": "GET", "result": "ok", "error_code": null, "message": "HTTP GET /api/v1/operator/network-listings/intake ok"}
[WebServer] {"timestamp": "2026-10-09T16:53:08.572063+00:00", "level": "INFO", "service": "oday-api", "actor": "user", "correlation_id": "c79924e9-6a89-4601-a194-2d2d1fe5e14a", "resource": "HTTP", "action": "GET", "result": "ok", "error_code": null, "message": "HTTP GET /api/v1/operator/network-listings/intake/{intake_id} ok"}
[WebServer] {"timestamp": "2026-10-09T16:53:08.579312+00:00", "level": "INFO", "service": "oday-api", "actor": "user", "correlation_id": "92bd87e2-dfee-4071-95f2-8f67fdc06d73", "resource": "HTTP", "action": "GET", "result": "ok", "error_code": null, "message": "HTTP GET /api/v1/operator/network-listings/intake/{intake_id} ok"}
[WebServer] {"timestamp": "2026-10-09T16:53:08.787308+00:00", "level": "INFO", "service": "oday-api", "actor": "user", "correlation_id": "c8fdd45b-5942-43e5-90f3-7080fe2f3177", "resource": "HTTP", "action": "GET", "result": "ok", "error_code": null, "message": "HTTP GET /api/v1/intakes/{intake_id}/promotion-decision ok"}
[WebServer] {"timestamp": "2026-10-09T16:53:09.007674+00:00", "level": "INFO", "service": "oday-api", "actor": "user", "correlation_id": "3acc8784-57a0-425c-b493-f1305157938d", "resource": "HTTP", "action": "GET", "result": "ok", "error_code": null, "message": "HTTP GET /api/v1/operator/network-listings/intake/{intake_id} ok"}
  ✘  2 [chromium] › tests/visual/operator-intake-detail-parity.spec.ts:37:7 › continuous detail geometry and unavailable authority at 390 (13.3s)


  1) [chromium] › tests/visual/operator-intake-detail-parity.spec.ts:37:7 › continuous detail geometry and unavailable authority at 390 

    Error: intake-submission-summary

    expect(received).toBeLessThanOrEqual(expected)

    Expected: <= 346
    Received:    418

      101 |       expect(box.x, id).toBeGreaterThanOrEqual(0);
      102 |       expect(box.x + box.width, id).toBeLessThanOrEqual(width);
    > 103 |       expect(box.scrollWidth, id).toBeLessThanOrEqual(Math.ceil(box.width));
          |                                   ^
      104 |     }
      105 |     await page.getByTestId("intake-detail-header").scrollIntoViewIfNeeded();
      106 |     await shot(page, info, `${phase}-detail-${width}`);
        at /tmp/pantheon-worker-worktrees/pantheon/odp-ui-network-tabs-parity-001/tests/visual/operator-intake-detail-parity.spec.ts:103:35

    attachment #1: design-detail-390 (image/png) ───────────────────────────────────────────────────
    test-results/operator-intake-detail-par-1a31a-navailable-authority-at-390-chromium/attachments/design-detail-390-34e65703aac382036468192570a03209b584c49b.png
    ────────────────────────────────────────────────────────────────────────────────────────────────

    attachment #2: design-transfer-390 (image/png) ─────────────────────────────────────────────────
    test-results/operator-intake-detail-par-1a31a-navailable-authority-at-390-chromium/attachments/design-transfer-390-eabe4f65cdfdbd80e00ba271cca036e4e08cb49d.png
    ────────────────────────────────────────────────────────────────────────────────────────────────

    attachment #3: design-pause-390 (image/png) ────────────────────────────────────────────────────
    test-results/operator-intake-detail-par-1a31a-navailable-authority-at-390-chromium/attachments/design-pause-390-c423f37195441865fb0510642e28aed9eafdf87c.png
    ────────────────────────────────────────────────────────────────────────────────────────────────

    Error Context: test-results/operator-intake-detail-par-1a31a-navailable-authority-at-390-chromium/error-context.md

    Error Context: test-results/operator-intake-detail-par-1a31a-navailable-authority-at-390-chromium/error-context.md

  1 failed
    [chromium] › tests/visual/operator-intake-detail-parity.spec.ts:37:7 › continuous detail geometry and unavailable authority at 390 
  1 passed (1.1m)
