[WebServer] 2026/10/09 16:58:31 INFO mlflow.agent.hint: Load the `instrumenting-with-mlflow-tracing` skill at /tmp/pantheon-worker-worktrees/pantheon/odp-ui-network-tabs-parity-001/.venv/lib/python3.12/site-packages/mlflow/assistant/skills/instrumenting-with-mlflow-tracing/SKILL.md before writing any tracing code; it ships with this MLflow install. Set MLFLOW_DISABLE_AGENT_HINT=1 to silence this.
[WebServer] 2026/10/09 16:58:33 INFO mlflow.store.db.utils: Creating initial MLflow database tables...
[WebServer] 2026/10/09 16:58:33 INFO mlflow.store.db.utils: Updating database tables
[WebServer] INFO:     Started server process [1992943]
[WebServer] INFO:     Waiting for application startup.
[WebServer] INFO:     Application startup complete.
[WebServer] INFO:     Uvicorn running on http://127.0.0.1:8310 (Press CTRL+C to quit)
[WebServer] {"timestamp": "2026-10-09T16:58:37.156795+00:00", "level": "INFO", "service": "oday-api", "actor": "user", "correlation_id": "f1cfa202-74e4-4329-a666-da036283c5cc", "resource": "HTTP", "action": "GET", "result": "ok", "error_code": null, "message": "HTTP GET /platform/health ok"}

Running 2 tests using 1 worker

[WebServer] {"timestamp": "2026-10-09T16:58:57.144511+00:00", "level": "INFO", "service": "oday-api", "actor": "user", "correlation_id": "8ea7ffd9-28d9-4661-9d4f-fc8469a37e76", "resource": "HTTP", "action": "POST", "result": "ok", "error_code": null, "message": "HTTP POST /api/v1/operator/network-listings/reset ok"}
[WebServer] {"timestamp": "2026-10-09T16:59:00.024228+00:00", "level": "INFO", "service": "oday-api", "actor": "user", "correlation_id": "1fe0708e-fe66-479c-a84f-a0f687685c69", "resource": "HTTP", "action": "GET", "result": "ok", "error_code": null, "message": "HTTP GET /api/v1/operator/network-listings/intake ok"}
[WebServer] {"timestamp": "2026-10-09T16:59:02.700335+00:00", "level": "INFO", "service": "oday-api", "actor": "user", "correlation_id": "corr-r4-005-read-HZ-01-demand", "resource": "HTTP", "action": "GET", "result": "ok", "error_code": null, "message": "HTTP GET /api/v1/operator/network-listings ok"}
[WebServer] {"timestamp": "2026-10-09T16:59:02.997164+00:00", "level": "INFO", "service": "oday-api", "actor": "user", "correlation_id": "corr-r4-006-scoring-read", "resource": "HTTP", "action": "GET", "result": "ok", "error_code": null, "message": "HTTP GET /api/v1/operator/network-scoring ok"}
[WebServer] {"timestamp": "2026-10-09T16:59:02.998264+00:00", "level": "INFO", "service": "oday-api", "actor": "user", "correlation_id": "corr-r4-008-rebalance-read", "resource": "HTTP", "action": "GET", "result": "ok", "error_code": null, "message": "HTTP GET /api/v1/operator/network-rebalance ok"}
[WebServer] {"timestamp": "2026-10-09T16:59:03.002606+00:00", "level": "INFO", "service": "oday-api", "actor": "user", "correlation_id": "corr-r4-007-reviews-read", "resource": "HTTP", "action": "GET", "result": "ok", "error_code": null, "message": "HTTP GET /api/v1/operator/network-reviews ok"}
[WebServer] {"timestamp": "2026-10-09T16:59:06.504638+00:00", "level": "INFO", "service": "oday-api", "actor": "user", "correlation_id": "corr-r4-005-read-HZ-01-demand", "resource": "HTTP", "action": "GET", "result": "ok", "error_code": null, "message": "HTTP GET /api/v1/operator/network-listings ok"}
[WebServer] {"timestamp": "2026-10-09T16:59:06.508150+00:00", "level": "INFO", "service": "oday-api", "actor": "user", "correlation_id": "corr-r4-008-rebalance-read", "resource": "HTTP", "action": "GET", "result": "ok", "error_code": null, "message": "HTTP GET /api/v1/operator/network-rebalance ok"}
[WebServer] {"timestamp": "2026-10-09T16:59:06.508692+00:00", "level": "INFO", "service": "oday-api", "actor": "user", "correlation_id": "corr-r4-006-scoring-read", "resource": "HTTP", "action": "GET", "result": "ok", "error_code": null, "message": "HTTP GET /api/v1/operator/network-scoring ok"}
[WebServer] {"timestamp": "2026-10-09T16:59:06.715955+00:00", "level": "INFO", "service": "oday-api", "actor": "user", "correlation_id": "corr-r4-007-reviews-read", "resource": "HTTP", "action": "GET", "result": "ok", "error_code": null, "message": "HTTP GET /api/v1/operator/network-reviews ok"}
[WebServer] {"timestamp": "2026-10-09T16:59:06.762520+00:00", "level": "INFO", "service": "oday-api", "actor": "user", "correlation_id": "corr-operator-bootstrap-77bbed2a-7271-4785-8bec-9c27a4dac83b", "resource": "HTTP", "action": "GET", "result": "ok", "error_code": null, "message": "HTTP GET /api/v1/operator/bootstrap ok"}
[WebServer] {"timestamp": "2026-10-09T16:59:06.852415+00:00", "level": "INFO", "service": "oday-api", "actor": "user", "correlation_id": "9b5de971-e6ab-45f8-96aa-c0ddde68c574", "resource": "HTTP", "action": "GET", "result": "ok", "error_code": null, "message": "HTTP GET /api/v1/operator/network-listings/intake ok"}
[WebServer] {"timestamp": "2026-10-09T16:59:06.929202+00:00", "level": "INFO", "service": "oday-api", "actor": "user", "correlation_id": "41a059fc-4f1b-4307-8909-0bbc81c548cc", "resource": "HTTP", "action": "GET", "result": "ok", "error_code": null, "message": "HTTP GET /api/v1/operator/network-listings/intake ok"}
[WebServer] {"timestamp": "2026-10-09T16:59:07.241244+00:00", "level": "INFO", "service": "oday-api", "actor": "user", "correlation_id": "c877fd99-7e8b-42fe-97e6-73f679e22657", "resource": "HTTP", "action": "GET", "result": "ok", "error_code": null, "message": "HTTP GET /api/v1/operator/network-listings/intake ok"}
[WebServer] {"timestamp": "2026-10-09T16:59:08.251995+00:00", "level": "INFO", "service": "oday-api", "actor": "user", "correlation_id": "corr-00e292fc-5fbd-4fe0-972b-3fe58f30b874", "resource": "HTTP", "action": "POST", "result": "ok", "error_code": null, "message": "HTTP POST /api/v1/operator/network-listings/intake/submit ok"}
[WebServer] {"timestamp": "2026-10-09T16:59:08.375889+00:00", "level": "INFO", "service": "oday-api", "actor": "user", "correlation_id": "05b3d64b-e70d-43f1-8d02-351a1686113c", "resource": "HTTP", "action": "GET", "result": "ok", "error_code": null, "message": "HTTP GET /api/v1/operator/network-listings/intake ok"}
[WebServer] {"timestamp": "2026-10-09T16:59:08.774391+00:00", "level": "INFO", "service": "oday-api", "actor": "user", "correlation_id": "0af579e7-0384-446e-a560-3c55e1dccfe2", "resource": "HTTP", "action": "GET", "result": "ok", "error_code": null, "message": "HTTP GET /api/v1/operator/network-listings/intake ok"}
[WebServer] {"timestamp": "2026-10-09T16:59:08.820427+00:00", "level": "INFO", "service": "oday-api", "actor": "user", "correlation_id": "c2c2fcba-8c7f-4b92-b547-ae5383796a13", "resource": "HTTP", "action": "GET", "result": "ok", "error_code": null, "message": "HTTP GET /api/v1/operator/network-listings/intake/{intake_id} ok"}
[WebServer] {"timestamp": "2026-10-09T16:59:08.827132+00:00", "level": "INFO", "service": "oday-api", "actor": "user", "correlation_id": "9fe7ccee-0f2b-4459-9f57-782e7997473d", "resource": "HTTP", "action": "GET", "result": "ok", "error_code": null, "message": "HTTP GET /api/v1/operator/network-listings/intake/{intake_id} ok"}
[WebServer] {"timestamp": "2026-10-09T16:59:08.834372+00:00", "level": "INFO", "service": "oday-api", "actor": "user", "correlation_id": "38d27c9d-9b36-4824-81e5-83cc378015b5", "resource": "HTTP", "action": "GET", "result": "ok", "error_code": null, "message": "HTTP GET /api/v1/operator/network-listings/intake ok"}
[WebServer] {"timestamp": "2026-10-09T16:59:09.083432+00:00", "level": "INFO", "service": "oday-api", "actor": "user", "correlation_id": "580c42ab-d94a-4a3b-a6ce-6690c93a2aea", "resource": "HTTP", "action": "GET", "result": "ok", "error_code": null, "message": "HTTP GET /api/v1/intakes/{intake_id}/promotion-decision ok"}
[WebServer] {"timestamp": "2026-10-09T16:59:09.286532+00:00", "level": "INFO", "service": "oday-api", "actor": "user", "correlation_id": "9a01ca71-c784-46c3-9182-3b6fc0e4408d", "resource": "HTTP", "action": "GET", "result": "ok", "error_code": null, "message": "HTTP GET /api/v1/operator/network-listings/intake/{intake_id} ok"}
[WebServer] {"timestamp": "2026-10-09T16:59:22.605431+00:00", "level": "INFO", "service": "oday-api", "actor": "user", "correlation_id": "30c1af8d-402d-4b2b-8218-67315655d8fb", "resource": "HTTP", "action": "GET", "result": "ok", "error_code": null, "message": "HTTP GET /api/v1/operator/network-listings/intake/{intake_id} ok"}
[WebServer] {"timestamp": "2026-10-09T16:59:22.693208+00:00", "level": "INFO", "service": "oday-api", "actor": "user", "correlation_id": "corr-r4-008-rebalance-read", "resource": "HTTP", "action": "GET", "result": "ok", "error_code": null, "message": "HTTP GET /api/v1/operator/network-rebalance ok"}
[WebServer] {"timestamp": "2026-10-09T16:59:22.694378+00:00", "level": "INFO", "service": "oday-api", "actor": "user", "correlation_id": "corr-r4-005-read-HZ-01-demand", "resource": "HTTP", "action": "GET", "result": "ok", "error_code": null, "message": "HTTP GET /api/v1/operator/network-listings ok"}
[WebServer] {"timestamp": "2026-10-09T16:59:22.696717+00:00", "level": "INFO", "service": "oday-api", "actor": "user", "correlation_id": "corr-r4-006-scoring-read", "resource": "HTTP", "action": "GET", "result": "ok", "error_code": null, "message": "HTTP GET /api/v1/operator/network-scoring ok"}
[WebServer] {"timestamp": "2026-10-09T16:59:22.697639+00:00", "level": "INFO", "service": "oday-api", "actor": "user", "correlation_id": "corr-r4-007-reviews-read", "resource": "HTTP", "action": "GET", "result": "ok", "error_code": null, "message": "HTTP GET /api/v1/operator/network-reviews ok"}
[WebServer] {"timestamp": "2026-10-09T16:59:23.000292+00:00", "level": "INFO", "service": "oday-api", "actor": "user", "correlation_id": "db47e2a1-81a8-41fe-9155-24d5fc655be3", "resource": "HTTP", "action": "GET", "result": "ok", "error_code": null, "message": "HTTP GET /api/v1/operator/network-listings/intake ok"}
[WebServer] {"timestamp": "2026-10-09T16:59:23.103683+00:00", "level": "INFO", "service": "oday-api", "actor": "user", "correlation_id": "faa12de3-84fa-4ffd-96b9-6c53e1cf04d5", "resource": "HTTP", "action": "GET", "result": "ok", "error_code": null, "message": "HTTP GET /api/v1/operator/network-listings/intake/{intake_id} ok"}
[WebServer] {"timestamp": "2026-10-09T16:59:23.104161+00:00", "level": "INFO", "service": "oday-api", "actor": "user", "correlation_id": "corr-r4-005-read-HZ-01-demand", "resource": "HTTP", "action": "GET", "result": "ok", "error_code": null, "message": "HTTP GET /api/v1/operator/network-listings ok"}
[WebServer] {"timestamp": "2026-10-09T16:59:23.105913+00:00", "level": "INFO", "service": "oday-api", "actor": "user", "correlation_id": "corr-r4-006-scoring-read", "resource": "HTTP", "action": "GET", "result": "ok", "error_code": null, "message": "HTTP GET /api/v1/operator/network-scoring ok"}
[WebServer] {"timestamp": "2026-10-09T16:59:23.156828+00:00", "level": "INFO", "service": "oday-api", "actor": "user", "correlation_id": "corr-r4-008-rebalance-read", "resource": "HTTP", "action": "GET", "result": "ok", "error_code": null, "message": "HTTP GET /api/v1/operator/network-rebalance ok"}
[WebServer] {"timestamp": "2026-10-09T16:59:23.193746+00:00", "level": "INFO", "service": "oday-api", "actor": "user", "correlation_id": "corr-r4-007-reviews-read", "resource": "HTTP", "action": "GET", "result": "ok", "error_code": null, "message": "HTTP GET /api/v1/operator/network-reviews ok"}
[WebServer] {"timestamp": "2026-10-09T16:59:23.235443+00:00", "level": "INFO", "service": "oday-api", "actor": "user", "correlation_id": "corr-operator-bootstrap-d02596ff-d174-4e74-92cf-d94ce28612b3", "resource": "HTTP", "action": "GET", "result": "ok", "error_code": null, "message": "HTTP GET /api/v1/operator/bootstrap ok"}
[WebServer] {"timestamp": "2026-10-09T16:59:23.516078+00:00", "level": "INFO", "service": "oday-api", "actor": "user", "correlation_id": "e9b6ef5f-84f0-487e-aa23-d05f47ad79ec", "resource": "HTTP", "action": "GET", "result": "ok", "error_code": null, "message": "HTTP GET /api/v1/intakes/{intake_id}/promotion-decision ok"}
[WebServer] {"timestamp": "2026-10-09T16:59:24.146065+00:00", "level": "INFO", "service": "oday-api", "actor": "user", "correlation_id": "2897a374-4fdb-4ba7-a1aa-0ed6cfa0d982", "resource": "HTTP", "action": "GET", "result": "ok", "error_code": null, "message": "HTTP GET /api/v1/operator/network-listings/intake ok"}
[WebServer] {"timestamp": "2026-10-09T16:59:24.172279+00:00", "level": "INFO", "service": "oday-api", "actor": "user", "correlation_id": "81fbabd9-8dbd-46bf-8418-0fb3d8b53b2a", "resource": "HTTP", "action": "GET", "result": "ok", "error_code": null, "message": "HTTP GET /api/v1/operator/network-listings/intake ok"}
[WebServer] {"timestamp": "2026-10-09T16:59:24.197313+00:00", "level": "INFO", "service": "oday-api", "actor": "user", "correlation_id": "3033af63-d100-4f1a-b402-356704c4c603", "resource": "HTTP", "action": "GET", "result": "ok", "error_code": null, "message": "HTTP GET /api/v1/operator/network-listings/intake ok"}
[WebServer] {"timestamp": "2026-10-09T16:59:24.258789+00:00", "level": "INFO", "service": "oday-api", "actor": "user", "correlation_id": "f09c8d72-f4ba-420c-87a2-84aafffba52a", "resource": "HTTP", "action": "GET", "result": "ok", "error_code": null, "message": "HTTP GET /api/v1/intakes/{intake_id}/promotion-decision ok"}
  ✓  1 [chromium] › tests/visual/operator-intake-detail-parity.spec.ts:37:7 › continuous detail geometry and unavailable authority at 1440 (29.7s)
[WebServer] {"timestamp": "2026-10-09T16:59:24.406683+00:00", "level": "INFO", "service": "oday-api", "actor": "user", "correlation_id": "b2727f3c-ed3c-44c9-9a46-99c3f89bbd8f", "resource": "HTTP", "action": "POST", "result": "ok", "error_code": null, "message": "HTTP POST /api/v1/operator/network-listings/reset ok"}
[WebServer] {"timestamp": "2026-10-09T16:59:24.456213+00:00", "level": "INFO", "service": "oday-api", "actor": "user", "correlation_id": "a7167a9c-2325-4420-b142-96beb9b5daaf", "resource": "HTTP", "action": "GET", "result": "ok", "error_code": null, "message": "HTTP GET /api/v1/operator/network-listings/intake ok"}
[WebServer] {"timestamp": "2026-10-09T16:59:26.853549+00:00", "level": "INFO", "service": "oday-api", "actor": "user", "correlation_id": "corr-r4-005-read-HZ-01-demand", "resource": "HTTP", "action": "GET", "result": "ok", "error_code": null, "message": "HTTP GET /api/v1/operator/network-listings ok"}
[WebServer] {"timestamp": "2026-10-09T16:59:26.940966+00:00", "level": "INFO", "service": "oday-api", "actor": "user", "correlation_id": "corr-r4-008-rebalance-read", "resource": "HTTP", "action": "GET", "result": "ok", "error_code": null, "message": "HTTP GET /api/v1/operator/network-rebalance ok"}
[WebServer] {"timestamp": "2026-10-09T16:59:26.948248+00:00", "level": "INFO", "service": "oday-api", "actor": "user", "correlation_id": "corr-r4-006-scoring-read", "resource": "HTTP", "action": "GET", "result": "ok", "error_code": null, "message": "HTTP GET /api/v1/operator/network-scoring ok"}
[WebServer] {"timestamp": "2026-10-09T16:59:26.950024+00:00", "level": "INFO", "service": "oday-api", "actor": "user", "correlation_id": "corr-r4-007-reviews-read", "resource": "HTTP", "action": "GET", "result": "ok", "error_code": null, "message": "HTTP GET /api/v1/operator/network-reviews ok"}
[WebServer] {"timestamp": "2026-10-09T16:59:27.280977+00:00", "level": "INFO", "service": "oday-api", "actor": "user", "correlation_id": "corr-r4-005-read-HZ-01-demand", "resource": "HTTP", "action": "GET", "result": "ok", "error_code": null, "message": "HTTP GET /api/v1/operator/network-listings ok"}
[WebServer] {"timestamp": "2026-10-09T16:59:27.387221+00:00", "level": "INFO", "service": "oday-api", "actor": "user", "correlation_id": "corr-r4-008-rebalance-read", "resource": "HTTP", "action": "GET", "result": "ok", "error_code": null, "message": "HTTP GET /api/v1/operator/network-rebalance ok"}
[WebServer] {"timestamp": "2026-10-09T16:59:27.387722+00:00", "level": "INFO", "service": "oday-api", "actor": "user", "correlation_id": "corr-r4-006-scoring-read", "resource": "HTTP", "action": "GET", "result": "ok", "error_code": null, "message": "HTTP GET /api/v1/operator/network-scoring ok"}
[WebServer] {"timestamp": "2026-10-09T16:59:27.460026+00:00", "level": "INFO", "service": "oday-api", "actor": "user", "correlation_id": "corr-r4-007-reviews-read", "resource": "HTTP", "action": "GET", "result": "ok", "error_code": null, "message": "HTTP GET /api/v1/operator/network-reviews ok"}
[WebServer] {"timestamp": "2026-10-09T16:59:27.516229+00:00", "level": "INFO", "service": "oday-api", "actor": "user", "correlation_id": "corr-operator-bootstrap-488a846d-339d-454b-b25d-af9676ec1c7d", "resource": "HTTP", "action": "GET", "result": "ok", "error_code": null, "message": "HTTP GET /api/v1/operator/bootstrap ok"}
[WebServer] {"timestamp": "2026-10-09T16:59:27.936147+00:00", "level": "INFO", "service": "oday-api", "actor": "user", "correlation_id": "14c313e8-6005-4764-b63d-213f3fff2fe9", "resource": "HTTP", "action": "GET", "result": "ok", "error_code": null, "message": "HTTP GET /api/v1/operator/network-listings/intake ok"}
[WebServer] {"timestamp": "2026-10-09T16:59:27.969484+00:00", "level": "INFO", "service": "oday-api", "actor": "user", "correlation_id": "128f155a-f639-4cff-8826-87191e498a17", "resource": "HTTP", "action": "GET", "result": "ok", "error_code": null, "message": "HTTP GET /api/v1/operator/network-listings/intake ok"}
[WebServer] {"timestamp": "2026-10-09T16:59:28.197472+00:00", "level": "INFO", "service": "oday-api", "actor": "user", "correlation_id": "8403e11c-bfca-41ae-8e7b-7e1f3db3dd2d", "resource": "HTTP", "action": "GET", "result": "ok", "error_code": null, "message": "HTTP GET /api/v1/operator/network-listings/intake ok"}
[WebServer] {"timestamp": "2026-10-09T16:59:29.194343+00:00", "level": "INFO", "service": "oday-api", "actor": "user", "correlation_id": "corr-44bb9b4a-fab5-4bfa-84ed-b3326dcbc7ca", "resource": "HTTP", "action": "POST", "result": "ok", "error_code": null, "message": "HTTP POST /api/v1/operator/network-listings/intake/submit ok"}
[WebServer] {"timestamp": "2026-10-09T16:59:29.279131+00:00", "level": "INFO", "service": "oday-api", "actor": "user", "correlation_id": "da9cefb1-7f43-4ade-a4cf-a5c77abbe63b", "resource": "HTTP", "action": "GET", "result": "ok", "error_code": null, "message": "HTTP GET /api/v1/operator/network-listings/intake ok"}
[WebServer] {"timestamp": "2026-10-09T16:59:29.600496+00:00", "level": "INFO", "service": "oday-api", "actor": "user", "correlation_id": "eba2dac5-c9e8-4fbc-8f3e-f4a3574f51c4", "resource": "HTTP", "action": "GET", "result": "ok", "error_code": null, "message": "HTTP GET /api/v1/operator/network-listings/intake ok"}
[WebServer] {"timestamp": "2026-10-09T16:59:29.634600+00:00", "level": "INFO", "service": "oday-api", "actor": "user", "correlation_id": "52415189-dacc-41d1-8dac-75ea72f49512", "resource": "HTTP", "action": "GET", "result": "ok", "error_code": null, "message": "HTTP GET /api/v1/operator/network-listings/intake/{intake_id} ok"}
[WebServer] {"timestamp": "2026-10-09T16:59:29.637592+00:00", "level": "INFO", "service": "oday-api", "actor": "user", "correlation_id": "ad243411-cc5c-47d0-b33e-e9d658490cc8", "resource": "HTTP", "action": "GET", "result": "ok", "error_code": null, "message": "HTTP GET /api/v1/operator/network-listings/intake ok"}
[WebServer] {"timestamp": "2026-10-09T16:59:29.638038+00:00", "level": "INFO", "service": "oday-api", "actor": "user", "correlation_id": "530df864-fa99-4e22-8c50-7fbe0bcbc8bf", "resource": "HTTP", "action": "GET", "result": "ok", "error_code": null, "message": "HTTP GET /api/v1/operator/network-listings/intake/{intake_id} ok"}
[WebServer] {"timestamp": "2026-10-09T16:59:29.883507+00:00", "level": "INFO", "service": "oday-api", "actor": "user", "correlation_id": "0c9435e8-4843-47e7-a0e9-958df5c3a23c", "resource": "HTTP", "action": "GET", "result": "ok", "error_code": null, "message": "HTTP GET /api/v1/intakes/{intake_id}/promotion-decision ok"}
[WebServer] {"timestamp": "2026-10-09T16:59:30.107817+00:00", "level": "INFO", "service": "oday-api", "actor": "user", "correlation_id": "c142c3b5-a09b-4876-a64c-383f00ad13f9", "resource": "HTTP", "action": "GET", "result": "ok", "error_code": null, "message": "HTTP GET /api/v1/operator/network-listings/intake/{intake_id} ok"}
  ✘  2 [chromium] › tests/visual/operator-intake-detail-parity.spec.ts:37:7 › continuous detail geometry and unavailable authority at 390 (15.0s)


  1) [chromium] › tests/visual/operator-intake-detail-parity.spec.ts:37:7 › continuous detail geometry and unavailable authority at 390 

    Error: expect(received).toEqual(expected) // deep equality

    - Expected  -  1
    + Received  + 52

    - Array []
    + Array [
    +   Object {
    +     "description": "Ensure elements that have scrollable content are accessible by keyboard in Safari",
    +     "help": "Scrollable region must have keyboard access",
    +     "helpUrl": "https://dequeuniversity.com/rules/axe/4.12/scrollable-region-focusable?application=playwright",
    +     "id": "scrollable-region-focusable",
    +     "impact": "serious",
    +     "nodes": Array [
    +       Object {
    +         "all": Array [],
    +         "any": Array [
    +           Object {
    +             "data": null,
    +             "id": "focusable-content",
    +             "impact": "serious",
    +             "message": "Element should have focusable content",
    +             "relatedNodes": Array [],
    +           },
    +           Object {
    +             "data": null,
    +             "id": "focusable-element",
    +             "impact": "serious",
    +             "message": "Element should be focusable",
    +             "relatedNodes": Array [],
    +           },
    +         ],
    +         "failureSummary": "Fix any of the following:
    +   Element should have focusable content
    +   Element should be focusable",
    +         "html": "<div data-testid=\"timeline-stepper\" style=\"display: flex; align-items: center; gap: 6px; overflow-x: auto; padding-bottom: 10px; margin-bottom: 14px; border-bottom: 1px solid rgb(241, 245, 249);\">",
    +         "impact": "serious",
    +         "none": Array [],
    +         "target": Array [
    +           "div[data-testid=\"timeline-stepper\"]",
    +         ],
    +       },
    +     ],
    +     "tags": Array [
    +       "cat.keyboard",
    +       "wcag2a",
    +       "wcag211",
    +       "wcag213",
    +       "TTv5",
    +       "TT4.a",
    +       "EN-301-549",
    +       "EN-9.2.1.1",
    +       "EN-9.2.1.3",
    +       "RGAAv4",
    +       "RGAA-7.3.2",
    +     ],
    +   },
    + ]

      111 |       const results = await new AxeBuilder({ page }).include('[data-testid="intake-detail-dialog"]').analyze();
      112 |       await writeFile(await artifact(info, `axe-detail-${width}.json`), JSON.stringify(results, null, 2));
    > 113 |       expect(results.violations.filter((v) => v.impact === "serious" || v.impact === "critical")).toEqual([]);
          |                                                                                                   ^
      114 |     }
      115 |     // VDC-004: persisted route restores the record; return exposes real inbox.
      116 |     await page.reload();
        at /tmp/pantheon-worker-worktrees/pantheon/odp-ui-network-tabs-parity-001/tests/visual/operator-intake-detail-parity.spec.ts:113:99

    attachment #1: design-detail-390 (image/png) ───────────────────────────────────────────────────
    test-results/operator-intake-detail-par-1a31a-navailable-authority-at-390-chromium/attachments/design-detail-390-34e65703aac382036468192570a03209b584c49b.png
    ────────────────────────────────────────────────────────────────────────────────────────────────

    attachment #2: design-transfer-390 (image/png) ─────────────────────────────────────────────────
    test-results/operator-intake-detail-par-1a31a-navailable-authority-at-390-chromium/attachments/design-transfer-390-eabe4f65cdfdbd80e00ba271cca036e4e08cb49d.png
    ────────────────────────────────────────────────────────────────────────────────────────────────

    attachment #3: design-pause-390 (image/png) ────────────────────────────────────────────────────
    test-results/operator-intake-detail-par-1a31a-navailable-authority-at-390-chromium/attachments/design-pause-390-c423f37195441865fb0510642e28aed9eafdf87c.png
    ────────────────────────────────────────────────────────────────────────────────────────────────

    attachment #4: after-detail-390 (image/png) ────────────────────────────────────────────────────
    test-results/operator-intake-detail-par-1a31a-navailable-authority-at-390-chromium/attachments/after-detail-390-a874a2f8f58ce983c7dc31321ae628ddc42ded6e.png
    ────────────────────────────────────────────────────────────────────────────────────────────────

    attachment #5: after-detail-audit-390 (image/png) ──────────────────────────────────────────────
    test-results/operator-intake-detail-par-1a31a-navailable-authority-at-390-chromium/attachments/after-detail-audit-390-ef2391f53b3cea613427bbf397eac7f007ebe447.png
    ────────────────────────────────────────────────────────────────────────────────────────────────

    Error Context: test-results/operator-intake-detail-par-1a31a-navailable-authority-at-390-chromium/error-context.md

    Error Context: test-results/operator-intake-detail-par-1a31a-navailable-authority-at-390-chromium/error-context.md

  1 failed
    [chromium] › tests/visual/operator-intake-detail-parity.spec.ts:37:7 › continuous detail geometry and unavailable authority at 390 
  1 passed (1.2m)
