[WebServer] 2026/10/09 17:03:51 INFO mlflow.agent.hint: Load the `instrumenting-with-mlflow-tracing` skill at /tmp/pantheon-worker-worktrees/pantheon/odp-ui-network-tabs-parity-001/.venv/lib/python3.12/site-packages/mlflow/assistant/skills/instrumenting-with-mlflow-tracing/SKILL.md before writing any tracing code; it ships with this MLflow install. Set MLFLOW_DISABLE_AGENT_HINT=1 to silence this.
[WebServer] 2026/10/09 17:03:52 INFO mlflow.store.db.utils: Creating initial MLflow database tables...
[WebServer] 2026/10/09 17:03:52 INFO mlflow.store.db.utils: Updating database tables
[WebServer] INFO:     Started server process [1997586]
[WebServer] INFO:     Waiting for application startup.
[WebServer] INFO:     Application startup complete.
[WebServer] INFO:     Uvicorn running on http://127.0.0.1:8310 (Press CTRL+C to quit)
[WebServer] {"timestamp": "2026-10-09T17:03:56.815276+00:00", "level": "INFO", "service": "oday-api", "actor": "user", "correlation_id": "f7ab76b4-b2ab-4d1f-b71d-4349c44aa32e", "resource": "HTTP", "action": "GET", "result": "ok", "error_code": null, "message": "HTTP GET /platform/health ok"}

Running 3 tests using 1 worker

[WebServer] {"timestamp": "2026-10-09T17:04:12.343536+00:00", "level": "INFO", "service": "oday-api", "actor": "user", "correlation_id": "98e71412-5045-4296-9a58-ada514f245e3", "resource": "HTTP", "action": "POST", "result": "ok", "error_code": null, "message": "HTTP POST /api/v1/operator/network-listings/reset ok"}
[WebServer] {"timestamp": "2026-10-09T17:04:14.973499+00:00", "level": "INFO", "service": "oday-api", "actor": "user", "correlation_id": "f87b589e-5deb-445a-8464-900938615d24", "resource": "HTTP", "action": "GET", "result": "ok", "error_code": null, "message": "HTTP GET /api/v1/operator/network-listings/intake ok"}
[WebServer] {"timestamp": "2026-10-09T17:04:17.892439+00:00", "level": "INFO", "service": "oday-api", "actor": "user", "correlation_id": "corr-r4-005-read-HZ-01-demand", "resource": "HTTP", "action": "GET", "result": "ok", "error_code": null, "message": "HTTP GET /api/v1/operator/network-listings ok"}
[WebServer] {"timestamp": "2026-10-09T17:04:18.175664+00:00", "level": "INFO", "service": "oday-api", "actor": "user", "correlation_id": "corr-r4-006-scoring-read", "resource": "HTTP", "action": "GET", "result": "ok", "error_code": null, "message": "HTTP GET /api/v1/operator/network-scoring ok"}
[WebServer] {"timestamp": "2026-10-09T17:04:18.176214+00:00", "level": "INFO", "service": "oday-api", "actor": "user", "correlation_id": "corr-r4-008-rebalance-read", "resource": "HTTP", "action": "GET", "result": "ok", "error_code": null, "message": "HTTP GET /api/v1/operator/network-rebalance ok"}
[WebServer] {"timestamp": "2026-10-09T17:04:18.187165+00:00", "level": "INFO", "service": "oday-api", "actor": "user", "correlation_id": "corr-r4-007-reviews-read", "resource": "HTTP", "action": "GET", "result": "ok", "error_code": null, "message": "HTTP GET /api/v1/operator/network-reviews ok"}
[WebServer] {"timestamp": "2026-10-09T17:04:20.668247+00:00", "level": "INFO", "service": "oday-api", "actor": "user", "correlation_id": "corr-r4-006-scoring-read", "resource": "HTTP", "action": "GET", "result": "ok", "error_code": null, "message": "HTTP GET /api/v1/operator/network-scoring ok"}
[WebServer] {"timestamp": "2026-10-09T17:04:20.669912+00:00", "level": "INFO", "service": "oday-api", "actor": "user", "correlation_id": "corr-r4-008-rebalance-read", "resource": "HTTP", "action": "GET", "result": "ok", "error_code": null, "message": "HTTP GET /api/v1/operator/network-rebalance ok"}
[WebServer] {"timestamp": "2026-10-09T17:04:21.196056+00:00", "level": "INFO", "service": "oday-api", "actor": "user", "correlation_id": "corr-r4-005-read-HZ-01-demand", "resource": "HTTP", "action": "GET", "result": "ok", "error_code": null, "message": "HTTP GET /api/v1/operator/network-listings ok"}
[WebServer] {"timestamp": "2026-10-09T17:04:21.377867+00:00", "level": "INFO", "service": "oday-api", "actor": "user", "correlation_id": "corr-r4-007-reviews-read", "resource": "HTTP", "action": "GET", "result": "ok", "error_code": null, "message": "HTTP GET /api/v1/operator/network-reviews ok"}
[WebServer] {"timestamp": "2026-10-09T17:04:21.439835+00:00", "level": "INFO", "service": "oday-api", "actor": "user", "correlation_id": "corr-operator-bootstrap-e9ed1935-698d-4d0a-a9b7-fe36a4add0a0", "resource": "HTTP", "action": "GET", "result": "ok", "error_code": null, "message": "HTTP GET /api/v1/operator/bootstrap ok"}
[WebServer] {"timestamp": "2026-10-09T17:04:21.608380+00:00", "level": "INFO", "service": "oday-api", "actor": "user", "correlation_id": "4602f6af-0ece-4539-a710-11daf9237c84", "resource": "HTTP", "action": "GET", "result": "ok", "error_code": null, "message": "HTTP GET /api/v1/operator/network-listings/intake ok"}
[WebServer] {"timestamp": "2026-10-09T17:04:21.711683+00:00", "level": "INFO", "service": "oday-api", "actor": "user", "correlation_id": "f98f687d-bdaf-468a-b0d7-519499d0d2f0", "resource": "HTTP", "action": "GET", "result": "ok", "error_code": null, "message": "HTTP GET /api/v1/operator/network-listings/intake ok"}
[WebServer] {"timestamp": "2026-10-09T17:04:21.910283+00:00", "level": "INFO", "service": "oday-api", "actor": "user", "correlation_id": "72f79ea2-2076-4044-a033-e3c1daeef52e", "resource": "HTTP", "action": "GET", "result": "ok", "error_code": null, "message": "HTTP GET /api/v1/operator/network-listings/intake ok"}
[WebServer] {"timestamp": "2026-10-09T17:04:22.307206+00:00", "level": "INFO", "service": "oday-api", "actor": "user", "correlation_id": "corr-ea5b1ac7-0009-4f5c-a17f-77b238c20933", "resource": "HTTP", "action": "POST", "result": "ok", "error_code": null, "message": "HTTP POST /api/v1/operator/network-listings/intake/submit ok"}
[WebServer] {"timestamp": "2026-10-09T17:04:22.439132+00:00", "level": "INFO", "service": "oday-api", "actor": "user", "correlation_id": "cfe633af-3a48-4359-a508-b742bbf0be88", "resource": "HTTP", "action": "GET", "result": "ok", "error_code": null, "message": "HTTP GET /api/v1/operator/network-listings/intake ok"}
[WebServer] {"timestamp": "2026-10-09T17:04:23.085315+00:00", "level": "INFO", "service": "oday-api", "actor": "user", "correlation_id": "3cc96902-740b-4654-a054-c38802d4d644", "resource": "HTTP", "action": "GET", "result": "ok", "error_code": null, "message": "HTTP GET /api/v1/operator/network-listings/intake ok"}
[WebServer] {"timestamp": "2026-10-09T17:04:23.119664+00:00", "level": "INFO", "service": "oday-api", "actor": "user", "correlation_id": "a44a5894-af69-4c0f-ba9a-67815e5e4289", "resource": "HTTP", "action": "GET", "result": "ok", "error_code": null, "message": "HTTP GET /api/v1/operator/network-listings/intake/{intake_id} ok"}
[WebServer] {"timestamp": "2026-10-09T17:04:23.122106+00:00", "level": "INFO", "service": "oday-api", "actor": "user", "correlation_id": "d9c6b2ba-c450-4dea-9374-808847f1b4d7", "resource": "HTTP", "action": "GET", "result": "ok", "error_code": null, "message": "HTTP GET /api/v1/operator/network-listings/intake ok"}
[WebServer] {"timestamp": "2026-10-09T17:04:23.123120+00:00", "level": "INFO", "service": "oday-api", "actor": "user", "correlation_id": "debcf7e0-a739-4992-89f9-1e99514890db", "resource": "HTTP", "action": "GET", "result": "ok", "error_code": null, "message": "HTTP GET /api/v1/operator/network-listings/intake/{intake_id} ok"}
[WebServer] {"timestamp": "2026-10-09T17:04:23.392623+00:00", "level": "INFO", "service": "oday-api", "actor": "user", "correlation_id": "a90d9695-2931-40b7-bd7f-c2e9a221b200", "resource": "HTTP", "action": "GET", "result": "ok", "error_code": null, "message": "HTTP GET /api/v1/intakes/{intake_id}/promotion-decision ok"}
[WebServer] {"timestamp": "2026-10-09T17:04:24.038701+00:00", "level": "INFO", "service": "oday-api", "actor": "user", "correlation_id": "be965d70-452d-4e39-b6da-3f54ac641986", "resource": "HTTP", "action": "GET", "result": "ok", "error_code": null, "message": "HTTP GET /api/v1/operator/network-listings/intake ok"}
[WebServer] {"timestamp": "2026-10-09T17:04:24.467245+00:00", "level": "INFO", "service": "oday-api", "actor": "user", "correlation_id": "corr-bd571e6a-d594-4116-aba5-ae3d7411e1a6", "resource": "HTTP", "action": "POST", "result": "ok", "error_code": null, "message": "HTTP POST /api/v1/operator/network-listings/intake/{intake_id}/decide ok"}
[WebServer] {"timestamp": "2026-10-09T17:04:24.545200+00:00", "level": "INFO", "service": "oday-api", "actor": "user", "correlation_id": "f165a680-cdad-425a-be8f-19b60225ed13", "resource": "HTTP", "action": "GET", "result": "ok", "error_code": null, "message": "HTTP GET /api/v1/operator/network-listings/intake ok"}
[WebServer] {"timestamp": "2026-10-09T17:04:24.996037+00:00", "level": "INFO", "service": "oday-api", "actor": "user", "correlation_id": "573f453c-1476-4613-b25a-94e8d42f7cc3", "resource": "HTTP", "action": "GET", "result": "ok", "error_code": null, "message": "HTTP GET /api/v1/operator/network-listings/intake ok"}
  ✓  1 [chromium] › tests/e2e/operator-network-assisted-intake.spec.ts:251:7 › Assisted Listing Intake — Package 7 product surfaces › possible match requires a human decision and refuses an empty reason (14.5s)
[WebServer] {"timestamp": "2026-10-09T17:04:25.056241+00:00", "level": "INFO", "service": "oday-api", "actor": "user", "correlation_id": "5d71e8d2-7a85-4b37-aa38-7eef7e4757e9", "resource": "HTTP", "action": "POST", "result": "ok", "error_code": null, "message": "HTTP POST /api/v1/operator/network-listings/reset ok"}
[WebServer] {"timestamp": "2026-10-09T17:04:25.176787+00:00", "level": "INFO", "service": "oday-api", "actor": "user", "correlation_id": "a7cb600d-157f-403f-955d-8e0f0a0118c7", "resource": "HTTP", "action": "GET", "result": "ok", "error_code": null, "message": "HTTP GET /api/v1/operator/network-listings/intake ok"}
[WebServer] {"timestamp": "2026-10-09T17:04:27.517986+00:00", "level": "INFO", "service": "oday-api", "actor": "user", "correlation_id": "corr-r4-005-read-HZ-01-demand", "resource": "HTTP", "action": "GET", "result": "ok", "error_code": null, "message": "HTTP GET /api/v1/operator/network-listings ok"}
[WebServer] {"timestamp": "2026-10-09T17:04:27.623672+00:00", "level": "INFO", "service": "oday-api", "actor": "user", "correlation_id": "corr-r4-006-scoring-read", "resource": "HTTP", "action": "GET", "result": "ok", "error_code": null, "message": "HTTP GET /api/v1/operator/network-scoring ok"}
[WebServer] {"timestamp": "2026-10-09T17:04:27.624218+00:00", "level": "INFO", "service": "oday-api", "actor": "user", "correlation_id": "corr-r4-008-rebalance-read", "resource": "HTTP", "action": "GET", "result": "ok", "error_code": null, "message": "HTTP GET /api/v1/operator/network-rebalance ok"}
[WebServer] {"timestamp": "2026-10-09T17:04:27.629308+00:00", "level": "INFO", "service": "oday-api", "actor": "user", "correlation_id": "corr-r4-007-reviews-read", "resource": "HTTP", "action": "GET", "result": "ok", "error_code": null, "message": "HTTP GET /api/v1/operator/network-reviews ok"}
[WebServer] {"timestamp": "2026-10-09T17:04:28.052484+00:00", "level": "INFO", "service": "oday-api", "actor": "user", "correlation_id": "corr-r4-005-read-HZ-01-demand", "resource": "HTTP", "action": "GET", "result": "ok", "error_code": null, "message": "HTTP GET /api/v1/operator/network-listings ok"}
[WebServer] {"timestamp": "2026-10-09T17:04:28.117695+00:00", "level": "INFO", "service": "oday-api", "actor": "user", "correlation_id": "corr-r4-006-scoring-read", "resource": "HTTP", "action": "GET", "result": "ok", "error_code": null, "message": "HTTP GET /api/v1/operator/network-scoring ok"}
[WebServer] {"timestamp": "2026-10-09T17:04:28.122869+00:00", "level": "INFO", "service": "oday-api", "actor": "user", "correlation_id": "corr-r4-008-rebalance-read", "resource": "HTTP", "action": "GET", "result": "ok", "error_code": null, "message": "HTTP GET /api/v1/operator/network-rebalance ok"}
[WebServer] {"timestamp": "2026-10-09T17:04:28.226389+00:00", "level": "INFO", "service": "oday-api", "actor": "user", "correlation_id": "corr-r4-007-reviews-read", "resource": "HTTP", "action": "GET", "result": "ok", "error_code": null, "message": "HTTP GET /api/v1/operator/network-reviews ok"}
[WebServer] {"timestamp": "2026-10-09T17:04:28.323044+00:00", "level": "INFO", "service": "oday-api", "actor": "user", "correlation_id": "corr-operator-bootstrap-3dac982d-560f-49a7-858c-da637048f0aa", "resource": "HTTP", "action": "GET", "result": "ok", "error_code": null, "message": "HTTP GET /api/v1/operator/bootstrap ok"}
[WebServer] {"timestamp": "2026-10-09T17:04:28.832823+00:00", "level": "INFO", "service": "oday-api", "actor": "user", "correlation_id": "4aea3b7b-cf75-49c8-8b95-939530967262", "resource": "HTTP", "action": "GET", "result": "ok", "error_code": null, "message": "HTTP GET /api/v1/operator/network-listings/intake ok"}
[WebServer] {"timestamp": "2026-10-09T17:04:28.833329+00:00", "level": "INFO", "service": "oday-api", "actor": "user", "correlation_id": "1fdf4448-9de1-4ec5-8d37-c55928a59b86", "resource": "HTTP", "action": "GET", "result": "ok", "error_code": null, "message": "HTTP GET /api/v1/operator/network-listings/intake ok"}
[WebServer] {"timestamp": "2026-10-09T17:04:29.349343+00:00", "level": "INFO", "service": "oday-api", "actor": "user", "correlation_id": "dc9d81cf-c07c-41f6-b2b3-2a31242fedee", "resource": "HTTP", "action": "GET", "result": "ok", "error_code": null, "message": "HTTP GET /api/v1/operator/network-listings/intake ok"}
[WebServer] {"timestamp": "2026-10-09T17:04:30.257275+00:00", "level": "INFO", "service": "oday-api", "actor": "user", "correlation_id": "corr-83c9899d-daa8-4244-867d-87c0d9c5de34", "resource": "HTTP", "action": "POST", "result": "ok", "error_code": null, "message": "HTTP POST /api/v1/operator/network-listings/intake/submit ok"}
[WebServer] {"timestamp": "2026-10-09T17:04:30.370792+00:00", "level": "INFO", "service": "oday-api", "actor": "user", "correlation_id": "809acc92-7834-448d-8d25-f881558cd2f0", "resource": "HTTP", "action": "GET", "result": "ok", "error_code": null, "message": "HTTP GET /api/v1/operator/network-listings/intake ok"}
[WebServer] {"timestamp": "2026-10-09T17:04:30.703041+00:00", "level": "INFO", "service": "oday-api", "actor": "user", "correlation_id": "3e46b569-f74a-4239-b21e-36764c98d1f6", "resource": "HTTP", "action": "GET", "result": "ok", "error_code": null, "message": "HTTP GET /api/v1/operator/network-listings/intake ok"}
[WebServer] {"timestamp": "2026-10-09T17:04:30.740735+00:00", "level": "INFO", "service": "oday-api", "actor": "user", "correlation_id": "3f2ca9d0-b758-42dc-a946-f62f931fed17", "resource": "HTTP", "action": "GET", "result": "ok", "error_code": null, "message": "HTTP GET /api/v1/operator/network-listings/intake ok"}
[WebServer] {"timestamp": "2026-10-09T17:04:30.741818+00:00", "level": "INFO", "service": "oday-api", "actor": "user", "correlation_id": "907a2498-d07e-4858-87fd-5f2f92d5fe77", "resource": "HTTP", "action": "GET", "result": "ok", "error_code": null, "message": "HTTP GET /api/v1/operator/network-listings/intake/{intake_id} ok"}
[WebServer] {"timestamp": "2026-10-09T17:04:30.745102+00:00", "level": "INFO", "service": "oday-api", "actor": "user", "correlation_id": "13294dbf-e5a1-40bc-90de-d6e6eeefce48", "resource": "HTTP", "action": "GET", "result": "ok", "error_code": null, "message": "HTTP GET /api/v1/operator/network-listings/intake/{intake_id} ok"}
[WebServer] {"timestamp": "2026-10-09T17:04:30.991190+00:00", "level": "INFO", "service": "oday-api", "actor": "user", "correlation_id": "fa22ba53-f7e6-4b3b-9c8d-1041cbb9673c", "resource": "HTTP", "action": "GET", "result": "ok", "error_code": null, "message": "HTTP GET /api/v1/intakes/{intake_id}/promotion-decision ok"}
[WebServer] {"timestamp": "2026-10-09T17:04:31.633305+00:00", "level": "INFO", "service": "oday-api", "actor": "user", "correlation_id": "2ebaf4e9-ed91-4069-a1ab-01471af2431c", "resource": "HTTP", "action": "GET", "result": "ok", "error_code": null, "message": "HTTP GET /api/v1/operator/network-listings/intake ok"}
[WebServer] {"timestamp": "2026-10-09T17:04:32.019953+00:00", "level": "INFO", "service": "oday-api", "actor": "user", "correlation_id": "corr-709b01f2-e8ab-47fa-bb95-bfa529001e0f", "resource": "HTTP", "action": "POST", "result": "ok", "error_code": null, "message": "HTTP POST /api/v1/operator/network-listings/intake/{intake_id}/correct ok"}
[WebServer] {"timestamp": "2026-10-09T17:04:32.441496+00:00", "level": "INFO", "service": "oday-api", "actor": "user", "correlation_id": "6549f685-44e7-4220-ba52-dc76abe879c4", "resource": "HTTP", "action": "GET", "result": "ok", "error_code": null, "message": "HTTP GET /api/v1/operator/network-listings/intake ok"}
[WebServer] {"timestamp": "2026-10-09T17:04:32.541291+00:00", "level": "INFO", "service": "oday-api", "actor": "user", "correlation_id": "c636b2f7-139f-486e-9c95-173e969a283d", "resource": "HTTP", "action": "GET", "result": "ok", "error_code": null, "message": "HTTP GET /api/v1/operator/network-listings/intake/{intake_id} ok"}
  ✓  2 [chromium] › tests/e2e/operator-network-assisted-intake.spec.ts:309:7 › Assisted Listing Intake — Package 7 product surfaces › identity-field correction demands a reason, then records before/after (7.5s)
[WebServer] {"timestamp": "2026-10-09T17:04:32.598066+00:00", "level": "INFO", "service": "oday-api", "actor": "user", "correlation_id": "0940ccb9-f26c-4e17-b31a-7d1e9fff1745", "resource": "HTTP", "action": "POST", "result": "ok", "error_code": null, "message": "HTTP POST /api/v1/operator/network-listings/reset ok"}
[WebServer] {"timestamp": "2026-10-09T17:04:32.734562+00:00", "level": "INFO", "service": "oday-api", "actor": "user", "correlation_id": "63e5e8a0-497c-499a-a02f-56ce82a2983c", "resource": "HTTP", "action": "GET", "result": "ok", "error_code": null, "message": "HTTP GET /api/v1/operator/network-listings/intake ok"}
[WebServer] {"timestamp": "2026-10-09T17:04:34.814907+00:00", "level": "INFO", "service": "oday-api", "actor": "user", "correlation_id": "corr-r4-005-read-HZ-01-demand", "resource": "HTTP", "action": "GET", "result": "ok", "error_code": null, "message": "HTTP GET /api/v1/operator/network-listings ok"}
[WebServer] {"timestamp": "2026-10-09T17:04:34.880382+00:00", "level": "INFO", "service": "oday-api", "actor": "user", "correlation_id": "corr-r4-006-scoring-read", "resource": "HTTP", "action": "GET", "result": "ok", "error_code": null, "message": "HTTP GET /api/v1/operator/network-scoring ok"}
[WebServer] {"timestamp": "2026-10-09T17:04:34.883262+00:00", "level": "INFO", "service": "oday-api", "actor": "user", "correlation_id": "corr-r4-007-reviews-read", "resource": "HTTP", "action": "GET", "result": "ok", "error_code": null, "message": "HTTP GET /api/v1/operator/network-reviews ok"}
[WebServer] {"timestamp": "2026-10-09T17:04:34.884562+00:00", "level": "INFO", "service": "oday-api", "actor": "user", "correlation_id": "corr-r4-008-rebalance-read", "resource": "HTTP", "action": "GET", "result": "ok", "error_code": null, "message": "HTTP GET /api/v1/operator/network-rebalance ok"}
[WebServer] {"timestamp": "2026-10-09T17:04:35.268269+00:00", "level": "INFO", "service": "oday-api", "actor": "user", "correlation_id": "corr-r4-005-read-HZ-01-demand", "resource": "HTTP", "action": "GET", "result": "ok", "error_code": null, "message": "HTTP GET /api/v1/operator/network-listings ok"}
[WebServer] {"timestamp": "2026-10-09T17:04:35.315779+00:00", "level": "INFO", "service": "oday-api", "actor": "user", "correlation_id": "corr-r4-008-rebalance-read", "resource": "HTTP", "action": "GET", "result": "ok", "error_code": null, "message": "HTTP GET /api/v1/operator/network-rebalance ok"}
[WebServer] {"timestamp": "2026-10-09T17:04:35.318737+00:00", "level": "INFO", "service": "oday-api", "actor": "user", "correlation_id": "corr-r4-006-scoring-read", "resource": "HTTP", "action": "GET", "result": "ok", "error_code": null, "message": "HTTP GET /api/v1/operator/network-scoring ok"}
[WebServer] {"timestamp": "2026-10-09T17:04:35.390489+00:00", "level": "INFO", "service": "oday-api", "actor": "user", "correlation_id": "corr-r4-007-reviews-read", "resource": "HTTP", "action": "GET", "result": "ok", "error_code": null, "message": "HTTP GET /api/v1/operator/network-reviews ok"}
[WebServer] {"timestamp": "2026-10-09T17:04:35.440987+00:00", "level": "INFO", "service": "oday-api", "actor": "user", "correlation_id": "corr-operator-bootstrap-6f7145a2-471f-405b-a4de-427e585dc1f8", "resource": "HTTP", "action": "GET", "result": "ok", "error_code": null, "message": "HTTP GET /api/v1/operator/bootstrap ok"}
[WebServer] {"timestamp": "2026-10-09T17:04:35.985414+00:00", "level": "INFO", "service": "oday-api", "actor": "user", "correlation_id": "53954ae3-af63-4e9e-bf01-676c3b5da662", "resource": "HTTP", "action": "GET", "result": "ok", "error_code": null, "message": "HTTP GET /api/v1/operator/network-listings/intake ok"}
[WebServer] {"timestamp": "2026-10-09T17:04:36.035828+00:00", "level": "INFO", "service": "oday-api", "actor": "user", "correlation_id": "a970d916-920d-468a-8c7b-9e67d1191342", "resource": "HTTP", "action": "GET", "result": "ok", "error_code": null, "message": "HTTP GET /api/v1/operator/network-listings/intake ok"}
[WebServer] {"timestamp": "2026-10-09T17:04:36.229629+00:00", "level": "INFO", "service": "oday-api", "actor": "user", "correlation_id": "79800807-0771-45e6-b654-81f5c54eb719", "resource": "HTTP", "action": "GET", "result": "ok", "error_code": null, "message": "HTTP GET /api/v1/operator/network-listings/intake ok"}
[WebServer] {"timestamp": "2026-10-09T17:04:37.116729+00:00", "level": "INFO", "service": "oday-api", "actor": "user", "correlation_id": "corr-09a919aa-330f-4e17-9c02-35b7846c6cb0", "resource": "HTTP", "action": "POST", "result": "ok", "error_code": null, "message": "HTTP POST /api/v1/operator/network-listings/intake/submit ok"}
[WebServer] {"timestamp": "2026-10-09T17:04:37.212903+00:00", "level": "INFO", "service": "oday-api", "actor": "user", "correlation_id": "df091df5-8ff0-4281-9b47-a75973a2efff", "resource": "HTTP", "action": "GET", "result": "ok", "error_code": null, "message": "HTTP GET /api/v1/operator/network-listings/intake ok"}
[WebServer] {"timestamp": "2026-10-09T17:04:37.540902+00:00", "level": "INFO", "service": "oday-api", "actor": "user", "correlation_id": "90ec6239-9d0d-427f-9d64-f738fe9857d0", "resource": "HTTP", "action": "GET", "result": "ok", "error_code": null, "message": "HTTP GET /api/v1/operator/network-listings/intake ok"}
[WebServer] {"timestamp": "2026-10-09T17:04:37.583700+00:00", "level": "INFO", "service": "oday-api", "actor": "user", "correlation_id": "1b5f40b7-2dbd-4ebc-adf5-869fa18d53c3", "resource": "HTTP", "action": "GET", "result": "ok", "error_code": null, "message": "HTTP GET /api/v1/operator/network-listings/intake/{intake_id} ok"}
[WebServer] {"timestamp": "2026-10-09T17:04:37.587518+00:00", "level": "INFO", "service": "oday-api", "actor": "user", "correlation_id": "fdbe9c21-4ec8-4813-a554-e1ef001be415", "resource": "HTTP", "action": "GET", "result": "ok", "error_code": null, "message": "HTTP GET /api/v1/operator/network-listings/intake ok"}
[WebServer] {"timestamp": "2026-10-09T17:04:37.588718+00:00", "level": "INFO", "service": "oday-api", "actor": "user", "correlation_id": "8fb7b05d-167d-4467-98b3-c65d64549aff", "resource": "HTTP", "action": "GET", "result": "ok", "error_code": null, "message": "HTTP GET /api/v1/operator/network-listings/intake/{intake_id} ok"}
[WebServer] {"timestamp": "2026-10-09T17:04:37.829095+00:00", "level": "INFO", "service": "oday-api", "actor": "user", "correlation_id": "e10ae957-9012-490b-8ad5-90a6190c1c53", "resource": "HTTP", "action": "GET", "result": "ok", "error_code": null, "message": "HTTP GET /api/v1/intakes/{intake_id}/promotion-decision ok"}
[WebServer] {"timestamp": "2026-10-09T17:04:38.326186+00:00", "level": "INFO", "service": "oday-api", "actor": "user", "correlation_id": "eaf890a5-e0d1-46e0-8454-7b1b7cf6b6b1", "resource": "HTTP", "action": "GET", "result": "ok", "error_code": null, "message": "HTTP GET /api/v1/operator/network-listings/intake ok"}
[WebServer] {"timestamp": "2026-10-09T17:04:38.633113+00:00", "level": "INFO", "service": "oday-api", "actor": "user", "correlation_id": "corr-3f12c756-e987-4deb-95db-f6c69fd82a82", "resource": "HTTP", "action": "POST", "result": "ok", "error_code": null, "message": "HTTP POST /api/v1/operator/network-listings/intake/{intake_id}/correct ok"}
[WebServer] {"timestamp": "2026-10-09T17:04:39.093462+00:00", "level": "INFO", "service": "oday-api", "actor": "user", "correlation_id": "025a6d09-5d0c-4494-a65a-f9564feef03e", "resource": "HTTP", "action": "GET", "result": "ok", "error_code": null, "message": "HTTP GET /api/v1/operator/network-listings/intake ok"}
[WebServer] {"timestamp": "2026-10-09T17:04:39.868173+00:00", "level": "INFO", "service": "oday-api", "actor": "user", "correlation_id": "cbb09853-c014-48f8-95fb-c0d983be7ddc", "resource": "HTTP", "action": "GET", "result": "ok", "error_code": null, "message": "HTTP GET /api/v1/operator/network-listings/intake ok"}
[WebServer] {"timestamp": "2026-10-09T17:04:39.873609+00:00", "level": "INFO", "service": "oday-api", "actor": "user", "correlation_id": "f5b8e5e4-94bc-404e-9f8f-36b211fc104e", "resource": "HTTP", "action": "GET", "result": "ok", "error_code": null, "message": "HTTP GET /api/v1/operator/network-listings/intake ok"}
[WebServer] {"timestamp": "2026-10-09T17:04:39.938014+00:00", "level": "INFO", "service": "oday-api", "actor": "user", "correlation_id": "228e01aa-8433-4ae9-bbbb-c7ce57d2b3ae", "resource": "HTTP", "action": "GET", "result": "ok", "error_code": null, "message": "HTTP GET /api/v1/operator/network-listings/intake ok"}
[WebServer] {"timestamp": "2026-10-09T17:04:40.179906+00:00", "level": "INFO", "service": "oday-api", "actor": "user", "correlation_id": "4e982573-cf7f-4a5c-8fcc-6e8815b2237e", "resource": "HTTP", "action": "GET", "result": "ok", "error_code": null, "message": "HTTP GET /api/v1/intakes/{intake_id}/promotion-decision ok"}
[WebServer] {"timestamp": "2026-10-09T17:04:41.618720+00:00", "level": "INFO", "service": "oday-api", "actor": "user", "correlation_id": "2f4918b7-ee07-433e-9c7c-28a06b984154", "resource": "HTTP", "action": "GET", "result": "ok", "error_code": null, "message": "HTTP GET /api/v1/operator/network-listings/intake/{intake_id} ok"}
[WebServer] {"timestamp": "2026-10-09T17:04:41.684601+00:00", "level": "INFO", "service": "oday-api", "actor": "user", "correlation_id": "corr-r4-005-read-HZ-01-demand", "resource": "HTTP", "action": "GET", "result": "ok", "error_code": null, "message": "HTTP GET /api/v1/operator/network-listings ok"}
[WebServer] {"timestamp": "2026-10-09T17:04:41.742387+00:00", "level": "INFO", "service": "oday-api", "actor": "user", "correlation_id": "corr-r4-006-scoring-read", "resource": "HTTP", "action": "GET", "result": "ok", "error_code": null, "message": "HTTP GET /api/v1/operator/network-scoring ok"}
[WebServer] {"timestamp": "2026-10-09T17:04:41.751958+00:00", "level": "INFO", "service": "oday-api", "actor": "user", "correlation_id": "corr-r4-008-rebalance-read", "resource": "HTTP", "action": "GET", "result": "ok", "error_code": null, "message": "HTTP GET /api/v1/operator/network-rebalance ok"}
[WebServer] {"timestamp": "2026-10-09T17:04:41.758066+00:00", "level": "INFO", "service": "oday-api", "actor": "user", "correlation_id": "corr-r4-007-reviews-read", "resource": "HTTP", "action": "GET", "result": "ok", "error_code": null, "message": "HTTP GET /api/v1/operator/network-reviews ok"}
[WebServer] {"timestamp": "2026-10-09T17:04:41.967258+00:00", "level": "INFO", "service": "oday-api", "actor": "user", "correlation_id": "00504ed1-55ab-435b-afb6-c342352e4253", "resource": "HTTP", "action": "GET", "result": "ok", "error_code": null, "message": "HTTP GET /api/v1/operator/network-listings/intake ok"}
[WebServer] {"timestamp": "2026-10-09T17:04:42.150257+00:00", "level": "INFO", "service": "oday-api", "actor": "user", "correlation_id": "9884ac3c-7a32-4ca8-9792-de28047990a2", "resource": "HTTP", "action": "GET", "result": "ok", "error_code": null, "message": "HTTP GET /api/v1/operator/network-listings/intake/{intake_id} ok"}
[WebServer] {"timestamp": "2026-10-09T17:04:42.217696+00:00", "level": "INFO", "service": "oday-api", "actor": "user", "correlation_id": "corr-r4-006-scoring-read", "resource": "HTTP", "action": "GET", "result": "ok", "error_code": null, "message": "HTTP GET /api/v1/operator/network-scoring ok"}
[WebServer] {"timestamp": "2026-10-09T17:04:42.224149+00:00", "level": "INFO", "service": "oday-api", "actor": "user", "correlation_id": "corr-r4-005-read-HZ-01-demand", "resource": "HTTP", "action": "GET", "result": "ok", "error_code": null, "message": "HTTP GET /api/v1/operator/network-listings ok"}
[WebServer] {"timestamp": "2026-10-09T17:04:42.267174+00:00", "level": "INFO", "service": "oday-api", "actor": "user", "correlation_id": "corr-r4-008-rebalance-read", "resource": "HTTP", "action": "GET", "result": "ok", "error_code": null, "message": "HTTP GET /api/v1/operator/network-rebalance ok"}
[WebServer] {"timestamp": "2026-10-09T17:04:42.332452+00:00", "level": "INFO", "service": "oday-api", "actor": "user", "correlation_id": "corr-r4-007-reviews-read", "resource": "HTTP", "action": "GET", "result": "ok", "error_code": null, "message": "HTTP GET /api/v1/operator/network-reviews ok"}
[WebServer] {"timestamp": "2026-10-09T17:04:42.386930+00:00", "level": "INFO", "service": "oday-api", "actor": "user", "correlation_id": "corr-operator-bootstrap-9a803637-3cfa-489f-bfb6-9cd09289ac6c", "resource": "HTTP", "action": "GET", "result": "ok", "error_code": null, "message": "HTTP GET /api/v1/operator/bootstrap ok"}
[WebServer] {"timestamp": "2026-10-09T17:04:42.424630+00:00", "level": "INFO", "service": "oday-api", "actor": "user", "correlation_id": "e7b0e3b9-e98b-42e9-9841-4d3d3a0d6b25", "resource": "HTTP", "action": "GET", "result": "ok", "error_code": null, "message": "HTTP GET /api/v1/intakes/{intake_id}/promotion-decision ok"}
[WebServer] {"timestamp": "2026-10-09T17:04:43.399337+00:00", "level": "INFO", "service": "oday-api", "actor": "user", "correlation_id": "07d9fabb-88c2-49da-9757-f6bd9bcb3bbb", "resource": "HTTP", "action": "GET", "result": "ok", "error_code": null, "message": "HTTP GET /api/v1/operator/network-listings/intake ok"}
[WebServer] {"timestamp": "2026-10-09T17:04:43.679619+00:00", "level": "INFO", "service": "oday-api", "actor": "user", "correlation_id": "corr-6fbe1550-28e5-48e8-a2d1-3cf9dbf17933", "resource": "HTTP", "action": "POST", "result": "ok", "error_code": null, "message": "HTTP POST /api/v1/operator/network-listings/intake/{intake_id}/decide ok"}
[WebServer] {"timestamp": "2026-10-09T17:04:43.750780+00:00", "level": "INFO", "service": "oday-api", "actor": "user", "correlation_id": "d0173560-b1a4-4524-8a99-d1f5336ad612", "resource": "HTTP", "action": "GET", "result": "ok", "error_code": null, "message": "HTTP GET /api/v1/operator/network-listings/intake ok"}
[WebServer] {"timestamp": "2026-10-09T17:04:44.345544+00:00", "level": "INFO", "service": "oday-api", "actor": "user", "correlation_id": "4356ce21-f98a-4772-b39b-cb2247bfdc11", "resource": "HTTP", "action": "GET", "result": "ok", "error_code": null, "message": "HTTP GET /api/v1/operator/network-listings/intake ok"}
[WebServer] {"timestamp": "2026-10-09T17:04:46.230703+00:00", "level": "INFO", "service": "oday-api", "actor": "user", "correlation_id": "ad4f12d3-3324-475a-a1a9-5ea2e5bb3841", "resource": "HTTP", "action": "GET", "result": "ok", "error_code": null, "message": "HTTP GET /api/v1/operator/network-listings/intake/{intake_id} ok"}
[WebServer] {"timestamp": "2026-10-09T17:04:46.267908+00:00", "level": "INFO", "service": "oday-api", "actor": "user", "correlation_id": "corr-r4-005-read-HZ-01-demand", "resource": "HTTP", "action": "GET", "result": "ok", "error_code": null, "message": "HTTP GET /api/v1/operator/network-listings ok"}
[WebServer] {"timestamp": "2026-10-09T17:04:46.314612+00:00", "level": "INFO", "service": "oday-api", "actor": "user", "correlation_id": "corr-r4-007-reviews-read", "resource": "HTTP", "action": "GET", "result": "ok", "error_code": null, "message": "HTTP GET /api/v1/operator/network-reviews ok"}
[WebServer] {"timestamp": "2026-10-09T17:04:46.315907+00:00", "level": "INFO", "service": "oday-api", "actor": "user", "correlation_id": "corr-r4-008-rebalance-read", "resource": "HTTP", "action": "GET", "result": "ok", "error_code": null, "message": "HTTP GET /api/v1/operator/network-rebalance ok"}
[WebServer] {"timestamp": "2026-10-09T17:04:46.319851+00:00", "level": "INFO", "service": "oday-api", "actor": "user", "correlation_id": "corr-r4-006-scoring-read", "resource": "HTTP", "action": "GET", "result": "ok", "error_code": null, "message": "HTTP GET /api/v1/operator/network-scoring ok"}
[WebServer] {"timestamp": "2026-10-09T17:04:46.474877+00:00", "level": "INFO", "service": "oday-api", "actor": "user", "correlation_id": "bd412a80-5db3-46dc-a559-f58930b1693c", "resource": "HTTP", "action": "GET", "result": "ok", "error_code": null, "message": "HTTP GET /api/v1/operator/network-listings/intake ok"}
[WebServer] {"timestamp": "2026-10-09T17:04:46.607658+00:00", "level": "INFO", "service": "oday-api", "actor": "user", "correlation_id": "corr-r4-006-scoring-read", "resource": "HTTP", "action": "GET", "result": "ok", "error_code": null, "message": "HTTP GET /api/v1/operator/network-scoring ok"}
[WebServer] {"timestamp": "2026-10-09T17:04:46.611809+00:00", "level": "INFO", "service": "oday-api", "actor": "user", "correlation_id": "a2ae8b80-d3cc-486f-ad29-73a1dce1abf0", "resource": "HTTP", "action": "GET", "result": "ok", "error_code": null, "message": "HTTP GET /api/v1/operator/network-listings/intake/{intake_id} ok"}
[WebServer] {"timestamp": "2026-10-09T17:04:46.615270+00:00", "level": "INFO", "service": "oday-api", "actor": "user", "correlation_id": "corr-r4-005-read-HZ-01-demand", "resource": "HTTP", "action": "GET", "result": "ok", "error_code": null, "message": "HTTP GET /api/v1/operator/network-listings ok"}
[WebServer] {"timestamp": "2026-10-09T17:04:46.636836+00:00", "level": "INFO", "service": "oday-api", "actor": "user", "correlation_id": "corr-r4-008-rebalance-read", "resource": "HTTP", "action": "GET", "result": "ok", "error_code": null, "message": "HTTP GET /api/v1/operator/network-rebalance ok"}
[WebServer] {"timestamp": "2026-10-09T17:04:46.727265+00:00", "level": "INFO", "service": "oday-api", "actor": "user", "correlation_id": "corr-r4-007-reviews-read", "resource": "HTTP", "action": "GET", "result": "ok", "error_code": null, "message": "HTTP GET /api/v1/operator/network-reviews ok"}
[WebServer] {"timestamp": "2026-10-09T17:04:46.752997+00:00", "level": "INFO", "service": "oday-api", "actor": "user", "correlation_id": "corr-operator-bootstrap-b59c515a-9016-4b82-9ac9-9f11bc557c3c", "resource": "HTTP", "action": "GET", "result": "ok", "error_code": null, "message": "HTTP GET /api/v1/operator/bootstrap ok"}
[WebServer] {"timestamp": "2026-10-09T17:04:47.049097+00:00", "level": "INFO", "service": "oday-api", "actor": "user", "correlation_id": "690ae991-fd70-44ca-a0d8-5ae4bc77bdf5", "resource": "HTTP", "action": "GET", "result": "ok", "error_code": null, "message": "HTTP GET /api/v1/intakes/{intake_id}/promotion-decision ok"}
  ✓  3 [chromium] › tests/e2e/operator-network-assisted-intake.spec.ts:882:7 › Assisted Listing Intake — Package 7 product surfaces › decisions and corrections survive page reload and a fresh browser context (14.6s)

  3 passed (1.0m)
