[WebServer] 2026/10/09 21:53:54 INFO mlflow.agent.hint: Load the `instrumenting-with-mlflow-tracing` skill at /tmp/pantheon-worker-worktrees/pantheon/odp-ui-network-tabs-parity-001/.venv/lib/python3.12/site-packages/mlflow/assistant/skills/instrumenting-with-mlflow-tracing/SKILL.md before writing any tracing code; it ships with this MLflow install. Set MLFLOW_DISABLE_AGENT_HINT=1 to silence this.
[WebServer] 2026/10/09 21:53:56 INFO mlflow.store.db.utils: Creating initial MLflow database tables...
[WebServer] 2026/10/09 21:53:56 INFO mlflow.store.db.utils: Updating database tables
[WebServer] INFO:     Started server process [2215641]
[WebServer] INFO:     Waiting for application startup.
[WebServer] INFO:     Application startup complete.
[WebServer] INFO:     Uvicorn running on http://127.0.0.1:8310 (Press CTRL+C to quit)
[WebServer] {"timestamp": "2026-10-09T21:53:59.855393+00:00", "level": "INFO", "service": "oday-api", "actor": "user", "correlation_id": "42d6f00e-82f9-48a1-b7c6-9ab06af0ccf4", "resource": "HTTP", "action": "GET", "result": "ok", "error_code": null, "message": "HTTP GET /platform/health ok"}

Running 2 tests using 1 worker

[WebServer] {"timestamp": "2026-10-09T21:54:15.779030+00:00", "level": "INFO", "service": "oday-api", "actor": "user", "correlation_id": "d9260040-c131-4180-8507-dbb5d96fd7b7", "resource": "HTTP", "action": "POST", "result": "ok", "error_code": null, "message": "HTTP POST /api/v1/operator/network-listings/reset ok"}
[WebServer] {"timestamp": "2026-10-09T21:54:18.103701+00:00", "level": "INFO", "service": "oday-api", "actor": "user", "correlation_id": "f07aba41-8097-4e6c-8977-8f9ab25755d6", "resource": "HTTP", "action": "GET", "result": "ok", "error_code": null, "message": "HTTP GET /api/v1/operator/network-listings/intake ok"}
[WebServer] {"timestamp": "2026-10-09T21:54:21.001158+00:00", "level": "INFO", "service": "oday-api", "actor": "user", "correlation_id": "corr-r4-005-read-HZ-01-demand", "resource": "HTTP", "action": "GET", "result": "ok", "error_code": null, "message": "HTTP GET /api/v1/operator/network-listings ok"}
[WebServer] {"timestamp": "2026-10-09T21:54:21.071680+00:00", "level": "INFO", "service": "oday-api", "actor": "user", "correlation_id": "corr-r4-006-scoring-read", "resource": "HTTP", "action": "GET", "result": "ok", "error_code": null, "message": "HTTP GET /api/v1/operator/network-scoring ok"}
[WebServer] {"timestamp": "2026-10-09T21:54:21.216855+00:00", "level": "INFO", "service": "oday-api", "actor": "user", "correlation_id": "corr-r4-007-reviews-read", "resource": "HTTP", "action": "GET", "result": "ok", "error_code": null, "message": "HTTP GET /api/v1/operator/network-reviews ok"}
[WebServer] {"timestamp": "2026-10-09T21:54:21.218896+00:00", "level": "INFO", "service": "oday-api", "actor": "user", "correlation_id": "corr-r4-008-rebalance-read", "resource": "HTTP", "action": "GET", "result": "ok", "error_code": null, "message": "HTTP GET /api/v1/operator/network-rebalance ok"}
[WebServer] {"timestamp": "2026-10-09T21:54:24.343570+00:00", "level": "INFO", "service": "oday-api", "actor": "user", "correlation_id": "corr-r4-008-rebalance-read", "resource": "HTTP", "action": "GET", "result": "ok", "error_code": null, "message": "HTTP GET /api/v1/operator/network-rebalance ok"}
[WebServer] {"timestamp": "2026-10-09T21:54:24.346807+00:00", "level": "INFO", "service": "oday-api", "actor": "user", "correlation_id": "corr-r4-006-scoring-read", "resource": "HTTP", "action": "GET", "result": "ok", "error_code": null, "message": "HTTP GET /api/v1/operator/network-scoring ok"}
[WebServer] {"timestamp": "2026-10-09T21:54:24.348580+00:00", "level": "INFO", "service": "oday-api", "actor": "user", "correlation_id": "corr-r4-005-read-HZ-01-demand", "resource": "HTTP", "action": "GET", "result": "ok", "error_code": null, "message": "HTTP GET /api/v1/operator/network-listings ok"}
[WebServer] {"timestamp": "2026-10-09T21:54:25.044614+00:00", "level": "INFO", "service": "oday-api", "actor": "user", "correlation_id": "corr-r4-007-reviews-read", "resource": "HTTP", "action": "GET", "result": "ok", "error_code": null, "message": "HTTP GET /api/v1/operator/network-reviews ok"}
[WebServer] {"timestamp": "2026-10-09T21:54:25.102184+00:00", "level": "INFO", "service": "oday-api", "actor": "user", "correlation_id": "corr-operator-bootstrap-fa0e9acd-be4b-4505-a18f-5e0ab914de45", "resource": "HTTP", "action": "GET", "result": "ok", "error_code": null, "message": "HTTP GET /api/v1/operator/bootstrap ok"}
[WebServer] {"timestamp": "2026-10-09T21:54:25.344517+00:00", "level": "INFO", "service": "oday-api", "actor": "user", "correlation_id": "754e9963-4885-41cc-8f38-9c227e55c0ee", "resource": "HTTP", "action": "GET", "result": "ok", "error_code": null, "message": "HTTP GET /api/v1/operator/network-listings/intake ok"}
[WebServer] {"timestamp": "2026-10-09T21:54:25.497822+00:00", "level": "INFO", "service": "oday-api", "actor": "user", "correlation_id": "d2d02518-2431-4a07-91c9-0a0979538298", "resource": "HTTP", "action": "GET", "result": "ok", "error_code": null, "message": "HTTP GET /api/v1/operator/network-listings/intake ok"}
[WebServer] {"timestamp": "2026-10-09T21:54:25.596350+00:00", "level": "INFO", "service": "oday-api", "actor": "user", "correlation_id": "1d6144e1-5ced-4475-8cfa-4ca730b509a9", "resource": "HTTP", "action": "GET", "result": "ok", "error_code": null, "message": "HTTP GET /api/v1/operator/network-listings/intake ok"}
[WebServer] {"timestamp": "2026-10-09T21:54:26.139478+00:00", "level": "INFO", "service": "oday-api", "actor": "user", "correlation_id": "corr-0e8a2e33-1678-4c82-b7d7-c11790846035", "resource": "HTTP", "action": "POST", "result": "ok", "error_code": null, "message": "HTTP POST /api/v1/operator/network-listings/intake/submit ok"}
[WebServer] {"timestamp": "2026-10-09T21:54:26.489636+00:00", "level": "INFO", "service": "oday-api", "actor": "user", "correlation_id": "1c28cbc9-5775-4051-804e-6c8a194720f3", "resource": "HTTP", "action": "GET", "result": "ok", "error_code": null, "message": "HTTP GET /api/v1/operator/network-listings/intake ok"}
[WebServer] {"timestamp": "2026-10-09T21:54:26.861319+00:00", "level": "INFO", "service": "oday-api", "actor": "user", "correlation_id": "134d2f90-d6a8-4014-97bb-8180da04fd8d", "resource": "HTTP", "action": "GET", "result": "ok", "error_code": null, "message": "HTTP GET /api/v1/operator/network-listings/intake ok"}
[WebServer] {"timestamp": "2026-10-09T21:54:26.911296+00:00", "level": "INFO", "service": "oday-api", "actor": "user", "correlation_id": "365f0bb4-2365-402b-a930-97deddf14589", "resource": "HTTP", "action": "GET", "result": "ok", "error_code": null, "message": "HTTP GET /api/v1/operator/network-listings/intake/{intake_id} ok"}
[WebServer] {"timestamp": "2026-10-09T21:54:26.915319+00:00", "level": "INFO", "service": "oday-api", "actor": "user", "correlation_id": "071c1128-c16a-4e59-98b8-75dfe52da50c", "resource": "HTTP", "action": "GET", "result": "ok", "error_code": null, "message": "HTTP GET /api/v1/operator/network-listings/intake ok"}
[WebServer] {"timestamp": "2026-10-09T21:54:26.921217+00:00", "level": "INFO", "service": "oday-api", "actor": "user", "correlation_id": "90b99bef-2fa5-4bf1-8fd3-852dbe3f18c5", "resource": "HTTP", "action": "GET", "result": "ok", "error_code": null, "message": "HTTP GET /api/v1/operator/network-listings/intake/{intake_id} ok"}
[WebServer] {"timestamp": "2026-10-09T21:54:27.131255+00:00", "level": "INFO", "service": "oday-api", "actor": "user", "correlation_id": "73f54ce4-4455-4511-ba83-db6638c936ee", "resource": "HTTP", "action": "GET", "result": "ok", "error_code": null, "message": "HTTP GET /api/v1/intakes/{intake_id}/promotion-decision ok"}
[WebServer] {"timestamp": "2026-10-09T21:54:27.446068+00:00", "level": "INFO", "service": "oday-api", "actor": "user", "correlation_id": "809d9249-465a-458b-91bd-3c8db6efc7ca", "resource": "HTTP", "action": "GET", "result": "ok", "error_code": null, "message": "HTTP GET /api/v1/operator/network-listings/intake/{intake_id} ok"}
[WebServer] {"timestamp": "2026-10-09T21:54:28.992254+00:00", "level": "INFO", "service": "oday-api", "actor": "user", "correlation_id": "corr-r4-005-read-HZ-01-demand", "resource": "HTTP", "action": "GET", "result": "ok", "error_code": null, "message": "HTTP GET /api/v1/operator/network-listings ok"}
[WebServer] {"timestamp": "2026-10-09T21:54:29.041253+00:00", "level": "INFO", "service": "oday-api", "actor": "user", "correlation_id": "corr-r4-008-rebalance-read", "resource": "HTTP", "action": "GET", "result": "ok", "error_code": null, "message": "HTTP GET /api/v1/operator/network-rebalance ok"}
[WebServer] {"timestamp": "2026-10-09T21:54:29.044026+00:00", "level": "INFO", "service": "oday-api", "actor": "user", "correlation_id": "corr-r4-006-scoring-read", "resource": "HTTP", "action": "GET", "result": "ok", "error_code": null, "message": "HTTP GET /api/v1/operator/network-scoring ok"}
[WebServer] {"timestamp": "2026-10-09T21:54:29.044603+00:00", "level": "INFO", "service": "oday-api", "actor": "user", "correlation_id": "corr-r4-007-reviews-read", "resource": "HTTP", "action": "GET", "result": "ok", "error_code": null, "message": "HTTP GET /api/v1/operator/network-reviews ok"}
[WebServer] {"timestamp": "2026-10-09T21:54:29.314043+00:00", "level": "INFO", "service": "oday-api", "actor": "user", "correlation_id": "5bece12e-f83c-42a0-849f-0f8a410b23da", "resource": "HTTP", "action": "GET", "result": "ok", "error_code": null, "message": "HTTP GET /api/v1/operator/network-listings/intake ok"}
[WebServer] {"timestamp": "2026-10-09T21:54:29.378550+00:00", "level": "INFO", "service": "oday-api", "actor": "user", "correlation_id": "corr-r4-005-read-HZ-01-demand", "resource": "HTTP", "action": "GET", "result": "ok", "error_code": null, "message": "HTTP GET /api/v1/operator/network-listings ok"}
[WebServer] {"timestamp": "2026-10-09T21:54:29.439042+00:00", "level": "INFO", "service": "oday-api", "actor": "user", "correlation_id": "corr-r4-008-rebalance-read", "resource": "HTTP", "action": "GET", "result": "ok", "error_code": null, "message": "HTTP GET /api/v1/operator/network-rebalance ok"}
[WebServer] {"timestamp": "2026-10-09T21:54:29.441780+00:00", "level": "INFO", "service": "oday-api", "actor": "user", "correlation_id": "corr-r4-006-scoring-read", "resource": "HTTP", "action": "GET", "result": "ok", "error_code": null, "message": "HTTP GET /api/v1/operator/network-scoring ok"}
[WebServer] {"timestamp": "2026-10-09T21:54:29.463043+00:00", "level": "INFO", "service": "oday-api", "actor": "user", "correlation_id": "corr-r4-007-reviews-read", "resource": "HTTP", "action": "GET", "result": "ok", "error_code": null, "message": "HTTP GET /api/v1/operator/network-reviews ok"}
[WebServer] {"timestamp": "2026-10-09T21:54:29.513638+00:00", "level": "INFO", "service": "oday-api", "actor": "user", "correlation_id": "corr-operator-bootstrap-9456f967-47ff-4aef-bc73-4167031c4fc5", "resource": "HTTP", "action": "GET", "result": "ok", "error_code": null, "message": "HTTP GET /api/v1/operator/bootstrap ok"}
[WebServer] {"timestamp": "2026-10-09T21:54:29.554606+00:00", "level": "INFO", "service": "oday-api", "actor": "user", "correlation_id": "2b0d6ad7-ab32-4261-82d8-b1f2a09023cb", "resource": "HTTP", "action": "GET", "result": "ok", "error_code": null, "message": "HTTP GET /api/v1/intakes/{intake_id}/promotion-decision ok"}
[WebServer] {"timestamp": "2026-10-09T21:54:31.657903+00:00", "level": "INFO", "service": "oday-api", "actor": "user", "correlation_id": "corr-r4-005-read-HZ-01-demand", "resource": "HTTP", "action": "GET", "result": "ok", "error_code": null, "message": "HTTP GET /api/v1/operator/network-listings ok"}
[WebServer] {"timestamp": "2026-10-09T21:54:31.717643+00:00", "level": "INFO", "service": "oday-api", "actor": "user", "correlation_id": "corr-r4-006-scoring-read", "resource": "HTTP", "action": "GET", "result": "ok", "error_code": null, "message": "HTTP GET /api/v1/operator/network-scoring ok"}
[WebServer] {"timestamp": "2026-10-09T21:54:31.719727+00:00", "level": "INFO", "service": "oday-api", "actor": "user", "correlation_id": "corr-r4-007-reviews-read", "resource": "HTTP", "action": "GET", "result": "ok", "error_code": null, "message": "HTTP GET /api/v1/operator/network-reviews ok"}
[WebServer] {"timestamp": "2026-10-09T21:54:31.720213+00:00", "level": "INFO", "service": "oday-api", "actor": "user", "correlation_id": "corr-r4-008-rebalance-read", "resource": "HTTP", "action": "GET", "result": "ok", "error_code": null, "message": "HTTP GET /api/v1/operator/network-rebalance ok"}
[WebServer] {"timestamp": "2026-10-09T21:54:31.929077+00:00", "level": "INFO", "service": "oday-api", "actor": "user", "correlation_id": "741bb6db-0003-4dda-b834-841a374e756b", "resource": "HTTP", "action": "GET", "result": "ok", "error_code": null, "message": "HTTP GET /api/v1/operator/network-listings/intake ok"}
[WebServer] {"timestamp": "2026-10-09T21:54:32.021299+00:00", "level": "INFO", "service": "oday-api", "actor": "user", "correlation_id": "corr-r4-005-read-HZ-01-demand", "resource": "HTTP", "action": "GET", "result": "ok", "error_code": null, "message": "HTTP GET /api/v1/operator/network-listings ok"}
[WebServer] {"timestamp": "2026-10-09T21:54:32.070656+00:00", "level": "INFO", "service": "oday-api", "actor": "user", "correlation_id": "corr-r4-006-scoring-read", "resource": "HTTP", "action": "GET", "result": "ok", "error_code": null, "message": "HTTP GET /api/v1/operator/network-scoring ok"}
[WebServer] {"timestamp": "2026-10-09T21:54:32.074629+00:00", "level": "INFO", "service": "oday-api", "actor": "user", "correlation_id": "corr-r4-008-rebalance-read", "resource": "HTTP", "action": "GET", "result": "ok", "error_code": null, "message": "HTTP GET /api/v1/operator/network-rebalance ok"}
[WebServer] {"timestamp": "2026-10-09T21:54:32.115940+00:00", "level": "INFO", "service": "oday-api", "actor": "user", "correlation_id": "corr-r4-007-reviews-read", "resource": "HTTP", "action": "GET", "result": "ok", "error_code": null, "message": "HTTP GET /api/v1/operator/network-reviews ok"}
[WebServer] {"timestamp": "2026-10-09T21:54:32.167087+00:00", "level": "INFO", "service": "oday-api", "actor": "user", "correlation_id": "corr-operator-bootstrap-7accb72b-97e6-4f04-a871-41ba7ac82ae8", "resource": "HTTP", "action": "GET", "result": "ok", "error_code": null, "message": "HTTP GET /api/v1/operator/bootstrap ok"}
[WebServer] {"timestamp": "2026-10-09T21:54:32.218384+00:00", "level": "INFO", "service": "oday-api", "actor": "user", "correlation_id": "83000e66-485f-4ad5-a94b-30de6606682e", "resource": "HTTP", "action": "GET", "result": "ok", "error_code": null, "message": "HTTP GET /api/v1/intakes/{intake_id}/promotion-decision ok"}
  ✓  1 [chromium] › tests/visual/operator-assignment-authority-parity.spec.ts:14:7 › actual Intake without resource authority rejects Transfer/Pause deep links at 1440 (18.9s)
[WebServer] {"timestamp": "2026-10-09T21:54:32.998501+00:00", "level": "INFO", "service": "oday-api", "actor": "user", "correlation_id": "60ca6c1b-7d0b-43ff-ab15-7d3623e3111d", "resource": "HTTP", "action": "POST", "result": "ok", "error_code": null, "message": "HTTP POST /api/v1/operator/network-listings/reset ok"}
[WebServer] {"timestamp": "2026-10-09T21:54:33.059745+00:00", "level": "INFO", "service": "oday-api", "actor": "user", "correlation_id": "4c81fe34-3ae7-4092-a8c4-551685cd9b1d", "resource": "HTTP", "action": "GET", "result": "ok", "error_code": null, "message": "HTTP GET /api/v1/operator/network-listings/intake ok"}
[WebServer] {"timestamp": "2026-10-09T21:54:35.129860+00:00", "level": "INFO", "service": "oday-api", "actor": "user", "correlation_id": "corr-r4-005-read-HZ-01-demand", "resource": "HTTP", "action": "GET", "result": "ok", "error_code": null, "message": "HTTP GET /api/v1/operator/network-listings ok"}
[WebServer] {"timestamp": "2026-10-09T21:54:35.212956+00:00", "level": "INFO", "service": "oday-api", "actor": "user", "correlation_id": "corr-r4-008-rebalance-read", "resource": "HTTP", "action": "GET", "result": "ok", "error_code": null, "message": "HTTP GET /api/v1/operator/network-rebalance ok"}
[WebServer] {"timestamp": "2026-10-09T21:54:35.214162+00:00", "level": "INFO", "service": "oday-api", "actor": "user", "correlation_id": "corr-r4-007-reviews-read", "resource": "HTTP", "action": "GET", "result": "ok", "error_code": null, "message": "HTTP GET /api/v1/operator/network-reviews ok"}
[WebServer] {"timestamp": "2026-10-09T21:54:35.215067+00:00", "level": "INFO", "service": "oday-api", "actor": "user", "correlation_id": "corr-r4-006-scoring-read", "resource": "HTTP", "action": "GET", "result": "ok", "error_code": null, "message": "HTTP GET /api/v1/operator/network-scoring ok"}
[WebServer] {"timestamp": "2026-10-09T21:54:35.497191+00:00", "level": "INFO", "service": "oday-api", "actor": "user", "correlation_id": "corr-r4-005-read-HZ-01-demand", "resource": "HTTP", "action": "GET", "result": "ok", "error_code": null, "message": "HTTP GET /api/v1/operator/network-listings ok"}
[WebServer] {"timestamp": "2026-10-09T21:54:35.529240+00:00", "level": "INFO", "service": "oday-api", "actor": "user", "correlation_id": "corr-r4-006-scoring-read", "resource": "HTTP", "action": "GET", "result": "ok", "error_code": null, "message": "HTTP GET /api/v1/operator/network-scoring ok"}
[WebServer] {"timestamp": "2026-10-09T21:54:35.532077+00:00", "level": "INFO", "service": "oday-api", "actor": "user", "correlation_id": "corr-r4-008-rebalance-read", "resource": "HTTP", "action": "GET", "result": "ok", "error_code": null, "message": "HTTP GET /api/v1/operator/network-rebalance ok"}
[WebServer] {"timestamp": "2026-10-09T21:54:35.646985+00:00", "level": "INFO", "service": "oday-api", "actor": "user", "correlation_id": "corr-r4-007-reviews-read", "resource": "HTTP", "action": "GET", "result": "ok", "error_code": null, "message": "HTTP GET /api/v1/operator/network-reviews ok"}
[WebServer] {"timestamp": "2026-10-09T21:54:35.700163+00:00", "level": "INFO", "service": "oday-api", "actor": "user", "correlation_id": "corr-operator-bootstrap-fe074aa8-989d-4ce1-b482-4c6bbdf05879", "resource": "HTTP", "action": "GET", "result": "ok", "error_code": null, "message": "HTTP GET /api/v1/operator/bootstrap ok"}
[WebServer] {"timestamp": "2026-10-09T21:54:36.131170+00:00", "level": "INFO", "service": "oday-api", "actor": "user", "correlation_id": "a2d58dae-f514-4a7c-a661-35f7a72a905f", "resource": "HTTP", "action": "GET", "result": "ok", "error_code": null, "message": "HTTP GET /api/v1/operator/network-listings/intake ok"}
[WebServer] {"timestamp": "2026-10-09T21:54:36.179011+00:00", "level": "INFO", "service": "oday-api", "actor": "user", "correlation_id": "3b3602a8-7144-4ca5-b687-6ff2374c3be4", "resource": "HTTP", "action": "GET", "result": "ok", "error_code": null, "message": "HTTP GET /api/v1/operator/network-listings/intake ok"}
[WebServer] {"timestamp": "2026-10-09T21:54:36.361008+00:00", "level": "INFO", "service": "oday-api", "actor": "user", "correlation_id": "64d4378f-8f3f-482a-91d8-d44d2a138b15", "resource": "HTTP", "action": "GET", "result": "ok", "error_code": null, "message": "HTTP GET /api/v1/operator/network-listings/intake ok"}
[WebServer] {"timestamp": "2026-10-09T21:54:37.533821+00:00", "level": "INFO", "service": "oday-api", "actor": "user", "correlation_id": "corr-ac3cdc7b-8291-47dc-b217-8c5676e0873d", "resource": "HTTP", "action": "POST", "result": "ok", "error_code": null, "message": "HTTP POST /api/v1/operator/network-listings/intake/submit ok"}
[WebServer] {"timestamp": "2026-10-09T21:54:37.656267+00:00", "level": "INFO", "service": "oday-api", "actor": "user", "correlation_id": "5d8b327c-0709-4825-9941-27ce50b49dd4", "resource": "HTTP", "action": "GET", "result": "ok", "error_code": null, "message": "HTTP GET /api/v1/operator/network-listings/intake ok"}
[WebServer] {"timestamp": "2026-10-09T21:54:38.170115+00:00", "level": "INFO", "service": "oday-api", "actor": "user", "correlation_id": "5f9c1296-bed4-49ce-bb14-47e1d67e77f3", "resource": "HTTP", "action": "GET", "result": "ok", "error_code": null, "message": "HTTP GET /api/v1/operator/network-listings/intake ok"}
[WebServer] {"timestamp": "2026-10-09T21:54:38.213284+00:00", "level": "INFO", "service": "oday-api", "actor": "user", "correlation_id": "7b0bcf77-8411-46d0-b5c0-d2ea956d7020", "resource": "HTTP", "action": "GET", "result": "ok", "error_code": null, "message": "HTTP GET /api/v1/operator/network-listings/intake/{intake_id} ok"}
[WebServer] {"timestamp": "2026-10-09T21:54:38.214549+00:00", "level": "INFO", "service": "oday-api", "actor": "user", "correlation_id": "a5e10ea5-6209-46bc-8c08-660b23d91d7e", "resource": "HTTP", "action": "GET", "result": "ok", "error_code": null, "message": "HTTP GET /api/v1/operator/network-listings/intake ok"}
[WebServer] {"timestamp": "2026-10-09T21:54:38.218726+00:00", "level": "INFO", "service": "oday-api", "actor": "user", "correlation_id": "70b3fbb4-d70c-46fe-af7e-838c5173b727", "resource": "HTTP", "action": "GET", "result": "ok", "error_code": null, "message": "HTTP GET /api/v1/operator/network-listings/intake/{intake_id} ok"}
[WebServer] {"timestamp": "2026-10-09T21:54:38.490435+00:00", "level": "INFO", "service": "oday-api", "actor": "user", "correlation_id": "b5ff9b44-32e7-4aa7-90e0-9ceb7bd93e96", "resource": "HTTP", "action": "GET", "result": "ok", "error_code": null, "message": "HTTP GET /api/v1/intakes/{intake_id}/promotion-decision ok"}
[WebServer] {"timestamp": "2026-10-09T21:54:38.794297+00:00", "level": "INFO", "service": "oday-api", "actor": "user", "correlation_id": "4be6fc2b-4be4-4460-aed3-16db6a6508cd", "resource": "HTTP", "action": "GET", "result": "ok", "error_code": null, "message": "HTTP GET /api/v1/operator/network-listings/intake/{intake_id} ok"}
[WebServer] {"timestamp": "2026-10-09T21:54:40.587169+00:00", "level": "INFO", "service": "oday-api", "actor": "user", "correlation_id": "corr-r4-005-read-HZ-01-demand", "resource": "HTTP", "action": "GET", "result": "ok", "error_code": null, "message": "HTTP GET /api/v1/operator/network-listings ok"}
[WebServer] {"timestamp": "2026-10-09T21:54:40.636772+00:00", "level": "INFO", "service": "oday-api", "actor": "user", "correlation_id": "corr-r4-006-scoring-read", "resource": "HTTP", "action": "GET", "result": "ok", "error_code": null, "message": "HTTP GET /api/v1/operator/network-scoring ok"}
[WebServer] {"timestamp": "2026-10-09T21:54:40.638631+00:00", "level": "INFO", "service": "oday-api", "actor": "user", "correlation_id": "corr-r4-008-rebalance-read", "resource": "HTTP", "action": "GET", "result": "ok", "error_code": null, "message": "HTTP GET /api/v1/operator/network-rebalance ok"}
[WebServer] {"timestamp": "2026-10-09T21:54:40.639032+00:00", "level": "INFO", "service": "oday-api", "actor": "user", "correlation_id": "corr-r4-007-reviews-read", "resource": "HTTP", "action": "GET", "result": "ok", "error_code": null, "message": "HTTP GET /api/v1/operator/network-reviews ok"}
[WebServer] {"timestamp": "2026-10-09T21:54:40.840613+00:00", "level": "INFO", "service": "oday-api", "actor": "user", "correlation_id": "cd694550-8d59-487e-a72d-6aaa17c412c0", "resource": "HTTP", "action": "GET", "result": "ok", "error_code": null, "message": "HTTP GET /api/v1/operator/network-listings/intake ok"}
[WebServer] {"timestamp": "2026-10-09T21:54:40.914340+00:00", "level": "INFO", "service": "oday-api", "actor": "user", "correlation_id": "corr-r4-005-read-HZ-01-demand", "resource": "HTTP", "action": "GET", "result": "ok", "error_code": null, "message": "HTTP GET /api/v1/operator/network-listings ok"}
[WebServer] {"timestamp": "2026-10-09T21:54:40.970336+00:00", "level": "INFO", "service": "oday-api", "actor": "user", "correlation_id": "corr-r4-008-rebalance-read", "resource": "HTTP", "action": "GET", "result": "ok", "error_code": null, "message": "HTTP GET /api/v1/operator/network-rebalance ok"}
[WebServer] {"timestamp": "2026-10-09T21:54:40.971313+00:00", "level": "INFO", "service": "oday-api", "actor": "user", "correlation_id": "corr-r4-006-scoring-read", "resource": "HTTP", "action": "GET", "result": "ok", "error_code": null, "message": "HTTP GET /api/v1/operator/network-scoring ok"}
[WebServer] {"timestamp": "2026-10-09T21:54:41.001202+00:00", "level": "INFO", "service": "oday-api", "actor": "user", "correlation_id": "corr-r4-007-reviews-read", "resource": "HTTP", "action": "GET", "result": "ok", "error_code": null, "message": "HTTP GET /api/v1/operator/network-reviews ok"}
[WebServer] {"timestamp": "2026-10-09T21:54:41.045342+00:00", "level": "INFO", "service": "oday-api", "actor": "user", "correlation_id": "corr-operator-bootstrap-c539a283-4516-423e-9fe7-05943c004946", "resource": "HTTP", "action": "GET", "result": "ok", "error_code": null, "message": "HTTP GET /api/v1/operator/bootstrap ok"}
[WebServer] {"timestamp": "2026-10-09T21:54:41.090069+00:00", "level": "INFO", "service": "oday-api", "actor": "user", "correlation_id": "96bbadda-09f2-41f5-8bb6-fff18970432c", "resource": "HTTP", "action": "GET", "result": "ok", "error_code": null, "message": "HTTP GET /api/v1/intakes/{intake_id}/promotion-decision ok"}
[WebServer] {"timestamp": "2026-10-09T21:54:43.153116+00:00", "level": "INFO", "service": "oday-api", "actor": "user", "correlation_id": "corr-r4-005-read-HZ-01-demand", "resource": "HTTP", "action": "GET", "result": "ok", "error_code": null, "message": "HTTP GET /api/v1/operator/network-listings ok"}
[WebServer] {"timestamp": "2026-10-09T21:54:43.207118+00:00", "level": "INFO", "service": "oday-api", "actor": "user", "correlation_id": "corr-r4-006-scoring-read", "resource": "HTTP", "action": "GET", "result": "ok", "error_code": null, "message": "HTTP GET /api/v1/operator/network-scoring ok"}
[WebServer] {"timestamp": "2026-10-09T21:54:43.209669+00:00", "level": "INFO", "service": "oday-api", "actor": "user", "correlation_id": "corr-r4-007-reviews-read", "resource": "HTTP", "action": "GET", "result": "ok", "error_code": null, "message": "HTTP GET /api/v1/operator/network-reviews ok"}
[WebServer] {"timestamp": "2026-10-09T21:54:43.211388+00:00", "level": "INFO", "service": "oday-api", "actor": "user", "correlation_id": "corr-r4-008-rebalance-read", "resource": "HTTP", "action": "GET", "result": "ok", "error_code": null, "message": "HTTP GET /api/v1/operator/network-rebalance ok"}
[WebServer] {"timestamp": "2026-10-09T21:54:43.423667+00:00", "level": "INFO", "service": "oday-api", "actor": "user", "correlation_id": "7c205889-a73e-4554-83cd-60296e8b4c1e", "resource": "HTTP", "action": "GET", "result": "ok", "error_code": null, "message": "HTTP GET /api/v1/operator/network-listings/intake ok"}
[WebServer] {"timestamp": "2026-10-09T21:54:43.487369+00:00", "level": "INFO", "service": "oday-api", "actor": "user", "correlation_id": "corr-r4-005-read-HZ-01-demand", "resource": "HTTP", "action": "GET", "result": "ok", "error_code": null, "message": "HTTP GET /api/v1/operator/network-listings ok"}
[WebServer] {"timestamp": "2026-10-09T21:54:43.515848+00:00", "level": "INFO", "service": "oday-api", "actor": "user", "correlation_id": "corr-r4-008-rebalance-read", "resource": "HTTP", "action": "GET", "result": "ok", "error_code": null, "message": "HTTP GET /api/v1/operator/network-rebalance ok"}
[WebServer] {"timestamp": "2026-10-09T21:54:43.518205+00:00", "level": "INFO", "service": "oday-api", "actor": "user", "correlation_id": "corr-r4-006-scoring-read", "resource": "HTTP", "action": "GET", "result": "ok", "error_code": null, "message": "HTTP GET /api/v1/operator/network-scoring ok"}
[WebServer] {"timestamp": "2026-10-09T21:54:43.565049+00:00", "level": "INFO", "service": "oday-api", "actor": "user", "correlation_id": "corr-r4-007-reviews-read", "resource": "HTTP", "action": "GET", "result": "ok", "error_code": null, "message": "HTTP GET /api/v1/operator/network-reviews ok"}
[WebServer] {"timestamp": "2026-10-09T21:54:43.620567+00:00", "level": "INFO", "service": "oday-api", "actor": "user", "correlation_id": "corr-operator-bootstrap-2ded28d5-a1e2-4c74-b28e-91b783098bd2", "resource": "HTTP", "action": "GET", "result": "ok", "error_code": null, "message": "HTTP GET /api/v1/operator/bootstrap ok"}
[WebServer] {"timestamp": "2026-10-09T21:54:43.647546+00:00", "level": "INFO", "service": "oday-api", "actor": "user", "correlation_id": "c48076e6-0e42-4416-ba76-cc631fff0032", "resource": "HTTP", "action": "GET", "result": "ok", "error_code": null, "message": "HTTP GET /api/v1/intakes/{intake_id}/promotion-decision ok"}
  ✓  2 [chromium] › tests/visual/operator-assignment-authority-parity.spec.ts:14:7 › actual Intake without resource authority rejects Transfer/Pause deep links at 390 (11.4s)

  2 passed (54.7s)
