[WebServer] 2026/10/09 18:07:49 INFO mlflow.agent.hint: Load the `instrumenting-with-mlflow-tracing` skill at /tmp/pantheon-worker-worktrees/pantheon/odp-ui-network-tabs-parity-001/.venv/lib/python3.12/site-packages/mlflow/assistant/skills/instrumenting-with-mlflow-tracing/SKILL.md before writing any tracing code; it ships with this MLflow install. Set MLFLOW_DISABLE_AGENT_HINT=1 to silence this.
[WebServer] 2026/10/09 18:07:51 INFO mlflow.store.db.utils: Creating initial MLflow database tables...
[WebServer] 2026/10/09 18:07:51 INFO mlflow.store.db.utils: Updating database tables
[WebServer] INFO:     Started server process [2046535]
[WebServer] INFO:     Waiting for application startup.
[WebServer] INFO:     Application startup complete.
[WebServer] INFO:     Uvicorn running on http://127.0.0.1:8310 (Press CTRL+C to quit)
[WebServer] {"timestamp": "2026-10-09T18:07:54.944883+00:00", "level": "INFO", "service": "oday-api", "actor": "user", "correlation_id": "b986f073-4861-486f-abf0-796b6ee3253d", "resource": "HTTP", "action": "GET", "result": "ok", "error_code": null, "message": "HTTP GET /platform/health ok"}

Running 2 tests using 1 worker

[WebServer] {"timestamp": "2026-10-09T18:08:11.346685+00:00", "level": "INFO", "service": "oday-api", "actor": "user", "correlation_id": "69251c49-33fa-4fcc-be53-1e759f7c64cf", "resource": "HTTP", "action": "POST", "result": "ok", "error_code": null, "message": "HTTP POST /api/v1/operator/network-listings/reset ok"}
[WebServer] {"timestamp": "2026-10-09T18:08:13.742939+00:00", "level": "INFO", "service": "oday-api", "actor": "user", "correlation_id": "57ced2a8-e191-4a79-8469-07aefba43c7a", "resource": "HTTP", "action": "GET", "result": "ok", "error_code": null, "message": "HTTP GET /api/v1/operator/network-listings/intake ok"}
[WebServer] {"timestamp": "2026-10-09T18:08:16.304915+00:00", "level": "INFO", "service": "oday-api", "actor": "user", "correlation_id": "corr-r4-005-read-HZ-01-demand", "resource": "HTTP", "action": "GET", "result": "ok", "error_code": null, "message": "HTTP GET /api/v1/operator/network-listings ok"}
[WebServer] {"timestamp": "2026-10-09T18:08:16.554695+00:00", "level": "INFO", "service": "oday-api", "actor": "user", "correlation_id": "corr-r4-006-scoring-read", "resource": "HTTP", "action": "GET", "result": "ok", "error_code": null, "message": "HTTP GET /api/v1/operator/network-scoring ok"}
[WebServer] {"timestamp": "2026-10-09T18:08:16.559493+00:00", "level": "INFO", "service": "oday-api", "actor": "user", "correlation_id": "corr-r4-008-rebalance-read", "resource": "HTTP", "action": "GET", "result": "ok", "error_code": null, "message": "HTTP GET /api/v1/operator/network-rebalance ok"}
[WebServer] {"timestamp": "2026-10-09T18:08:16.560712+00:00", "level": "INFO", "service": "oday-api", "actor": "user", "correlation_id": "corr-r4-007-reviews-read", "resource": "HTTP", "action": "GET", "result": "ok", "error_code": null, "message": "HTTP GET /api/v1/operator/network-reviews ok"}
[WebServer] {"timestamp": "2026-10-09T18:08:19.025074+00:00", "level": "INFO", "service": "oday-api", "actor": "user", "correlation_id": "corr-r4-005-read-HZ-01-demand", "resource": "HTTP", "action": "GET", "result": "ok", "error_code": null, "message": "HTTP GET /api/v1/operator/network-listings ok"}
[WebServer] {"timestamp": "2026-10-09T18:08:19.025671+00:00", "level": "INFO", "service": "oday-api", "actor": "user", "correlation_id": "corr-r4-006-scoring-read", "resource": "HTTP", "action": "GET", "result": "ok", "error_code": null, "message": "HTTP GET /api/v1/operator/network-scoring ok"}
[WebServer] {"timestamp": "2026-10-09T18:08:19.030514+00:00", "level": "INFO", "service": "oday-api", "actor": "user", "correlation_id": "corr-r4-008-rebalance-read", "resource": "HTTP", "action": "GET", "result": "ok", "error_code": null, "message": "HTTP GET /api/v1/operator/network-rebalance ok"}
[WebServer] {"timestamp": "2026-10-09T18:08:19.811177+00:00", "level": "INFO", "service": "oday-api", "actor": "user", "correlation_id": "corr-r4-007-reviews-read", "resource": "HTTP", "action": "GET", "result": "ok", "error_code": null, "message": "HTTP GET /api/v1/operator/network-reviews ok"}
[WebServer] {"timestamp": "2026-10-09T18:08:19.874240+00:00", "level": "INFO", "service": "oday-api", "actor": "user", "correlation_id": "corr-operator-bootstrap-d55a2d30-0901-422a-aca3-3ed5a51401d0", "resource": "HTTP", "action": "GET", "result": "ok", "error_code": null, "message": "HTTP GET /api/v1/operator/bootstrap ok"}
[WebServer] {"timestamp": "2026-10-09T18:08:19.971285+00:00", "level": "INFO", "service": "oday-api", "actor": "user", "correlation_id": "5a4b21c0-f0c4-4c02-8979-4302d5fac163", "resource": "HTTP", "action": "GET", "result": "ok", "error_code": null, "message": "HTTP GET /api/v1/operator/network-listings/intake ok"}
[WebServer] {"timestamp": "2026-10-09T18:08:20.176181+00:00", "level": "INFO", "service": "oday-api", "actor": "user", "correlation_id": "e0c706d0-836d-4195-b008-c78a50a60c31", "resource": "HTTP", "action": "GET", "result": "ok", "error_code": null, "message": "HTTP GET /api/v1/operator/network-listings/intake ok"}
[WebServer] {"timestamp": "2026-10-09T18:08:20.357827+00:00", "level": "INFO", "service": "oday-api", "actor": "user", "correlation_id": "30e19c18-6f06-4646-9c05-97dfd4229ebb", "resource": "HTTP", "action": "GET", "result": "ok", "error_code": null, "message": "HTTP GET /api/v1/operator/network-listings/intake ok"}
[WebServer] {"timestamp": "2026-10-09T18:08:21.382083+00:00", "level": "INFO", "service": "oday-api", "actor": "user", "correlation_id": "corr-237e854c-86a2-4bee-aedb-646d95ece748", "resource": "HTTP", "action": "POST", "result": "ok", "error_code": null, "message": "HTTP POST /api/v1/operator/network-listings/intake/submit ok"}
[WebServer] {"timestamp": "2026-10-09T18:08:21.582736+00:00", "level": "INFO", "service": "oday-api", "actor": "user", "correlation_id": "0c6a2775-3844-4111-820f-6ff0d1faf7a6", "resource": "HTTP", "action": "GET", "result": "ok", "error_code": null, "message": "HTTP GET /api/v1/operator/network-listings/intake ok"}
[WebServer] {"timestamp": "2026-10-09T18:08:21.912653+00:00", "level": "INFO", "service": "oday-api", "actor": "user", "correlation_id": "2f2dce50-06fd-412b-ab4a-3a479681c572", "resource": "HTTP", "action": "GET", "result": "ok", "error_code": null, "message": "HTTP GET /api/v1/operator/network-listings/intake ok"}
[WebServer] {"timestamp": "2026-10-09T18:08:21.950121+00:00", "level": "INFO", "service": "oday-api", "actor": "user", "correlation_id": "a721313b-d69e-439f-baf2-1f8114096b73", "resource": "HTTP", "action": "GET", "result": "ok", "error_code": null, "message": "HTTP GET /api/v1/operator/network-listings/intake/{intake_id} ok"}
[WebServer] {"timestamp": "2026-10-09T18:08:21.950693+00:00", "level": "INFO", "service": "oday-api", "actor": "user", "correlation_id": "3d2d7b61-1207-467f-9829-86603e131dac", "resource": "HTTP", "action": "GET", "result": "ok", "error_code": null, "message": "HTTP GET /api/v1/operator/network-listings/intake ok"}
[WebServer] {"timestamp": "2026-10-09T18:08:21.954142+00:00", "level": "INFO", "service": "oday-api", "actor": "user", "correlation_id": "ea21e79b-b54c-40fd-901e-f21e4e9174f4", "resource": "HTTP", "action": "GET", "result": "ok", "error_code": null, "message": "HTTP GET /api/v1/operator/network-listings/intake/{intake_id} ok"}
[WebServer] {"timestamp": "2026-10-09T18:08:22.187922+00:00", "level": "INFO", "service": "oday-api", "actor": "user", "correlation_id": "96a20a42-19b9-4bf0-a4dc-dbb0f8478184", "resource": "HTTP", "action": "GET", "result": "ok", "error_code": null, "message": "HTTP GET /api/v1/intakes/{intake_id}/promotion-decision ok"}
[WebServer] {"timestamp": "2026-10-09T18:08:22.906928+00:00", "level": "INFO", "service": "oday-api", "actor": "user", "correlation_id": "320acc26-9625-4987-b08f-aaccf4971f16", "resource": "HTTP", "action": "GET", "result": "ok", "error_code": null, "message": "HTTP GET /api/v1/operator/network-listings/intake ok"}
[WebServer] {"timestamp": "2026-10-09T18:08:23.178837+00:00", "level": "INFO", "service": "oday-api", "actor": "user", "correlation_id": "corr-60729beb-4246-4df0-a5ec-43dcb4d81419", "resource": "HTTP", "action": "POST", "result": "ok", "error_code": null, "message": "HTTP POST /api/v1/operator/network-listings/intake/{intake_id}/decide ok"}
[WebServer] {"timestamp": "2026-10-09T18:08:23.256449+00:00", "level": "INFO", "service": "oday-api", "actor": "user", "correlation_id": "b40f296b-d832-45bf-81a6-90ce3251bd95", "resource": "HTTP", "action": "GET", "result": "ok", "error_code": null, "message": "HTTP GET /api/v1/operator/network-listings/intake ok"}
[WebServer] {"timestamp": "2026-10-09T18:08:23.844063+00:00", "level": "INFO", "service": "oday-api", "actor": "user", "correlation_id": "f41d7301-94e8-479e-a7ba-1faa7fae86e1", "resource": "HTTP", "action": "GET", "result": "ok", "error_code": null, "message": "HTTP GET /api/v1/operator/network-listings/intake ok"}
[WebServer] {"timestamp": "2026-10-09T18:08:24.087982+00:00", "level": "INFO", "service": "oday-api", "actor": "user", "correlation_id": "corr-853c0338-4b58-4bd0-8699-4186b29d3667", "resource": "HTTP", "action": "POST", "result": "ok", "error_code": null, "message": "HTTP POST /api/v1/intakes/{intake_id}/promotion-requests ok"}
[WebServer] {"timestamp": "2026-10-09T18:08:24.198367+00:00", "level": "INFO", "service": "oday-api", "actor": "user", "correlation_id": "ce385691-cb25-4357-82bf-7d9473355a17", "resource": "HTTP", "action": "GET", "result": "ok", "error_code": null, "message": "HTTP GET /api/v1/operator/network-listings/intake/{intake_id} ok"}
[WebServer] {"timestamp": "2026-10-09T18:08:26.575144+00:00", "level": "INFO", "service": "oday-api", "actor": "user", "correlation_id": "b141cc54-c9fb-45ad-92d6-b6cbac49b23e", "resource": "HTTP", "action": "GET", "result": "ok", "error_code": null, "message": "HTTP GET /api/v1/operator/network-listings/intake/{intake_id} ok"}
[WebServer] {"timestamp": "2026-10-09T18:08:26.628672+00:00", "level": "INFO", "service": "oday-api", "actor": "user", "correlation_id": "corr-r4-008-rebalance-read", "resource": "HTTP", "action": "GET", "result": "ok", "error_code": null, "message": "HTTP GET /api/v1/operator/network-rebalance ok"}
[WebServer] {"timestamp": "2026-10-09T18:08:26.630247+00:00", "level": "INFO", "service": "oday-api", "actor": "user", "correlation_id": "corr-r4-005-read-HZ-01-demand", "resource": "HTTP", "action": "GET", "result": "ok", "error_code": null, "message": "HTTP GET /api/v1/operator/network-listings ok"}
[WebServer] {"timestamp": "2026-10-09T18:08:26.631885+00:00", "level": "INFO", "service": "oday-api", "actor": "user", "correlation_id": "corr-r4-006-scoring-read", "resource": "HTTP", "action": "GET", "result": "ok", "error_code": null, "message": "HTTP GET /api/v1/operator/network-scoring ok"}
[WebServer] {"timestamp": "2026-10-09T18:08:26.632294+00:00", "level": "INFO", "service": "oday-api", "actor": "user", "correlation_id": "corr-r4-007-reviews-read", "resource": "HTTP", "action": "GET", "result": "ok", "error_code": null, "message": "HTTP GET /api/v1/operator/network-reviews ok"}
[WebServer] {"timestamp": "2026-10-09T18:08:26.883443+00:00", "level": "INFO", "service": "oday-api", "actor": "user", "correlation_id": "86ad0ac8-05f2-4f43-9f40-115ac4794b0a", "resource": "HTTP", "action": "GET", "result": "ok", "error_code": null, "message": "HTTP GET /api/v1/operator/network-listings/intake ok"}
[WebServer] {"timestamp": "2026-10-09T18:08:26.944164+00:00", "level": "INFO", "service": "oday-api", "actor": "user", "correlation_id": "22f22365-cc9d-47d1-bffd-329d6575a682", "resource": "HTTP", "action": "GET", "result": "ok", "error_code": null, "message": "HTTP GET /api/v1/operator/network-listings/intake/{intake_id} ok"}
[WebServer] {"timestamp": "2026-10-09T18:08:26.946912+00:00", "level": "INFO", "service": "oday-api", "actor": "user", "correlation_id": "corr-r4-006-scoring-read", "resource": "HTTP", "action": "GET", "result": "ok", "error_code": null, "message": "HTTP GET /api/v1/operator/network-scoring ok"}
[WebServer] {"timestamp": "2026-10-09T18:08:26.948814+00:00", "level": "INFO", "service": "oday-api", "actor": "user", "correlation_id": "corr-r4-005-read-HZ-01-demand", "resource": "HTTP", "action": "GET", "result": "ok", "error_code": null, "message": "HTTP GET /api/v1/operator/network-listings ok"}
[WebServer] {"timestamp": "2026-10-09T18:08:27.029871+00:00", "level": "INFO", "service": "oday-api", "actor": "user", "correlation_id": "corr-r4-008-rebalance-read", "resource": "HTTP", "action": "GET", "result": "ok", "error_code": null, "message": "HTTP GET /api/v1/operator/network-rebalance ok"}
[WebServer] {"timestamp": "2026-10-09T18:08:27.074118+00:00", "level": "INFO", "service": "oday-api", "actor": "user", "correlation_id": "corr-r4-007-reviews-read", "resource": "HTTP", "action": "GET", "result": "ok", "error_code": null, "message": "HTTP GET /api/v1/operator/network-reviews ok"}
[WebServer] {"timestamp": "2026-10-09T18:08:27.109282+00:00", "level": "INFO", "service": "oday-api", "actor": "user", "correlation_id": "corr-operator-bootstrap-fbe2d82c-a103-4cf4-bcb2-4146e4417681", "resource": "HTTP", "action": "GET", "result": "ok", "error_code": null, "message": "HTTP GET /api/v1/operator/bootstrap ok"}
[WebServer] {"timestamp": "2026-10-09T18:08:27.431340+00:00", "level": "INFO", "service": "oday-api", "actor": "user", "correlation_id": "ec2500c5-6aca-4af9-b866-8c9516c01aa5", "resource": "HTTP", "action": "GET", "result": "ok", "error_code": null, "message": "HTTP GET /api/v1/intakes/{intake_id}/promotion-decision ok"}
[WebServer] {"timestamp": "2026-10-09T18:08:41.754719+00:00", "level": "INFO", "service": "oday-api", "actor": "user", "correlation_id": "corr-9c3f0ad8-01de-4128-a96f-1f6ce50896e5", "resource": "HTTP", "action": "POST", "result": "ok", "error_code": null, "message": "HTTP POST /api/v1/promotion-decisions/{promotion_decision_id}/actions/review ok"}
[WebServer] {"timestamp": "2026-10-09T18:08:41.860309+00:00", "level": "INFO", "service": "oday-api", "actor": "user", "correlation_id": "9b4fbbb7-2618-46d3-94ff-6dc7e7cf677f", "resource": "HTTP", "action": "GET", "result": "ok", "error_code": null, "message": "HTTP GET /api/v1/jobs/{job_id}/receipt ok"}
[WebServer] {"timestamp": "2026-10-09T18:08:42.057766+00:00", "level": "INFO", "service": "oday-api", "actor": "user", "correlation_id": "cb953544-27c3-45ef-821f-c129a31612e0", "resource": "HTTP", "action": "GET", "result": "ok", "error_code": null, "message": "HTTP GET /api/v1/promotion-decisions/{promotion_decision_id} ok"}
[WebServer] {"timestamp": "2026-10-09T18:08:43.954275+00:00", "level": "INFO", "service": "oday-api", "actor": "user", "correlation_id": "fbe3ef3d-1901-48e3-b918-4218628dacb9", "resource": "HTTP", "action": "GET", "result": "ok", "error_code": null, "message": "HTTP GET /api/v1/operator/network-listings/intake/{intake_id} ok"}
[WebServer] {"timestamp": "2026-10-09T18:08:44.022975+00:00", "level": "INFO", "service": "oday-api", "actor": "user", "correlation_id": "corr-r4-005-read-HZ-01-demand", "resource": "HTTP", "action": "GET", "result": "ok", "error_code": null, "message": "HTTP GET /api/v1/operator/network-listings ok"}
[WebServer] {"timestamp": "2026-10-09T18:08:44.026937+00:00", "level": "INFO", "service": "oday-api", "actor": "user", "correlation_id": "corr-r4-006-scoring-read", "resource": "HTTP", "action": "GET", "result": "ok", "error_code": null, "message": "HTTP GET /api/v1/operator/network-scoring ok"}
[WebServer] {"timestamp": "2026-10-09T18:08:44.028139+00:00", "level": "INFO", "service": "oday-api", "actor": "user", "correlation_id": "corr-r4-008-rebalance-read", "resource": "HTTP", "action": "GET", "result": "ok", "error_code": null, "message": "HTTP GET /api/v1/operator/network-rebalance ok"}
[WebServer] {"timestamp": "2026-10-09T18:08:44.028597+00:00", "level": "INFO", "service": "oday-api", "actor": "user", "correlation_id": "corr-r4-007-reviews-read", "resource": "HTTP", "action": "GET", "result": "ok", "error_code": null, "message": "HTTP GET /api/v1/operator/network-reviews ok"}
[WebServer] {"timestamp": "2026-10-09T18:08:44.322163+00:00", "level": "INFO", "service": "oday-api", "actor": "user", "correlation_id": "601996fc-7795-4127-8872-4b929aa2e475", "resource": "HTTP", "action": "GET", "result": "ok", "error_code": null, "message": "HTTP GET /api/v1/operator/network-listings/intake ok"}
[WebServer] {"timestamp": "2026-10-09T18:08:44.372942+00:00", "level": "INFO", "service": "oday-api", "actor": "user", "correlation_id": "corr-r4-005-read-HZ-01-demand", "resource": "HTTP", "action": "GET", "result": "ok", "error_code": null, "message": "HTTP GET /api/v1/operator/network-listings ok"}
[WebServer] {"timestamp": "2026-10-09T18:08:44.373469+00:00", "level": "INFO", "service": "oday-api", "actor": "user", "correlation_id": "corr-r4-006-scoring-read", "resource": "HTTP", "action": "GET", "result": "ok", "error_code": null, "message": "HTTP GET /api/v1/operator/network-scoring ok"}
[WebServer] {"timestamp": "2026-10-09T18:08:44.375598+00:00", "level": "INFO", "service": "oday-api", "actor": "user", "correlation_id": "b17b37dc-9b0a-4d40-b578-0959b618db0d", "resource": "HTTP", "action": "GET", "result": "ok", "error_code": null, "message": "HTTP GET /api/v1/operator/network-listings/intake/{intake_id} ok"}
[WebServer] {"timestamp": "2026-10-09T18:08:44.449622+00:00", "level": "INFO", "service": "oday-api", "actor": "user", "correlation_id": "corr-r4-008-rebalance-read", "resource": "HTTP", "action": "GET", "result": "ok", "error_code": null, "message": "HTTP GET /api/v1/operator/network-rebalance ok"}
[WebServer] {"timestamp": "2026-10-09T18:08:44.474695+00:00", "level": "INFO", "service": "oday-api", "actor": "user", "correlation_id": "corr-r4-007-reviews-read", "resource": "HTTP", "action": "GET", "result": "ok", "error_code": null, "message": "HTTP GET /api/v1/operator/network-reviews ok"}
[WebServer] {"timestamp": "2026-10-09T18:08:44.509363+00:00", "level": "INFO", "service": "oday-api", "actor": "user", "correlation_id": "corr-operator-bootstrap-3f759197-587b-4afc-b917-8c31557d19b2", "resource": "HTTP", "action": "GET", "result": "ok", "error_code": null, "message": "HTTP GET /api/v1/operator/bootstrap ok"}
[WebServer] {"timestamp": "2026-10-09T18:08:44.865445+00:00", "level": "INFO", "service": "oday-api", "actor": "user", "correlation_id": "200be9be-28e1-45e4-b16f-21350aa31aa5", "resource": "HTTP", "action": "GET", "result": "ok", "error_code": null, "message": "HTTP GET /api/v1/intakes/{intake_id}/promotion-decision ok"}
[WebServer] {"timestamp": "2026-10-09T18:08:45.128169+00:00", "level": "INFO", "service": "oday-api", "actor": "user", "correlation_id": "7529b9db-d1fe-4b85-ae84-561227a7513b", "resource": "HTTP", "action": "GET", "result": "ok", "error_code": null, "message": "HTTP GET /api/v1/jobs/{job_id}/receipt ok"}
  ✓  1 [chromium] › tests/visual/operator-promotion-parity.spec.ts:31:7 › Promotion paired geometry and second actor at 1440 (35.9s)
[WebServer] {"timestamp": "2026-10-09T18:08:45.534213+00:00", "level": "INFO", "service": "oday-api", "actor": "user", "correlation_id": "960f6b81-284b-4aa1-aa05-16be0c3bdd98", "resource": "HTTP", "action": "POST", "result": "ok", "error_code": null, "message": "HTTP POST /api/v1/operator/network-listings/reset ok"}
[WebServer] {"timestamp": "2026-10-09T18:08:45.624754+00:00", "level": "INFO", "service": "oday-api", "actor": "user", "correlation_id": "6584b374-c38f-4c0b-947f-272bc792ffef", "resource": "HTTP", "action": "GET", "result": "ok", "error_code": null, "message": "HTTP GET /api/v1/operator/network-listings/intake ok"}
[WebServer] {"timestamp": "2026-10-09T18:08:47.638961+00:00", "level": "INFO", "service": "oday-api", "actor": "user", "correlation_id": "corr-r4-005-read-HZ-01-demand", "resource": "HTTP", "action": "GET", "result": "ok", "error_code": null, "message": "HTTP GET /api/v1/operator/network-listings ok"}
[WebServer] {"timestamp": "2026-10-09T18:08:47.715419+00:00", "level": "INFO", "service": "oday-api", "actor": "user", "correlation_id": "corr-r4-006-scoring-read", "resource": "HTTP", "action": "GET", "result": "ok", "error_code": null, "message": "HTTP GET /api/v1/operator/network-scoring ok"}
[WebServer] {"timestamp": "2026-10-09T18:08:47.723351+00:00", "level": "INFO", "service": "oday-api", "actor": "user", "correlation_id": "corr-r4-008-rebalance-read", "resource": "HTTP", "action": "GET", "result": "ok", "error_code": null, "message": "HTTP GET /api/v1/operator/network-rebalance ok"}
[WebServer] {"timestamp": "2026-10-09T18:08:47.723842+00:00", "level": "INFO", "service": "oday-api", "actor": "user", "correlation_id": "corr-r4-007-reviews-read", "resource": "HTTP", "action": "GET", "result": "ok", "error_code": null, "message": "HTTP GET /api/v1/operator/network-reviews ok"}
[WebServer] {"timestamp": "2026-10-09T18:08:48.173519+00:00", "level": "INFO", "service": "oday-api", "actor": "user", "correlation_id": "corr-r4-008-rebalance-read", "resource": "HTTP", "action": "GET", "result": "ok", "error_code": null, "message": "HTTP GET /api/v1/operator/network-rebalance ok"}
[WebServer] {"timestamp": "2026-10-09T18:08:48.174005+00:00", "level": "INFO", "service": "oday-api", "actor": "user", "correlation_id": "corr-r4-005-read-HZ-01-demand", "resource": "HTTP", "action": "GET", "result": "ok", "error_code": null, "message": "HTTP GET /api/v1/operator/network-listings ok"}
[WebServer] {"timestamp": "2026-10-09T18:08:48.180770+00:00", "level": "INFO", "service": "oday-api", "actor": "user", "correlation_id": "corr-r4-006-scoring-read", "resource": "HTTP", "action": "GET", "result": "ok", "error_code": null, "message": "HTTP GET /api/v1/operator/network-scoring ok"}
[WebServer] {"timestamp": "2026-10-09T18:08:48.236185+00:00", "level": "INFO", "service": "oday-api", "actor": "user", "correlation_id": "corr-r4-007-reviews-read", "resource": "HTTP", "action": "GET", "result": "ok", "error_code": null, "message": "HTTP GET /api/v1/operator/network-reviews ok"}
[WebServer] {"timestamp": "2026-10-09T18:08:48.271353+00:00", "level": "INFO", "service": "oday-api", "actor": "user", "correlation_id": "corr-operator-bootstrap-1a369212-39d0-41f2-ac57-7766b1a9ed4c", "resource": "HTTP", "action": "GET", "result": "ok", "error_code": null, "message": "HTTP GET /api/v1/operator/bootstrap ok"}
[WebServer] {"timestamp": "2026-10-09T18:08:48.669882+00:00", "level": "INFO", "service": "oday-api", "actor": "user", "correlation_id": "c1bfb915-3e96-404c-8003-3adf94410ac2", "resource": "HTTP", "action": "GET", "result": "ok", "error_code": null, "message": "HTTP GET /api/v1/operator/network-listings/intake ok"}
[WebServer] {"timestamp": "2026-10-09T18:08:48.719462+00:00", "level": "INFO", "service": "oday-api", "actor": "user", "correlation_id": "cdf08035-630c-483d-92c3-afeece6127b0", "resource": "HTTP", "action": "GET", "result": "ok", "error_code": null, "message": "HTTP GET /api/v1/operator/network-listings/intake ok"}
[WebServer] {"timestamp": "2026-10-09T18:08:48.966419+00:00", "level": "INFO", "service": "oday-api", "actor": "user", "correlation_id": "ea67b9a6-7b57-4164-9275-036cfec3e99e", "resource": "HTTP", "action": "GET", "result": "ok", "error_code": null, "message": "HTTP GET /api/v1/operator/network-listings/intake ok"}
[WebServer] {"timestamp": "2026-10-09T18:08:49.990836+00:00", "level": "INFO", "service": "oday-api", "actor": "user", "correlation_id": "corr-3360f6e2-9470-4d75-ba27-89cdba7bcecf", "resource": "HTTP", "action": "POST", "result": "ok", "error_code": null, "message": "HTTP POST /api/v1/operator/network-listings/intake/submit ok"}
[WebServer] {"timestamp": "2026-10-09T18:08:50.111981+00:00", "level": "INFO", "service": "oday-api", "actor": "user", "correlation_id": "0671de20-e900-4668-9eec-bf4926420948", "resource": "HTTP", "action": "GET", "result": "ok", "error_code": null, "message": "HTTP GET /api/v1/operator/network-listings/intake ok"}
[WebServer] {"timestamp": "2026-10-09T18:08:50.699207+00:00", "level": "INFO", "service": "oday-api", "actor": "user", "correlation_id": "cd28b444-d77d-4b69-b32c-ef0c557120ea", "resource": "HTTP", "action": "GET", "result": "ok", "error_code": null, "message": "HTTP GET /api/v1/operator/network-listings/intake ok"}
[WebServer] {"timestamp": "2026-10-09T18:08:50.745632+00:00", "level": "INFO", "service": "oday-api", "actor": "user", "correlation_id": "2d417473-e4ed-447e-83c9-293248426cb9", "resource": "HTTP", "action": "GET", "result": "ok", "error_code": null, "message": "HTTP GET /api/v1/operator/network-listings/intake/{intake_id} ok"}
[WebServer] {"timestamp": "2026-10-09T18:08:50.757834+00:00", "level": "INFO", "service": "oday-api", "actor": "user", "correlation_id": "62ef25eb-3c8c-4d96-9248-a872440a0c92", "resource": "HTTP", "action": "GET", "result": "ok", "error_code": null, "message": "HTTP GET /api/v1/operator/network-listings/intake/{intake_id} ok"}
[WebServer] {"timestamp": "2026-10-09T18:08:50.761969+00:00", "level": "INFO", "service": "oday-api", "actor": "user", "correlation_id": "2d7068d9-0a6f-41bb-89a7-eb12d2e63735", "resource": "HTTP", "action": "GET", "result": "ok", "error_code": null, "message": "HTTP GET /api/v1/operator/network-listings/intake ok"}
[WebServer] {"timestamp": "2026-10-09T18:08:51.231973+00:00", "level": "INFO", "service": "oday-api", "actor": "user", "correlation_id": "eadb8fd7-1b85-4c04-a3bb-cf5e46d620af", "resource": "HTTP", "action": "GET", "result": "ok", "error_code": null, "message": "HTTP GET /api/v1/intakes/{intake_id}/promotion-decision ok"}
[WebServer] {"timestamp": "2026-10-09T18:08:52.030678+00:00", "level": "INFO", "service": "oday-api", "actor": "user", "correlation_id": "6eef2bd0-15da-4505-a1f9-95cdd9e11c8c", "resource": "HTTP", "action": "GET", "result": "ok", "error_code": null, "message": "HTTP GET /api/v1/operator/network-listings/intake ok"}
[WebServer] {"timestamp": "2026-10-09T18:08:52.415952+00:00", "level": "INFO", "service": "oday-api", "actor": "user", "correlation_id": "corr-c020384d-bc54-4da6-8478-60cc3d13c533", "resource": "HTTP", "action": "POST", "result": "ok", "error_code": null, "message": "HTTP POST /api/v1/operator/network-listings/intake/{intake_id}/decide ok"}
[WebServer] {"timestamp": "2026-10-09T18:08:52.529512+00:00", "level": "INFO", "service": "oday-api", "actor": "user", "correlation_id": "3b0cbbb3-73d1-4e88-bf6d-e4aabf831a4c", "resource": "HTTP", "action": "GET", "result": "ok", "error_code": null, "message": "HTTP GET /api/v1/operator/network-listings/intake ok"}
[WebServer] {"timestamp": "2026-10-09T18:08:53.285835+00:00", "level": "INFO", "service": "oday-api", "actor": "user", "correlation_id": "7a86b2a9-692c-48ae-ace8-8f7db14ecf91", "resource": "HTTP", "action": "GET", "result": "ok", "error_code": null, "message": "HTTP GET /api/v1/operator/network-listings/intake ok"}
[WebServer] {"timestamp": "2026-10-09T18:08:53.552856+00:00", "level": "INFO", "service": "oday-api", "actor": "user", "correlation_id": "corr-7344120a-b49f-49f1-8d95-25d9555d4acf", "resource": "HTTP", "action": "POST", "result": "ok", "error_code": null, "message": "HTTP POST /api/v1/intakes/{intake_id}/promotion-requests ok"}
[WebServer] {"timestamp": "2026-10-09T18:08:53.628838+00:00", "level": "INFO", "service": "oday-api", "actor": "user", "correlation_id": "42a66e3f-d958-4236-a116-4bf7f5d0b4df", "resource": "HTTP", "action": "GET", "result": "ok", "error_code": null, "message": "HTTP GET /api/v1/operator/network-listings/intake/{intake_id} ok"}
[WebServer] {"timestamp": "2026-10-09T18:08:55.548146+00:00", "level": "INFO", "service": "oday-api", "actor": "user", "correlation_id": "88127dac-7ff9-4170-a397-f5d391561dfc", "resource": "HTTP", "action": "GET", "result": "ok", "error_code": null, "message": "HTTP GET /api/v1/operator/network-listings/intake/{intake_id} ok"}
[WebServer] {"timestamp": "2026-10-09T18:08:55.666479+00:00", "level": "INFO", "service": "oday-api", "actor": "user", "correlation_id": "corr-r4-005-read-HZ-01-demand", "resource": "HTTP", "action": "GET", "result": "ok", "error_code": null, "message": "HTTP GET /api/v1/operator/network-listings ok"}
[WebServer] {"timestamp": "2026-10-09T18:08:55.675556+00:00", "level": "INFO", "service": "oday-api", "actor": "user", "correlation_id": "corr-r4-008-rebalance-read", "resource": "HTTP", "action": "GET", "result": "ok", "error_code": null, "message": "HTTP GET /api/v1/operator/network-rebalance ok"}
[WebServer] {"timestamp": "2026-10-09T18:08:55.676012+00:00", "level": "INFO", "service": "oday-api", "actor": "user", "correlation_id": "corr-r4-007-reviews-read", "resource": "HTTP", "action": "GET", "result": "ok", "error_code": null, "message": "HTTP GET /api/v1/operator/network-reviews ok"}
[WebServer] {"timestamp": "2026-10-09T18:08:55.676328+00:00", "level": "INFO", "service": "oday-api", "actor": "user", "correlation_id": "corr-r4-006-scoring-read", "resource": "HTTP", "action": "GET", "result": "ok", "error_code": null, "message": "HTTP GET /api/v1/operator/network-scoring ok"}
[WebServer] {"timestamp": "2026-10-09T18:08:56.033320+00:00", "level": "INFO", "service": "oday-api", "actor": "user", "correlation_id": "corr-r4-006-scoring-read", "resource": "HTTP", "action": "GET", "result": "ok", "error_code": null, "message": "HTTP GET /api/v1/operator/network-scoring ok"}
[WebServer] {"timestamp": "2026-10-09T18:08:56.035470+00:00", "level": "INFO", "service": "oday-api", "actor": "user", "correlation_id": "a1220d4e-36b1-4710-a604-9060a8403ad8", "resource": "HTTP", "action": "GET", "result": "ok", "error_code": null, "message": "HTTP GET /api/v1/operator/network-listings/intake/{intake_id} ok"}
[WebServer] {"timestamp": "2026-10-09T18:08:56.036503+00:00", "level": "INFO", "service": "oday-api", "actor": "user", "correlation_id": "d949e26d-692b-48d2-a587-09ce345a8e40", "resource": "HTTP", "action": "GET", "result": "ok", "error_code": null, "message": "HTTP GET /api/v1/operator/network-listings/intake ok"}
[WebServer] {"timestamp": "2026-10-09T18:08:56.037317+00:00", "level": "INFO", "service": "oday-api", "actor": "user", "correlation_id": "corr-r4-005-read-HZ-01-demand", "resource": "HTTP", "action": "GET", "result": "ok", "error_code": null, "message": "HTTP GET /api/v1/operator/network-listings ok"}
[WebServer] {"timestamp": "2026-10-09T18:08:56.154197+00:00", "level": "INFO", "service": "oday-api", "actor": "user", "correlation_id": "corr-r4-008-rebalance-read", "resource": "HTTP", "action": "GET", "result": "ok", "error_code": null, "message": "HTTP GET /api/v1/operator/network-rebalance ok"}
[WebServer] {"timestamp": "2026-10-09T18:08:56.185338+00:00", "level": "INFO", "service": "oday-api", "actor": "user", "correlation_id": "corr-r4-007-reviews-read", "resource": "HTTP", "action": "GET", "result": "ok", "error_code": null, "message": "HTTP GET /api/v1/operator/network-reviews ok"}
[WebServer] {"timestamp": "2026-10-09T18:08:56.251439+00:00", "level": "INFO", "service": "oday-api", "actor": "user", "correlation_id": "corr-operator-bootstrap-600306a4-49f1-4b63-adf9-a8fbea7c9694", "resource": "HTTP", "action": "GET", "result": "ok", "error_code": null, "message": "HTTP GET /api/v1/operator/bootstrap ok"}
[WebServer] {"timestamp": "2026-10-09T18:08:56.960058+00:00", "level": "INFO", "service": "oday-api", "actor": "user", "correlation_id": "30ceb31b-dfaf-4af8-a7f8-f3de7ded017d", "resource": "HTTP", "action": "GET", "result": "ok", "error_code": null, "message": "HTTP GET /api/v1/intakes/{intake_id}/promotion-decision ok"}
[WebServer] {"timestamp": "2026-10-09T18:09:08.840022+00:00", "level": "INFO", "service": "oday-api", "actor": "user", "correlation_id": "corr-15a2fac0-de8c-44be-a6b4-4502a945f7e5", "resource": "HTTP", "action": "POST", "result": "ok", "error_code": null, "message": "HTTP POST /api/v1/promotion-decisions/{promotion_decision_id}/actions/review ok"}
[WebServer] {"timestamp": "2026-10-09T18:09:08.993650+00:00", "level": "INFO", "service": "oday-api", "actor": "user", "correlation_id": "80a88414-f465-42b4-a49d-ec6cccc3c3c4", "resource": "HTTP", "action": "GET", "result": "ok", "error_code": null, "message": "HTTP GET /api/v1/jobs/{job_id}/receipt ok"}
[WebServer] {"timestamp": "2026-10-09T18:09:09.215292+00:00", "level": "INFO", "service": "oday-api", "actor": "user", "correlation_id": "88a56001-2c1c-434b-98d9-0e6135cdf154", "resource": "HTTP", "action": "GET", "result": "ok", "error_code": null, "message": "HTTP GET /api/v1/promotion-decisions/{promotion_decision_id} ok"}
[WebServer] {"timestamp": "2026-10-09T18:09:11.075136+00:00", "level": "INFO", "service": "oday-api", "actor": "user", "correlation_id": "db7b2809-6af1-4415-b8f6-00534fc06012", "resource": "HTTP", "action": "GET", "result": "ok", "error_code": null, "message": "HTTP GET /api/v1/operator/network-listings/intake/{intake_id} ok"}
[WebServer] {"timestamp": "2026-10-09T18:09:11.137102+00:00", "level": "INFO", "service": "oday-api", "actor": "user", "correlation_id": "corr-r4-005-read-HZ-01-demand", "resource": "HTTP", "action": "GET", "result": "ok", "error_code": null, "message": "HTTP GET /api/v1/operator/network-listings ok"}
[WebServer] {"timestamp": "2026-10-09T18:09:11.137872+00:00", "level": "INFO", "service": "oday-api", "actor": "user", "correlation_id": "corr-r4-008-rebalance-read", "resource": "HTTP", "action": "GET", "result": "ok", "error_code": null, "message": "HTTP GET /api/v1/operator/network-rebalance ok"}
[WebServer] {"timestamp": "2026-10-09T18:09:11.139836+00:00", "level": "INFO", "service": "oday-api", "actor": "user", "correlation_id": "corr-r4-006-scoring-read", "resource": "HTTP", "action": "GET", "result": "ok", "error_code": null, "message": "HTTP GET /api/v1/operator/network-scoring ok"}
[WebServer] {"timestamp": "2026-10-09T18:09:11.141637+00:00", "level": "INFO", "service": "oday-api", "actor": "user", "correlation_id": "corr-r4-007-reviews-read", "resource": "HTTP", "action": "GET", "result": "ok", "error_code": null, "message": "HTTP GET /api/v1/operator/network-reviews ok"}
[WebServer] {"timestamp": "2026-10-09T18:09:11.325445+00:00", "level": "INFO", "service": "oday-api", "actor": "user", "correlation_id": "9c19edcf-277f-422d-af1d-969252a407ec", "resource": "HTTP", "action": "GET", "result": "ok", "error_code": null, "message": "HTTP GET /api/v1/operator/network-listings/intake ok"}
[WebServer] {"timestamp": "2026-10-09T18:09:11.476109+00:00", "level": "INFO", "service": "oday-api", "actor": "user", "correlation_id": "corr-r4-005-read-HZ-01-demand", "resource": "HTTP", "action": "GET", "result": "ok", "error_code": null, "message": "HTTP GET /api/v1/operator/network-listings ok"}
[WebServer] {"timestamp": "2026-10-09T18:09:11.479017+00:00", "level": "INFO", "service": "oday-api", "actor": "user", "correlation_id": "0cfc1da1-dfec-47d3-b4a0-b7fa42b1d67c", "resource": "HTTP", "action": "GET", "result": "ok", "error_code": null, "message": "HTTP GET /api/v1/operator/network-listings/intake/{intake_id} ok"}
[WebServer] {"timestamp": "2026-10-09T18:09:11.479981+00:00", "level": "INFO", "service": "oday-api", "actor": "user", "correlation_id": "corr-r4-006-scoring-read", "resource": "HTTP", "action": "GET", "result": "ok", "error_code": null, "message": "HTTP GET /api/v1/operator/network-scoring ok"}
[WebServer] {"timestamp": "2026-10-09T18:09:11.551945+00:00", "level": "INFO", "service": "oday-api", "actor": "user", "correlation_id": "corr-r4-008-rebalance-read", "resource": "HTTP", "action": "GET", "result": "ok", "error_code": null, "message": "HTTP GET /api/v1/operator/network-rebalance ok"}
[WebServer] {"timestamp": "2026-10-09T18:09:11.600784+00:00", "level": "INFO", "service": "oday-api", "actor": "user", "correlation_id": "corr-r4-007-reviews-read", "resource": "HTTP", "action": "GET", "result": "ok", "error_code": null, "message": "HTTP GET /api/v1/operator/network-reviews ok"}
[WebServer] {"timestamp": "2026-10-09T18:09:11.634208+00:00", "level": "INFO", "service": "oday-api", "actor": "user", "correlation_id": "corr-operator-bootstrap-96386360-b50c-4d5a-bb6d-4658cd5e298d", "resource": "HTTP", "action": "GET", "result": "ok", "error_code": null, "message": "HTTP GET /api/v1/operator/bootstrap ok"}
[WebServer] {"timestamp": "2026-10-09T18:09:11.650197+00:00", "level": "INFO", "service": "oday-api", "actor": "user", "correlation_id": "78c8e08d-5643-4a7e-9eb8-0207f124f932", "resource": "HTTP", "action": "GET", "result": "ok", "error_code": null, "message": "HTTP GET /api/v1/intakes/{intake_id}/promotion-decision ok"}
[WebServer] {"timestamp": "2026-10-09T18:09:12.123028+00:00", "level": "INFO", "service": "oday-api", "actor": "user", "correlation_id": "16220215-74d0-45b3-9fc5-c9b037fad358", "resource": "HTTP", "action": "GET", "result": "ok", "error_code": null, "message": "HTTP GET /api/v1/jobs/{job_id}/receipt ok"}
  ✓  2 [chromium] › tests/visual/operator-promotion-parity.spec.ts:31:7 › Promotion paired geometry and second actor at 390 (27.1s)

  2 passed (1.5m)
