[WebServer] 2026/10/09 18:04:18 INFO mlflow.agent.hint: Load the `instrumenting-with-mlflow-tracing` skill at /tmp/pantheon-worker-worktrees/pantheon/odp-ui-network-tabs-parity-001/.venv/lib/python3.12/site-packages/mlflow/assistant/skills/instrumenting-with-mlflow-tracing/SKILL.md before writing any tracing code; it ships with this MLflow install. Set MLFLOW_DISABLE_AGENT_HINT=1 to silence this.
[WebServer] 2026/10/09 18:04:20 INFO mlflow.store.db.utils: Creating initial MLflow database tables...
[WebServer] 2026/10/09 18:04:20 INFO mlflow.store.db.utils: Updating database tables
[WebServer] INFO:     Started server process [2043513]
[WebServer] INFO:     Waiting for application startup.
[WebServer] INFO:     Application startup complete.
[WebServer] INFO:     Uvicorn running on http://127.0.0.1:8310 (Press CTRL+C to quit)
[WebServer] {"timestamp": "2026-10-09T18:04:23.823899+00:00", "level": "INFO", "service": "oday-api", "actor": "user", "correlation_id": "0a02763e-5446-4c4a-a144-883a9d3b30c1", "resource": "HTTP", "action": "GET", "result": "ok", "error_code": null, "message": "HTTP GET /platform/health ok"}

Running 2 tests using 1 worker

[WebServer] {"timestamp": "2026-10-09T18:04:39.677365+00:00", "level": "INFO", "service": "oday-api", "actor": "user", "correlation_id": "1f05b845-4219-4959-9512-d15bab03c7b5", "resource": "HTTP", "action": "POST", "result": "ok", "error_code": null, "message": "HTTP POST /api/v1/operator/network-listings/reset ok"}
[WebServer] {"timestamp": "2026-10-09T18:04:41.933296+00:00", "level": "INFO", "service": "oday-api", "actor": "user", "correlation_id": "4ea2a837-1d17-48c4-94f8-ed7770e2ca4b", "resource": "HTTP", "action": "GET", "result": "ok", "error_code": null, "message": "HTTP GET /api/v1/operator/network-listings/intake ok"}
[WebServer] {"timestamp": "2026-10-09T18:04:44.810665+00:00", "level": "INFO", "service": "oday-api", "actor": "user", "correlation_id": "corr-r4-005-read-HZ-01-demand", "resource": "HTTP", "action": "GET", "result": "ok", "error_code": null, "message": "HTTP GET /api/v1/operator/network-listings ok"}
[WebServer] {"timestamp": "2026-10-09T18:04:45.038384+00:00", "level": "INFO", "service": "oday-api", "actor": "user", "correlation_id": "corr-r4-006-scoring-read", "resource": "HTTP", "action": "GET", "result": "ok", "error_code": null, "message": "HTTP GET /api/v1/operator/network-scoring ok"}
[WebServer] {"timestamp": "2026-10-09T18:04:45.039688+00:00", "level": "INFO", "service": "oday-api", "actor": "user", "correlation_id": "corr-r4-008-rebalance-read", "resource": "HTTP", "action": "GET", "result": "ok", "error_code": null, "message": "HTTP GET /api/v1/operator/network-rebalance ok"}
[WebServer] {"timestamp": "2026-10-09T18:04:45.042617+00:00", "level": "INFO", "service": "oday-api", "actor": "user", "correlation_id": "corr-r4-007-reviews-read", "resource": "HTTP", "action": "GET", "result": "ok", "error_code": null, "message": "HTTP GET /api/v1/operator/network-reviews ok"}
[WebServer] {"timestamp": "2026-10-09T18:04:47.653102+00:00", "level": "INFO", "service": "oday-api", "actor": "user", "correlation_id": "corr-r4-006-scoring-read", "resource": "HTTP", "action": "GET", "result": "ok", "error_code": null, "message": "HTTP GET /api/v1/operator/network-scoring ok"}
[WebServer] {"timestamp": "2026-10-09T18:04:47.655659+00:00", "level": "INFO", "service": "oday-api", "actor": "user", "correlation_id": "corr-r4-008-rebalance-read", "resource": "HTTP", "action": "GET", "result": "ok", "error_code": null, "message": "HTTP GET /api/v1/operator/network-rebalance ok"}
[WebServer] {"timestamp": "2026-10-09T18:04:48.089820+00:00", "level": "INFO", "service": "oday-api", "actor": "user", "correlation_id": "corr-r4-005-read-HZ-01-demand", "resource": "HTTP", "action": "GET", "result": "ok", "error_code": null, "message": "HTTP GET /api/v1/operator/network-listings ok"}
[WebServer] {"timestamp": "2026-10-09T18:04:48.310372+00:00", "level": "INFO", "service": "oday-api", "actor": "user", "correlation_id": "corr-r4-007-reviews-read", "resource": "HTTP", "action": "GET", "result": "ok", "error_code": null, "message": "HTTP GET /api/v1/operator/network-reviews ok"}
[WebServer] {"timestamp": "2026-10-09T18:04:48.357611+00:00", "level": "INFO", "service": "oday-api", "actor": "user", "correlation_id": "corr-operator-bootstrap-52d50f8f-24d3-4625-86fb-ed4a8960f9d0", "resource": "HTTP", "action": "GET", "result": "ok", "error_code": null, "message": "HTTP GET /api/v1/operator/bootstrap ok"}
[WebServer] {"timestamp": "2026-10-09T18:04:48.429479+00:00", "level": "INFO", "service": "oday-api", "actor": "user", "correlation_id": "bfd45063-3db7-4c90-8514-375745d2069d", "resource": "HTTP", "action": "GET", "result": "ok", "error_code": null, "message": "HTTP GET /api/v1/operator/network-listings/intake ok"}
[WebServer] {"timestamp": "2026-10-09T18:04:48.729213+00:00", "level": "INFO", "service": "oday-api", "actor": "user", "correlation_id": "f580419d-7016-4cfe-9ad9-41c50428833e", "resource": "HTTP", "action": "GET", "result": "ok", "error_code": null, "message": "HTTP GET /api/v1/operator/network-listings/intake ok"}
[WebServer] {"timestamp": "2026-10-09T18:04:48.793315+00:00", "level": "INFO", "service": "oday-api", "actor": "user", "correlation_id": "5320caf6-70fb-4d59-88ad-42d2850fe33a", "resource": "HTTP", "action": "GET", "result": "ok", "error_code": null, "message": "HTTP GET /api/v1/operator/network-listings/intake ok"}
[WebServer] {"timestamp": "2026-10-09T18:04:49.921931+00:00", "level": "INFO", "service": "oday-api", "actor": "user", "correlation_id": "corr-4b3e7323-1a15-4138-a4a6-7f72f5755fc4", "resource": "HTTP", "action": "POST", "result": "ok", "error_code": null, "message": "HTTP POST /api/v1/operator/network-listings/intake/submit ok"}
[WebServer] {"timestamp": "2026-10-09T18:04:50.034531+00:00", "level": "INFO", "service": "oday-api", "actor": "user", "correlation_id": "9c68e636-ad88-4ad8-9936-1eabb3e5c70c", "resource": "HTTP", "action": "GET", "result": "ok", "error_code": null, "message": "HTTP GET /api/v1/operator/network-listings/intake ok"}
[WebServer] {"timestamp": "2026-10-09T18:04:50.359694+00:00", "level": "INFO", "service": "oday-api", "actor": "user", "correlation_id": "db0a5b7e-56bc-4a19-9c08-868110713f45", "resource": "HTTP", "action": "GET", "result": "ok", "error_code": null, "message": "HTTP GET /api/v1/operator/network-listings/intake ok"}
[WebServer] {"timestamp": "2026-10-09T18:04:50.402781+00:00", "level": "INFO", "service": "oday-api", "actor": "user", "correlation_id": "cb56308a-8590-4b93-9841-4b7e7cae11e1", "resource": "HTTP", "action": "GET", "result": "ok", "error_code": null, "message": "HTTP GET /api/v1/operator/network-listings/intake/{intake_id} ok"}
[WebServer] {"timestamp": "2026-10-09T18:04:50.405868+00:00", "level": "INFO", "service": "oday-api", "actor": "user", "correlation_id": "c3e375b9-bb44-4583-9576-0ec83ccf5a53", "resource": "HTTP", "action": "GET", "result": "ok", "error_code": null, "message": "HTTP GET /api/v1/operator/network-listings/intake ok"}
[WebServer] {"timestamp": "2026-10-09T18:04:50.407544+00:00", "level": "INFO", "service": "oday-api", "actor": "user", "correlation_id": "602f724f-2426-400d-9479-eae72e758b74", "resource": "HTTP", "action": "GET", "result": "ok", "error_code": null, "message": "HTTP GET /api/v1/operator/network-listings/intake/{intake_id} ok"}
[WebServer] {"timestamp": "2026-10-09T18:04:50.595195+00:00", "level": "INFO", "service": "oday-api", "actor": "user", "correlation_id": "d5f5e004-84e3-407b-85b1-efb4e985bf58", "resource": "HTTP", "action": "GET", "result": "ok", "error_code": null, "message": "HTTP GET /api/v1/intakes/{intake_id}/promotion-decision ok"}
[WebServer] {"timestamp": "2026-10-09T18:04:51.106540+00:00", "level": "INFO", "service": "oday-api", "actor": "user", "correlation_id": "6aac7190-a319-4127-b66b-0b44daabfb49", "resource": "HTTP", "action": "GET", "result": "ok", "error_code": null, "message": "HTTP GET /api/v1/operator/network-listings/intake ok"}
[WebServer] {"timestamp": "2026-10-09T18:04:51.387673+00:00", "level": "INFO", "service": "oday-api", "actor": "user", "correlation_id": "corr-31b178d3-41b9-4de7-b875-1a1a9bbe8934", "resource": "HTTP", "action": "POST", "result": "ok", "error_code": null, "message": "HTTP POST /api/v1/operator/network-listings/intake/{intake_id}/decide ok"}
[WebServer] {"timestamp": "2026-10-09T18:04:51.468514+00:00", "level": "INFO", "service": "oday-api", "actor": "user", "correlation_id": "a6c3d6ea-7c08-4371-a535-eb303598923a", "resource": "HTTP", "action": "GET", "result": "ok", "error_code": null, "message": "HTTP GET /api/v1/operator/network-listings/intake ok"}
[WebServer] {"timestamp": "2026-10-09T18:04:51.877985+00:00", "level": "INFO", "service": "oday-api", "actor": "user", "correlation_id": "3c3ea200-7716-4cf7-8638-4f65bffac1c6", "resource": "HTTP", "action": "GET", "result": "ok", "error_code": null, "message": "HTTP GET /api/v1/operator/network-listings/intake ok"}
[WebServer] {"timestamp": "2026-10-09T18:04:52.188181+00:00", "level": "INFO", "service": "oday-api", "actor": "user", "correlation_id": "corr-b88e842e-748a-4038-8780-e2bcafdbaafb", "resource": "HTTP", "action": "POST", "result": "ok", "error_code": null, "message": "HTTP POST /api/v1/intakes/{intake_id}/promotion-requests ok"}
[WebServer] {"timestamp": "2026-10-09T18:04:52.263226+00:00", "level": "INFO", "service": "oday-api", "actor": "user", "correlation_id": "05d32d27-8679-4caf-aef7-75f8f7aa51d7", "resource": "HTTP", "action": "GET", "result": "ok", "error_code": null, "message": "HTTP GET /api/v1/operator/network-listings/intake/{intake_id} ok"}
[WebServer] {"timestamp": "2026-10-09T18:04:54.746299+00:00", "level": "INFO", "service": "oday-api", "actor": "user", "correlation_id": "a0e5da4e-ba82-4391-bb78-b487a126c0a1", "resource": "HTTP", "action": "GET", "result": "ok", "error_code": null, "message": "HTTP GET /api/v1/operator/network-listings/intake/{intake_id} ok"}
[WebServer] {"timestamp": "2026-10-09T18:04:54.804090+00:00", "level": "INFO", "service": "oday-api", "actor": "user", "correlation_id": "corr-r4-005-read-HZ-01-demand", "resource": "HTTP", "action": "GET", "result": "ok", "error_code": null, "message": "HTTP GET /api/v1/operator/network-listings ok"}
[WebServer] {"timestamp": "2026-10-09T18:04:54.833968+00:00", "level": "INFO", "service": "oday-api", "actor": "user", "correlation_id": "corr-r4-006-scoring-read", "resource": "HTTP", "action": "GET", "result": "ok", "error_code": null, "message": "HTTP GET /api/v1/operator/network-scoring ok"}
[WebServer] {"timestamp": "2026-10-09T18:04:54.835731+00:00", "level": "INFO", "service": "oday-api", "actor": "user", "correlation_id": "corr-r4-008-rebalance-read", "resource": "HTTP", "action": "GET", "result": "ok", "error_code": null, "message": "HTTP GET /api/v1/operator/network-rebalance ok"}
[WebServer] {"timestamp": "2026-10-09T18:04:54.837285+00:00", "level": "INFO", "service": "oday-api", "actor": "user", "correlation_id": "corr-r4-007-reviews-read", "resource": "HTTP", "action": "GET", "result": "ok", "error_code": null, "message": "HTTP GET /api/v1/operator/network-reviews ok"}
[WebServer] {"timestamp": "2026-10-09T18:04:55.117746+00:00", "level": "INFO", "service": "oday-api", "actor": "user", "correlation_id": "3319779a-c0d2-4f12-951a-c9184a142345", "resource": "HTTP", "action": "GET", "result": "ok", "error_code": null, "message": "HTTP GET /api/v1/operator/network-listings/intake ok"}
[WebServer] {"timestamp": "2026-10-09T18:04:55.193896+00:00", "level": "INFO", "service": "oday-api", "actor": "user", "correlation_id": "6a5df9e9-6575-484a-9cf0-23b1ca7b94d9", "resource": "HTTP", "action": "GET", "result": "ok", "error_code": null, "message": "HTTP GET /api/v1/operator/network-listings/intake/{intake_id} ok"}
[WebServer] {"timestamp": "2026-10-09T18:04:55.196493+00:00", "level": "INFO", "service": "oday-api", "actor": "user", "correlation_id": "corr-r4-006-scoring-read", "resource": "HTTP", "action": "GET", "result": "ok", "error_code": null, "message": "HTTP GET /api/v1/operator/network-scoring ok"}
[WebServer] {"timestamp": "2026-10-09T18:04:55.197502+00:00", "level": "INFO", "service": "oday-api", "actor": "user", "correlation_id": "corr-r4-005-read-HZ-01-demand", "resource": "HTTP", "action": "GET", "result": "ok", "error_code": null, "message": "HTTP GET /api/v1/operator/network-listings ok"}
[WebServer] {"timestamp": "2026-10-09T18:04:55.215394+00:00", "level": "INFO", "service": "oday-api", "actor": "user", "correlation_id": "corr-r4-008-rebalance-read", "resource": "HTTP", "action": "GET", "result": "ok", "error_code": null, "message": "HTTP GET /api/v1/operator/network-rebalance ok"}
[WebServer] {"timestamp": "2026-10-09T18:04:55.312312+00:00", "level": "INFO", "service": "oday-api", "actor": "user", "correlation_id": "corr-r4-007-reviews-read", "resource": "HTTP", "action": "GET", "result": "ok", "error_code": null, "message": "HTTP GET /api/v1/operator/network-reviews ok"}
[WebServer] {"timestamp": "2026-10-09T18:04:55.313918+00:00", "level": "INFO", "service": "oday-api", "actor": "user", "correlation_id": "corr-operator-bootstrap-d836fc87-6993-40b8-bc38-5a3ef9dd04a0", "resource": "HTTP", "action": "GET", "result": "ok", "error_code": null, "message": "HTTP GET /api/v1/operator/bootstrap ok"}
[WebServer] {"timestamp": "2026-10-09T18:04:55.577918+00:00", "level": "INFO", "service": "oday-api", "actor": "user", "correlation_id": "a773e89b-1b15-489d-8f86-c5e3be500393", "resource": "HTTP", "action": "GET", "result": "ok", "error_code": null, "message": "HTTP GET /api/v1/intakes/{intake_id}/promotion-decision ok"}
[WebServer] {"timestamp": "2026-10-09T18:05:08.739143+00:00", "level": "INFO", "service": "oday-api", "actor": "user", "correlation_id": "corr-c03f52a8-4b17-49cc-988c-515fb5ce8781", "resource": "HTTP", "action": "POST", "result": "ok", "error_code": null, "message": "HTTP POST /api/v1/promotion-decisions/{promotion_decision_id}/actions/review ok"}
[WebServer] {"timestamp": "2026-10-09T18:05:08.867631+00:00", "level": "INFO", "service": "oday-api", "actor": "user", "correlation_id": "e5e77622-5908-4447-9725-c0fa66408073", "resource": "HTTP", "action": "GET", "result": "ok", "error_code": null, "message": "HTTP GET /api/v1/jobs/{job_id}/receipt ok"}
[WebServer] {"timestamp": "2026-10-09T18:05:09.082142+00:00", "level": "INFO", "service": "oday-api", "actor": "user", "correlation_id": "334d81de-ffdc-4f26-8367-4e73f705efaf", "resource": "HTTP", "action": "GET", "result": "ok", "error_code": null, "message": "HTTP GET /api/v1/promotion-decisions/{promotion_decision_id} ok"}
[WebServer] {"timestamp": "2026-10-09T18:05:11.761422+00:00", "level": "INFO", "service": "oday-api", "actor": "user", "correlation_id": "72d5b4c6-6e51-445d-a179-af581eb2ffb6", "resource": "HTTP", "action": "GET", "result": "ok", "error_code": null, "message": "HTTP GET /api/v1/operator/network-listings/intake/{intake_id} ok"}
[WebServer] {"timestamp": "2026-10-09T18:05:11.856419+00:00", "level": "INFO", "service": "oday-api", "actor": "user", "correlation_id": "corr-r4-005-read-HZ-01-demand", "resource": "HTTP", "action": "GET", "result": "ok", "error_code": null, "message": "HTTP GET /api/v1/operator/network-listings ok"}
[WebServer] {"timestamp": "2026-10-09T18:05:11.857326+00:00", "level": "INFO", "service": "oday-api", "actor": "user", "correlation_id": "corr-r4-006-scoring-read", "resource": "HTTP", "action": "GET", "result": "ok", "error_code": null, "message": "HTTP GET /api/v1/operator/network-scoring ok"}
[WebServer] {"timestamp": "2026-10-09T18:05:11.857769+00:00", "level": "INFO", "service": "oday-api", "actor": "user", "correlation_id": "corr-r4-008-rebalance-read", "resource": "HTTP", "action": "GET", "result": "ok", "error_code": null, "message": "HTTP GET /api/v1/operator/network-rebalance ok"}
[WebServer] {"timestamp": "2026-10-09T18:05:11.860609+00:00", "level": "INFO", "service": "oday-api", "actor": "user", "correlation_id": "corr-r4-007-reviews-read", "resource": "HTTP", "action": "GET", "result": "ok", "error_code": null, "message": "HTTP GET /api/v1/operator/network-reviews ok"}
[WebServer] {"timestamp": "2026-10-09T18:05:12.114471+00:00", "level": "INFO", "service": "oday-api", "actor": "user", "correlation_id": "541f77ec-0554-4451-b098-c02d525f666a", "resource": "HTTP", "action": "GET", "result": "ok", "error_code": null, "message": "HTTP GET /api/v1/operator/network-listings/intake ok"}
[WebServer] {"timestamp": "2026-10-09T18:05:12.274807+00:00", "level": "INFO", "service": "oday-api", "actor": "user", "correlation_id": "corr-r4-005-read-HZ-01-demand", "resource": "HTTP", "action": "GET", "result": "ok", "error_code": null, "message": "HTTP GET /api/v1/operator/network-listings ok"}
[WebServer] {"timestamp": "2026-10-09T18:05:12.275336+00:00", "level": "INFO", "service": "oday-api", "actor": "user", "correlation_id": "8597f7e5-dc28-4dec-a6e5-3cfdfda91ea3", "resource": "HTTP", "action": "GET", "result": "ok", "error_code": null, "message": "HTTP GET /api/v1/operator/network-listings/intake/{intake_id} ok"}
[WebServer] {"timestamp": "2026-10-09T18:05:12.275771+00:00", "level": "INFO", "service": "oday-api", "actor": "user", "correlation_id": "corr-r4-006-scoring-read", "resource": "HTTP", "action": "GET", "result": "ok", "error_code": null, "message": "HTTP GET /api/v1/operator/network-scoring ok"}
[WebServer] {"timestamp": "2026-10-09T18:05:12.287296+00:00", "level": "INFO", "service": "oday-api", "actor": "user", "correlation_id": "corr-r4-008-rebalance-read", "resource": "HTTP", "action": "GET", "result": "ok", "error_code": null, "message": "HTTP GET /api/v1/operator/network-rebalance ok"}
[WebServer] {"timestamp": "2026-10-09T18:05:12.349091+00:00", "level": "INFO", "service": "oday-api", "actor": "user", "correlation_id": "corr-r4-007-reviews-read", "resource": "HTTP", "action": "GET", "result": "ok", "error_code": null, "message": "HTTP GET /api/v1/operator/network-reviews ok"}
[WebServer] {"timestamp": "2026-10-09T18:05:12.394211+00:00", "level": "INFO", "service": "oday-api", "actor": "user", "correlation_id": "corr-operator-bootstrap-e5252a21-b457-4edd-8ba2-c427116fda24", "resource": "HTTP", "action": "GET", "result": "ok", "error_code": null, "message": "HTTP GET /api/v1/operator/bootstrap ok"}
[WebServer] {"timestamp": "2026-10-09T18:05:12.729155+00:00", "level": "INFO", "service": "oday-api", "actor": "user", "correlation_id": "6ca5163d-af86-4ee9-91fd-72a435865f30", "resource": "HTTP", "action": "GET", "result": "ok", "error_code": null, "message": "HTTP GET /api/v1/intakes/{intake_id}/promotion-decision ok"}
[WebServer] {"timestamp": "2026-10-09T18:05:12.984035+00:00", "level": "INFO", "service": "oday-api", "actor": "user", "correlation_id": "592cf3bb-309f-424d-a316-34377b2cbfb4", "resource": "HTTP", "action": "GET", "result": "ok", "error_code": null, "message": "HTTP GET /api/v1/jobs/{job_id}/receipt ok"}
  ✓  1 [chromium] › tests/visual/operator-promotion-parity.spec.ts:31:7 › Promotion paired geometry and second actor at 1440 (35.9s)
[WebServer] {"timestamp": "2026-10-09T18:05:13.744602+00:00", "level": "INFO", "service": "oday-api", "actor": "user", "correlation_id": "3b51a033-96af-4433-ac8c-d21dbf399ac9", "resource": "HTTP", "action": "POST", "result": "ok", "error_code": null, "message": "HTTP POST /api/v1/operator/network-listings/reset ok"}
[WebServer] {"timestamp": "2026-10-09T18:05:13.827152+00:00", "level": "INFO", "service": "oday-api", "actor": "user", "correlation_id": "3b122761-27ca-4a7a-8fa0-437eb4a34de6", "resource": "HTTP", "action": "GET", "result": "ok", "error_code": null, "message": "HTTP GET /api/v1/operator/network-listings/intake ok"}
[WebServer] {"timestamp": "2026-10-09T18:05:16.044056+00:00", "level": "INFO", "service": "oday-api", "actor": "user", "correlation_id": "corr-r4-005-read-HZ-01-demand", "resource": "HTTP", "action": "GET", "result": "ok", "error_code": null, "message": "HTTP GET /api/v1/operator/network-listings ok"}
[WebServer] {"timestamp": "2026-10-09T18:05:16.109763+00:00", "level": "INFO", "service": "oday-api", "actor": "user", "correlation_id": "corr-r4-007-reviews-read", "resource": "HTTP", "action": "GET", "result": "ok", "error_code": null, "message": "HTTP GET /api/v1/operator/network-reviews ok"}
[WebServer] {"timestamp": "2026-10-09T18:05:16.117894+00:00", "level": "INFO", "service": "oday-api", "actor": "user", "correlation_id": "corr-r4-008-rebalance-read", "resource": "HTTP", "action": "GET", "result": "ok", "error_code": null, "message": "HTTP GET /api/v1/operator/network-rebalance ok"}
[WebServer] {"timestamp": "2026-10-09T18:05:16.118361+00:00", "level": "INFO", "service": "oday-api", "actor": "user", "correlation_id": "corr-r4-006-scoring-read", "resource": "HTTP", "action": "GET", "result": "ok", "error_code": null, "message": "HTTP GET /api/v1/operator/network-scoring ok"}
[WebServer] {"timestamp": "2026-10-09T18:05:16.511938+00:00", "level": "INFO", "service": "oday-api", "actor": "user", "correlation_id": "corr-r4-005-read-HZ-01-demand", "resource": "HTTP", "action": "GET", "result": "ok", "error_code": null, "message": "HTTP GET /api/v1/operator/network-listings ok"}
[WebServer] {"timestamp": "2026-10-09T18:05:16.552672+00:00", "level": "INFO", "service": "oday-api", "actor": "user", "correlation_id": "corr-r4-008-rebalance-read", "resource": "HTTP", "action": "GET", "result": "ok", "error_code": null, "message": "HTTP GET /api/v1/operator/network-rebalance ok"}
[WebServer] {"timestamp": "2026-10-09T18:05:16.556167+00:00", "level": "INFO", "service": "oday-api", "actor": "user", "correlation_id": "corr-r4-006-scoring-read", "resource": "HTTP", "action": "GET", "result": "ok", "error_code": null, "message": "HTTP GET /api/v1/operator/network-scoring ok"}
[WebServer] {"timestamp": "2026-10-09T18:05:16.639546+00:00", "level": "INFO", "service": "oday-api", "actor": "user", "correlation_id": "corr-r4-007-reviews-read", "resource": "HTTP", "action": "GET", "result": "ok", "error_code": null, "message": "HTTP GET /api/v1/operator/network-reviews ok"}
[WebServer] {"timestamp": "2026-10-09T18:05:16.700084+00:00", "level": "INFO", "service": "oday-api", "actor": "user", "correlation_id": "corr-operator-bootstrap-60a82886-04fb-4646-a189-f9dab1c70200", "resource": "HTTP", "action": "GET", "result": "ok", "error_code": null, "message": "HTTP GET /api/v1/operator/bootstrap ok"}
[WebServer] {"timestamp": "2026-10-09T18:05:17.077088+00:00", "level": "INFO", "service": "oday-api", "actor": "user", "correlation_id": "4755a2ba-2e5a-4545-9107-623bccb90623", "resource": "HTTP", "action": "GET", "result": "ok", "error_code": null, "message": "HTTP GET /api/v1/operator/network-listings/intake ok"}
[WebServer] {"timestamp": "2026-10-09T18:05:17.247991+00:00", "level": "INFO", "service": "oday-api", "actor": "user", "correlation_id": "c3120543-2b5b-43c5-9df2-1296cc1bb270", "resource": "HTTP", "action": "GET", "result": "ok", "error_code": null, "message": "HTTP GET /api/v1/operator/network-listings/intake ok"}
[WebServer] {"timestamp": "2026-10-09T18:05:17.425705+00:00", "level": "INFO", "service": "oday-api", "actor": "user", "correlation_id": "8fff2a98-6299-4a47-97f2-377497f42e85", "resource": "HTTP", "action": "GET", "result": "ok", "error_code": null, "message": "HTTP GET /api/v1/operator/network-listings/intake ok"}
[WebServer] {"timestamp": "2026-10-09T18:05:18.143703+00:00", "level": "INFO", "service": "oday-api", "actor": "user", "correlation_id": "corr-d17d91b2-e92e-4e52-b305-dfde32575f5e", "resource": "HTTP", "action": "POST", "result": "ok", "error_code": null, "message": "HTTP POST /api/v1/operator/network-listings/intake/submit ok"}
[WebServer] {"timestamp": "2026-10-09T18:05:18.543482+00:00", "level": "INFO", "service": "oday-api", "actor": "user", "correlation_id": "3cf28aac-7ee5-47ac-b7f7-37497351d922", "resource": "HTTP", "action": "GET", "result": "ok", "error_code": null, "message": "HTTP GET /api/v1/operator/network-listings/intake ok"}
[WebServer] {"timestamp": "2026-10-09T18:05:19.019338+00:00", "level": "INFO", "service": "oday-api", "actor": "user", "correlation_id": "0dc70f9b-b573-468d-a3f3-9e04497d9f43", "resource": "HTTP", "action": "GET", "result": "ok", "error_code": null, "message": "HTTP GET /api/v1/operator/network-listings/intake ok"}
[WebServer] {"timestamp": "2026-10-09T18:05:19.060817+00:00", "level": "INFO", "service": "oday-api", "actor": "user", "correlation_id": "af229b48-fddc-4d3c-8cbc-5c4b76c5163b", "resource": "HTTP", "action": "GET", "result": "ok", "error_code": null, "message": "HTTP GET /api/v1/operator/network-listings/intake ok"}
[WebServer] {"timestamp": "2026-10-09T18:05:19.061912+00:00", "level": "INFO", "service": "oday-api", "actor": "user", "correlation_id": "50cfee55-3bf2-42f4-a4b4-7c7ab3bb123f", "resource": "HTTP", "action": "GET", "result": "ok", "error_code": null, "message": "HTTP GET /api/v1/operator/network-listings/intake/{intake_id} ok"}
[WebServer] {"timestamp": "2026-10-09T18:05:19.064713+00:00", "level": "INFO", "service": "oday-api", "actor": "user", "correlation_id": "65236009-ae42-4137-8e17-52daa5b324fb", "resource": "HTTP", "action": "GET", "result": "ok", "error_code": null, "message": "HTTP GET /api/v1/operator/network-listings/intake/{intake_id} ok"}
[WebServer] {"timestamp": "2026-10-09T18:05:19.293111+00:00", "level": "INFO", "service": "oday-api", "actor": "user", "correlation_id": "ff2ff6d0-8ea4-4337-b798-44577a95e8df", "resource": "HTTP", "action": "GET", "result": "ok", "error_code": null, "message": "HTTP GET /api/v1/intakes/{intake_id}/promotion-decision ok"}
[WebServer] {"timestamp": "2026-10-09T18:05:19.800678+00:00", "level": "INFO", "service": "oday-api", "actor": "user", "correlation_id": "d1d2f990-4fda-4c52-9ae3-693e579ff06d", "resource": "HTTP", "action": "GET", "result": "ok", "error_code": null, "message": "HTTP GET /api/v1/operator/network-listings/intake ok"}
[WebServer] {"timestamp": "2026-10-09T18:05:20.069690+00:00", "level": "INFO", "service": "oday-api", "actor": "user", "correlation_id": "corr-f6f68a36-d64b-4de4-ae26-df8d260fdf8e", "resource": "HTTP", "action": "POST", "result": "ok", "error_code": null, "message": "HTTP POST /api/v1/operator/network-listings/intake/{intake_id}/decide ok"}
[WebServer] {"timestamp": "2026-10-09T18:05:20.184098+00:00", "level": "INFO", "service": "oday-api", "actor": "user", "correlation_id": "cff61d81-b5c7-4c92-87cf-1c60a7653050", "resource": "HTTP", "action": "GET", "result": "ok", "error_code": null, "message": "HTTP GET /api/v1/operator/network-listings/intake ok"}
[WebServer] {"timestamp": "2026-10-09T18:05:20.606169+00:00", "level": "INFO", "service": "oday-api", "actor": "user", "correlation_id": "3a6afe12-a4f5-440f-b09a-d26ccfc1d0c4", "resource": "HTTP", "action": "GET", "result": "ok", "error_code": null, "message": "HTTP GET /api/v1/operator/network-listings/intake ok"}
[WebServer] {"timestamp": "2026-10-09T18:05:20.838914+00:00", "level": "INFO", "service": "oday-api", "actor": "user", "correlation_id": "corr-e5ca5680-1af9-4d83-9f5f-f844fee378ca", "resource": "HTTP", "action": "POST", "result": "ok", "error_code": null, "message": "HTTP POST /api/v1/intakes/{intake_id}/promotion-requests ok"}
[WebServer] {"timestamp": "2026-10-09T18:05:20.889637+00:00", "level": "INFO", "service": "oday-api", "actor": "user", "correlation_id": "9e2b1c60-8905-47a3-8097-2a70742655f2", "resource": "HTTP", "action": "GET", "result": "ok", "error_code": null, "message": "HTTP GET /api/v1/operator/network-listings/intake/{intake_id} ok"}
[WebServer] {"timestamp": "2026-10-09T18:05:23.828920+00:00", "level": "INFO", "service": "oday-api", "actor": "user", "correlation_id": "c04c2392-8540-462c-97f0-c3846668081e", "resource": "HTTP", "action": "GET", "result": "ok", "error_code": null, "message": "HTTP GET /api/v1/operator/network-listings/intake/{intake_id} ok"}
[WebServer] {"timestamp": "2026-10-09T18:05:23.915561+00:00", "level": "INFO", "service": "oday-api", "actor": "user", "correlation_id": "corr-r4-005-read-HZ-01-demand", "resource": "HTTP", "action": "GET", "result": "ok", "error_code": null, "message": "HTTP GET /api/v1/operator/network-listings ok"}
[WebServer] {"timestamp": "2026-10-09T18:05:23.922351+00:00", "level": "INFO", "service": "oday-api", "actor": "user", "correlation_id": "corr-r4-006-scoring-read", "resource": "HTTP", "action": "GET", "result": "ok", "error_code": null, "message": "HTTP GET /api/v1/operator/network-scoring ok"}
[WebServer] {"timestamp": "2026-10-09T18:05:23.923479+00:00", "level": "INFO", "service": "oday-api", "actor": "user", "correlation_id": "corr-r4-007-reviews-read", "resource": "HTTP", "action": "GET", "result": "ok", "error_code": null, "message": "HTTP GET /api/v1/operator/network-reviews ok"}
[WebServer] {"timestamp": "2026-10-09T18:05:23.925299+00:00", "level": "INFO", "service": "oday-api", "actor": "user", "correlation_id": "corr-r4-008-rebalance-read", "resource": "HTTP", "action": "GET", "result": "ok", "error_code": null, "message": "HTTP GET /api/v1/operator/network-rebalance ok"}
[WebServer] {"timestamp": "2026-10-09T18:05:24.204696+00:00", "level": "INFO", "service": "oday-api", "actor": "user", "correlation_id": "daffa229-df49-4261-86f7-5143e85e3bb6", "resource": "HTTP", "action": "GET", "result": "ok", "error_code": null, "message": "HTTP GET /api/v1/operator/network-listings/intake ok"}
[WebServer] {"timestamp": "2026-10-09T18:05:24.262310+00:00", "level": "INFO", "service": "oday-api", "actor": "user", "correlation_id": "corr-r4-005-read-HZ-01-demand", "resource": "HTTP", "action": "GET", "result": "ok", "error_code": null, "message": "HTTP GET /api/v1/operator/network-listings ok"}
[WebServer] {"timestamp": "2026-10-09T18:05:24.267003+00:00", "level": "INFO", "service": "oday-api", "actor": "user", "correlation_id": "89cd7488-ce19-4ee1-aad0-5b2408199954", "resource": "HTTP", "action": "GET", "result": "ok", "error_code": null, "message": "HTTP GET /api/v1/operator/network-listings/intake/{intake_id} ok"}
[WebServer] {"timestamp": "2026-10-09T18:05:24.299501+00:00", "level": "INFO", "service": "oday-api", "actor": "user", "correlation_id": "corr-r4-006-scoring-read", "resource": "HTTP", "action": "GET", "result": "ok", "error_code": null, "message": "HTTP GET /api/v1/operator/network-scoring ok"}
[WebServer] {"timestamp": "2026-10-09T18:05:24.516207+00:00", "level": "INFO", "service": "oday-api", "actor": "user", "correlation_id": "corr-r4-008-rebalance-read", "resource": "HTTP", "action": "GET", "result": "ok", "error_code": null, "message": "HTTP GET /api/v1/operator/network-rebalance ok"}
[WebServer] {"timestamp": "2026-10-09T18:05:24.558601+00:00", "level": "INFO", "service": "oday-api", "actor": "user", "correlation_id": "corr-r4-007-reviews-read", "resource": "HTTP", "action": "GET", "result": "ok", "error_code": null, "message": "HTTP GET /api/v1/operator/network-reviews ok"}
[WebServer] {"timestamp": "2026-10-09T18:05:24.616395+00:00", "level": "INFO", "service": "oday-api", "actor": "user", "correlation_id": "corr-operator-bootstrap-4ca1a252-705d-477e-a20c-86c498b414fe", "resource": "HTTP", "action": "GET", "result": "ok", "error_code": null, "message": "HTTP GET /api/v1/operator/bootstrap ok"}
[WebServer] {"timestamp": "2026-10-09T18:05:25.048960+00:00", "level": "INFO", "service": "oday-api", "actor": "user", "correlation_id": "dbfc7e98-bb3e-47a2-a86c-ff6efc62c70e", "resource": "HTTP", "action": "GET", "result": "ok", "error_code": null, "message": "HTTP GET /api/v1/intakes/{intake_id}/promotion-decision ok"}
[WebServer] {"timestamp": "2026-10-09T18:05:36.756808+00:00", "level": "INFO", "service": "oday-api", "actor": "user", "correlation_id": "corr-9216f14d-7db9-4b49-bf67-d52ce809b456", "resource": "HTTP", "action": "POST", "result": "ok", "error_code": null, "message": "HTTP POST /api/v1/promotion-decisions/{promotion_decision_id}/actions/review ok"}
[WebServer] {"timestamp": "2026-10-09T18:05:36.807741+00:00", "level": "INFO", "service": "oday-api", "actor": "user", "correlation_id": "420ffcea-5054-48f7-b0ff-4f3e5d70153b", "resource": "HTTP", "action": "GET", "result": "ok", "error_code": null, "message": "HTTP GET /api/v1/jobs/{job_id}/receipt ok"}
[WebServer] {"timestamp": "2026-10-09T18:05:36.967296+00:00", "level": "INFO", "service": "oday-api", "actor": "user", "correlation_id": "6a9b3609-ac0b-4d50-aecc-4dc24c4c4e2a", "resource": "HTTP", "action": "GET", "result": "ok", "error_code": null, "message": "HTTP GET /api/v1/promotion-decisions/{promotion_decision_id} ok"}
[WebServer] {"timestamp": "2026-10-09T18:05:38.764044+00:00", "level": "INFO", "service": "oday-api", "actor": "user", "correlation_id": "c98b1c1d-8f5a-49b3-9c56-7e00993687b3", "resource": "HTTP", "action": "GET", "result": "ok", "error_code": null, "message": "HTTP GET /api/v1/operator/network-listings/intake/{intake_id} ok"}
[WebServer] {"timestamp": "2026-10-09T18:05:38.828276+00:00", "level": "INFO", "service": "oday-api", "actor": "user", "correlation_id": "corr-r4-005-read-HZ-01-demand", "resource": "HTTP", "action": "GET", "result": "ok", "error_code": null, "message": "HTTP GET /api/v1/operator/network-listings ok"}
[WebServer] {"timestamp": "2026-10-09T18:05:38.831118+00:00", "level": "INFO", "service": "oday-api", "actor": "user", "correlation_id": "corr-r4-008-rebalance-read", "resource": "HTTP", "action": "GET", "result": "ok", "error_code": null, "message": "HTTP GET /api/v1/operator/network-rebalance ok"}
[WebServer] {"timestamp": "2026-10-09T18:05:38.832971+00:00", "level": "INFO", "service": "oday-api", "actor": "user", "correlation_id": "corr-r4-006-scoring-read", "resource": "HTTP", "action": "GET", "result": "ok", "error_code": null, "message": "HTTP GET /api/v1/operator/network-scoring ok"}
[WebServer] {"timestamp": "2026-10-09T18:05:38.833392+00:00", "level": "INFO", "service": "oday-api", "actor": "user", "correlation_id": "corr-r4-007-reviews-read", "resource": "HTTP", "action": "GET", "result": "ok", "error_code": null, "message": "HTTP GET /api/v1/operator/network-reviews ok"}
[WebServer] {"timestamp": "2026-10-09T18:05:39.235281+00:00", "level": "INFO", "service": "oday-api", "actor": "user", "correlation_id": "6b945729-a35a-4600-bc88-5c10325bf132", "resource": "HTTP", "action": "GET", "result": "ok", "error_code": null, "message": "HTTP GET /api/v1/operator/network-listings/intake ok"}
[WebServer] {"timestamp": "2026-10-09T18:05:39.343655+00:00", "level": "INFO", "service": "oday-api", "actor": "user", "correlation_id": "corr-r4-005-read-HZ-01-demand", "resource": "HTTP", "action": "GET", "result": "ok", "error_code": null, "message": "HTTP GET /api/v1/operator/network-listings ok"}
[WebServer] {"timestamp": "2026-10-09T18:05:39.344227+00:00", "level": "INFO", "service": "oday-api", "actor": "user", "correlation_id": "69118728-c6b2-4ecf-9090-7e11eaf10013", "resource": "HTTP", "action": "GET", "result": "ok", "error_code": null, "message": "HTTP GET /api/v1/operator/network-listings/intake/{intake_id} ok"}
[WebServer] {"timestamp": "2026-10-09T18:05:39.349166+00:00", "level": "INFO", "service": "oday-api", "actor": "user", "correlation_id": "corr-r4-006-scoring-read", "resource": "HTTP", "action": "GET", "result": "ok", "error_code": null, "message": "HTTP GET /api/v1/operator/network-scoring ok"}
[WebServer] {"timestamp": "2026-10-09T18:05:39.434469+00:00", "level": "INFO", "service": "oday-api", "actor": "user", "correlation_id": "corr-r4-008-rebalance-read", "resource": "HTTP", "action": "GET", "result": "ok", "error_code": null, "message": "HTTP GET /api/v1/operator/network-rebalance ok"}
[WebServer] {"timestamp": "2026-10-09T18:05:39.553643+00:00", "level": "INFO", "service": "oday-api", "actor": "user", "correlation_id": "corr-r4-007-reviews-read", "resource": "HTTP", "action": "GET", "result": "ok", "error_code": null, "message": "HTTP GET /api/v1/operator/network-reviews ok"}
[WebServer] {"timestamp": "2026-10-09T18:05:39.560051+00:00", "level": "INFO", "service": "oday-api", "actor": "user", "correlation_id": "corr-operator-bootstrap-e75199bf-591c-4dde-b15b-247683667954", "resource": "HTTP", "action": "GET", "result": "ok", "error_code": null, "message": "HTTP GET /api/v1/operator/bootstrap ok"}
[WebServer] {"timestamp": "2026-10-09T18:05:39.902016+00:00", "level": "INFO", "service": "oday-api", "actor": "user", "correlation_id": "2853e5c2-e0de-4327-b353-b7f14e6b57bc", "resource": "HTTP", "action": "GET", "result": "ok", "error_code": null, "message": "HTTP GET /api/v1/intakes/{intake_id}/promotion-decision ok"}
[WebServer] {"timestamp": "2026-10-09T18:05:40.169848+00:00", "level": "INFO", "service": "oday-api", "actor": "user", "correlation_id": "dee69e95-3735-42fd-86b1-03e8f2a1d558", "resource": "HTTP", "action": "GET", "result": "ok", "error_code": null, "message": "HTTP GET /api/v1/jobs/{job_id}/receipt ok"}
  ✓  2 [chromium] › tests/visual/operator-promotion-parity.spec.ts:31:7 › Promotion paired geometry and second actor at 390 (27.1s)

  2 passed (1.5m)
