[WebServer] 2026/10/09 17:48:23 INFO mlflow.agent.hint: Load the `instrumenting-with-mlflow-tracing` skill at /tmp/pantheon-worker-worktrees/pantheon/odp-ui-network-tabs-parity-001/.venv/lib/python3.12/site-packages/mlflow/assistant/skills/instrumenting-with-mlflow-tracing/SKILL.md before writing any tracing code; it ships with this MLflow install. Set MLFLOW_DISABLE_AGENT_HINT=1 to silence this.
[WebServer] 2026/10/09 17:48:25 INFO mlflow.store.db.utils: Creating initial MLflow database tables...
[WebServer] 2026/10/09 17:48:25 INFO mlflow.store.db.utils: Updating database tables
[WebServer] INFO:     Started server process [2031680]
[WebServer] INFO:     Waiting for application startup.
[WebServer] INFO:     Application startup complete.
[WebServer] INFO:     Uvicorn running on http://127.0.0.1:8310 (Press CTRL+C to quit)
[WebServer] {"timestamp": "2026-10-09T17:48:28.619202+00:00", "level": "INFO", "service": "oday-api", "actor": "user", "correlation_id": "185aab3b-e6bf-4639-af33-7906db7c5dae", "resource": "HTTP", "action": "GET", "result": "ok", "error_code": null, "message": "HTTP GET /platform/health ok"}

Running 2 tests using 1 worker

[WebServer] {"timestamp": "2026-10-09T17:48:44.322319+00:00", "level": "INFO", "service": "oday-api", "actor": "user", "correlation_id": "cd190e34-a42f-4b6c-ab8f-b1e1246e0563", "resource": "HTTP", "action": "POST", "result": "ok", "error_code": null, "message": "HTTP POST /api/v1/operator/network-listings/reset ok"}
[WebServer] {"timestamp": "2026-10-09T17:48:46.915277+00:00", "level": "INFO", "service": "oday-api", "actor": "user", "correlation_id": "57766113-dee0-408c-9bc3-062c7911ff7b", "resource": "HTTP", "action": "GET", "result": "ok", "error_code": null, "message": "HTTP GET /api/v1/operator/network-listings/intake ok"}
[WebServer] {"timestamp": "2026-10-09T17:48:49.421231+00:00", "level": "INFO", "service": "oday-api", "actor": "user", "correlation_id": "corr-r4-005-read-HZ-01-demand", "resource": "HTTP", "action": "GET", "result": "ok", "error_code": null, "message": "HTTP GET /api/v1/operator/network-listings ok"}
[WebServer] {"timestamp": "2026-10-09T17:48:49.625889+00:00", "level": "INFO", "service": "oday-api", "actor": "user", "correlation_id": "corr-r4-006-scoring-read", "resource": "HTTP", "action": "GET", "result": "ok", "error_code": null, "message": "HTTP GET /api/v1/operator/network-scoring ok"}
[WebServer] {"timestamp": "2026-10-09T17:48:49.630105+00:00", "level": "INFO", "service": "oday-api", "actor": "user", "correlation_id": "corr-r4-008-rebalance-read", "resource": "HTTP", "action": "GET", "result": "ok", "error_code": null, "message": "HTTP GET /api/v1/operator/network-rebalance ok"}
[WebServer] {"timestamp": "2026-10-09T17:48:49.631273+00:00", "level": "INFO", "service": "oday-api", "actor": "user", "correlation_id": "corr-r4-007-reviews-read", "resource": "HTTP", "action": "GET", "result": "ok", "error_code": null, "message": "HTTP GET /api/v1/operator/network-reviews ok"}
[WebServer] {"timestamp": "2026-10-09T17:48:52.449288+00:00", "level": "INFO", "service": "oday-api", "actor": "user", "correlation_id": "corr-r4-006-scoring-read", "resource": "HTTP", "action": "GET", "result": "ok", "error_code": null, "message": "HTTP GET /api/v1/operator/network-scoring ok"}
[WebServer] {"timestamp": "2026-10-09T17:48:52.452532+00:00", "level": "INFO", "service": "oday-api", "actor": "user", "correlation_id": "corr-r4-008-rebalance-read", "resource": "HTTP", "action": "GET", "result": "ok", "error_code": null, "message": "HTTP GET /api/v1/operator/network-rebalance ok"}
[WebServer] {"timestamp": "2026-10-09T17:48:52.453882+00:00", "level": "INFO", "service": "oday-api", "actor": "user", "correlation_id": "corr-r4-005-read-HZ-01-demand", "resource": "HTTP", "action": "GET", "result": "ok", "error_code": null, "message": "HTTP GET /api/v1/operator/network-listings ok"}
[WebServer] {"timestamp": "2026-10-09T17:48:53.939705+00:00", "level": "INFO", "service": "oday-api", "actor": "user", "correlation_id": "corr-r4-007-reviews-read", "resource": "HTTP", "action": "GET", "result": "ok", "error_code": null, "message": "HTTP GET /api/v1/operator/network-reviews ok"}
[WebServer] {"timestamp": "2026-10-09T17:48:54.073443+00:00", "level": "INFO", "service": "oday-api", "actor": "user", "correlation_id": "corr-operator-bootstrap-986ee7a4-cf3f-402b-9218-60a041bd5b15", "resource": "HTTP", "action": "GET", "result": "ok", "error_code": null, "message": "HTTP GET /api/v1/operator/bootstrap ok"}
[WebServer] {"timestamp": "2026-10-09T17:48:54.144484+00:00", "level": "INFO", "service": "oday-api", "actor": "user", "correlation_id": "ac6dc3ae-a521-4f21-85b4-6570a0a1aae8", "resource": "HTTP", "action": "GET", "result": "ok", "error_code": null, "message": "HTTP GET /api/v1/operator/network-listings/intake ok"}
[WebServer] {"timestamp": "2026-10-09T17:48:54.335557+00:00", "level": "INFO", "service": "oday-api", "actor": "user", "correlation_id": "bfbb5bbe-3f7a-40b2-9990-95fb33213825", "resource": "HTTP", "action": "GET", "result": "ok", "error_code": null, "message": "HTTP GET /api/v1/operator/network-listings/intake ok"}
[WebServer] {"timestamp": "2026-10-09T17:48:54.538436+00:00", "level": "INFO", "service": "oday-api", "actor": "user", "correlation_id": "8bc1c51e-6060-4b06-82ca-58ad8edcf275", "resource": "HTTP", "action": "GET", "result": "ok", "error_code": null, "message": "HTTP GET /api/v1/operator/network-listings/intake ok"}
[WebServer] {"timestamp": "2026-10-09T17:48:55.374239+00:00", "level": "INFO", "service": "oday-api", "actor": "user", "correlation_id": "corr-91d9cf12-8933-46f5-ac7e-1f3109a5f416", "resource": "HTTP", "action": "POST", "result": "ok", "error_code": null, "message": "HTTP POST /api/v1/operator/network-listings/intake/submit ok"}
[WebServer] {"timestamp": "2026-10-09T17:48:55.478513+00:00", "level": "INFO", "service": "oday-api", "actor": "user", "correlation_id": "69564059-fdf2-4932-94ea-a8dc41db76e2", "resource": "HTTP", "action": "GET", "result": "ok", "error_code": null, "message": "HTTP GET /api/v1/operator/network-listings/intake ok"}
[WebServer] {"timestamp": "2026-10-09T17:48:55.917355+00:00", "level": "INFO", "service": "oday-api", "actor": "user", "correlation_id": "079aa463-63a2-4d7d-aa4d-98f98bcf9f77", "resource": "HTTP", "action": "GET", "result": "ok", "error_code": null, "message": "HTTP GET /api/v1/operator/network-listings/intake ok"}
[WebServer] {"timestamp": "2026-10-09T17:48:55.953129+00:00", "level": "INFO", "service": "oday-api", "actor": "user", "correlation_id": "3734ca35-1122-484d-9431-d29433a1b9e1", "resource": "HTTP", "action": "GET", "result": "ok", "error_code": null, "message": "HTTP GET /api/v1/operator/network-listings/intake/{intake_id} ok"}
[WebServer] {"timestamp": "2026-10-09T17:48:55.957353+00:00", "level": "INFO", "service": "oday-api", "actor": "user", "correlation_id": "e2e3d8ee-cb14-4204-b0ac-1aa09948d1d5", "resource": "HTTP", "action": "GET", "result": "ok", "error_code": null, "message": "HTTP GET /api/v1/operator/network-listings/intake/{intake_id} ok"}
[WebServer] {"timestamp": "2026-10-09T17:48:55.958579+00:00", "level": "INFO", "service": "oday-api", "actor": "user", "correlation_id": "8e87fafb-deb2-450e-ae92-1e80bbbc6be4", "resource": "HTTP", "action": "GET", "result": "ok", "error_code": null, "message": "HTTP GET /api/v1/operator/network-listings/intake ok"}
[WebServer] {"timestamp": "2026-10-09T17:48:56.220240+00:00", "level": "INFO", "service": "oday-api", "actor": "user", "correlation_id": "c74ac3bc-d7ee-45c3-b8e0-a0171bc6528d", "resource": "HTTP", "action": "GET", "result": "ok", "error_code": null, "message": "HTTP GET /api/v1/intakes/{intake_id}/promotion-decision ok"}
[WebServer] {"timestamp": "2026-10-09T17:48:56.730196+00:00", "level": "INFO", "service": "oday-api", "actor": "user", "correlation_id": "8aaae8cb-7a1e-4bbf-b4e0-9f2f0182adf6", "resource": "HTTP", "action": "GET", "result": "ok", "error_code": null, "message": "HTTP GET /api/v1/operator/network-listings/intake ok"}
[WebServer] {"timestamp": "2026-10-09T17:48:56.997783+00:00", "level": "INFO", "service": "oday-api", "actor": "user", "correlation_id": "corr-2b0b250b-82ba-4cda-9109-ff293c07c59b", "resource": "HTTP", "action": "POST", "result": "ok", "error_code": null, "message": "HTTP POST /api/v1/operator/network-listings/intake/{intake_id}/decide ok"}
[WebServer] {"timestamp": "2026-10-09T17:48:57.087111+00:00", "level": "INFO", "service": "oday-api", "actor": "user", "correlation_id": "3b15bf47-1dd3-4a59-be9c-0250eed12559", "resource": "HTTP", "action": "GET", "result": "ok", "error_code": null, "message": "HTTP GET /api/v1/operator/network-listings/intake ok"}
[WebServer] {"timestamp": "2026-10-09T17:48:57.489709+00:00", "level": "INFO", "service": "oday-api", "actor": "user", "correlation_id": "2dfb55f2-a4cc-4a41-a119-ad2689b8898b", "resource": "HTTP", "action": "GET", "result": "ok", "error_code": null, "message": "HTTP GET /api/v1/operator/network-listings/intake ok"}
[WebServer] {"timestamp": "2026-10-09T17:48:57.656838+00:00", "level": "INFO", "service": "oday-api", "actor": "user", "correlation_id": "corr-95eb22af-d9ae-4ff3-a00b-8053dd4afa8b", "resource": "HTTP", "action": "POST", "result": "ok", "error_code": null, "message": "HTTP POST /api/v1/intakes/{intake_id}/promotion-requests ok"}
[WebServer] {"timestamp": "2026-10-09T17:48:57.709777+00:00", "level": "INFO", "service": "oday-api", "actor": "user", "correlation_id": "ddf7da7c-ce39-4075-b7e4-ad0131e4972a", "resource": "HTTP", "action": "GET", "result": "ok", "error_code": null, "message": "HTTP GET /api/v1/operator/network-listings/intake/{intake_id} ok"}
[WebServer] {"timestamp": "2026-10-09T17:48:59.871661+00:00", "level": "INFO", "service": "oday-api", "actor": "user", "correlation_id": "38b0d1bb-5e28-4f6f-a9f9-0d465c63473c", "resource": "HTTP", "action": "GET", "result": "ok", "error_code": null, "message": "HTTP GET /api/v1/operator/network-listings/intake/{intake_id} ok"}
[WebServer] {"timestamp": "2026-10-09T17:48:59.937653+00:00", "level": "INFO", "service": "oday-api", "actor": "user", "correlation_id": "corr-r4-005-read-HZ-01-demand", "resource": "HTTP", "action": "GET", "result": "ok", "error_code": null, "message": "HTTP GET /api/v1/operator/network-listings ok"}
[WebServer] {"timestamp": "2026-10-09T17:48:59.942799+00:00", "level": "INFO", "service": "oday-api", "actor": "user", "correlation_id": "corr-r4-006-scoring-read", "resource": "HTTP", "action": "GET", "result": "ok", "error_code": null, "message": "HTTP GET /api/v1/operator/network-scoring ok"}
[WebServer] {"timestamp": "2026-10-09T17:48:59.950972+00:00", "level": "INFO", "service": "oday-api", "actor": "user", "correlation_id": "corr-r4-007-reviews-read", "resource": "HTTP", "action": "GET", "result": "ok", "error_code": null, "message": "HTTP GET /api/v1/operator/network-reviews ok"}
[WebServer] {"timestamp": "2026-10-09T17:48:59.951526+00:00", "level": "INFO", "service": "oday-api", "actor": "user", "correlation_id": "corr-r4-008-rebalance-read", "resource": "HTTP", "action": "GET", "result": "ok", "error_code": null, "message": "HTTP GET /api/v1/operator/network-rebalance ok"}
[WebServer] {"timestamp": "2026-10-09T17:49:00.221962+00:00", "level": "INFO", "service": "oday-api", "actor": "user", "correlation_id": "8f6b7b60-d3f2-4260-85cd-4c7a1ba1af62", "resource": "HTTP", "action": "GET", "result": "ok", "error_code": null, "message": "HTTP GET /api/v1/operator/network-listings/intake ok"}
[WebServer] {"timestamp": "2026-10-09T17:49:00.262015+00:00", "level": "INFO", "service": "oday-api", "actor": "user", "correlation_id": "a793150e-3155-486d-903f-2b06550c6509", "resource": "HTTP", "action": "GET", "result": "ok", "error_code": null, "message": "HTTP GET /api/v1/operator/network-listings/intake/{intake_id} ok"}
[WebServer] {"timestamp": "2026-10-09T17:49:00.264203+00:00", "level": "INFO", "service": "oday-api", "actor": "user", "correlation_id": "corr-r4-005-read-HZ-01-demand", "resource": "HTTP", "action": "GET", "result": "ok", "error_code": null, "message": "HTTP GET /api/v1/operator/network-listings ok"}
[WebServer] {"timestamp": "2026-10-09T17:49:00.264673+00:00", "level": "INFO", "service": "oday-api", "actor": "user", "correlation_id": "corr-r4-006-scoring-read", "resource": "HTTP", "action": "GET", "result": "ok", "error_code": null, "message": "HTTP GET /api/v1/operator/network-scoring ok"}
[WebServer] {"timestamp": "2026-10-09T17:49:00.323447+00:00", "level": "INFO", "service": "oday-api", "actor": "user", "correlation_id": "corr-r4-008-rebalance-read", "resource": "HTTP", "action": "GET", "result": "ok", "error_code": null, "message": "HTTP GET /api/v1/operator/network-rebalance ok"}
[WebServer] {"timestamp": "2026-10-09T17:49:00.363969+00:00", "level": "INFO", "service": "oday-api", "actor": "user", "correlation_id": "corr-r4-007-reviews-read", "resource": "HTTP", "action": "GET", "result": "ok", "error_code": null, "message": "HTTP GET /api/v1/operator/network-reviews ok"}
[WebServer] {"timestamp": "2026-10-09T17:49:00.405600+00:00", "level": "INFO", "service": "oday-api", "actor": "user", "correlation_id": "corr-operator-bootstrap-2bd07e00-8b9c-4e97-8cde-5ca268938706", "resource": "HTTP", "action": "GET", "result": "ok", "error_code": null, "message": "HTTP GET /api/v1/operator/bootstrap ok"}
[WebServer] {"timestamp": "2026-10-09T17:49:00.657869+00:00", "level": "INFO", "service": "oday-api", "actor": "user", "correlation_id": "0f4253bd-7630-4de4-bcd5-eae9031086d9", "resource": "HTTP", "action": "GET", "result": "ok", "error_code": null, "message": "HTTP GET /api/v1/intakes/{intake_id}/promotion-decision ok"}
  ✘  1 [chromium] › tests/visual/operator-promotion-parity.spec.ts:31:7 › Promotion paired geometry and second actor at 1440 (32.0s)
  -  2 [chromium] › tests/visual/operator-promotion-parity.spec.ts:31:7 › Promotion paired geometry and second actor at 390


  1) [chromium] › tests/visual/operator-promotion-parity.spec.ts:31:7 › Promotion paired geometry and second actor at 1440 

    Error: expect(locator).toBeVisible() failed

    Locator: getByTestId('promotion-second-actor-ok')
    Expected: visible
    Timeout: 15000ms
    Error: element(s) not found

    Call log:
      - Expect "toBeVisible" with timeout 15000ms
      - waiting for getByTestId('promotion-second-actor-ok')


      66 |     await page.evaluate(() => sessionStorage.setItem("oday.operator.subject", "promotion-independent-reviewer"));
      67 |     await page.goto(`/operator?ws=network&tab=radar&selected=${encodeURIComponent(intakeId)}&dialog=detail`);
    > 68 |     await ready(page.getByTestId("promotion-second-actor-ok")).toBeVisible();
         |                                                                ^
      69 |     const trigger = page.getByTestId("promotion-approve-btn");
      70 |     if (phase !== "after") {
      71 |       await page.getByTestId("promotion-review-reason").fill("資料完整、來源與比對唯一，同意建立候選點並排入評分。");
        at /tmp/pantheon-worker-worktrees/pantheon/odp-ui-network-tabs-parity-001/tests/visual/operator-promotion-parity.spec.ts:68:64

    Error Context: test-results/operator-promotion-parity--5d20b-ry-and-second-actor-at-1440-chromium/error-context.md

    Error Context: test-results/operator-promotion-parity--5d20b-ry-and-second-actor-at-1440-chromium/error-context.md

  1 failed
    [chromium] › tests/visual/operator-promotion-parity.spec.ts:31:7 › Promotion paired geometry and second actor at 1440 
  1 did not run
