[WebServer] 2026/10/09 17:54:23 INFO mlflow.agent.hint: Load the `instrumenting-with-mlflow-tracing` skill at /tmp/pantheon-worker-worktrees/pantheon/odp-ui-network-tabs-parity-001/.venv/lib/python3.12/site-packages/mlflow/assistant/skills/instrumenting-with-mlflow-tracing/SKILL.md before writing any tracing code; it ships with this MLflow install. Set MLFLOW_DISABLE_AGENT_HINT=1 to silence this.
[WebServer] 2026/10/09 17:54:26 INFO mlflow.store.db.utils: Creating initial MLflow database tables...
[WebServer] 2026/10/09 17:54:26 INFO mlflow.store.db.utils: Updating database tables
[WebServer] INFO:     Started server process [2036170]
[WebServer] INFO:     Waiting for application startup.
[WebServer] INFO:     Application startup complete.
[WebServer] INFO:     Uvicorn running on http://127.0.0.1:8310 (Press CTRL+C to quit)
[WebServer] {"timestamp": "2026-10-09T17:54:29.446441+00:00", "level": "INFO", "service": "oday-api", "actor": "user", "correlation_id": "c2d72b29-d6f3-4fd9-8c1b-a090050eab6a", "resource": "HTTP", "action": "GET", "result": "ok", "error_code": null, "message": "HTTP GET /platform/health ok"}

Running 2 tests using 1 worker

[WebServer] {"timestamp": "2026-10-09T17:54:46.518875+00:00", "level": "INFO", "service": "oday-api", "actor": "user", "correlation_id": "d7a8516b-6bc9-4ae6-ac99-051a5db85dd6", "resource": "HTTP", "action": "POST", "result": "ok", "error_code": null, "message": "HTTP POST /api/v1/operator/network-listings/reset ok"}
[WebServer] {"timestamp": "2026-10-09T17:54:49.133804+00:00", "level": "INFO", "service": "oday-api", "actor": "user", "correlation_id": "82f7c3ba-3db9-43e8-a193-bc983f987570", "resource": "HTTP", "action": "GET", "result": "ok", "error_code": null, "message": "HTTP GET /api/v1/operator/network-listings/intake ok"}
[WebServer] {"timestamp": "2026-10-09T17:54:51.695504+00:00", "level": "INFO", "service": "oday-api", "actor": "user", "correlation_id": "corr-r4-005-read-HZ-01-demand", "resource": "HTTP", "action": "GET", "result": "ok", "error_code": null, "message": "HTTP GET /api/v1/operator/network-listings ok"}
[WebServer] {"timestamp": "2026-10-09T17:54:51.991923+00:00", "level": "INFO", "service": "oday-api", "actor": "user", "correlation_id": "corr-r4-006-scoring-read", "resource": "HTTP", "action": "GET", "result": "ok", "error_code": null, "message": "HTTP GET /api/v1/operator/network-scoring ok"}
[WebServer] {"timestamp": "2026-10-09T17:54:52.009125+00:00", "level": "INFO", "service": "oday-api", "actor": "user", "correlation_id": "corr-r4-008-rebalance-read", "resource": "HTTP", "action": "GET", "result": "ok", "error_code": null, "message": "HTTP GET /api/v1/operator/network-rebalance ok"}
[WebServer] {"timestamp": "2026-10-09T17:54:52.019890+00:00", "level": "INFO", "service": "oday-api", "actor": "user", "correlation_id": "corr-r4-007-reviews-read", "resource": "HTTP", "action": "GET", "result": "ok", "error_code": null, "message": "HTTP GET /api/v1/operator/network-reviews ok"}
[WebServer] {"timestamp": "2026-10-09T17:54:54.958019+00:00", "level": "INFO", "service": "oday-api", "actor": "user", "correlation_id": "corr-r4-006-scoring-read", "resource": "HTTP", "action": "GET", "result": "ok", "error_code": null, "message": "HTTP GET /api/v1/operator/network-scoring ok"}
[WebServer] {"timestamp": "2026-10-09T17:54:54.962823+00:00", "level": "INFO", "service": "oday-api", "actor": "user", "correlation_id": "corr-r4-008-rebalance-read", "resource": "HTTP", "action": "GET", "result": "ok", "error_code": null, "message": "HTTP GET /api/v1/operator/network-rebalance ok"}
[WebServer] {"timestamp": "2026-10-09T17:54:54.963300+00:00", "level": "INFO", "service": "oday-api", "actor": "user", "correlation_id": "corr-r4-005-read-HZ-01-demand", "resource": "HTTP", "action": "GET", "result": "ok", "error_code": null, "message": "HTTP GET /api/v1/operator/network-listings ok"}
[WebServer] {"timestamp": "2026-10-09T17:54:56.011732+00:00", "level": "INFO", "service": "oday-api", "actor": "user", "correlation_id": "corr-r4-007-reviews-read", "resource": "HTTP", "action": "GET", "result": "ok", "error_code": null, "message": "HTTP GET /api/v1/operator/network-reviews ok"}
[WebServer] {"timestamp": "2026-10-09T17:54:56.102506+00:00", "level": "INFO", "service": "oday-api", "actor": "user", "correlation_id": "corr-operator-bootstrap-5b97630c-18e2-409a-90bc-089c84b83397", "resource": "HTTP", "action": "GET", "result": "ok", "error_code": null, "message": "HTTP GET /api/v1/operator/bootstrap ok"}
[WebServer] {"timestamp": "2026-10-09T17:54:56.350864+00:00", "level": "INFO", "service": "oday-api", "actor": "user", "correlation_id": "aae85af3-a771-46e2-b0c1-d2c451f7b7a3", "resource": "HTTP", "action": "GET", "result": "ok", "error_code": null, "message": "HTTP GET /api/v1/operator/network-listings/intake ok"}
[WebServer] {"timestamp": "2026-10-09T17:54:56.430567+00:00", "level": "INFO", "service": "oday-api", "actor": "user", "correlation_id": "a4dc541b-50b8-4e06-8946-46369cde301e", "resource": "HTTP", "action": "GET", "result": "ok", "error_code": null, "message": "HTTP GET /api/v1/operator/network-listings/intake ok"}
[WebServer] {"timestamp": "2026-10-09T17:54:56.587756+00:00", "level": "INFO", "service": "oday-api", "actor": "user", "correlation_id": "302b37e6-7e1f-4445-a69d-1e87bc06a545", "resource": "HTTP", "action": "GET", "result": "ok", "error_code": null, "message": "HTTP GET /api/v1/operator/network-listings/intake ok"}
[WebServer] {"timestamp": "2026-10-09T17:54:57.632121+00:00", "level": "INFO", "service": "oday-api", "actor": "user", "correlation_id": "corr-72cb8bb1-5ad2-49ad-a0af-591f1070e164", "resource": "HTTP", "action": "POST", "result": "ok", "error_code": null, "message": "HTTP POST /api/v1/operator/network-listings/intake/submit ok"}
[WebServer] {"timestamp": "2026-10-09T17:54:57.715920+00:00", "level": "INFO", "service": "oday-api", "actor": "user", "correlation_id": "0585df42-e419-4b72-8347-2c093e3a8c5a", "resource": "HTTP", "action": "GET", "result": "ok", "error_code": null, "message": "HTTP GET /api/v1/operator/network-listings/intake ok"}
[WebServer] {"timestamp": "2026-10-09T17:54:58.075826+00:00", "level": "INFO", "service": "oday-api", "actor": "user", "correlation_id": "b838419a-5689-44db-badd-3040a3290481", "resource": "HTTP", "action": "GET", "result": "ok", "error_code": null, "message": "HTTP GET /api/v1/operator/network-listings/intake ok"}
[WebServer] {"timestamp": "2026-10-09T17:54:58.116559+00:00", "level": "INFO", "service": "oday-api", "actor": "user", "correlation_id": "f25c5666-e6b6-4722-b333-92a4517329c6", "resource": "HTTP", "action": "GET", "result": "ok", "error_code": null, "message": "HTTP GET /api/v1/operator/network-listings/intake/{intake_id} ok"}
[WebServer] {"timestamp": "2026-10-09T17:54:58.117008+00:00", "level": "INFO", "service": "oday-api", "actor": "user", "correlation_id": "da2efba9-c091-4bf4-8748-7b8f6078b36e", "resource": "HTTP", "action": "GET", "result": "ok", "error_code": null, "message": "HTTP GET /api/v1/operator/network-listings/intake/{intake_id} ok"}
[WebServer] {"timestamp": "2026-10-09T17:54:58.119121+00:00", "level": "INFO", "service": "oday-api", "actor": "user", "correlation_id": "631e89ad-8476-4d95-9cce-cb4e710e57e2", "resource": "HTTP", "action": "GET", "result": "ok", "error_code": null, "message": "HTTP GET /api/v1/operator/network-listings/intake ok"}
[WebServer] {"timestamp": "2026-10-09T17:54:58.395511+00:00", "level": "INFO", "service": "oday-api", "actor": "user", "correlation_id": "80c6d4ae-3abf-41cc-9148-8f1448bbf662", "resource": "HTTP", "action": "GET", "result": "ok", "error_code": null, "message": "HTTP GET /api/v1/intakes/{intake_id}/promotion-decision ok"}
[WebServer] {"timestamp": "2026-10-09T17:54:58.914252+00:00", "level": "INFO", "service": "oday-api", "actor": "user", "correlation_id": "4200e61b-63f7-41c0-a65d-bb676ad95f39", "resource": "HTTP", "action": "GET", "result": "ok", "error_code": null, "message": "HTTP GET /api/v1/operator/network-listings/intake ok"}
[WebServer] {"timestamp": "2026-10-09T17:54:59.180756+00:00", "level": "INFO", "service": "oday-api", "actor": "user", "correlation_id": "corr-67d8f916-c1f6-4513-a3ae-9162e116e63f", "resource": "HTTP", "action": "POST", "result": "ok", "error_code": null, "message": "HTTP POST /api/v1/operator/network-listings/intake/{intake_id}/decide ok"}
[WebServer] {"timestamp": "2026-10-09T17:54:59.254129+00:00", "level": "INFO", "service": "oday-api", "actor": "user", "correlation_id": "38ba4230-2dc5-499b-8d3d-ed72ce4ab6b7", "resource": "HTTP", "action": "GET", "result": "ok", "error_code": null, "message": "HTTP GET /api/v1/operator/network-listings/intake ok"}
[WebServer] {"timestamp": "2026-10-09T17:54:59.722601+00:00", "level": "INFO", "service": "oday-api", "actor": "user", "correlation_id": "cc1e429d-662b-41a7-b090-cc253e2c1a02", "resource": "HTTP", "action": "GET", "result": "ok", "error_code": null, "message": "HTTP GET /api/v1/operator/network-listings/intake ok"}
[WebServer] {"timestamp": "2026-10-09T17:54:59.979941+00:00", "level": "INFO", "service": "oday-api", "actor": "user", "correlation_id": "corr-00472fbe-212e-4a1e-943f-aff1e4abb793", "resource": "HTTP", "action": "POST", "result": "ok", "error_code": null, "message": "HTTP POST /api/v1/intakes/{intake_id}/promotion-requests ok"}
[WebServer] {"timestamp": "2026-10-09T17:55:00.041138+00:00", "level": "INFO", "service": "oday-api", "actor": "user", "correlation_id": "550c1cb9-75e0-475a-80b1-f137942212d0", "resource": "HTTP", "action": "GET", "result": "ok", "error_code": null, "message": "HTTP GET /api/v1/operator/network-listings/intake/{intake_id} ok"}
[WebServer] {"timestamp": "2026-10-09T17:55:02.140891+00:00", "level": "INFO", "service": "oday-api", "actor": "user", "correlation_id": "4f4833f2-bc33-461b-9d68-1d96e1408085", "resource": "HTTP", "action": "GET", "result": "ok", "error_code": null, "message": "HTTP GET /api/v1/operator/network-listings/intake/{intake_id} ok"}
[WebServer] {"timestamp": "2026-10-09T17:55:02.237119+00:00", "level": "INFO", "service": "oday-api", "actor": "user", "correlation_id": "corr-r4-005-read-HZ-01-demand", "resource": "HTTP", "action": "GET", "result": "ok", "error_code": null, "message": "HTTP GET /api/v1/operator/network-listings ok"}
[WebServer] {"timestamp": "2026-10-09T17:55:02.241351+00:00", "level": "INFO", "service": "oday-api", "actor": "user", "correlation_id": "corr-r4-007-reviews-read", "resource": "HTTP", "action": "GET", "result": "ok", "error_code": null, "message": "HTTP GET /api/v1/operator/network-reviews ok"}
[WebServer] {"timestamp": "2026-10-09T17:55:02.242483+00:00", "level": "INFO", "service": "oday-api", "actor": "user", "correlation_id": "corr-r4-006-scoring-read", "resource": "HTTP", "action": "GET", "result": "ok", "error_code": null, "message": "HTTP GET /api/v1/operator/network-scoring ok"}
[WebServer] {"timestamp": "2026-10-09T17:55:02.243333+00:00", "level": "INFO", "service": "oday-api", "actor": "user", "correlation_id": "corr-r4-008-rebalance-read", "resource": "HTTP", "action": "GET", "result": "ok", "error_code": null, "message": "HTTP GET /api/v1/operator/network-rebalance ok"}
[WebServer] {"timestamp": "2026-10-09T17:55:02.521180+00:00", "level": "INFO", "service": "oday-api", "actor": "user", "correlation_id": "corr-r4-005-read-HZ-01-demand", "resource": "HTTP", "action": "GET", "result": "ok", "error_code": null, "message": "HTTP GET /api/v1/operator/network-listings ok"}
[WebServer] {"timestamp": "2026-10-09T17:55:02.522859+00:00", "level": "INFO", "service": "oday-api", "actor": "user", "correlation_id": "7c1a88c0-2e72-4ad9-ad54-6f347f54cac5", "resource": "HTTP", "action": "GET", "result": "ok", "error_code": null, "message": "HTTP GET /api/v1/operator/network-listings/intake/{intake_id} ok"}
[WebServer] {"timestamp": "2026-10-09T17:55:02.527230+00:00", "level": "INFO", "service": "oday-api", "actor": "user", "correlation_id": "corr-r4-006-scoring-read", "resource": "HTTP", "action": "GET", "result": "ok", "error_code": null, "message": "HTTP GET /api/v1/operator/network-scoring ok"}
[WebServer] {"timestamp": "2026-10-09T17:55:02.532126+00:00", "level": "INFO", "service": "oday-api", "actor": "user", "correlation_id": "ab45494e-daa5-4528-a00f-94ad1a9e0151", "resource": "HTTP", "action": "GET", "result": "ok", "error_code": null, "message": "HTTP GET /api/v1/operator/network-listings/intake ok"}
[WebServer] {"timestamp": "2026-10-09T17:55:02.586112+00:00", "level": "INFO", "service": "oday-api", "actor": "user", "correlation_id": "corr-r4-008-rebalance-read", "resource": "HTTP", "action": "GET", "result": "ok", "error_code": null, "message": "HTTP GET /api/v1/operator/network-rebalance ok"}
[WebServer] {"timestamp": "2026-10-09T17:55:02.636852+00:00", "level": "INFO", "service": "oday-api", "actor": "user", "correlation_id": "corr-r4-007-reviews-read", "resource": "HTTP", "action": "GET", "result": "ok", "error_code": null, "message": "HTTP GET /api/v1/operator/network-reviews ok"}
[WebServer] {"timestamp": "2026-10-09T17:55:02.677888+00:00", "level": "INFO", "service": "oday-api", "actor": "user", "correlation_id": "corr-operator-bootstrap-e8eecd64-03a3-407a-8e31-1e1bf60dc357", "resource": "HTTP", "action": "GET", "result": "ok", "error_code": null, "message": "HTTP GET /api/v1/operator/bootstrap ok"}
[WebServer] {"timestamp": "2026-10-09T17:55:03.121262+00:00", "level": "INFO", "service": "oday-api", "actor": "user", "correlation_id": "5e3d7e2d-506a-446d-b829-4db5712e6db8", "resource": "HTTP", "action": "GET", "result": "ok", "error_code": null, "message": "HTTP GET /api/v1/intakes/{intake_id}/promotion-decision ok"}
  ✓  1 [chromium] › tests/visual/operator-promotion-parity.spec.ts:31:7 › Promotion paired geometry and second actor at 1440 (28.9s)
[WebServer] {"timestamp": "2026-10-09T17:55:13.731169+00:00", "level": "INFO", "service": "oday-api", "actor": "user", "correlation_id": "c96a20e3-8945-458f-a345-8f9fb5329745", "resource": "HTTP", "action": "POST", "result": "ok", "error_code": null, "message": "HTTP POST /api/v1/operator/network-listings/reset ok"}
[WebServer] {"timestamp": "2026-10-09T17:55:13.807992+00:00", "level": "INFO", "service": "oday-api", "actor": "user", "correlation_id": "36ee95e7-23e0-448c-9974-f5cb5b5a08f4", "resource": "HTTP", "action": "GET", "result": "ok", "error_code": null, "message": "HTTP GET /api/v1/operator/network-listings/intake ok"}
[WebServer] {"timestamp": "2026-10-09T17:55:15.951485+00:00", "level": "INFO", "service": "oday-api", "actor": "user", "correlation_id": "corr-r4-005-read-HZ-01-demand", "resource": "HTTP", "action": "GET", "result": "ok", "error_code": null, "message": "HTTP GET /api/v1/operator/network-listings ok"}
[WebServer] {"timestamp": "2026-10-09T17:55:16.064500+00:00", "level": "INFO", "service": "oday-api", "actor": "user", "correlation_id": "corr-r4-006-scoring-read", "resource": "HTTP", "action": "GET", "result": "ok", "error_code": null, "message": "HTTP GET /api/v1/operator/network-scoring ok"}
[WebServer] {"timestamp": "2026-10-09T17:55:16.079457+00:00", "level": "INFO", "service": "oday-api", "actor": "user", "correlation_id": "corr-r4-008-rebalance-read", "resource": "HTTP", "action": "GET", "result": "ok", "error_code": null, "message": "HTTP GET /api/v1/operator/network-rebalance ok"}
[WebServer] {"timestamp": "2026-10-09T17:55:16.080547+00:00", "level": "INFO", "service": "oday-api", "actor": "user", "correlation_id": "corr-r4-007-reviews-read", "resource": "HTTP", "action": "GET", "result": "ok", "error_code": null, "message": "HTTP GET /api/v1/operator/network-reviews ok"}
[WebServer] {"timestamp": "2026-10-09T17:55:16.379800+00:00", "level": "INFO", "service": "oday-api", "actor": "user", "correlation_id": "corr-r4-005-read-HZ-01-demand", "resource": "HTTP", "action": "GET", "result": "ok", "error_code": null, "message": "HTTP GET /api/v1/operator/network-listings ok"}
[WebServer] {"timestamp": "2026-10-09T17:55:16.441046+00:00", "level": "INFO", "service": "oday-api", "actor": "user", "correlation_id": "corr-r4-006-scoring-read", "resource": "HTTP", "action": "GET", "result": "ok", "error_code": null, "message": "HTTP GET /api/v1/operator/network-scoring ok"}
[WebServer] {"timestamp": "2026-10-09T17:55:16.441605+00:00", "level": "INFO", "service": "oday-api", "actor": "user", "correlation_id": "corr-r4-008-rebalance-read", "resource": "HTTP", "action": "GET", "result": "ok", "error_code": null, "message": "HTTP GET /api/v1/operator/network-rebalance ok"}
[WebServer] {"timestamp": "2026-10-09T17:55:16.553361+00:00", "level": "INFO", "service": "oday-api", "actor": "user", "correlation_id": "corr-r4-007-reviews-read", "resource": "HTTP", "action": "GET", "result": "ok", "error_code": null, "message": "HTTP GET /api/v1/operator/network-reviews ok"}
[WebServer] {"timestamp": "2026-10-09T17:55:16.591055+00:00", "level": "INFO", "service": "oday-api", "actor": "user", "correlation_id": "corr-operator-bootstrap-9b6e89f9-036a-4044-874d-07614e650e5c", "resource": "HTTP", "action": "GET", "result": "ok", "error_code": null, "message": "HTTP GET /api/v1/operator/bootstrap ok"}
[WebServer] {"timestamp": "2026-10-09T17:55:17.121375+00:00", "level": "INFO", "service": "oday-api", "actor": "user", "correlation_id": "09f410df-bf5d-4181-aaa6-b6290b0bd165", "resource": "HTTP", "action": "GET", "result": "ok", "error_code": null, "message": "HTTP GET /api/v1/operator/network-listings/intake ok"}
[WebServer] {"timestamp": "2026-10-09T17:55:17.159752+00:00", "level": "INFO", "service": "oday-api", "actor": "user", "correlation_id": "d6aee04b-3034-47d8-bb6b-98276647737f", "resource": "HTTP", "action": "GET", "result": "ok", "error_code": null, "message": "HTTP GET /api/v1/operator/network-listings/intake ok"}
[WebServer] {"timestamp": "2026-10-09T17:55:17.359332+00:00", "level": "INFO", "service": "oday-api", "actor": "user", "correlation_id": "b81807f7-ac2c-47a5-9019-5f16bf7c520e", "resource": "HTTP", "action": "GET", "result": "ok", "error_code": null, "message": "HTTP GET /api/v1/operator/network-listings/intake ok"}
[WebServer] {"timestamp": "2026-10-09T17:55:18.342151+00:00", "level": "INFO", "service": "oday-api", "actor": "user", "correlation_id": "corr-fc15a9df-44d2-4e0f-a574-f176eabf2d6e", "resource": "HTTP", "action": "POST", "result": "ok", "error_code": null, "message": "HTTP POST /api/v1/operator/network-listings/intake/submit ok"}
[WebServer] {"timestamp": "2026-10-09T17:55:18.450638+00:00", "level": "INFO", "service": "oday-api", "actor": "user", "correlation_id": "3ee61861-fcfb-49e2-adf6-928a23fcb144", "resource": "HTTP", "action": "GET", "result": "ok", "error_code": null, "message": "HTTP GET /api/v1/operator/network-listings/intake ok"}
[WebServer] {"timestamp": "2026-10-09T17:55:18.803828+00:00", "level": "INFO", "service": "oday-api", "actor": "user", "correlation_id": "c907fe60-4cd9-423f-bf9c-03e1f47c80bf", "resource": "HTTP", "action": "GET", "result": "ok", "error_code": null, "message": "HTTP GET /api/v1/operator/network-listings/intake ok"}
[WebServer] {"timestamp": "2026-10-09T17:55:18.825232+00:00", "level": "INFO", "service": "oday-api", "actor": "user", "correlation_id": "1a7420ca-cc6a-4ce8-8f84-e49667bb9a6a", "resource": "HTTP", "action": "GET", "result": "ok", "error_code": null, "message": "HTTP GET /api/v1/operator/network-listings/intake/{intake_id} ok"}
[WebServer] {"timestamp": "2026-10-09T17:55:18.872157+00:00", "level": "INFO", "service": "oday-api", "actor": "user", "correlation_id": "e128a264-c403-428b-89e9-2773f8296b2a", "resource": "HTTP", "action": "GET", "result": "ok", "error_code": null, "message": "HTTP GET /api/v1/operator/network-listings/intake ok"}
[WebServer] {"timestamp": "2026-10-09T17:55:18.874302+00:00", "level": "INFO", "service": "oday-api", "actor": "user", "correlation_id": "b6c3c1cc-47e7-446e-a664-5f684d9659fb", "resource": "HTTP", "action": "GET", "result": "ok", "error_code": null, "message": "HTTP GET /api/v1/operator/network-listings/intake/{intake_id} ok"}
[WebServer] {"timestamp": "2026-10-09T17:55:19.112261+00:00", "level": "INFO", "service": "oday-api", "actor": "user", "correlation_id": "bdba6522-5b7d-4e31-9ccf-9ade65fa7902", "resource": "HTTP", "action": "GET", "result": "ok", "error_code": null, "message": "HTTP GET /api/v1/intakes/{intake_id}/promotion-decision ok"}
[WebServer] {"timestamp": "2026-10-09T17:55:19.686654+00:00", "level": "INFO", "service": "oday-api", "actor": "user", "correlation_id": "74eca387-f316-4436-aa56-57363e1f5343", "resource": "HTTP", "action": "GET", "result": "ok", "error_code": null, "message": "HTTP GET /api/v1/operator/network-listings/intake ok"}
[WebServer] {"timestamp": "2026-10-09T17:55:19.969557+00:00", "level": "INFO", "service": "oday-api", "actor": "user", "correlation_id": "corr-9af07924-dca6-4b71-b3a6-3accc3688ad2", "resource": "HTTP", "action": "POST", "result": "ok", "error_code": null, "message": "HTTP POST /api/v1/operator/network-listings/intake/{intake_id}/decide ok"}
[WebServer] {"timestamp": "2026-10-09T17:55:20.055324+00:00", "level": "INFO", "service": "oday-api", "actor": "user", "correlation_id": "92f7a7e8-1e89-458e-bcf9-eb1f435ec6c6", "resource": "HTTP", "action": "GET", "result": "ok", "error_code": null, "message": "HTTP GET /api/v1/operator/network-listings/intake ok"}
[WebServer] {"timestamp": "2026-10-09T17:55:20.453123+00:00", "level": "INFO", "service": "oday-api", "actor": "user", "correlation_id": "821e3232-603a-412d-8d0c-3649f57fdde2", "resource": "HTTP", "action": "GET", "result": "ok", "error_code": null, "message": "HTTP GET /api/v1/operator/network-listings/intake ok"}
[WebServer] {"timestamp": "2026-10-09T17:55:20.619327+00:00", "level": "INFO", "service": "oday-api", "actor": "user", "correlation_id": "corr-1470b77a-a714-4552-a61f-acaa2ba25528", "resource": "HTTP", "action": "POST", "result": "ok", "error_code": null, "message": "HTTP POST /api/v1/intakes/{intake_id}/promotion-requests ok"}
[WebServer] {"timestamp": "2026-10-09T17:55:20.668082+00:00", "level": "INFO", "service": "oday-api", "actor": "user", "correlation_id": "c34d22dc-24f3-4b32-8a46-c44ffb57ac95", "resource": "HTTP", "action": "GET", "result": "ok", "error_code": null, "message": "HTTP GET /api/v1/operator/network-listings/intake/{intake_id} ok"}
[WebServer] {"timestamp": "2026-10-09T17:55:23.056330+00:00", "level": "INFO", "service": "oday-api", "actor": "user", "correlation_id": "d44bb0cc-989e-474c-bf33-dbcfac318109", "resource": "HTTP", "action": "GET", "result": "ok", "error_code": null, "message": "HTTP GET /api/v1/operator/network-listings/intake/{intake_id} ok"}
[WebServer] {"timestamp": "2026-10-09T17:55:23.113677+00:00", "level": "INFO", "service": "oday-api", "actor": "user", "correlation_id": "corr-r4-008-rebalance-read", "resource": "HTTP", "action": "GET", "result": "ok", "error_code": null, "message": "HTTP GET /api/v1/operator/network-rebalance ok"}
[WebServer] {"timestamp": "2026-10-09T17:55:23.115436+00:00", "level": "INFO", "service": "oday-api", "actor": "user", "correlation_id": "corr-r4-005-read-HZ-01-demand", "resource": "HTTP", "action": "GET", "result": "ok", "error_code": null, "message": "HTTP GET /api/v1/operator/network-listings ok"}
[WebServer] {"timestamp": "2026-10-09T17:55:23.118133+00:00", "level": "INFO", "service": "oday-api", "actor": "user", "correlation_id": "corr-r4-007-reviews-read", "resource": "HTTP", "action": "GET", "result": "ok", "error_code": null, "message": "HTTP GET /api/v1/operator/network-reviews ok"}
[WebServer] {"timestamp": "2026-10-09T17:55:23.119275+00:00", "level": "INFO", "service": "oday-api", "actor": "user", "correlation_id": "corr-r4-006-scoring-read", "resource": "HTTP", "action": "GET", "result": "ok", "error_code": null, "message": "HTTP GET /api/v1/operator/network-scoring ok"}
[WebServer] {"timestamp": "2026-10-09T17:55:23.335098+00:00", "level": "INFO", "service": "oday-api", "actor": "user", "correlation_id": "0b32067a-af3b-4a42-8dbf-e451ba59b95f", "resource": "HTTP", "action": "GET", "result": "ok", "error_code": null, "message": "HTTP GET /api/v1/operator/network-listings/intake ok"}
[WebServer] {"timestamp": "2026-10-09T17:55:23.529025+00:00", "level": "INFO", "service": "oday-api", "actor": "user", "correlation_id": "497eaa98-9512-40b9-95aa-e09101b39ea5", "resource": "HTTP", "action": "GET", "result": "ok", "error_code": null, "message": "HTTP GET /api/v1/operator/network-listings/intake/{intake_id} ok"}
[WebServer] {"timestamp": "2026-10-09T17:55:23.535778+00:00", "level": "INFO", "service": "oday-api", "actor": "user", "correlation_id": "corr-r4-006-scoring-read", "resource": "HTTP", "action": "GET", "result": "ok", "error_code": null, "message": "HTTP GET /api/v1/operator/network-scoring ok"}
[WebServer] {"timestamp": "2026-10-09T17:55:23.537174+00:00", "level": "INFO", "service": "oday-api", "actor": "user", "correlation_id": "corr-r4-005-read-HZ-01-demand", "resource": "HTTP", "action": "GET", "result": "ok", "error_code": null, "message": "HTTP GET /api/v1/operator/network-listings ok"}
[WebServer] {"timestamp": "2026-10-09T17:55:23.602111+00:00", "level": "INFO", "service": "oday-api", "actor": "user", "correlation_id": "corr-r4-008-rebalance-read", "resource": "HTTP", "action": "GET", "result": "ok", "error_code": null, "message": "HTTP GET /api/v1/operator/network-rebalance ok"}
[WebServer] {"timestamp": "2026-10-09T17:55:23.642031+00:00", "level": "INFO", "service": "oday-api", "actor": "user", "correlation_id": "corr-r4-007-reviews-read", "resource": "HTTP", "action": "GET", "result": "ok", "error_code": null, "message": "HTTP GET /api/v1/operator/network-reviews ok"}
[WebServer] {"timestamp": "2026-10-09T17:55:23.691235+00:00", "level": "INFO", "service": "oday-api", "actor": "user", "correlation_id": "corr-operator-bootstrap-a75b7903-af84-4205-b9ee-45f3be2d3596", "resource": "HTTP", "action": "GET", "result": "ok", "error_code": null, "message": "HTTP GET /api/v1/operator/bootstrap ok"}
[WebServer] {"timestamp": "2026-10-09T17:55:23.996062+00:00", "level": "INFO", "service": "oday-api", "actor": "user", "correlation_id": "d21df4fc-a401-48b2-9e87-f3f4b2488b80", "resource": "HTTP", "action": "GET", "result": "ok", "error_code": null, "message": "HTTP GET /api/v1/intakes/{intake_id}/promotion-decision ok"}
  ✘  2 [chromium] › tests/visual/operator-promotion-parity.spec.ts:31:7 › Promotion paired geometry and second actor at 390 (32.5s)


  1) [chromium] › tests/visual/operator-promotion-parity.spec.ts:31:7 › Promotion paired geometry and second actor at 390 

    TimeoutError: locator.click: Timeout 15000ms exceeded.
    Call log:
      - waiting for getByRole('button', { name: /展店經理/ })
        - locator resolved to <button data-dc-tpl="42">…</button>
      - attempting click action
        2 × waiting for element to be visible, enabled and stable
          - element is visible, enabled and stable
          - scrolling into view if needed
          - done scrolling
          - <div data-dc-tpl="2127">…</div> from <div data-dc-tpl="2125" data-screen-label="Intake 收件處理詳情頁">…</div> subtree intercepts pointer events
        - retrying click action
        - waiting 20ms
        2 × waiting for element to be visible, enabled and stable
          - element is visible, enabled and stable
          - scrolling into view if needed
          - done scrolling
          - <div data-dc-tpl="2127">…</div> from <div data-dc-tpl="2125" data-screen-label="Intake 收件處理詳情頁">…</div> subtree intercepts pointer events
        - retrying click action
          - waiting 100ms
        29 × waiting for element to be visible, enabled and stable
           - element is visible, enabled and stable
           - scrolling into view if needed
           - done scrolling
           - <div data-dc-tpl="2127">…</div> from <div data-dc-tpl="2125" data-screen-label="Intake 收件處理詳情頁">…</div> subtree intercepts pointer events
         - retrying click action
           - waiting 500ms


       95 |       await detail.getByRole("button", { name: /提出.*promotion|提出.*晉升/ }).dispatchEvent("click");
       96 |       await ready(detail).toContainText("PENDING_APPROVAL");
    >  97 |       await design.getByRole("button", { name: /展店經理/ }).click();
          |                                                          ^
       98 |       await design.getByRole("button", { name: /展店主管/ }).dispatchEvent("click");
       99 |       await detail.getByRole("button", { name: "審查並核准 promotion（second actor）", exact: true }).dispatchEvent("click");
      100 |       await design.addStyleTag({ content: "*, *::before, *::after { animation: none !important; transition: none !important; }" });
        at /tmp/pantheon-worker-worktrees/pantheon/odp-ui-network-tabs-parity-001/tests/visual/operator-promotion-parity.spec.ts:97:58

    Error Context: test-results/operator-promotion-parity--0ef5d-try-and-second-actor-at-390-chromium/error-context.md

    Error Context: test-results/operator-promotion-parity--0ef5d-try-and-second-actor-at-390-chromium/error-context.md

  1 failed
    [chromium] › tests/visual/operator-promotion-parity.spec.ts:31:7 › Promotion paired geometry and second actor at 390 
  1 passed (1.5m)
