[WebServer] 2026/10/09 14:29:30 INFO mlflow.agent.hint: Load the `instrumenting-with-mlflow-tracing` skill at /tmp/pantheon-worker-worktrees/pantheon/odp-ui-network-tabs-parity-001/.venv/lib/python3.12/site-packages/mlflow/assistant/skills/instrumenting-with-mlflow-tracing/SKILL.md before writing any tracing code; it ships with this MLflow install. Set MLFLOW_DISABLE_AGENT_HINT=1 to silence this.
[WebServer] 2026/10/09 14:29:32 INFO mlflow.store.db.utils: Creating initial MLflow database tables...
[WebServer] 2026/10/09 14:29:32 INFO mlflow.store.db.utils: Updating database tables
[WebServer] INFO:     Started server process [1846069]
[WebServer] INFO:     Waiting for application startup.
[WebServer] INFO:     Application startup complete.
[WebServer] INFO:     Uvicorn running on http://127.0.0.1:8310 (Press CTRL+C to quit)
[WebServer] {"timestamp": "2026-10-09T14:29:36.781022+00:00", "level": "INFO", "service": "oday-api", "actor": "user", "correlation_id": "1771ea1b-b5e4-4f65-a5a7-9e5aa74e0944", "resource": "HTTP", "action": "GET", "result": "ok", "error_code": null, "message": "HTTP GET /platform/health ok"}

Running 27 tests using 1 worker

  ✓   1 [chromium] › tests/e2e/e2e-network-find-areas-api-binding.spec.ts:35:7 › ODP-FIN-FE-002 Network Find Areas API binding › Network Find Areas workspace renders with Package 10 summary stats (2.9s)
  ✓   2 [chromium] › tests/e2e/e2e-network-find-areas-api-binding.spec.ts:49:7 › ODP-FIN-FE-002 Network Find Areas API binding › Network workspace shows fixture data indicator when API is unavailable (8.1s)
[WebServer] {"timestamp": "2026-10-09T14:30:03.930814+00:00", "level": "INFO", "service": "oday-api", "actor": "user", "correlation_id": "corr-r4-006-scoring-read", "resource": "HTTP", "action": "GET", "result": "ok", "error_code": null, "message": "HTTP GET /api/v1/operator/network-scoring ok"}
[WebServer] {"timestamp": "2026-10-09T14:30:03.932553+00:00", "level": "INFO", "service": "oday-api", "actor": "user", "correlation_id": "corr-r4-007-reviews-read", "resource": "HTTP", "action": "GET", "result": "ok", "error_code": null, "message": "HTTP GET /api/v1/operator/network-reviews ok"}
[WebServer] {"timestamp": "2026-10-09T14:30:03.933030+00:00", "level": "INFO", "service": "oday-api", "actor": "user", "correlation_id": "corr-r4-008-rebalance-read", "resource": "HTTP", "action": "GET", "result": "ok", "error_code": null, "message": "HTTP GET /api/v1/operator/network-rebalance ok"}
[WebServer] {"timestamp": "2026-10-09T14:30:03.940361+00:00", "level": "INFO", "service": "oday-api", "actor": "user", "correlation_id": "corr-r4-007-reviews-read", "resource": "HTTP", "action": "GET", "result": "ok", "error_code": null, "message": "HTTP GET /api/v1/operator/network-reviews ok"}
[WebServer] {"timestamp": "2026-10-09T14:30:03.941749+00:00", "level": "INFO", "service": "oday-api", "actor": "user", "correlation_id": "corr-r4-005-read-HZ-01-demand", "resource": "HTTP", "action": "GET", "result": "ok", "error_code": null, "message": "HTTP GET /api/v1/operator/network-listings ok"}
[WebServer] {"timestamp": "2026-10-09T14:30:03.942744+00:00", "level": "INFO", "service": "oday-api", "actor": "user", "correlation_id": "corr-r4-008-rebalance-read", "resource": "HTTP", "action": "GET", "result": "ok", "error_code": null, "message": "HTTP GET /api/v1/operator/network-rebalance ok"}
[WebServer] {"timestamp": "2026-10-09T14:30:03.943809+00:00", "level": "INFO", "service": "oday-api", "actor": "user", "correlation_id": "corr-r4-006-scoring-read", "resource": "HTTP", "action": "GET", "result": "ok", "error_code": null, "message": "HTTP GET /api/v1/operator/network-scoring ok"}
[WebServer] {"timestamp": "2026-10-09T14:30:03.947074+00:00", "level": "INFO", "service": "oday-api", "actor": "user", "correlation_id": "corr-r4-005-read-HZ-01-demand", "resource": "HTTP", "action": "GET", "result": "ok", "error_code": null, "message": "HTTP GET /api/v1/operator/network-listings ok"}
[WebServer] {"timestamp": "2026-10-09T14:30:09.502748+00:00", "level": "INFO", "service": "oday-api", "actor": "user", "correlation_id": "corr-r4-005-read-HZ-01-demand", "resource": "HTTP", "action": "GET", "result": "ok", "error_code": null, "message": "HTTP GET /api/v1/operator/network-listings ok"}
[WebServer] {"timestamp": "2026-10-09T14:30:09.632272+00:00", "level": "INFO", "service": "oday-api", "actor": "user", "correlation_id": "corr-r4-006-scoring-read", "resource": "HTTP", "action": "GET", "result": "ok", "error_code": null, "message": "HTTP GET /api/v1/operator/network-scoring ok"}
[WebServer] {"timestamp": "2026-10-09T14:30:09.637702+00:00", "level": "INFO", "service": "oday-api", "actor": "user", "correlation_id": "corr-r4-007-reviews-read", "resource": "HTTP", "action": "GET", "result": "ok", "error_code": null, "message": "HTTP GET /api/v1/operator/network-reviews ok"}
[WebServer] {"timestamp": "2026-10-09T14:30:09.640244+00:00", "level": "INFO", "service": "oday-api", "actor": "user", "correlation_id": "corr-r4-008-rebalance-read", "resource": "HTTP", "action": "GET", "result": "ok", "error_code": null, "message": "HTTP GET /api/v1/operator/network-rebalance ok"}
[WebServer] {"timestamp": "2026-10-09T14:30:10.069308+00:00", "level": "INFO", "service": "oday-api", "actor": "user", "correlation_id": "corr-r4-005-read-HZ-01-demand", "resource": "HTTP", "action": "GET", "result": "ok", "error_code": null, "message": "HTTP GET /api/v1/operator/network-listings ok"}
[WebServer] {"timestamp": "2026-10-09T14:30:10.139607+00:00", "level": "INFO", "service": "oday-api", "actor": "user", "correlation_id": "corr-r4-006-scoring-read", "resource": "HTTP", "action": "GET", "result": "ok", "error_code": null, "message": "HTTP GET /api/v1/operator/network-scoring ok"}
[WebServer] {"timestamp": "2026-10-09T14:30:10.142755+00:00", "level": "INFO", "service": "oday-api", "actor": "user", "correlation_id": "corr-r4-008-rebalance-read", "resource": "HTTP", "action": "GET", "result": "ok", "error_code": null, "message": "HTTP GET /api/v1/operator/network-rebalance ok"}
[WebServer] {"timestamp": "2026-10-09T14:30:10.397195+00:00", "level": "INFO", "service": "oday-api", "actor": "user", "correlation_id": "corr-r4-007-reviews-read", "resource": "HTTP", "action": "GET", "result": "ok", "error_code": null, "message": "HTTP GET /api/v1/operator/network-reviews ok"}
  ✓   3 [chromium] › tests/e2e/e2e-network-find-areas-api-binding.spec.ts:66:7 › ODP-FIN-FE-002 Network Find Areas API binding › Listing Radar tab renders the listing table (7.0s)
[WebServer] {"timestamp": "2026-10-09T14:30:12.978452+00:00", "level": "INFO", "service": "oday-api", "actor": "user", "correlation_id": "corr-r4-005-read-HZ-01-demand", "resource": "HTTP", "action": "GET", "result": "ok", "error_code": null, "message": "HTTP GET /api/v1/operator/network-listings ok"}
[WebServer] {"timestamp": "2026-10-09T14:30:13.183900+00:00", "level": "INFO", "service": "oday-api", "actor": "user", "correlation_id": "corr-r4-006-scoring-read", "resource": "HTTP", "action": "GET", "result": "ok", "error_code": null, "message": "HTTP GET /api/v1/operator/network-scoring ok"}
[WebServer] {"timestamp": "2026-10-09T14:30:13.184504+00:00", "level": "INFO", "service": "oday-api", "actor": "user", "correlation_id": "corr-r4-008-rebalance-read", "resource": "HTTP", "action": "GET", "result": "ok", "error_code": null, "message": "HTTP GET /api/v1/operator/network-rebalance ok"}
[WebServer] {"timestamp": "2026-10-09T14:30:13.184919+00:00", "level": "INFO", "service": "oday-api", "actor": "user", "correlation_id": "corr-r4-007-reviews-read", "resource": "HTTP", "action": "GET", "result": "ok", "error_code": null, "message": "HTTP GET /api/v1/operator/network-reviews ok"}
[WebServer] {"timestamp": "2026-10-09T14:30:13.565935+00:00", "level": "INFO", "service": "oday-api", "actor": "user", "correlation_id": "corr-r4-005-read-HZ-01-demand", "resource": "HTTP", "action": "GET", "result": "ok", "error_code": null, "message": "HTTP GET /api/v1/operator/network-listings ok"}
[WebServer] {"timestamp": "2026-10-09T14:30:13.619929+00:00", "level": "INFO", "service": "oday-api", "actor": "user", "correlation_id": "corr-r4-006-scoring-read", "resource": "HTTP", "action": "GET", "result": "ok", "error_code": null, "message": "HTTP GET /api/v1/operator/network-scoring ok"}
[WebServer] {"timestamp": "2026-10-09T14:30:13.622421+00:00", "level": "INFO", "service": "oday-api", "actor": "user", "correlation_id": "corr-r4-008-rebalance-read", "resource": "HTTP", "action": "GET", "result": "ok", "error_code": null, "message": "HTTP GET /api/v1/operator/network-rebalance ok"}
[WebServer] {"timestamp": "2026-10-09T14:30:13.902034+00:00", "level": "INFO", "service": "oday-api", "actor": "user", "correlation_id": "corr-r4-007-reviews-read", "resource": "HTTP", "action": "GET", "result": "ok", "error_code": null, "message": "HTTP GET /api/v1/operator/network-reviews ok"}
[WebServer] {"timestamp": "2026-10-09T14:30:13.948205+00:00", "level": "INFO", "service": "oday-api", "actor": "user", "correlation_id": "corr-operator-bootstrap-cf098ba3-6707-4a13-9277-89c45200b0e4", "resource": "HTTP", "action": "GET", "result": "ok", "error_code": null, "message": "HTTP GET /api/v1/operator/bootstrap ok"}
  ✓   4 [chromium] › tests/e2e/e2e-network-find-areas-api-binding.spec.ts:80:7 › ODP-FIN-FE-002 Network Find Areas API binding › Candidate Pipeline tab renders without crash (3.4s)
[WebServer] {"timestamp": "2026-10-09T14:30:15.835928+00:00", "level": "INFO", "service": "oday-api", "actor": "user", "correlation_id": "corr-operator-bootstrap-9fa481d6-7ccc-4317-9f18-e1d87cc31854", "resource": "HTTP", "action": "GET", "result": "ok", "error_code": null, "message": "HTTP GET /api/v1/operator/bootstrap ok"}
[WebServer] {"timestamp": "2026-10-09T14:30:15.929598+00:00", "level": "INFO", "service": "oday-api", "actor": "user", "correlation_id": "corr-r4-005-read-HZ-01-demand", "resource": "HTTP", "action": "GET", "result": "ok", "error_code": null, "message": "HTTP GET /api/v1/operator/network-listings ok"}
[WebServer] {"timestamp": "2026-10-09T14:30:15.957959+00:00", "level": "INFO", "service": "oday-api", "actor": "user", "correlation_id": "corr-r4-008-rebalance-read", "resource": "HTTP", "action": "GET", "result": "ok", "error_code": null, "message": "HTTP GET /api/v1/operator/network-rebalance ok"}
[WebServer] {"timestamp": "2026-10-09T14:30:15.958500+00:00", "level": "INFO", "service": "oday-api", "actor": "user", "correlation_id": "corr-r4-006-scoring-read", "resource": "HTTP", "action": "GET", "result": "ok", "error_code": null, "message": "HTTP GET /api/v1/operator/network-scoring ok"}
[WebServer] {"timestamp": "2026-10-09T14:30:16.000894+00:00", "level": "INFO", "service": "oday-api", "actor": "user", "correlation_id": "corr-r4-007-reviews-read", "resource": "HTTP", "action": "GET", "result": "ok", "error_code": null, "message": "HTTP GET /api/v1/operator/network-reviews ok"}
[WebServer] {"timestamp": "2026-10-09T14:30:16.200101+00:00", "level": "INFO", "service": "oday-api", "actor": "user", "correlation_id": "corr-r4-005-read-HZ-01-demand", "resource": "HTTP", "action": "GET", "result": "ok", "error_code": null, "message": "HTTP GET /api/v1/operator/network-listings ok"}
[WebServer] {"timestamp": "2026-10-09T14:30:16.263820+00:00", "level": "INFO", "service": "oday-api", "actor": "user", "correlation_id": "corr-r4-006-scoring-read", "resource": "HTTP", "action": "GET", "result": "ok", "error_code": null, "message": "HTTP GET /api/v1/operator/network-scoring ok"}
[WebServer] {"timestamp": "2026-10-09T14:30:16.318817+00:00", "level": "INFO", "service": "oday-api", "actor": "user", "correlation_id": "corr-r4-008-rebalance-read", "resource": "HTTP", "action": "GET", "result": "ok", "error_code": null, "message": "HTTP GET /api/v1/operator/network-rebalance ok"}
[WebServer] {"timestamp": "2026-10-09T14:30:16.506980+00:00", "level": "INFO", "service": "oday-api", "actor": "user", "correlation_id": "corr-r4-007-reviews-read", "resource": "HTTP", "action": "GET", "result": "ok", "error_code": null, "message": "HTTP GET /api/v1/operator/network-reviews ok"}
  ✓   5 [chromium] › tests/e2e/e2e-network-find-areas-api-binding.spec.ts:91:7 › ODP-FIN-FE-002 Network Find Areas API binding › SiteScore Lab tab renders without crash (3.0s)
[WebServer] {"timestamp": "2026-10-09T14:30:18.873050+00:00", "level": "INFO", "service": "oday-api", "actor": "user", "correlation_id": "corr-operator-bootstrap-c130271c-d0d3-4890-937a-595ffbeaf29b", "resource": "HTTP", "action": "GET", "result": "ok", "error_code": null, "message": "HTTP GET /api/v1/operator/bootstrap ok"}
[WebServer] {"timestamp": "2026-10-09T14:30:19.009670+00:00", "level": "INFO", "service": "oday-api", "actor": "user", "correlation_id": "corr-r4-005-read-HZ-01-demand", "resource": "HTTP", "action": "GET", "result": "ok", "error_code": null, "message": "HTTP GET /api/v1/operator/network-listings ok"}
[WebServer] {"timestamp": "2026-10-09T14:30:19.085573+00:00", "level": "INFO", "service": "oday-api", "actor": "user", "correlation_id": "corr-r4-006-scoring-read", "resource": "HTTP", "action": "GET", "result": "ok", "error_code": null, "message": "HTTP GET /api/v1/operator/network-scoring ok"}
[WebServer] {"timestamp": "2026-10-09T14:30:19.086162+00:00", "level": "INFO", "service": "oday-api", "actor": "user", "correlation_id": "corr-r4-007-reviews-read", "resource": "HTTP", "action": "GET", "result": "ok", "error_code": null, "message": "HTTP GET /api/v1/operator/network-reviews ok"}
[WebServer] {"timestamp": "2026-10-09T14:30:19.090732+00:00", "level": "INFO", "service": "oday-api", "actor": "user", "correlation_id": "corr-r4-008-rebalance-read", "resource": "HTTP", "action": "GET", "result": "ok", "error_code": null, "message": "HTTP GET /api/v1/operator/network-rebalance ok"}
[WebServer] {"timestamp": "2026-10-09T14:30:19.357600+00:00", "level": "INFO", "service": "oday-api", "actor": "user", "correlation_id": "corr-r4-005-read-HZ-01-demand", "resource": "HTTP", "action": "GET", "result": "ok", "error_code": null, "message": "HTTP GET /api/v1/operator/network-listings ok"}
[WebServer] {"timestamp": "2026-10-09T14:30:19.415692+00:00", "level": "INFO", "service": "oday-api", "actor": "user", "correlation_id": "corr-r4-008-rebalance-read", "resource": "HTTP", "action": "GET", "result": "ok", "error_code": null, "message": "HTTP GET /api/v1/operator/network-rebalance ok"}
[WebServer] {"timestamp": "2026-10-09T14:30:19.417376+00:00", "level": "INFO", "service": "oday-api", "actor": "user", "correlation_id": "corr-r4-006-scoring-read", "resource": "HTTP", "action": "GET", "result": "ok", "error_code": null, "message": "HTTP GET /api/v1/operator/network-scoring ok"}
[WebServer] {"timestamp": "2026-10-09T14:30:19.603990+00:00", "level": "INFO", "service": "oday-api", "actor": "user", "correlation_id": "corr-r4-007-reviews-read", "resource": "HTTP", "action": "GET", "result": "ok", "error_code": null, "message": "HTTP GET /api/v1/operator/network-reviews ok"}
  ✓   6 [chromium] › tests/e2e/e2e-network-find-areas-api-binding.spec.ts:97:7 › ODP-FIN-FE-002 Network Find Areas API binding › Rebalance tab renders without crash (fixture-only, no backend endpoint) (3.0s)
[WebServer] {"timestamp": "2026-10-09T14:30:21.916686+00:00", "level": "INFO", "service": "oday-api", "actor": "user", "correlation_id": "corr-operator-bootstrap-468dcf3c-be51-4ca8-bbe0-5f8ba68ffef0", "resource": "HTTP", "action": "GET", "result": "ok", "error_code": null, "message": "HTTP GET /api/v1/operator/bootstrap ok"}
[WebServer] {"timestamp": "2026-10-09T14:30:22.097588+00:00", "level": "INFO", "service": "oday-api", "actor": "user", "correlation_id": "corr-r4-005-read-HZ-01-demand", "resource": "HTTP", "action": "GET", "result": "ok", "error_code": null, "message": "HTTP GET /api/v1/operator/network-listings ok"}
[WebServer] {"timestamp": "2026-10-09T14:30:22.164587+00:00", "level": "INFO", "service": "oday-api", "actor": "user", "correlation_id": "corr-r4-006-scoring-read", "resource": "HTTP", "action": "GET", "result": "ok", "error_code": null, "message": "HTTP GET /api/v1/operator/network-scoring ok"}
[WebServer] {"timestamp": "2026-10-09T14:30:22.168500+00:00", "level": "INFO", "service": "oday-api", "actor": "user", "correlation_id": "corr-r4-008-rebalance-read", "resource": "HTTP", "action": "GET", "result": "ok", "error_code": null, "message": "HTTP GET /api/v1/operator/network-rebalance ok"}
[WebServer] {"timestamp": "2026-10-09T14:30:22.169014+00:00", "level": "INFO", "service": "oday-api", "actor": "user", "correlation_id": "corr-r4-007-reviews-read", "resource": "HTTP", "action": "GET", "result": "ok", "error_code": null, "message": "HTTP GET /api/v1/operator/network-reviews ok"}
[WebServer] {"timestamp": "2026-10-09T14:30:22.483072+00:00", "level": "INFO", "service": "oday-api", "actor": "user", "correlation_id": "corr-r4-005-read-HZ-01-demand", "resource": "HTTP", "action": "GET", "result": "ok", "error_code": null, "message": "HTTP GET /api/v1/operator/network-listings ok"}
[WebServer] {"timestamp": "2026-10-09T14:30:22.529032+00:00", "level": "INFO", "service": "oday-api", "actor": "user", "correlation_id": "corr-r4-006-scoring-read", "resource": "HTTP", "action": "GET", "result": "ok", "error_code": null, "message": "HTTP GET /api/v1/operator/network-scoring ok"}
[WebServer] {"timestamp": "2026-10-09T14:30:22.714847+00:00", "level": "INFO", "service": "oday-api", "actor": "user", "correlation_id": "corr-r4-008-rebalance-read", "resource": "HTTP", "action": "GET", "result": "ok", "error_code": null, "message": "HTTP GET /api/v1/operator/network-rebalance ok"}
[WebServer] {"timestamp": "2026-10-09T14:30:22.757375+00:00", "level": "INFO", "service": "oday-api", "actor": "user", "correlation_id": "corr-r4-007-reviews-read", "resource": "HTTP", "action": "GET", "result": "ok", "error_code": null, "message": "HTTP GET /api/v1/operator/network-reviews ok"}
  ✓   7 [chromium] › tests/e2e/e2e-network-find-areas-api-binding.spec.ts:105:7 › ODP-FIN-FE-002 Network Find Areas API binding › Find Areas panel shows HeatZone map with zone markers (7.6s)
[WebServer] {"timestamp": "2026-10-09T14:30:27.937305+00:00", "level": "INFO", "service": "oday-api", "actor": "user", "correlation_id": "d6556bcb-a66e-4d7e-a9ba-153b4b0c1d69", "resource": "HTTP", "action": "POST", "result": "ok", "error_code": null, "message": "HTTP POST /api/v1/operator/network-listings/reset ok"}
[WebServer] {"timestamp": "2026-10-09T14:30:29.790843+00:00", "level": "INFO", "service": "oday-api", "actor": "user", "correlation_id": "corr-r4-005-read-HZ-01-demand", "resource": "HTTP", "action": "GET", "result": "ok", "error_code": null, "message": "HTTP GET /api/v1/operator/network-listings ok"}
[WebServer] {"timestamp": "2026-10-09T14:30:29.855386+00:00", "level": "INFO", "service": "oday-api", "actor": "user", "correlation_id": "corr-r4-008-rebalance-read", "resource": "HTTP", "action": "GET", "result": "ok", "error_code": null, "message": "HTTP GET /api/v1/operator/network-rebalance ok"}
[WebServer] {"timestamp": "2026-10-09T14:30:29.858688+00:00", "level": "INFO", "service": "oday-api", "actor": "user", "correlation_id": "corr-r4-007-reviews-read", "resource": "HTTP", "action": "GET", "result": "ok", "error_code": null, "message": "HTTP GET /api/v1/operator/network-reviews ok"}
[WebServer] {"timestamp": "2026-10-09T14:30:29.859183+00:00", "level": "INFO", "service": "oday-api", "actor": "user", "correlation_id": "corr-r4-006-scoring-read", "resource": "HTTP", "action": "GET", "result": "ok", "error_code": null, "message": "HTTP GET /api/v1/operator/network-scoring ok"}
[WebServer] {"timestamp": "2026-10-09T14:30:30.903132+00:00", "level": "INFO", "service": "oday-api", "actor": "user", "correlation_id": "corr-r4-005-convert-L-2024", "resource": "HTTP", "action": "POST", "result": "ok", "error_code": null, "message": "HTTP POST /api/v1/operator/network-listings/listings/{listing_id}/convert ok"}
[WebServer] {"timestamp": "2026-10-09T14:30:31.324946+00:00", "level": "INFO", "service": "oday-api", "actor": "user", "correlation_id": "corr-r4-005-read-HZ-01-demand", "resource": "HTTP", "action": "GET", "result": "ok", "error_code": null, "message": "HTTP GET /api/v1/operator/network-listings ok"}
[WebServer] {"timestamp": "2026-10-09T14:30:31.540206+00:00", "level": "INFO", "service": "oday-api", "actor": "user", "correlation_id": "6630444a-cfc9-4ad5-9875-9d14011546c3", "resource": "HTTP", "action": "GET", "result": "ok", "error_code": null, "message": "HTTP GET /api/v1/operator/network-listings/intake ok"}
[WebServer] {"timestamp": "2026-10-09T14:30:31.626712+00:00", "level": "INFO", "service": "oday-api", "actor": "user", "correlation_id": "corr-r4-006-scoring-read", "resource": "HTTP", "action": "GET", "result": "ok", "error_code": null, "message": "HTTP GET /api/v1/operator/network-scoring ok"}
[WebServer] {"timestamp": "2026-10-09T14:30:31.630024+00:00", "level": "INFO", "service": "oday-api", "actor": "user", "correlation_id": "corr-r4-008-rebalance-read", "resource": "HTTP", "action": "GET", "result": "ok", "error_code": null, "message": "HTTP GET /api/v1/operator/network-rebalance ok"}
[WebServer] {"timestamp": "2026-10-09T14:30:31.638429+00:00", "level": "INFO", "service": "oday-api", "actor": "user", "correlation_id": "corr-r4-007-reviews-read", "resource": "HTTP", "action": "GET", "result": "ok", "error_code": null, "message": "HTTP GET /api/v1/operator/network-reviews ok"}
[WebServer] {"timestamp": "2026-10-09T14:30:31.645387+00:00", "level": "INFO", "service": "oday-api", "actor": "user", "correlation_id": "corr-operator-bootstrap-4bdc937c-4c41-4b1b-b062-2e9969e0e2d7", "resource": "HTTP", "action": "GET", "result": "ok", "error_code": null, "message": "HTTP GET /api/v1/operator/bootstrap ok"}
[WebServer] {"timestamp": "2026-10-09T14:30:31.650910+00:00", "level": "INFO", "service": "oday-api", "actor": "user", "correlation_id": "corr-r4-005-read-HZ-01-demand", "resource": "HTTP", "action": "GET", "result": "ok", "error_code": null, "message": "HTTP GET /api/v1/operator/network-listings ok"}
[WebServer] {"timestamp": "2026-10-09T14:30:32.349047+00:00", "level": "INFO", "service": "oday-api", "actor": "user", "correlation_id": "ebdd8b49-9803-461e-b6fc-7acec16d8122", "resource": "HTTP", "action": "GET", "result": "ok", "error_code": null, "message": "HTTP GET /api/v1/operator/network-listings ok"}
  ✓   8 [chromium] › tests/e2e/operator-network-listings.spec.ts:38:7 › ODP-OC-R4-005 Network Listing Radar › HZ-01 to L-2024 to CS-1001 completes through UI and API (4.5s)
[WebServer] {"timestamp": "2026-10-09T14:30:32.400747+00:00", "level": "INFO", "service": "oday-api", "actor": "user", "correlation_id": "3afb59c0-7101-478e-91e5-df5788cc1c05", "resource": "HTTP", "action": "POST", "result": "ok", "error_code": null, "message": "HTTP POST /api/v1/operator/network-listings/reset ok"}
[WebServer] {"timestamp": "2026-10-09T14:30:34.492530+00:00", "level": "INFO", "service": "oday-api", "actor": "user", "correlation_id": "corr-r4-005-read-HZ-01-demand", "resource": "HTTP", "action": "GET", "result": "ok", "error_code": null, "message": "HTTP GET /api/v1/operator/network-listings ok"}
[WebServer] {"timestamp": "2026-10-09T14:30:34.559190+00:00", "level": "INFO", "service": "oday-api", "actor": "user", "correlation_id": "corr-r4-008-rebalance-read", "resource": "HTTP", "action": "GET", "result": "ok", "error_code": null, "message": "HTTP GET /api/v1/operator/network-rebalance ok"}
[WebServer] {"timestamp": "2026-10-09T14:30:34.561865+00:00", "level": "INFO", "service": "oday-api", "actor": "user", "correlation_id": "corr-r4-006-scoring-read", "resource": "HTTP", "action": "GET", "result": "ok", "error_code": null, "message": "HTTP GET /api/v1/operator/network-scoring ok"}
[WebServer] {"timestamp": "2026-10-09T14:30:34.562356+00:00", "level": "INFO", "service": "oday-api", "actor": "user", "correlation_id": "corr-r4-007-reviews-read", "resource": "HTTP", "action": "GET", "result": "ok", "error_code": null, "message": "HTTP GET /api/v1/operator/network-reviews ok"}
[WebServer] {"timestamp": "2026-10-09T14:30:34.709120+00:00", "level": "INFO", "service": "oday-api", "actor": "user", "correlation_id": "c927f683-7f75-49a9-aa1e-cde9fc7aeee0", "resource": "HTTP", "action": "GET", "result": "ok", "error_code": null, "message": "HTTP GET /api/v1/operator/network-listings/intake ok"}
[WebServer] {"timestamp": "2026-10-09T14:30:34.976941+00:00", "level": "INFO", "service": "oday-api", "actor": "user", "correlation_id": "corr-r4-005-read-HZ-01-demand", "resource": "HTTP", "action": "GET", "result": "ok", "error_code": null, "message": "HTTP GET /api/v1/operator/network-listings ok"}
[WebServer] {"timestamp": "2026-10-09T14:30:34.982600+00:00", "level": "INFO", "service": "oday-api", "actor": "user", "correlation_id": "corr-r4-008-rebalance-read", "resource": "HTTP", "action": "GET", "result": "ok", "error_code": null, "message": "HTTP GET /api/v1/operator/network-rebalance ok"}
[WebServer] {"timestamp": "2026-10-09T14:30:34.984152+00:00", "level": "INFO", "service": "oday-api", "actor": "user", "correlation_id": "corr-r4-006-scoring-read", "resource": "HTTP", "action": "GET", "result": "ok", "error_code": null, "message": "HTTP GET /api/v1/operator/network-scoring ok"}
[WebServer] {"timestamp": "2026-10-09T14:30:35.084289+00:00", "level": "INFO", "service": "oday-api", "actor": "user", "correlation_id": "corr-r4-007-reviews-read", "resource": "HTTP", "action": "GET", "result": "ok", "error_code": null, "message": "HTTP GET /api/v1/operator/network-reviews ok"}
[WebServer] {"timestamp": "2026-10-09T14:30:35.132856+00:00", "level": "INFO", "service": "oday-api", "actor": "user", "correlation_id": "corr-operator-bootstrap-c2c39ce1-da08-4ee2-864f-593a6c9832b3", "resource": "HTTP", "action": "GET", "result": "ok", "error_code": null, "message": "HTTP GET /api/v1/operator/bootstrap ok"}
[WebServer] {"timestamp": "2026-10-09T14:30:35.174580+00:00", "level": "INFO", "service": "oday-api", "actor": "user", "correlation_id": "1c7cbf7b-9328-4277-9b2b-39a076e7fa8f", "resource": "HTTP", "action": "GET", "result": "ok", "error_code": null, "message": "HTTP GET /api/v1/operator/network-listings/intake ok"}
[WebServer] {"timestamp": "2026-10-09T14:30:35.401540+00:00", "level": "INFO", "service": "oday-api", "actor": "user", "correlation_id": "38d4d0fe-ffa1-40d9-8c77-ba4e1b17c080", "resource": "HTTP", "action": "GET", "result": "ok", "error_code": null, "message": "HTTP GET /api/v1/operator/network-listings/intake ok"}
[WebServer] {"timestamp": "2026-10-09T14:30:36.117595+00:00", "level": "INFO", "service": "oday-api", "actor": "user", "correlation_id": "corr-89e556cf-c5ee-4757-b54a-559bd5e1ea64", "resource": "HTTP", "action": "POST", "result": "ok", "error_code": null, "message": "HTTP POST /api/v1/operator/network-listings/listings/{listing_id}/merge ok"}
[WebServer] {"timestamp": "2026-10-09T14:30:36.155358+00:00", "level": "INFO", "service": "oday-api", "actor": "user", "correlation_id": "corr-r4-005-read-HZ-01-demand", "resource": "HTTP", "action": "GET", "result": "ok", "error_code": null, "message": "HTTP GET /api/v1/operator/network-listings ok"}
[WebServer] {"timestamp": "2026-10-09T14:30:36.346425+00:00", "level": "INFO", "service": "oday-api", "actor": "user", "correlation_id": "corr-r4-005-archive-L-2030", "resource": "HTTP", "action": "POST", "result": "ok", "error_code": null, "message": "HTTP POST /api/v1/operator/network-listings/listings/{listing_id}/archive ok"}
[WebServer] {"timestamp": "2026-10-09T14:30:36.390769+00:00", "level": "INFO", "service": "oday-api", "actor": "user", "correlation_id": "corr-r4-005-read-HZ-01-demand", "resource": "HTTP", "action": "GET", "result": "ok", "error_code": null, "message": "HTTP GET /api/v1/operator/network-listings ok"}
[WebServer] {"timestamp": "2026-10-09T14:30:36.468015+00:00", "level": "INFO", "service": "oday-api", "actor": "user", "correlation_id": "732a7f57-56aa-4257-802d-903fab5f41e5", "resource": "HTTP", "action": "GET", "result": "ok", "error_code": null, "message": "HTTP GET /api/v1/operator/network-listings ok"}
  ✓   9 [chromium] › tests/e2e/operator-network-listings.spec.ts:114:7 › ODP-OC-R4-005 Network Listing Radar › L-2029 merge retains evidence and L-2030 archives with reason (4.1s)
[WebServer] {"timestamp": "2026-10-09T14:30:36.530999+00:00", "level": "INFO", "service": "oday-api", "actor": "user", "correlation_id": "0ed5a810-0b51-4657-8fab-54f8e742560f", "resource": "HTTP", "action": "POST", "result": "ok", "error_code": null, "message": "HTTP POST /api/v1/operator/network-listings/reset ok"}
[WebServer] {"timestamp": "2026-10-09T14:30:38.664417+00:00", "level": "INFO", "service": "oday-api", "actor": "user", "correlation_id": "corr-r4-005-read-HZ-01-demand", "resource": "HTTP", "action": "GET", "result": "ok", "error_code": null, "message": "HTTP GET /api/v1/operator/network-listings ok"}
[WebServer] {"timestamp": "2026-10-09T14:30:38.734306+00:00", "level": "INFO", "service": "oday-api", "actor": "user", "correlation_id": "corr-r4-006-scoring-read", "resource": "HTTP", "action": "GET", "result": "ok", "error_code": null, "message": "HTTP GET /api/v1/operator/network-scoring ok"}
[WebServer] {"timestamp": "2026-10-09T14:30:38.734847+00:00", "level": "INFO", "service": "oday-api", "actor": "user", "correlation_id": "corr-r4-008-rebalance-read", "resource": "HTTP", "action": "GET", "result": "ok", "error_code": null, "message": "HTTP GET /api/v1/operator/network-rebalance ok"}
[WebServer] {"timestamp": "2026-10-09T14:30:38.739028+00:00", "level": "INFO", "service": "oday-api", "actor": "user", "correlation_id": "corr-r4-007-reviews-read", "resource": "HTTP", "action": "GET", "result": "ok", "error_code": null, "message": "HTTP GET /api/v1/operator/network-reviews ok"}
[WebServer] {"timestamp": "2026-10-09T14:30:39.081688+00:00", "level": "INFO", "service": "oday-api", "actor": "user", "correlation_id": "75d9bac8-1c5d-4d9e-a89e-546f4e7fa06e", "resource": "HTTP", "action": "GET", "result": "ok", "error_code": null, "message": "HTTP GET /api/v1/operator/network-listings/intake ok"}
[WebServer] {"timestamp": "2026-10-09T14:30:39.250241+00:00", "level": "INFO", "service": "oday-api", "actor": "user", "correlation_id": "corr-r4-005-read-HZ-01-demand", "resource": "HTTP", "action": "GET", "result": "ok", "error_code": null, "message": "HTTP GET /api/v1/operator/network-listings ok"}
[WebServer] {"timestamp": "2026-10-09T14:30:39.272711+00:00", "level": "INFO", "service": "oday-api", "actor": "user", "correlation_id": "corr-r4-006-scoring-read", "resource": "HTTP", "action": "GET", "result": "ok", "error_code": null, "message": "HTTP GET /api/v1/operator/network-scoring ok"}
[WebServer] {"timestamp": "2026-10-09T14:30:39.364910+00:00", "level": "INFO", "service": "oday-api", "actor": "user", "correlation_id": "corr-r4-008-rebalance-read", "resource": "HTTP", "action": "GET", "result": "ok", "error_code": null, "message": "HTTP GET /api/v1/operator/network-rebalance ok"}
[WebServer] {"timestamp": "2026-10-09T14:30:39.374161+00:00", "level": "INFO", "service": "oday-api", "actor": "user", "correlation_id": "corr-r4-007-reviews-read", "resource": "HTTP", "action": "GET", "result": "ok", "error_code": null, "message": "HTTP GET /api/v1/operator/network-reviews ok"}
[WebServer] {"timestamp": "2026-10-09T14:30:39.417188+00:00", "level": "INFO", "service": "oday-api", "actor": "user", "correlation_id": "corr-operator-bootstrap-9ac93de0-89e5-4bf5-82fd-20c279a50beb", "resource": "HTTP", "action": "GET", "result": "ok", "error_code": null, "message": "HTTP GET /api/v1/operator/bootstrap ok"}
[WebServer] {"timestamp": "2026-10-09T14:30:39.475251+00:00", "level": "INFO", "service": "oday-api", "actor": "user", "correlation_id": "20e05c16-649f-40a3-90be-863e74fefd8d", "resource": "HTTP", "action": "GET", "result": "ok", "error_code": null, "message": "HTTP GET /api/v1/operator/network-listings/intake ok"}
[WebServer] {"timestamp": "2026-10-09T14:30:39.768300+00:00", "level": "INFO", "service": "oday-api", "actor": "user", "correlation_id": "44e3ec19-aff8-4d41-ae3a-472a29a1b4e6", "resource": "HTTP", "action": "GET", "result": "ok", "error_code": null, "message": "HTTP GET /api/v1/operator/network-listings/intake ok"}
[WebServer] {"timestamp": "2026-10-09T14:30:41.009282+00:00", "level": "INFO", "service": "oday-api", "actor": "user", "correlation_id": "05ba447f-efc0-414b-9f27-13b1fdfc6ba3", "resource": "HTTP", "action": "GET", "result": "ok", "error_code": null, "message": "HTTP GET /api/v1/operator/network-listings ok"}
  ✓  10 [chromium] › tests/e2e/operator-network-listings.spec.ts:184:7 › ODP-OC-R4-005 Network Listing Radar › merge writes nothing when cancelled, unacknowledged, or missing a reason (4.5s)
[WebServer] {"timestamp": "2026-10-09T14:30:41.061094+00:00", "level": "INFO", "service": "oday-api", "actor": "user", "correlation_id": "574c35e4-a4f2-4630-822e-585883df83be", "resource": "HTTP", "action": "POST", "result": "ok", "error_code": null, "message": "HTTP POST /api/v1/operator/network-listings/reset ok"}
[WebServer] {"timestamp": "2026-10-09T14:30:42.956284+00:00", "level": "INFO", "service": "oday-api", "actor": "user", "correlation_id": "corr-r4-005-read-HZ-01-demand", "resource": "HTTP", "action": "GET", "result": "ok", "error_code": null, "message": "HTTP GET /api/v1/operator/network-listings ok"}
[WebServer] {"timestamp": "2026-10-09T14:30:43.043861+00:00", "level": "INFO", "service": "oday-api", "actor": "user", "correlation_id": "corr-r4-008-rebalance-read", "resource": "HTTP", "action": "GET", "result": "ok", "error_code": null, "message": "HTTP GET /api/v1/operator/network-rebalance ok"}
[WebServer] {"timestamp": "2026-10-09T14:30:43.044378+00:00", "level": "INFO", "service": "oday-api", "actor": "user", "correlation_id": "corr-r4-006-scoring-read", "resource": "HTTP", "action": "GET", "result": "ok", "error_code": null, "message": "HTTP GET /api/v1/operator/network-scoring ok"}
[WebServer] {"timestamp": "2026-10-09T14:30:43.051378+00:00", "level": "INFO", "service": "oday-api", "actor": "user", "correlation_id": "corr-r4-007-reviews-read", "resource": "HTTP", "action": "GET", "result": "ok", "error_code": null, "message": "HTTP GET /api/v1/operator/network-reviews ok"}
[WebServer] {"timestamp": "2026-10-09T14:30:43.384728+00:00", "level": "INFO", "service": "oday-api", "actor": "user", "correlation_id": "93213f8b-e6da-4083-9c9d-aa8ad76d1536", "resource": "HTTP", "action": "GET", "result": "ok", "error_code": null, "message": "HTTP GET /api/v1/operator/network-listings/intake ok"}
[WebServer] {"timestamp": "2026-10-09T14:30:43.449566+00:00", "level": "INFO", "service": "oday-api", "actor": "user", "correlation_id": "corr-r4-005-read-HZ-01-demand", "resource": "HTTP", "action": "GET", "result": "ok", "error_code": null, "message": "HTTP GET /api/v1/operator/network-listings ok"}
[WebServer] {"timestamp": "2026-10-09T14:30:43.494179+00:00", "level": "INFO", "service": "oday-api", "actor": "user", "correlation_id": "corr-r4-006-scoring-read", "resource": "HTTP", "action": "GET", "result": "ok", "error_code": null, "message": "HTTP GET /api/v1/operator/network-scoring ok"}
[WebServer] {"timestamp": "2026-10-09T14:30:43.616507+00:00", "level": "INFO", "service": "oday-api", "actor": "user", "correlation_id": "corr-r4-008-rebalance-read", "resource": "HTTP", "action": "GET", "result": "ok", "error_code": null, "message": "HTTP GET /api/v1/operator/network-rebalance ok"}
[WebServer] {"timestamp": "2026-10-09T14:30:43.619228+00:00", "level": "INFO", "service": "oday-api", "actor": "user", "correlation_id": "corr-r4-007-reviews-read", "resource": "HTTP", "action": "GET", "result": "ok", "error_code": null, "message": "HTTP GET /api/v1/operator/network-reviews ok"}
[WebServer] {"timestamp": "2026-10-09T14:30:43.651623+00:00", "level": "INFO", "service": "oday-api", "actor": "user", "correlation_id": "corr-operator-bootstrap-029781d8-3d60-4b00-98a8-b2f3f41eddb3", "resource": "HTTP", "action": "GET", "result": "ok", "error_code": null, "message": "HTTP GET /api/v1/operator/bootstrap ok"}
[WebServer] {"timestamp": "2026-10-09T14:30:43.727818+00:00", "level": "INFO", "service": "oday-api", "actor": "user", "correlation_id": "75ed1fc5-ecb0-4ea9-8931-69db7eaa63ea", "resource": "HTTP", "action": "GET", "result": "ok", "error_code": null, "message": "HTTP GET /api/v1/operator/network-listings/intake ok"}
[WebServer] {"timestamp": "2026-10-09T14:30:43.950161+00:00", "level": "INFO", "service": "oday-api", "actor": "user", "correlation_id": "7e6cd3b2-7b93-4f9b-af3e-dcf25c9433c3", "resource": "HTTP", "action": "GET", "result": "ok", "error_code": null, "message": "HTTP GET /api/v1/operator/network-listings/intake ok"}
[WebServer] {"timestamp": "2026-10-09T14:30:44.648501+00:00", "level": "INFO", "service": "oday-api", "actor": "user", "correlation_id": "corr-485a8d22-269d-4e90-9fd1-645125a04c03", "resource": "HTTP", "action": "POST", "result": "ok", "error_code": null, "message": "HTTP POST /api/v1/operator/network-listings/listings/{listing_id}/merge ok"}
[WebServer] {"timestamp": "2026-10-09T14:30:44.698337+00:00", "level": "INFO", "service": "oday-api", "actor": "user", "correlation_id": "corr-r4-005-read-HZ-01-demand", "resource": "HTTP", "action": "GET", "result": "ok", "error_code": null, "message": "HTTP GET /api/v1/operator/network-listings ok"}
[WebServer] {"timestamp": "2026-10-09T14:30:44.916953+00:00", "level": "INFO", "service": "oday-api", "actor": "user", "correlation_id": "7685e111-e0a3-4456-99e7-f5d5869caa17", "resource": "HTTP", "action": "GET", "result": "ok", "error_code": null, "message": "HTTP GET /api/v1/operator/network-listings ok"}
  ✓  11 [chromium] › tests/e2e/operator-network-listings.spec.ts:244:7 › ODP-OC-R4-005 Network Listing Radar › a merged listing retires both merge entry points (3.9s)
[WebServer] {"timestamp": "2026-10-09T14:30:44.974974+00:00", "level": "INFO", "service": "oday-api", "actor": "user", "correlation_id": "436738b8-d3e6-445d-b1ed-7727298ab4ce", "resource": "HTTP", "action": "POST", "result": "ok", "error_code": null, "message": "HTTP POST /api/v1/operator/network-listings/reset ok"}
[WebServer] {"timestamp": "2026-10-09T14:30:47.074765+00:00", "level": "INFO", "service": "oday-api", "actor": "user", "correlation_id": "corr-r4-005-read-HZ-01-demand", "resource": "HTTP", "action": "GET", "result": "ok", "error_code": null, "message": "HTTP GET /api/v1/operator/network-listings ok"}
[WebServer] {"timestamp": "2026-10-09T14:30:47.213319+00:00", "level": "INFO", "service": "oday-api", "actor": "user", "correlation_id": "corr-r4-006-scoring-read", "resource": "HTTP", "action": "GET", "result": "ok", "error_code": null, "message": "HTTP GET /api/v1/operator/network-scoring ok"}
[WebServer] {"timestamp": "2026-10-09T14:30:47.213857+00:00", "level": "INFO", "service": "oday-api", "actor": "user", "correlation_id": "corr-r4-007-reviews-read", "resource": "HTTP", "action": "GET", "result": "ok", "error_code": null, "message": "HTTP GET /api/v1/operator/network-reviews ok"}
[WebServer] {"timestamp": "2026-10-09T14:30:47.214242+00:00", "level": "INFO", "service": "oday-api", "actor": "user", "correlation_id": "corr-r4-008-rebalance-read", "resource": "HTTP", "action": "GET", "result": "ok", "error_code": null, "message": "HTTP GET /api/v1/operator/network-rebalance ok"}
[WebServer] {"timestamp": "2026-10-09T14:30:47.279383+00:00", "level": "INFO", "service": "oday-api", "actor": "user", "correlation_id": "corr-operator-bootstrap-9a231e33-3da9-4a1d-ace6-4fcceede9e95", "resource": "HTTP", "action": "GET", "result": "ok", "error_code": null, "message": "HTTP GET /api/v1/operator/bootstrap ok"}
  ✓  12 [chromium] › tests/e2e/operator-network-listings.spec.ts:296:7 › ODP-OC-R4-005 Network Listing Radar › a role without listing:UPDATE is offered no merge entry point at all (3.0s)
[WebServer] {"timestamp": "2026-10-09T14:30:48.026830+00:00", "level": "INFO", "service": "oday-api", "actor": "user", "correlation_id": "6b8723c8-db78-4414-9120-07020480924c", "resource": "HTTP", "action": "POST", "result": "ok", "error_code": null, "message": "HTTP POST /api/v1/operator/network-listings/reset ok"}
[WebServer] {"timestamp": "2026-10-09T14:30:49.902541+00:00", "level": "INFO", "service": "oday-api", "actor": "user", "correlation_id": "corr-r4-005-read-HZ-01-demand", "resource": "HTTP", "action": "GET", "result": "ok", "error_code": null, "message": "HTTP GET /api/v1/operator/network-listings ok"}
[WebServer] {"timestamp": "2026-10-09T14:30:49.948034+00:00", "level": "INFO", "service": "oday-api", "actor": "user", "correlation_id": "corr-r4-008-rebalance-read", "resource": "HTTP", "action": "GET", "result": "ok", "error_code": null, "message": "HTTP GET /api/v1/operator/network-rebalance ok"}
[WebServer] {"timestamp": "2026-10-09T14:30:49.950542+00:00", "level": "INFO", "service": "oday-api", "actor": "user", "correlation_id": "corr-r4-006-scoring-read", "resource": "HTTP", "action": "GET", "result": "ok", "error_code": null, "message": "HTTP GET /api/v1/operator/network-scoring ok"}
[WebServer] {"timestamp": "2026-10-09T14:30:50.001067+00:00", "level": "INFO", "service": "oday-api", "actor": "user", "correlation_id": "corr-r4-007-reviews-read", "resource": "HTTP", "action": "GET", "result": "ok", "error_code": null, "message": "HTTP GET /api/v1/operator/network-reviews ok"}
[WebServer] {"timestamp": "2026-10-09T14:30:50.058916+00:00", "level": "INFO", "service": "oday-api", "actor": "user", "correlation_id": "8a2da48d-0c6f-4079-a661-89a53888cac8", "resource": "HTTP", "action": "GET", "result": "ok", "error_code": null, "message": "HTTP GET /api/v1/operator/network-listings/intake ok"}
[WebServer] {"timestamp": "2026-10-09T14:30:50.126821+00:00", "level": "INFO", "service": "oday-api", "actor": "user", "correlation_id": "corr-r4-005-read-HZ-01-demand", "resource": "HTTP", "action": "GET", "result": "ok", "error_code": null, "message": "HTTP GET /api/v1/operator/network-listings ok"}
[WebServer] {"timestamp": "2026-10-09T14:30:50.364337+00:00", "level": "INFO", "service": "oday-api", "actor": "user", "correlation_id": "corr-r4-006-scoring-read", "resource": "HTTP", "action": "GET", "result": "ok", "error_code": null, "message": "HTTP GET /api/v1/operator/network-scoring ok"}
[WebServer] {"timestamp": "2026-10-09T14:30:50.406441+00:00", "level": "INFO", "service": "oday-api", "actor": "user", "correlation_id": "corr-r4-008-rebalance-read", "resource": "HTTP", "action": "GET", "result": "ok", "error_code": null, "message": "HTTP GET /api/v1/operator/network-rebalance ok"}
[WebServer] {"timestamp": "2026-10-09T14:30:50.473044+00:00", "level": "INFO", "service": "oday-api", "actor": "user", "correlation_id": "corr-r4-007-reviews-read", "resource": "HTTP", "action": "GET", "result": "ok", "error_code": null, "message": "HTTP GET /api/v1/operator/network-reviews ok"}
[WebServer] {"timestamp": "2026-10-09T14:30:50.573596+00:00", "level": "INFO", "service": "oday-api", "actor": "user", "correlation_id": "corr-operator-bootstrap-ba47e846-0312-4c8a-b59c-c392cf7d7d23", "resource": "HTTP", "action": "GET", "result": "ok", "error_code": null, "message": "HTTP GET /api/v1/operator/bootstrap ok"}
[WebServer] {"timestamp": "2026-10-09T14:30:50.612997+00:00", "level": "INFO", "service": "oday-api", "actor": "user", "correlation_id": "f6eea7b0-93c5-4c69-abfd-170655a0ee7e", "resource": "HTTP", "action": "GET", "result": "ok", "error_code": null, "message": "HTTP GET /api/v1/operator/network-listings/intake ok"}
[WebServer] {"timestamp": "2026-10-09T14:30:50.648958+00:00", "level": "INFO", "service": "oday-api", "actor": "user", "correlation_id": "0b2fd9bc-9e5e-4eb3-87cd-a6b352a23a01", "resource": "HTTP", "action": "GET", "result": "ok", "error_code": null, "message": "HTTP GET /api/v1/operator/network-listings/intake ok"}
  ✓  13 [chromium] › tests/e2e/operator-network-listings.spec.ts:332:7 › ODP-OC-R4-005 Network Listing Radar › the merge dialog is keyboard operable and restores focus (3.4s)
[WebServer] {"timestamp": "2026-10-09T14:30:51.404520+00:00", "level": "INFO", "service": "oday-api", "actor": "user", "correlation_id": "a4e215cd-a3ab-4883-bb6a-6c04979fde3c", "resource": "HTTP", "action": "POST", "result": "ok", "error_code": null, "message": "HTTP POST /api/v1/operator/network-listings/reset ok"}
[WebServer] {"timestamp": "2026-10-09T14:30:53.517939+00:00", "level": "INFO", "service": "oday-api", "actor": "user", "correlation_id": "corr-r4-005-read-HZ-01-demand", "resource": "HTTP", "action": "GET", "result": "ok", "error_code": null, "message": "HTTP GET /api/v1/operator/network-listings ok"}
[WebServer] {"timestamp": "2026-10-09T14:30:53.612372+00:00", "level": "INFO", "service": "oday-api", "actor": "user", "correlation_id": "corr-r4-006-scoring-read", "resource": "HTTP", "action": "GET", "result": "ok", "error_code": null, "message": "HTTP GET /api/v1/operator/network-scoring ok"}
[WebServer] {"timestamp": "2026-10-09T14:30:53.612903+00:00", "level": "INFO", "service": "oday-api", "actor": "user", "correlation_id": "corr-r4-008-rebalance-read", "resource": "HTTP", "action": "GET", "result": "ok", "error_code": null, "message": "HTTP GET /api/v1/operator/network-rebalance ok"}
[WebServer] {"timestamp": "2026-10-09T14:30:53.615842+00:00", "level": "INFO", "service": "oday-api", "actor": "user", "correlation_id": "corr-r4-007-reviews-read", "resource": "HTTP", "action": "GET", "result": "ok", "error_code": null, "message": "HTTP GET /api/v1/operator/network-reviews ok"}
[WebServer] {"timestamp": "2026-10-09T14:30:53.895926+00:00", "level": "INFO", "service": "oday-api", "actor": "user", "correlation_id": "f058f2dd-3b50-4e42-9dfb-826bedca6b01", "resource": "HTTP", "action": "GET", "result": "ok", "error_code": null, "message": "HTTP GET /api/v1/operator/network-listings/intake ok"}
[WebServer] {"timestamp": "2026-10-09T14:30:54.112934+00:00", "level": "INFO", "service": "oday-api", "actor": "user", "correlation_id": "corr-r4-005-read-HZ-01-demand", "resource": "HTTP", "action": "GET", "result": "ok", "error_code": null, "message": "HTTP GET /api/v1/operator/network-listings ok"}
[WebServer] {"timestamp": "2026-10-09T14:30:54.173614+00:00", "level": "INFO", "service": "oday-api", "actor": "user", "correlation_id": "corr-r4-006-scoring-read", "resource": "HTTP", "action": "GET", "result": "ok", "error_code": null, "message": "HTTP GET /api/v1/operator/network-scoring ok"}
[WebServer] {"timestamp": "2026-10-09T14:30:54.229753+00:00", "level": "INFO", "service": "oday-api", "actor": "user", "correlation_id": "corr-r4-007-reviews-read", "resource": "HTTP", "action": "GET", "result": "ok", "error_code": null, "message": "HTTP GET /api/v1/operator/network-reviews ok"}
[WebServer] {"timestamp": "2026-10-09T14:30:54.236230+00:00", "level": "INFO", "service": "oday-api", "actor": "user", "correlation_id": "corr-r4-008-rebalance-read", "resource": "HTTP", "action": "GET", "result": "ok", "error_code": null, "message": "HTTP GET /api/v1/operator/network-rebalance ok"}
[WebServer] {"timestamp": "2026-10-09T14:30:54.352336+00:00", "level": "INFO", "service": "oday-api", "actor": "user", "correlation_id": "corr-operator-bootstrap-516efbea-3fa6-4d4e-ab4a-81d292d157b5", "resource": "HTTP", "action": "GET", "result": "ok", "error_code": null, "message": "HTTP GET /api/v1/operator/bootstrap ok"}
[WebServer] {"timestamp": "2026-10-09T14:30:54.426062+00:00", "level": "INFO", "service": "oday-api", "actor": "user", "correlation_id": "6528bbde-a819-4e76-8226-3af1be29809e", "resource": "HTTP", "action": "GET", "result": "ok", "error_code": null, "message": "HTTP GET /api/v1/operator/network-listings/intake ok"}
[WebServer] {"timestamp": "2026-10-09T14:30:54.460994+00:00", "level": "INFO", "service": "oday-api", "actor": "user", "correlation_id": "2680d12b-9a49-4cef-a21a-70558941905c", "resource": "HTTP", "action": "GET", "result": "ok", "error_code": null, "message": "HTTP GET /api/v1/operator/network-listings/intake ok"}
[WebServer] {"timestamp": "2026-10-09T14:30:55.913064+00:00", "level": "INFO", "service": "oday-api", "actor": "user", "correlation_id": "corr-e055d021-3977-49c4-a7dd-7a38fe423f9e", "resource": "HTTP", "action": "POST", "result": "ok", "error_code": null, "message": "HTTP POST /api/v1/operator/network-listings/listings/{listing_id}/merge ok"}
[WebServer] {"timestamp": "2026-10-09T14:30:55.961040+00:00", "level": "INFO", "service": "oday-api", "actor": "user", "correlation_id": "corr-r4-005-read-HZ-01-demand", "resource": "HTTP", "action": "GET", "result": "ok", "error_code": null, "message": "HTTP GET /api/v1/operator/network-listings ok"}
  ✓  14 [chromium] › tests/e2e/operator-network-listings.spec.ts:357:7 › ODP-OC-R4-005 Network Listing Radar › an in-flight merge cannot be dismissed and retries reuse one idempotency key (4.6s)
[WebServer] {"timestamp": "2026-10-09T14:30:56.071875+00:00", "level": "INFO", "service": "oday-api", "actor": "user", "correlation_id": "5b445925-f582-462d-a66a-16af9671d785", "resource": "HTTP", "action": "POST", "result": "ok", "error_code": null, "message": "HTTP POST /api/v1/operator/network-listings/reset ok"}
[WebServer] {"timestamp": "2026-10-09T14:30:58.182314+00:00", "level": "INFO", "service": "oday-api", "actor": "user", "correlation_id": "corr-r4-006-scoring-read", "resource": "HTTP", "action": "GET", "result": "ok", "error_code": null, "message": "HTTP GET /api/v1/operator/network-scoring ok"}
[WebServer] {"timestamp": "2026-10-09T14:30:58.184017+00:00", "level": "INFO", "service": "oday-api", "actor": "user", "correlation_id": "corr-r4-007-reviews-read", "resource": "HTTP", "action": "GET", "result": "ok", "error_code": null, "message": "HTTP GET /api/v1/operator/network-reviews ok"}
[WebServer] {"timestamp": "2026-10-09T14:30:58.184518+00:00", "level": "INFO", "service": "oday-api", "actor": "user", "correlation_id": "corr-r4-008-rebalance-read", "resource": "HTTP", "action": "GET", "result": "ok", "error_code": null, "message": "HTTP GET /api/v1/operator/network-rebalance ok"}
[WebServer] {"timestamp": "2026-10-09T14:30:58.188610+00:00", "level": "INFO", "service": "oday-api", "actor": "user", "correlation_id": "corr-r4-005-read-HZ-01-demand", "resource": "HTTP", "action": "GET", "result": "ok", "error_code": null, "message": "HTTP GET /api/v1/operator/network-listings ok"}
[WebServer] {"timestamp": "2026-10-09T14:30:58.666186+00:00", "level": "INFO", "service": "oday-api", "actor": "user", "correlation_id": "corr-operator-bootstrap-9ec1989d-9269-410c-816d-473a175b3b37", "resource": "HTTP", "action": "GET", "result": "ok", "error_code": null, "message": "HTTP GET /api/v1/operator/bootstrap ok"}
[WebServer] {"timestamp": "2026-10-09T14:31:04.653425+00:00", "level": "INFO", "service": "oday-api", "actor": "user", "correlation_id": "corr-r4-005-read-HZ-01-fit", "resource": "HTTP", "action": "GET", "result": "ok", "error_code": null, "message": "HTTP GET /api/v1/operator/network-listings ok"}
[WebServer] {"timestamp": "2026-10-09T14:31:04.827073+00:00", "level": "INFO", "service": "oday-api", "actor": "user", "correlation_id": "corr-r4-005-read-HZ-02-fit", "resource": "HTTP", "action": "GET", "result": "ok", "error_code": null, "message": "HTTP GET /api/v1/operator/network-listings ok"}
  ✓  15 [chromium] › tests/e2e/operator-network-listings.spec.ts:432:7 › ODP-OC-R4-005 Network Listing Radar › real HeatZone map stays nonblank and synchronized to selected zone and lens (9.8s)
[WebServer] {"timestamp": "2026-10-09T14:31:06.021352+00:00", "level": "INFO", "service": "oday-api", "actor": "user", "correlation_id": "d97f74f3-44f8-4882-89b2-62e51c6552b4", "resource": "HTTP", "action": "POST", "result": "ok", "error_code": null, "message": "HTTP POST /api/v1/operator/network-reviews/reset ok"}
[WebServer] {"timestamp": "2026-10-09T14:31:11.989053+00:00", "level": "INFO", "service": "oday-api", "actor": "user", "correlation_id": "corr-r4-005-read-HZ-01-demand", "resource": "HTTP", "action": "GET", "result": "ok", "error_code": null, "message": "HTTP GET /api/v1/operator/network-listings ok"}
[WebServer] {"timestamp": "2026-10-09T14:31:12.109910+00:00", "level": "INFO", "service": "oday-api", "actor": "user", "correlation_id": "corr-r4-006-scoring-read", "resource": "HTTP", "action": "GET", "result": "ok", "error_code": null, "message": "HTTP GET /api/v1/operator/network-scoring ok"}
[WebServer] {"timestamp": "2026-10-09T14:31:12.114123+00:00", "level": "INFO", "service": "oday-api", "actor": "user", "correlation_id": "corr-r4-008-rebalance-read", "resource": "HTTP", "action": "GET", "result": "ok", "error_code": null, "message": "HTTP GET /api/v1/operator/network-rebalance ok"}
[WebServer] {"timestamp": "2026-10-09T14:31:12.115144+00:00", "level": "INFO", "service": "oday-api", "actor": "user", "correlation_id": "corr-r4-007-reviews-read", "resource": "HTTP", "action": "GET", "result": "ok", "error_code": null, "message": "HTTP GET /api/v1/operator/network-reviews ok"}
[WebServer] {"timestamp": "2026-10-09T14:31:12.474959+00:00", "level": "INFO", "service": "oday-api", "actor": "user", "correlation_id": "corr-r4-005-read-HZ-01-demand", "resource": "HTTP", "action": "GET", "result": "ok", "error_code": null, "message": "HTTP GET /api/v1/operator/network-listings ok"}
[WebServer] {"timestamp": "2026-10-09T14:31:12.559848+00:00", "level": "INFO", "service": "oday-api", "actor": "user", "correlation_id": "corr-r4-006-scoring-read", "resource": "HTTP", "action": "GET", "result": "ok", "error_code": null, "message": "HTTP GET /api/v1/operator/network-scoring ok"}
[WebServer] {"timestamp": "2026-10-09T14:31:12.560359+00:00", "level": "INFO", "service": "oday-api", "actor": "user", "correlation_id": "corr-r4-008-rebalance-read", "resource": "HTTP", "action": "GET", "result": "ok", "error_code": null, "message": "HTTP GET /api/v1/operator/network-rebalance ok"}
[WebServer] {"timestamp": "2026-10-09T14:31:12.565004+00:00", "level": "INFO", "service": "oday-api", "actor": "user", "correlation_id": "corr-r4-007-reviews-read", "resource": "HTTP", "action": "GET", "result": "ok", "error_code": null, "message": "HTTP GET /api/v1/operator/network-reviews ok"}
[WebServer] {"timestamp": "2026-10-09T14:31:12.603784+00:00", "level": "INFO", "service": "oday-api", "actor": "user", "correlation_id": "corr-operator-bootstrap-0a0279be-9362-4840-a2c8-e48a965aab20", "resource": "HTTP", "action": "GET", "result": "ok", "error_code": null, "message": "HTTP GET /api/v1/operator/bootstrap ok"}
[WebServer] {"timestamp": "2026-10-09T14:31:13.642070+00:00", "level": "INFO", "service": "oday-api", "actor": "user", "correlation_id": "corr-r4-007-decide-RV-702", "resource": "HTTP", "action": "POST", "result": "ok", "error_code": null, "message": "HTTP POST /api/v1/operator/network-reviews/{review_id}/decide ok"}
[WebServer] {"timestamp": "2026-10-09T14:31:13.683666+00:00", "level": "INFO", "service": "oday-api", "actor": "user", "correlation_id": "corr-r4-007-reviews-read", "resource": "HTTP", "action": "GET", "result": "ok", "error_code": null, "message": "HTTP GET /api/v1/operator/network-reviews ok"}
  ✓  16 [chromium] › tests/e2e/operator-network-review.spec.ts:41:7 › ODP-OC-R4-007 Network Review decision › Review panel opens the decision dialog and approves the golden GO flow (7.9s)
[WebServer] {"timestamp": "2026-10-09T14:31:13.924607+00:00", "level": "INFO", "service": "oday-api", "actor": "user", "correlation_id": "a4454880-6631-4763-86a7-b427ee35083a", "resource": "HTTP", "action": "POST", "result": "ok", "error_code": null, "message": "HTTP POST /api/v1/operator/network-reviews/reset ok"}
[WebServer] {"timestamp": "2026-10-09T14:31:15.896143+00:00", "level": "INFO", "service": "oday-api", "actor": "user", "correlation_id": "corr-r4-005-read-HZ-01-demand", "resource": "HTTP", "action": "GET", "result": "ok", "error_code": null, "message": "HTTP GET /api/v1/operator/network-listings ok"}
[WebServer] {"timestamp": "2026-10-09T14:31:15.987361+00:00", "level": "INFO", "service": "oday-api", "actor": "user", "correlation_id": "corr-r4-006-scoring-read", "resource": "HTTP", "action": "GET", "result": "ok", "error_code": null, "message": "HTTP GET /api/v1/operator/network-scoring ok"}
[WebServer] {"timestamp": "2026-10-09T14:31:15.998855+00:00", "level": "INFO", "service": "oday-api", "actor": "user", "correlation_id": "corr-r4-007-reviews-read", "resource": "HTTP", "action": "GET", "result": "ok", "error_code": null, "message": "HTTP GET /api/v1/operator/network-reviews ok"}
[WebServer] {"timestamp": "2026-10-09T14:31:15.999387+00:00", "level": "INFO", "service": "oday-api", "actor": "user", "correlation_id": "corr-r4-008-rebalance-read", "resource": "HTTP", "action": "GET", "result": "ok", "error_code": null, "message": "HTTP GET /api/v1/operator/network-rebalance ok"}
[WebServer] {"timestamp": "2026-10-09T14:31:16.331514+00:00", "level": "INFO", "service": "oday-api", "actor": "user", "correlation_id": "corr-r4-005-read-HZ-01-demand", "resource": "HTTP", "action": "GET", "result": "ok", "error_code": null, "message": "HTTP GET /api/v1/operator/network-listings ok"}
[WebServer] {"timestamp": "2026-10-09T14:31:16.349113+00:00", "level": "INFO", "service": "oday-api", "actor": "user", "correlation_id": "corr-r4-006-scoring-read", "resource": "HTTP", "action": "GET", "result": "ok", "error_code": null, "message": "HTTP GET /api/v1/operator/network-scoring ok"}
[WebServer] {"timestamp": "2026-10-09T14:31:16.394765+00:00", "level": "INFO", "service": "oday-api", "actor": "user", "correlation_id": "corr-r4-007-reviews-read", "resource": "HTTP", "action": "GET", "result": "ok", "error_code": null, "message": "HTTP GET /api/v1/operator/network-reviews ok"}
[WebServer] {"timestamp": "2026-10-09T14:31:16.395904+00:00", "level": "INFO", "service": "oday-api", "actor": "user", "correlation_id": "corr-r4-008-rebalance-read", "resource": "HTTP", "action": "GET", "result": "ok", "error_code": null, "message": "HTTP GET /api/v1/operator/network-rebalance ok"}
[WebServer] {"timestamp": "2026-10-09T14:31:16.456631+00:00", "level": "INFO", "service": "oday-api", "actor": "user", "correlation_id": "corr-operator-bootstrap-9691f0b9-1061-4421-ba8c-1a3f6fe4ce9f", "resource": "HTTP", "action": "GET", "result": "ok", "error_code": null, "message": "HTTP GET /api/v1/operator/bootstrap ok"}
  ✘  17 [chromium] › tests/e2e/operator-network-review.spec.ts:68:7 › ODP-OC-R4-007 Network Review decision › WAIT decision requires pass conditions before it can submit (7.7s)
  -  18 [chromium] › tests/e2e/operator-network-review.spec.ts:80:7 › ODP-OC-R4-007 Network Review decision › GO decision syncs five records and survives reload
  -  19 [chromium] › tests/e2e/operator-network-review.spec.ts:102:7 › ODP-OC-R4-007 Network Review decision › Decision mapping covers WAIT / Return / Reject
  -  20 [chromium] › tests/e2e/operator-network-review.spec.ts:129:7 › ODP-OC-R4-007 Network Review decision › Failed transaction leaves all five records unchanged
  -  21 [chromium] › tests/e2e/operator-network-review.spec.ts:143:7 › ODP-OC-R4-007 Network Review decision › Idempotent replay creates no duplicate records
  -  22 [chromium] › tests/e2e/operator-network-review.spec.ts:160:7 › ODP-OC-R4-007 Network Review decision › Operations lead sees read-only review actions (no decision bar)
  -  23 [chromium] › tests/e2e/operator-network-review.spec.ts:185:7 › ODP-OC-R4-007 Network Review decision › Expansion may read but not decide; reviewer may decide
[WebServer] {"timestamp": "2026-10-09T14:31:22.448532+00:00", "level": "INFO", "service": "oday-api", "actor": "user", "correlation_id": "96bd4175-37a5-484f-9e22-86bff4b8122f", "resource": "HTTP", "action": "POST", "result": "ok", "error_code": null, "message": "HTTP POST /api/v1/operator/network-scoring/reset ok"}
[WebServer] {"timestamp": "2026-10-09T14:31:24.810203+00:00", "level": "INFO", "service": "oday-api", "actor": "user", "correlation_id": "corr-r4-005-read-HZ-01-demand", "resource": "HTTP", "action": "GET", "result": "ok", "error_code": null, "message": "HTTP GET /api/v1/operator/network-listings ok"}
[WebServer] {"timestamp": "2026-10-09T14:31:24.937734+00:00", "level": "INFO", "service": "oday-api", "actor": "user", "correlation_id": "corr-r4-006-scoring-read", "resource": "HTTP", "action": "GET", "result": "ok", "error_code": null, "message": "HTTP GET /api/v1/operator/network-scoring ok"}
[WebServer] {"timestamp": "2026-10-09T14:31:24.940353+00:00", "level": "INFO", "service": "oday-api", "actor": "user", "correlation_id": "corr-r4-008-rebalance-read", "resource": "HTTP", "action": "GET", "result": "ok", "error_code": null, "message": "HTTP GET /api/v1/operator/network-rebalance ok"}
[WebServer] {"timestamp": "2026-10-09T14:31:24.945738+00:00", "level": "INFO", "service": "oday-api", "actor": "user", "correlation_id": "corr-r4-007-reviews-read", "resource": "HTTP", "action": "GET", "result": "ok", "error_code": null, "message": "HTTP GET /api/v1/operator/network-reviews ok"}
[WebServer] {"timestamp": "2026-10-09T14:31:25.557227+00:00", "level": "INFO", "service": "oday-api", "actor": "user", "correlation_id": "758b045e-12bf-45ce-b161-c90ed019e3d3", "resource": "HTTP", "action": "POST", "result": "ok", "error_code": null, "message": "HTTP POST /api/v1/operator/network-scoring/candidates/{candidate_id}/score ok"}
  ✓  24 [chromium] › tests/e2e/operator-network-scoring.spec.ts:25:7 › ODP-OC-R4-006 Network SiteScore scoring › Candidate gate blocks CS-1003 and exposes the golden-flow candidates (3.1s)
[WebServer] {"timestamp": "2026-10-09T14:31:25.657542+00:00", "level": "INFO", "service": "oday-api", "actor": "user", "correlation_id": "4bc603fa-e9aa-4da2-9e82-73e123270bb5", "resource": "HTTP", "action": "POST", "result": "ok", "error_code": null, "message": "HTTP POST /api/v1/operator/network-scoring/reset ok"}
[WebServer] {"timestamp": "2026-10-09T14:31:27.703941+00:00", "level": "INFO", "service": "oday-api", "actor": "user", "correlation_id": "corr-r4-005-read-HZ-01-demand", "resource": "HTTP", "action": "GET", "result": "ok", "error_code": null, "message": "HTTP GET /api/v1/operator/network-listings ok"}
[WebServer] {"timestamp": "2026-10-09T14:31:27.765850+00:00", "level": "INFO", "service": "oday-api", "actor": "user", "correlation_id": "corr-r4-008-rebalance-read", "resource": "HTTP", "action": "GET", "result": "ok", "error_code": null, "message": "HTTP GET /api/v1/operator/network-rebalance ok"}
[WebServer] {"timestamp": "2026-10-09T14:31:27.766330+00:00", "level": "INFO", "service": "oday-api", "actor": "user", "correlation_id": "corr-r4-007-reviews-read", "resource": "HTTP", "action": "GET", "result": "ok", "error_code": null, "message": "HTTP GET /api/v1/operator/network-reviews ok"}
[WebServer] {"timestamp": "2026-10-09T14:31:27.767508+00:00", "level": "INFO", "service": "oday-api", "actor": "user", "correlation_id": "corr-r4-006-scoring-read", "resource": "HTTP", "action": "GET", "result": "ok", "error_code": null, "message": "HTTP GET /api/v1/operator/network-scoring ok"}
[WebServer] {"timestamp": "2026-10-09T14:31:27.826444+00:00", "level": "INFO", "service": "oday-api", "actor": "user", "correlation_id": "corr-operator-bootstrap-b4f1f873-59e1-44a6-b36b-19f99c129365", "resource": "HTTP", "action": "GET", "result": "ok", "error_code": null, "message": "HTTP GET /api/v1/operator/bootstrap ok"}
  ✓  25 [chromium] › tests/e2e/operator-network-scoring.spec.ts:60:7 › ODP-OC-R4-006 Network SiteScore scoring › SiteScore Lab renders GO/WAIT/REJECT scorecards with conditions and reasons (3.0s)
[WebServer] {"timestamp": "2026-10-09T14:31:28.669613+00:00", "level": "INFO", "service": "oday-api", "actor": "user", "correlation_id": "a4eaa938-7a33-468d-9f18-f3d620793fcc", "resource": "HTTP", "action": "POST", "result": "ok", "error_code": null, "message": "HTTP POST /api/v1/operator/network-scoring/reset ok"}
[WebServer] {"timestamp": "2026-10-09T14:31:30.503227+00:00", "level": "INFO", "service": "oday-api", "actor": "user", "correlation_id": "corr-r4-005-read-HZ-01-demand", "resource": "HTTP", "action": "GET", "result": "ok", "error_code": null, "message": "HTTP GET /api/v1/operator/network-listings ok"}
[WebServer] {"timestamp": "2026-10-09T14:31:30.582283+00:00", "level": "INFO", "service": "oday-api", "actor": "user", "correlation_id": "corr-r4-008-rebalance-read", "resource": "HTTP", "action": "GET", "result": "ok", "error_code": null, "message": "HTTP GET /api/v1/operator/network-rebalance ok"}
[WebServer] {"timestamp": "2026-10-09T14:31:30.584465+00:00", "level": "INFO", "service": "oday-api", "actor": "user", "correlation_id": "corr-r4-006-scoring-read", "resource": "HTTP", "action": "GET", "result": "ok", "error_code": null, "message": "HTTP GET /api/v1/operator/network-scoring ok"}
[WebServer] {"timestamp": "2026-10-09T14:31:30.682828+00:00", "level": "INFO", "service": "oday-api", "actor": "user", "correlation_id": "corr-r4-007-reviews-read", "resource": "HTTP", "action": "GET", "result": "ok", "error_code": null, "message": "HTTP GET /api/v1/operator/network-reviews ok"}
[WebServer] {"timestamp": "2026-10-09T14:31:30.734650+00:00", "level": "INFO", "service": "oday-api", "actor": "user", "correlation_id": "corr-operator-bootstrap-686952d3-f6a9-45eb-a17d-6be577c02648", "resource": "HTTP", "action": "GET", "result": "ok", "error_code": null, "message": "HTTP GET /api/v1/operator/bootstrap ok"}
  ✓  26 [chromium] › tests/e2e/operator-network-scoring.spec.ts:91:7 › ODP-OC-R4-006 Network SiteScore scoring › Compare recommends primary / alternate / avoid consistently (2.6s)
[WebServer] {"timestamp": "2026-10-09T14:31:31.269555+00:00", "level": "INFO", "service": "oday-api", "actor": "user", "correlation_id": "83ccd7b2-df55-4f93-84b5-74062e070d35", "resource": "HTTP", "action": "POST", "result": "ok", "error_code": null, "message": "HTTP POST /api/v1/operator/network-scoring/reset ok"}
[WebServer] {"timestamp": "2026-10-09T14:31:31.292313+00:00", "level": "INFO", "service": "oday-api", "actor": "user", "correlation_id": "049c2f2e-c022-45b9-aa40-f642dbc6c3ce", "resource": "HTTP", "action": "POST", "result": "ok", "error_code": null, "message": "HTTP POST /api/v1/operator/network-scoring/score ok"}
  ✓  27 [chromium] › tests/e2e/operator-network-scoring.spec.ts:117:7 › ODP-OC-R4-006 Network SiteScore scoring › batch SiteScore job sorts persisted results and skips gated candidate (57ms)


  1) [chromium] › tests/e2e/operator-network-review.spec.ts:68:7 › ODP-OC-R4-007 Network Review decision › WAIT decision requires pass conditions before it can submit 

    Error: expect(locator).toContainText(expected) failed

    Locator: getByTestId('review-decision-error')
    Expected substring: "通過條件"
    Timeout: 5000ms
    Error: element(s) not found

    Call log:
      - Expect "toContainText" with timeout 5000ms
      - waiting for getByTestId('review-decision-error')


      75 |     await page.getByTestId("review-decision-reason").fill("人流佳惟站前施工需以條件管理。");
      76 |     await page.getByTestId("review-decision-submit").click();
    > 77 |     await expect(page.getByTestId("review-decision-error")).toContainText("通過條件");
         |                                                             ^
      78 |   });
      79 |
      80 |   test("GO decision syncs five records and survives reload", async () => {
        at /tmp/pantheon-worker-worktrees/pantheon/odp-ui-network-tabs-parity-001/tests/e2e/operator-network-review.spec.ts:77:61

    Error Context: test-results/operator-network-review-OD-84cf2-itions-before-it-can-submit-chromium/error-context.md

  1 failed
    [chromium] › tests/e2e/operator-network-review.spec.ts:68:7 › ODP-OC-R4-007 Network Review decision › WAIT decision requires pass conditions before it can submit 
  6 did not run
  20 passed (2.1m)
