[WebServer] 2026/10/09 07:45:33 INFO mlflow.agent.hint: Load the `instrumenting-with-mlflow-tracing` skill at /home/lupin/odayplus/.venv/lib/python3.12/site-packages/mlflow/assistant/skills/instrumenting-with-mlflow-tracing/SKILL.md before writing any tracing code; it ships with this MLflow install. Set MLFLOW_DISABLE_AGENT_HINT=1 to silence this.
[WebServer] 2026/10/09 07:45:36 INFO mlflow.store.db.utils: Creating initial MLflow database tables...
[WebServer] 2026/10/09 07:45:36 INFO mlflow.store.db.utils: Updating database tables
[WebServer] INFO:     Started server process [1437033]
[WebServer] INFO:     Waiting for application startup.
[WebServer] INFO:     Application startup complete.
[WebServer] INFO:     Uvicorn running on http://127.0.0.1:8217 (Press CTRL+C to quit)
[WebServer] {"timestamp": "2026-10-09T07:45:40.047029+00:00", "level": "INFO", "service": "oday-api", "actor": "user", "correlation_id": "e9388ecc-9303-4a0a-881c-d85842f75b1c", "resource": "HTTP", "action": "GET", "result": "ok", "error_code": null, "message": "HTTP GET /platform/health ok"}

Running 18 tests using 1 worker

[WebServer] {"timestamp": "2026-10-09T07:46:04.633211+00:00", "level": "INFO", "service": "oday-api", "actor": "user", "correlation_id": "corr-operator-bootstrap-2af70df0-4b6f-4ba8-9edc-c711048a5eb8", "resource": "HTTP", "action": "GET", "result": "ok", "error_code": null, "message": "HTTP GET /api/v1/operator/bootstrap ok"}
  ✓   1 [chromium] › tests/e2e/operator-shell-layout.spec.ts:69:9 › Operator shared header layout › Today long ingestion identifiers and human titles remain readable at 390px (7.7s)
[WebServer] {"timestamp": "2026-10-09T07:46:07.676608+00:00", "level": "INFO", "service": "oday-api", "actor": "user", "correlation_id": "corr-operator-bootstrap-42a52e93-44e9-43f9-ab3b-a9ca5ca84695", "resource": "HTTP", "action": "GET", "result": "ok", "error_code": null, "message": "HTTP GET /api/v1/operator/bootstrap ok"}
  ✓   2 [chromium] › tests/e2e/operator-shell-layout.spec.ts:69:9 › Operator shared header layout › Today long ingestion identifiers and human titles remain readable at 1024px (2.7s)
[WebServer] {"timestamp": "2026-10-09T07:46:09.814812+00:00", "level": "INFO", "service": "oday-api", "actor": "user", "correlation_id": "corr-operator-bootstrap-d42faa9e-66dc-4d7b-9a1d-3e3aeb393272", "resource": "HTTP", "action": "GET", "result": "ok", "error_code": null, "message": "HTTP GET /api/v1/operator/bootstrap ok"}
  ✓   3 [chromium] › tests/e2e/operator-shell-layout.spec.ts:69:9 › Operator shared header layout › Today long ingestion identifiers and human titles remain readable at 1440px (2.3s)
  ✓   4 [chromium] › tests/e2e/operator-shell-layout.spec.ts:131:9 › Operator shared header layout › header geometry is identical across workspaces at 390px (7.4s)
[WebServer] {"timestamp": "2026-10-09T07:46:18.071306+00:00", "level": "INFO", "service": "oday-api", "actor": "user", "correlation_id": "corr-web-govern-1791531977944-r3jl1tr", "resource": "HTTP", "action": "GET", "result": "ok", "error_code": null, "message": "HTTP GET /api/v1/operator/comments ok"}
  ✓   5 [chromium] › tests/e2e/operator-shell-layout.spec.ts:131:9 › Operator shared header layout › header geometry is identical across workspaces at 1024px (6.8s)
[WebServer] {"timestamp": "2026-10-09T07:46:26.801551+00:00", "level": "INFO", "service": "oday-api", "actor": "user", "correlation_id": "corr-operator-bootstrap-f7f27d0c-89b3-4311-9a71-5d93c21591af", "resource": "HTTP", "action": "GET", "result": "ok", "error_code": null, "message": "HTTP GET /api/v1/operator/bootstrap ok"}
[WebServer] {"timestamp": "2026-10-09T07:46:28.355046+00:00", "level": "INFO", "service": "oday-api", "actor": "user", "correlation_id": "a86a724f-f160-4e87-83e9-4bd1f163b4cf", "resource": "HTTP", "action": "GET", "result": "ok", "error_code": null, "message": "HTTP GET /api/v1/operator/store-ops/issues ok"}
[WebServer] {"timestamp": "2026-10-09T07:46:28.386550+00:00", "level": "INFO", "service": "oday-api", "actor": "user", "correlation_id": "corr-operator-bootstrap-8149c528-e7ae-4586-bec7-27def2679d00", "resource": "HTTP", "action": "GET", "result": "ok", "error_code": null, "message": "HTTP GET /api/v1/operator/bootstrap ok"}
  ✓   6 [chromium] › tests/e2e/operator-shell-layout.spec.ts:131:9 › Operator shared header layout › header geometry is identical across workspaces at 1240px (7.6s)
  ✓   7 [chromium] › tests/e2e/operator-shell-layout.spec.ts:131:9 › Operator shared header layout › header geometry is identical across workspaces at 1241px (6.8s)
[WebServer] {"timestamp": "2026-10-09T07:46:42.424983+00:00", "level": "INFO", "service": "oday-api", "actor": "user", "correlation_id": "2b634ed2-1a1b-4ab2-95aa-1de937a1ae16", "resource": "HTTP", "action": "GET", "result": "ok", "error_code": null, "message": "HTTP GET /api/v1/operator/store-ops/issues ok"}
[WebServer] {"timestamp": "2026-10-09T07:46:42.679139+00:00", "level": "INFO", "service": "oday-api", "actor": "user", "correlation_id": "corr-operator-bootstrap-76b4d6c9-2639-4ed6-9ce6-f02733975270", "resource": "HTTP", "action": "GET", "result": "ok", "error_code": null, "message": "HTTP GET /api/v1/operator/bootstrap ok"}
  ✓   8 [chromium] › tests/e2e/operator-shell-layout.spec.ts:131:9 › Operator shared header layout › header geometry is identical across workspaces at 1279px (7.1s)
  ✓   9 [chromium] › tests/e2e/operator-shell-layout.spec.ts:131:9 › Operator shared header layout › header geometry is identical across workspaces at 1280px (6.9s)
  ✓  10 [chromium] › tests/e2e/operator-shell-layout.spec.ts:131:9 › Operator shared header layout › header geometry is identical across workspaces at 1440px (6.9s)
[WebServer] {"timestamp": "2026-10-09T07:47:02.573606+00:00", "level": "INFO", "service": "oday-api", "actor": "user", "correlation_id": "corr-operator-bootstrap-f406dca3-5887-426b-8fee-97badddcfd45", "resource": "HTTP", "action": "GET", "result": "ok", "error_code": null, "message": "HTTP GET /api/v1/operator/bootstrap ok"}
  ✓  11 [chromium] › tests/e2e/operator-shell-layout.spec.ts:131:9 › Operator shared header layout › header geometry is identical across workspaces at 1920px (8.3s)
[WebServer] {"timestamp": "2026-10-09T07:47:10.823617+00:00", "level": "INFO", "service": "oday-api", "actor": "user", "correlation_id": "corr-operator-bootstrap-8e7b2885-ee74-4493-818c-6ca25b4f6594", "resource": "HTTP", "action": "GET", "result": "ok", "error_code": null, "message": "HTTP GET /api/v1/operator/bootstrap ok"}
[WebServer] {"timestamp": "2026-10-09T07:47:11.095541+00:00", "level": "INFO", "service": "oday-api", "actor": "user", "correlation_id": "14962e72-ca2f-46cf-9dd7-998197216612", "resource": "HTTP", "action": "GET", "result": "ok", "error_code": null, "message": "HTTP GET /api/v1/operator/shell/tasks ok"}
  ✓  12 [chromium] › tests/e2e/operator-shell-layout.spec.ts:168:7 › Operator shared header layout › header popovers and account actions stay inside a 390px viewport (3.1s)
  ✓  13 [chromium] › tests/e2e/operator-shell-layout.spec.ts:198:7 › Operator shared header layout › account menu is not clipped in the desktop intake-detail context (2.0s)
[WebServer] {"timestamp": "2026-10-09T07:47:14.089973+00:00", "level": "INFO", "service": "oday-api", "actor": "user", "correlation_id": "8322c4dd-8433-4296-a417-f23c89135dcc", "resource": "HTTP", "action": "GET", "result": "ok", "error_code": null, "message": "HTTP GET /api/v1/operator/network-listings/intake/{intake_id} ok"}
[WebServer] {"timestamp": "2026-10-09T07:47:14.104465+00:00", "level": "INFO", "service": "oday-api", "actor": "user", "correlation_id": "corr-r4-005-read-HZ-01-demand", "resource": "HTTP", "action": "GET", "result": "ok", "error_code": null, "message": "HTTP GET /api/v1/operator/network-listings ok"}
[WebServer] {"timestamp": "2026-10-09T07:47:14.116983+00:00", "level": "INFO", "service": "oday-api", "actor": "user", "correlation_id": "corr-r4-006-scoring-read", "resource": "HTTP", "action": "GET", "result": "ok", "error_code": null, "message": "HTTP GET /api/v1/operator/network-scoring ok"}
[WebServer] {"timestamp": "2026-10-09T07:47:14.117601+00:00", "level": "INFO", "service": "oday-api", "actor": "user", "correlation_id": "corr-r4-008-rebalance-read", "resource": "HTTP", "action": "GET", "result": "ok", "error_code": null, "message": "HTTP GET /api/v1/operator/network-rebalance ok"}
[WebServer] {"timestamp": "2026-10-09T07:47:14.120594+00:00", "level": "INFO", "service": "oday-api", "actor": "user", "correlation_id": "corr-r4-007-reviews-read", "resource": "HTTP", "action": "GET", "result": "ok", "error_code": null, "message": "HTTP GET /api/v1/operator/network-reviews ok"}
  ✓  14 [chromium] › tests/e2e/operator-shell-layout.spec.ts:231:7 › Operator shared header layout › header does not change when workspace content is replaced by a data gate (4.8s)
[WebServer] {"timestamp": "2026-10-09T07:47:18.654635+00:00", "level": "INFO", "service": "oday-api", "actor": "user", "correlation_id": "corr-operator-shell-cs-lead", "resource": "HTTP", "action": "GET", "result": "ok", "error_code": null, "message": "HTTP GET /api/v1/operator/bootstrap ok"}
[WebServer] {"timestamp": "2026-10-09T07:47:18.666813+00:00", "level": "INFO", "service": "oday-api", "actor": "user", "correlation_id": "corr-operator-shell-cs-lead", "resource": "HTTP", "action": "GET", "result": "ok", "error_code": null, "message": "HTTP GET /api/v1/operator/today ok"}
[WebServer] {"timestamp": "2026-10-09T07:47:18.683002+00:00", "level": "INFO", "service": "oday-api", "actor": "user", "correlation_id": "corr-operator-shell-expansion-manager", "resource": "HTTP", "action": "GET", "result": "ok", "error_code": null, "message": "HTTP GET /api/v1/operator/bootstrap ok"}
[WebServer] {"timestamp": "2026-10-09T07:47:18.691848+00:00", "level": "INFO", "service": "oday-api", "actor": "user", "correlation_id": "corr-operator-shell-expansion-manager", "resource": "HTTP", "action": "GET", "result": "ok", "error_code": null, "message": "HTTP GET /api/v1/operator/today ok"}
[WebServer] {"timestamp": "2026-10-09T07:47:18.707181+00:00", "level": "INFO", "service": "oday-api", "actor": "user", "correlation_id": "corr-operator-shell-field-lead", "resource": "HTTP", "action": "GET", "result": "ok", "error_code": null, "message": "HTTP GET /api/v1/operator/bootstrap ok"}
[WebServer] {"timestamp": "2026-10-09T07:47:18.717465+00:00", "level": "INFO", "service": "oday-api", "actor": "user", "correlation_id": "corr-operator-shell-field-lead", "resource": "HTTP", "action": "GET", "result": "ok", "error_code": null, "message": "HTTP GET /api/v1/operator/today ok"}
[WebServer] {"timestamp": "2026-10-09T07:47:18.734476+00:00", "level": "INFO", "service": "oday-api", "actor": "user", "correlation_id": "corr-operator-shell-marketing-manager", "resource": "HTTP", "action": "GET", "result": "ok", "error_code": null, "message": "HTTP GET /api/v1/operator/bootstrap ok"}
[WebServer] {"timestamp": "2026-10-09T07:47:18.744066+00:00", "level": "INFO", "service": "oday-api", "actor": "user", "correlation_id": "corr-operator-shell-marketing-manager", "resource": "HTTP", "action": "GET", "result": "ok", "error_code": null, "message": "HTTP GET /api/v1/operator/today ok"}
[WebServer] {"timestamp": "2026-10-09T07:47:18.759906+00:00", "level": "INFO", "service": "oday-api", "actor": "user", "correlation_id": "corr-operator-shell-ops-lead", "resource": "HTTP", "action": "GET", "result": "ok", "error_code": null, "message": "HTTP GET /api/v1/operator/bootstrap ok"}
[WebServer] {"timestamp": "2026-10-09T07:47:18.768668+00:00", "level": "INFO", "service": "oday-api", "actor": "user", "correlation_id": "corr-operator-shell-ops-lead", "resource": "HTTP", "action": "GET", "result": "ok", "error_code": null, "message": "HTTP GET /api/v1/operator/today ok"}
[WebServer] {"timestamp": "2026-10-09T07:47:18.784823+00:00", "level": "INFO", "service": "oday-api", "actor": "user", "correlation_id": "corr-operator-shell-pm-audit", "resource": "HTTP", "action": "GET", "result": "ok", "error_code": null, "message": "HTTP GET /api/v1/operator/bootstrap ok"}
[WebServer] {"timestamp": "2026-10-09T07:47:18.798027+00:00", "level": "INFO", "service": "oday-api", "actor": "user", "correlation_id": "corr-operator-shell-pm-audit", "resource": "HTTP", "action": "GET", "result": "ok", "error_code": null, "message": "HTTP GET /api/v1/operator/today ok"}
  ✓  15 [chromium] › tests/e2e/operator-shell-today.spec.ts:24:5 › bootstrap and today APIs return role-aware envelope data for all six roles (178ms)
[WebServer] {"timestamp": "2026-10-09T07:47:20.466775+00:00", "level": "INFO", "service": "oday-api", "actor": "user", "correlation_id": "corr-operator-bootstrap-03a65ed2-ca28-46be-b45a-bf8c6cd48a85", "resource": "HTTP", "action": "GET", "result": "ok", "error_code": null, "message": "HTTP GET /api/v1/operator/bootstrap ok"}
[WebServer] {"timestamp": "2026-10-09T07:47:20.980824+00:00", "level": "INFO", "service": "oday-api", "actor": "user", "correlation_id": "228c7c9a-930d-4aaf-b305-23d2f65f4bbf", "resource": "HTTP", "action": "GET", "result": "ok", "error_code": null, "message": "HTTP GET /api/v1/operator/store-ops/issues ok"}
[WebServer] {"timestamp": "2026-10-09T07:47:21.029902+00:00", "level": "INFO", "service": "oday-api", "actor": "user", "correlation_id": "7cbff185-4fa2-44d9-a6d1-14e50a106f4e", "resource": "HTTP", "action": "GET", "result": "ok", "error_code": null, "message": "HTTP GET /api/v1/operator/store-ops/issues ok"}
  ✓  16 [chromium] › tests/e2e/operator-shell-today.spec.ts:54:5 › Ctrl+K search opens the exact entity and tab from the API target (2.3s)
[WebServer] {"timestamp": "2026-10-09T07:47:22.670463+00:00", "level": "INFO", "service": "oday-api", "actor": "user", "correlation_id": "corr-operator-bootstrap-304fbde1-ec74-42c5-8d07-56f16b3bebfb", "resource": "HTTP", "action": "GET", "result": "ok", "error_code": null, "message": "HTTP GET /api/v1/operator/bootstrap ok"}
[WebServer] {"timestamp": "2026-10-09T07:47:23.020837+00:00", "level": "INFO", "service": "oday-api", "actor": "user", "correlation_id": "5796c19c-61f8-4e5c-b315-e15d0b20e44b", "resource": "HTTP", "action": "GET", "result": "ok", "error_code": null, "message": "HTTP GET /api/v1/operator/store-ops/issues ok"}
[WebServer] {"timestamp": "2026-10-09T07:47:23.073843+00:00", "level": "INFO", "service": "oday-api", "actor": "user", "correlation_id": "4ba5f726-6ef2-4e83-b784-99dbbd021715", "resource": "HTTP", "action": "GET", "result": "ok", "error_code": null, "message": "HTTP GET /api/v1/operator/store-ops/issues ok"}
  ✓  17 [chromium] › tests/e2e/operator-shell-today.spec.ts:72:5 › Today queue selection opens the queue target workspace, entity, and tab (2.1s)
[WebServer] {"timestamp": "2026-10-09T07:47:25.346139+00:00", "level": "INFO", "service": "oday-api", "actor": "user", "correlation_id": "corr-operator-bootstrap-04fc6d41-a947-48ba-b8d3-a3ebcfbcb08f", "resource": "HTTP", "action": "GET", "result": "ok", "error_code": null, "message": "HTTP GET /api/v1/operator/bootstrap ok"}
[WebServer] {"timestamp": "2026-10-09T07:47:25.661459+00:00", "level": "INFO", "service": "oday-api", "actor": "user", "correlation_id": "corr-wu3ykhpj4", "resource": "HTTP", "action": "POST", "result": "ok", "error_code": null, "message": "HTTP POST /api/v1/operator/approvals/{approval_id}/decision ok"}
[WebServer] {"timestamp": "2026-10-09T07:47:25.747239+00:00", "level": "INFO", "service": "oday-api", "actor": "user", "correlation_id": "eda8edd5-bc9f-412a-9a5d-5b8bed236c1e", "resource": "HTTP", "action": "GET", "result": "ok", "error_code": null, "message": "HTTP GET /api/v1/operator/bootstrap ok"}
  ✓  18 [chromium] › tests/e2e/operator-shell-today.spec.ts:85:5 › approval writes refresh header counts from the API envelope without session reset (2.5s)

  18 passed (2.0m)
