[WebServer] 2026/10/09 05:27:20 INFO mlflow.agent.hint: Load the `instrumenting-with-mlflow-tracing` skill at /home/lupin/odayplus/.venv/lib/python3.12/site-packages/mlflow/assistant/skills/instrumenting-with-mlflow-tracing/SKILL.md before writing any tracing code; it ships with this MLflow install. Set MLFLOW_DISABLE_AGENT_HINT=1 to silence this.
[WebServer] 2026/10/09 05:27:22 INFO mlflow.store.db.utils: Creating initial MLflow database tables...
[WebServer] 2026/10/09 05:27:22 INFO mlflow.store.db.utils: Updating database tables
[WebServer] INFO:     Started server process [1320112]
[WebServer] INFO:     Waiting for application startup.
[WebServer] INFO:     Application startup complete.
[WebServer] INFO:     Uvicorn running on http://127.0.0.1:8217 (Press CTRL+C to quit)
[WebServer] {"timestamp": "2026-10-09T05:27:25.829625+00:00", "level": "INFO", "service": "oday-api", "actor": "user", "correlation_id": "ff57a8e2-a240-498f-87c8-51e120282343", "resource": "HTTP", "action": "GET", "result": "ok", "error_code": null, "message": "HTTP GET /platform/health ok"}

Running 9 tests using 1 worker

[WebServer] {"timestamp": "2026-10-09T05:27:40.788959+00:00", "level": "INFO", "service": "oday-api", "actor": "user", "correlation_id": "ac07dcd2-7e2e-4011-9ffa-a30b1ac145da", "resource": "HTTP", "action": "POST", "result": "ok", "error_code": null, "message": "HTTP POST /api/v1/operator/network-rebalance/reset ok"}
[WebServer] {"timestamp": "2026-10-09T05:27:40.814579+00:00", "level": "INFO", "service": "oday-api", "actor": "user", "correlation_id": "f622c7af-7054-4ac5-b082-98affe2bb5c6", "resource": "HTTP", "action": "POST", "result": "ok", "error_code": null, "message": "HTTP POST /api/v1/operator/network-listings/reset ok"}
[WebServer] {"timestamp": "2026-10-09T05:27:40.827276+00:00", "level": "INFO", "service": "oday-api", "actor": "user", "correlation_id": "a6e6ecb7-4c50-41c9-966e-6b93ff40476f", "resource": "HTTP", "action": "POST", "result": "ok", "error_code": null, "message": "HTTP POST /api/v1/operator/network-reviews/reset ok"}
[WebServer] {"timestamp": "2026-10-09T05:27:47.481990+00:00", "level": "INFO", "service": "oday-api", "actor": "user", "correlation_id": "corr-r4-006-scoring-read", "resource": "HTTP", "action": "GET", "result": "ok", "error_code": null, "message": "HTTP GET /api/v1/operator/network-scoring ok"}
[WebServer] {"timestamp": "2026-10-09T05:27:47.487493+00:00", "level": "INFO", "service": "oday-api", "actor": "user", "correlation_id": "corr-r4-008-rebalance-read", "resource": "HTTP", "action": "GET", "result": "ok", "error_code": null, "message": "HTTP GET /api/v1/operator/network-rebalance ok"}
[WebServer] {"timestamp": "2026-10-09T05:27:47.490597+00:00", "level": "INFO", "service": "oday-api", "actor": "user", "correlation_id": "corr-r4-007-reviews-read", "resource": "HTTP", "action": "GET", "result": "ok", "error_code": null, "message": "HTTP GET /api/v1/operator/network-reviews ok"}
[WebServer] {"timestamp": "2026-10-09T05:27:47.491081+00:00", "level": "INFO", "service": "oday-api", "actor": "user", "correlation_id": "corr-r4-005-read-HZ-01-demand", "resource": "HTTP", "action": "GET", "result": "ok", "error_code": null, "message": "HTTP GET /api/v1/operator/network-listings ok"}
[WebServer] {"timestamp": "2026-10-09T05:27:49.845982+00:00", "level": "INFO", "service": "oday-api", "actor": "user", "correlation_id": "corr-r4-007-reviews-read", "resource": "HTTP", "action": "GET", "result": "ok", "error_code": null, "message": "HTTP GET /api/v1/operator/network-reviews ok"}
[WebServer] {"timestamp": "2026-10-09T05:27:49.848728+00:00", "level": "INFO", "service": "oday-api", "actor": "user", "correlation_id": "corr-r4-008-rebalance-read", "resource": "HTTP", "action": "GET", "result": "ok", "error_code": null, "message": "HTTP GET /api/v1/operator/network-rebalance ok"}
[WebServer] {"timestamp": "2026-10-09T05:27:49.855122+00:00", "level": "INFO", "service": "oday-api", "actor": "user", "correlation_id": "corr-r4-006-scoring-read", "resource": "HTTP", "action": "GET", "result": "ok", "error_code": null, "message": "HTTP GET /api/v1/operator/network-scoring ok"}
[WebServer] {"timestamp": "2026-10-09T05:27:49.864190+00:00", "level": "INFO", "service": "oday-api", "actor": "user", "correlation_id": "corr-r4-005-read-HZ-01-demand", "resource": "HTTP", "action": "GET", "result": "ok", "error_code": null, "message": "HTTP GET /api/v1/operator/network-listings ok"}
[WebServer] {"timestamp": "2026-10-09T05:27:53.864851+00:00", "level": "INFO", "service": "oday-api", "actor": "user", "correlation_id": "corr-r4-005-read-HZ-01-demand", "resource": "HTTP", "action": "GET", "result": "ok", "error_code": null, "message": "HTTP GET /api/v1/operator/network-listings ok"}
[WebServer] {"timestamp": "2026-10-09T05:27:53.913845+00:00", "level": "INFO", "service": "oday-api", "actor": "user", "correlation_id": "corr-r4-008-rebalance-read", "resource": "HTTP", "action": "GET", "result": "ok", "error_code": null, "message": "HTTP GET /api/v1/operator/network-rebalance ok"}
[WebServer] {"timestamp": "2026-10-09T05:27:53.914306+00:00", "level": "INFO", "service": "oday-api", "actor": "user", "correlation_id": "corr-r4-006-scoring-read", "resource": "HTTP", "action": "GET", "result": "ok", "error_code": null, "message": "HTTP GET /api/v1/operator/network-scoring ok"}
[WebServer] {"timestamp": "2026-10-09T05:27:53.918489+00:00", "level": "INFO", "service": "oday-api", "actor": "user", "correlation_id": "corr-r4-007-reviews-read", "resource": "HTTP", "action": "GET", "result": "ok", "error_code": null, "message": "HTTP GET /api/v1/operator/network-reviews ok"}
[WebServer] {"timestamp": "2026-10-09T05:27:53.919971+00:00", "level": "INFO", "service": "oday-api", "actor": "user", "correlation_id": "corr-operator-bootstrap-bce8b2b1-ea88-4972-baba-b2f8dcfdca74", "resource": "HTTP", "action": "GET", "result": "ok", "error_code": null, "message": "HTTP GET /api/v1/operator/bootstrap ok"}
[WebServer] {"timestamp": "2026-10-09T05:27:54.999807+00:00", "level": "INFO", "service": "oday-api", "actor": "user", "correlation_id": "04aff086-f195-41de-a3e5-43659313ce6a", "resource": "HTTP", "action": "GET", "result": "ok", "error_code": null, "message": "HTTP GET /api/v1/operator/network-listings/intake ok"}
[WebServer] {"timestamp": "2026-10-09T05:27:55.070585+00:00", "level": "INFO", "service": "oday-api", "actor": "user", "correlation_id": "b0b56016-de10-42ce-a34e-70ecb9991d83", "resource": "HTTP", "action": "GET", "result": "ok", "error_code": null, "message": "HTTP GET /api/v1/operator/network-listings/intake ok"}
[WebServer] {"timestamp": "2026-10-09T05:27:55.127751+00:00", "level": "INFO", "service": "oday-api", "actor": "user", "correlation_id": "91053e89-1387-4246-85c9-0b16f4c00063", "resource": "HTTP", "action": "GET", "result": "ok", "error_code": null, "message": "HTTP GET /api/v1/operator/network-listings/intake ok"}
[WebServer] {"timestamp": "2026-10-09T05:27:55.574110+00:00", "level": "INFO", "service": "oday-api", "actor": "user", "correlation_id": "corr-r4-005-convert-L-2024", "resource": "HTTP", "action": "POST", "result": "ok", "error_code": null, "message": "HTTP POST /api/v1/operator/network-listings/listings/{listing_id}/convert ok"}
[WebServer] {"timestamp": "2026-10-09T05:27:55.666609+00:00", "level": "INFO", "service": "oday-api", "actor": "user", "correlation_id": "corr-r4-005-read-HZ-01-demand", "resource": "HTTP", "action": "GET", "result": "ok", "error_code": null, "message": "HTTP GET /api/v1/operator/network-listings ok"}
[WebServer] {"timestamp": "2026-10-09T05:27:57.369903+00:00", "level": "INFO", "service": "oday-api", "actor": "user", "correlation_id": "corr-r4-007-decide-RV-702", "resource": "HTTP", "action": "POST", "result": "ok", "error_code": null, "message": "HTTP POST /api/v1/operator/network-reviews/{review_id}/decide ok"}
[WebServer] {"timestamp": "2026-10-09T05:27:57.411003+00:00", "level": "INFO", "service": "oday-api", "actor": "user", "correlation_id": "corr-r4-007-reviews-read", "resource": "HTTP", "action": "GET", "result": "ok", "error_code": null, "message": "HTTP GET /api/v1/operator/network-reviews ok"}
  ✓  1 [chromium] › tests/e2e/e2e-operator-console.spec.ts:251:5 › ODP-OC-FE-04 Network workspace exposes all six remaining tabs (23.5s)
[WebServer] {"timestamp": "2026-10-09T05:28:02.392659+00:00", "level": "INFO", "service": "oday-api", "actor": "user", "correlation_id": "88f45eb1-ce65-4785-8cf7-ecdbf1de2a06", "resource": "HTTP", "action": "POST", "result": "ok", "error_code": null, "message": "HTTP POST /api/v1/operator/network-reviews/reset ok"}
[WebServer] {"timestamp": "2026-10-09T05:28:04.419535+00:00", "level": "INFO", "service": "oday-api", "actor": "user", "correlation_id": "corr-r4-005-read-HZ-01-demand", "resource": "HTTP", "action": "GET", "result": "ok", "error_code": null, "message": "HTTP GET /api/v1/operator/network-listings ok"}
[WebServer] {"timestamp": "2026-10-09T05:28:04.420220+00:00", "level": "INFO", "service": "oday-api", "actor": "user", "correlation_id": "corr-r4-008-rebalance-read", "resource": "HTTP", "action": "GET", "result": "ok", "error_code": null, "message": "HTTP GET /api/v1/operator/network-rebalance ok"}
[WebServer] {"timestamp": "2026-10-09T05:28:04.422108+00:00", "level": "INFO", "service": "oday-api", "actor": "user", "correlation_id": "corr-r4-006-scoring-read", "resource": "HTTP", "action": "GET", "result": "ok", "error_code": null, "message": "HTTP GET /api/v1/operator/network-scoring ok"}
[WebServer] {"timestamp": "2026-10-09T05:28:04.423058+00:00", "level": "INFO", "service": "oday-api", "actor": "user", "correlation_id": "corr-r4-007-reviews-read", "resource": "HTTP", "action": "GET", "result": "ok", "error_code": null, "message": "HTTP GET /api/v1/operator/network-reviews ok"}
[WebServer] {"timestamp": "2026-10-09T05:28:04.856737+00:00", "level": "INFO", "service": "oday-api", "actor": "user", "correlation_id": "corr-r4-005-read-HZ-01-demand", "resource": "HTTP", "action": "GET", "result": "ok", "error_code": null, "message": "HTTP GET /api/v1/operator/network-listings ok"}
[WebServer] {"timestamp": "2026-10-09T05:28:04.992610+00:00", "level": "INFO", "service": "oday-api", "actor": "user", "correlation_id": "corr-r4-007-reviews-read", "resource": "HTTP", "action": "GET", "result": "ok", "error_code": null, "message": "HTTP GET /api/v1/operator/network-reviews ok"}
[WebServer] {"timestamp": "2026-10-09T05:28:04.994098+00:00", "level": "INFO", "service": "oday-api", "actor": "user", "correlation_id": "corr-r4-008-rebalance-read", "resource": "HTTP", "action": "GET", "result": "ok", "error_code": null, "message": "HTTP GET /api/v1/operator/network-rebalance ok"}
[WebServer] {"timestamp": "2026-10-09T05:28:04.996098+00:00", "level": "INFO", "service": "oday-api", "actor": "user", "correlation_id": "corr-r4-006-scoring-read", "resource": "HTTP", "action": "GET", "result": "ok", "error_code": null, "message": "HTTP GET /api/v1/operator/network-scoring ok"}
[WebServer] {"timestamp": "2026-10-09T05:28:05.000543+00:00", "level": "INFO", "service": "oday-api", "actor": "user", "correlation_id": "corr-operator-bootstrap-6f5c12a0-5b09-4e92-a316-c3d801e12e11", "resource": "HTTP", "action": "GET", "result": "ok", "error_code": null, "message": "HTTP GET /api/v1/operator/bootstrap ok"}
[WebServer] {"timestamp": "2026-10-09T05:28:05.997131+00:00", "level": "INFO", "service": "oday-api", "actor": "user", "correlation_id": "corr-r4-007-decide-RV-702", "resource": "HTTP", "action": "POST", "result": "ok", "error_code": null, "message": "HTTP POST /api/v1/operator/network-reviews/{review_id}/decide ok"}
[WebServer] {"timestamp": "2026-10-09T05:28:06.055797+00:00", "level": "INFO", "service": "oday-api", "actor": "user", "correlation_id": "corr-r4-007-reviews-read", "resource": "HTTP", "action": "GET", "result": "ok", "error_code": null, "message": "HTTP GET /api/v1/operator/network-reviews ok"}
  ✓  2 [chromium] › tests/e2e/operator-network-review.spec.ts:41:7 › ODP-OC-R4-007 Network Review decision › Review panel opens the decision dialog and approves the golden GO flow (3.9s)
[WebServer] {"timestamp": "2026-10-09T05:28:06.387159+00:00", "level": "INFO", "service": "oday-api", "actor": "user", "correlation_id": "9b00d699-2b82-43b5-a02f-8cd6f0e7ab4a", "resource": "HTTP", "action": "POST", "result": "ok", "error_code": null, "message": "HTTP POST /api/v1/operator/network-reviews/reset ok"}
[WebServer] {"timestamp": "2026-10-09T05:28:08.439762+00:00", "level": "INFO", "service": "oday-api", "actor": "user", "correlation_id": "corr-r4-005-read-HZ-01-demand", "resource": "HTTP", "action": "GET", "result": "ok", "error_code": null, "message": "HTTP GET /api/v1/operator/network-listings ok"}
[WebServer] {"timestamp": "2026-10-09T05:28:08.530743+00:00", "level": "INFO", "service": "oday-api", "actor": "user", "correlation_id": "corr-r4-006-scoring-read", "resource": "HTTP", "action": "GET", "result": "ok", "error_code": null, "message": "HTTP GET /api/v1/operator/network-scoring ok"}
[WebServer] {"timestamp": "2026-10-09T05:28:08.545625+00:00", "level": "INFO", "service": "oday-api", "actor": "user", "correlation_id": "corr-r4-007-reviews-read", "resource": "HTTP", "action": "GET", "result": "ok", "error_code": null, "message": "HTTP GET /api/v1/operator/network-reviews ok"}
[WebServer] {"timestamp": "2026-10-09T05:28:08.549875+00:00", "level": "INFO", "service": "oday-api", "actor": "user", "correlation_id": "corr-r4-008-rebalance-read", "resource": "HTTP", "action": "GET", "result": "ok", "error_code": null, "message": "HTTP GET /api/v1/operator/network-rebalance ok"}
[WebServer] {"timestamp": "2026-10-09T05:28:08.618547+00:00", "level": "INFO", "service": "oday-api", "actor": "user", "correlation_id": "corr-r4-005-read-HZ-01-demand", "resource": "HTTP", "action": "GET", "result": "ok", "error_code": null, "message": "HTTP GET /api/v1/operator/network-listings ok"}
  ✓  3 [chromium] › tests/e2e/operator-network-review.spec.ts:68:7 › ODP-OC-R4-007 Network Review decision › WAIT decision requires pass conditions before it can submit (2.6s)
[WebServer] {"timestamp": "2026-10-09T05:28:08.961107+00:00", "level": "INFO", "service": "oday-api", "actor": "user", "correlation_id": "corr-r4-006-scoring-read", "resource": "HTTP", "action": "GET", "result": "ok", "error_code": null, "message": "HTTP GET /api/v1/operator/network-scoring ok"}
[WebServer] {"timestamp": "2026-10-09T05:28:08.997177+00:00", "level": "INFO", "service": "oday-api", "actor": "user", "correlation_id": "corr-r4-007-reviews-read", "resource": "HTTP", "action": "GET", "result": "ok", "error_code": null, "message": "HTTP GET /api/v1/operator/network-reviews ok"}
[WebServer] {"timestamp": "2026-10-09T05:28:09.000216+00:00", "level": "INFO", "service": "oday-api", "actor": "user", "correlation_id": "0b8e2d78-76df-4aac-8d07-5b3bac984c0d", "resource": "HTTP", "action": "POST", "result": "ok", "error_code": null, "message": "HTTP POST /api/v1/operator/network-reviews/reset ok"}
[WebServer] {"timestamp": "2026-10-09T05:28:09.001332+00:00", "level": "INFO", "service": "oday-api", "actor": "user", "correlation_id": "corr-r4-008-rebalance-read", "resource": "HTTP", "action": "GET", "result": "ok", "error_code": null, "message": "HTTP GET /api/v1/operator/network-rebalance ok"}
[WebServer] {"timestamp": "2026-10-09T05:28:09.018385+00:00", "level": "INFO", "service": "oday-api", "actor": "user", "correlation_id": "ef7eff9a-3079-4407-94b5-bc86f99f971f", "resource": "HTTP", "action": "POST", "result": "ok", "error_code": null, "message": "HTTP POST /api/v1/operator/network-reviews/{review_id}/decide ok"}
[WebServer] {"timestamp": "2026-10-09T05:28:09.032678+00:00", "level": "INFO", "service": "oday-api", "actor": "user", "correlation_id": "3d68a77d-0721-4069-b77c-ed4efb24c9a8", "resource": "HTTP", "action": "GET", "result": "ok", "error_code": null, "message": "HTTP GET /api/v1/operator/network-reviews ok"}
  ✓  4 [chromium] › tests/e2e/operator-network-review.spec.ts:80:7 › ODP-OC-R4-007 Network Review decision › GO decision syncs five records and survives reload (166ms)
[WebServer] {"timestamp": "2026-10-09T05:28:09.148338+00:00", "level": "INFO", "service": "oday-api", "actor": "user", "correlation_id": "3064b338-1900-46b8-aaea-66c897f4fe40", "resource": "HTTP", "action": "POST", "result": "ok", "error_code": null, "message": "HTTP POST /api/v1/operator/network-reviews/reset ok"}
[WebServer] {"timestamp": "2026-10-09T05:28:09.169928+00:00", "level": "INFO", "service": "oday-api", "actor": "user", "correlation_id": "3a580861-7102-40a1-929b-f2b1fdb34b22", "resource": "HTTP", "action": "POST", "result": "ok", "error_code": null, "message": "HTTP POST /api/v1/operator/network-reviews/{review_id}/decide ok"}
[WebServer] {"timestamp": "2026-10-09T05:28:09.183844+00:00", "level": "INFO", "service": "oday-api", "actor": "user", "correlation_id": "393d3e99-9a5a-495f-be4f-b79c813be2b2", "resource": "HTTP", "action": "POST", "result": "ok", "error_code": null, "message": "HTTP POST /api/v1/operator/network-reviews/{review_id}/decide ok"}
  ✓  5 [chromium] › tests/e2e/operator-network-review.spec.ts:102:7 › ODP-OC-R4-007 Network Review decision › Decision mapping covers WAIT / Return / Reject (132ms)
[WebServer] {"timestamp": "2026-10-09T05:28:09.310558+00:00", "level": "INFO", "service": "oday-api", "actor": "user", "correlation_id": "5cb0495e-6af7-448b-8af5-8780ed84a038", "resource": "HTTP", "action": "POST", "result": "ok", "error_code": null, "message": "HTTP POST /api/v1/operator/network-reviews/reset ok"}
[WebServer] /home/lupin/odayplus/.venv/lib/python3.12/site-packages/anyio/_backends/_asyncio.py:1002: StarletteDeprecationWarning: 'HTTP_422_UNPROCESSABLE_ENTITY' is deprecated. Use 'HTTP_422_UNPROCESSABLE_CONTENT' instead.
[WebServer]   result = context.run(func, *args)
[WebServer] {"timestamp": "2026-10-09T05:28:09.325111+00:00", "level": "INFO", "service": "oday-api", "actor": "user", "correlation_id": "2a610c9c-0383-4cf8-babe-ad0a5b6369ba", "resource": "HTTP", "action": "POST", "result": "ok", "error_code": null, "message": "HTTP POST /api/v1/operator/network-reviews/{review_id}/decide ok"}
[WebServer] {"timestamp": "2026-10-09T05:28:09.334890+00:00", "level": "INFO", "service": "oday-api", "actor": "user", "correlation_id": "51c3675a-4627-49fb-8b59-7c2baedc2b5d", "resource": "HTTP", "action": "GET", "result": "ok", "error_code": null, "message": "HTTP GET /api/v1/operator/network-reviews ok"}
  ✓  6 [chromium] › tests/e2e/operator-network-review.spec.ts:129:7 › ODP-OC-R4-007 Network Review decision › Failed transaction leaves all five records unchanged (118ms)
[WebServer] {"timestamp": "2026-10-09T05:28:09.453197+00:00", "level": "INFO", "service": "oday-api", "actor": "user", "correlation_id": "9755a1be-fec7-4a98-bdbd-72bc87587fa3", "resource": "HTTP", "action": "POST", "result": "ok", "error_code": null, "message": "HTTP POST /api/v1/operator/network-reviews/reset ok"}
[WebServer] {"timestamp": "2026-10-09T05:28:09.468511+00:00", "level": "INFO", "service": "oday-api", "actor": "user", "correlation_id": "194c7ff8-d4da-4e12-8f6a-e7fbb4c7d7fe", "resource": "HTTP", "action": "POST", "result": "ok", "error_code": null, "message": "HTTP POST /api/v1/operator/network-reviews/{review_id}/decide ok"}
[WebServer] {"timestamp": "2026-10-09T05:28:09.478794+00:00", "level": "INFO", "service": "oday-api", "actor": "user", "correlation_id": "8136dfca-7c4e-491e-b2dd-93d1081d3c70", "resource": "HTTP", "action": "POST", "result": "ok", "error_code": null, "message": "HTTP POST /api/v1/operator/network-reviews/{review_id}/decide ok"}
[WebServer] {"timestamp": "2026-10-09T05:28:09.489795+00:00", "level": "INFO", "service": "oday-api", "actor": "user", "correlation_id": "01cbca54-77c8-4025-8f2d-6738f784ccb4", "resource": "HTTP", "action": "GET", "result": "ok", "error_code": null, "message": "HTTP GET /api/v1/operator/network-reviews ok"}
  ✓  7 [chromium] › tests/e2e/operator-network-review.spec.ts:143:7 › ODP-OC-R4-007 Network Review decision › Idempotent replay creates no duplicate records (126ms)
[WebServer] {"timestamp": "2026-10-09T05:28:09.587077+00:00", "level": "INFO", "service": "oday-api", "actor": "user", "correlation_id": "2d2e6283-2c87-48fe-a6e9-d09155195c2a", "resource": "HTTP", "action": "POST", "result": "ok", "error_code": null, "message": "HTTP POST /api/v1/operator/network-reviews/reset ok"}
[WebServer] {"timestamp": "2026-10-09T05:28:11.515205+00:00", "level": "INFO", "service": "oday-api", "actor": "user", "correlation_id": "corr-r4-005-read-HZ-01-demand", "resource": "HTTP", "action": "GET", "result": "ok", "error_code": null, "message": "HTTP GET /api/v1/operator/network-listings ok"}
[WebServer] {"timestamp": "2026-10-09T05:28:11.567392+00:00", "level": "INFO", "service": "oday-api", "actor": "user", "correlation_id": "corr-r4-006-scoring-read", "resource": "HTTP", "action": "GET", "result": "ok", "error_code": null, "message": "HTTP GET /api/v1/operator/network-scoring ok"}
[WebServer] {"timestamp": "2026-10-09T05:28:11.654064+00:00", "level": "INFO", "service": "oday-api", "actor": "user", "correlation_id": "corr-r4-007-reviews-read", "resource": "HTTP", "action": "GET", "result": "ok", "error_code": null, "message": "HTTP GET /api/v1/operator/network-reviews ok"}
[WebServer] {"timestamp": "2026-10-09T05:28:11.657856+00:00", "level": "INFO", "service": "oday-api", "actor": "user", "correlation_id": "corr-r4-008-rebalance-read", "resource": "HTTP", "action": "GET", "result": "ok", "error_code": null, "message": "HTTP GET /api/v1/operator/network-rebalance ok"}
[WebServer] {"timestamp": "2026-10-09T05:28:12.027722+00:00", "level": "INFO", "service": "oday-api", "actor": "user", "correlation_id": "corr-operator-bootstrap-a244585a-c92c-4bfa-b3fd-c385eacb93d2", "resource": "HTTP", "action": "GET", "result": "ok", "error_code": null, "message": "HTTP GET /api/v1/operator/bootstrap ok"}
  ✓  8 [chromium] › tests/e2e/operator-network-review.spec.ts:160:7 › ODP-OC-R4-007 Network Review decision › Operations lead sees read-only review actions (no decision bar) (2.7s)
[WebServer] {"timestamp": "2026-10-09T05:28:12.344487+00:00", "level": "INFO", "service": "oday-api", "actor": "user", "correlation_id": "4b7ada9b-3988-4551-827a-bb373e5953ee", "resource": "HTTP", "action": "POST", "result": "ok", "error_code": null, "message": "HTTP POST /api/v1/operator/network-reviews/reset ok"}
[WebServer] {"timestamp": "2026-10-09T05:28:12.370417+00:00", "level": "INFO", "service": "oday-api", "actor": "user", "correlation_id": "5e629c1e-ec9a-4a84-93d5-6629b9f7ab34", "resource": "HTTP", "action": "GET", "result": "ok", "error_code": null, "message": "HTTP GET /api/v1/operator/network-reviews ok"}
[WebServer] {"timestamp": "2026-10-09T05:28:12.380524+00:00", "level": "INFO", "service": "oday-api", "actor": "user", "correlation_id": "e5c281a3-49c4-4320-947e-76053a1423fa", "resource": "HTTP", "action": "POST", "result": "ok", "error_code": null, "message": "HTTP POST /api/v1/operator/network-reviews/{review_id}/decide ok"}
[WebServer] {"timestamp": "2026-10-09T05:28:12.395082+00:00", "level": "INFO", "service": "oday-api", "actor": "user", "correlation_id": "fc56c082-1b6b-47a8-8257-f19d459bc9af", "resource": "HTTP", "action": "POST", "result": "ok", "error_code": null, "message": "HTTP POST /api/v1/operator/network-reviews/{review_id}/decide ok"}
  ✓  9 [chromium] › tests/e2e/operator-network-review.spec.ts:185:7 › ODP-OC-R4-007 Network Review decision › Expansion may read but not decide; reviewer may decide (172ms)

  9 passed (56.8s)
