........................................................................ [  8%]
........................................................................ [ 17%]
........................................................................ [ 25%]
........................................................................ [ 34%]
........................................................................ [ 43%]
........................................................................ [ 51%]
........................................................................ [ 60%]
........................................................................ [ 68%]
........................................................................ [ 77%]
........................................................................ [ 86%]
........................................................................ [ 94%]
............................................                             [100%]
=============================== warnings summary ===============================
.venv/lib/python3.12/site-packages/fastapi/testclient.py:1
  /tmp/pantheon-worker-worktrees/pantheon/odp-operator-read-authorization-001/.venv/lib/python3.12/site-packages/fastapi/testclient.py:1: StarletteDeprecationWarning: Using `httpx` with `starlette.testclient` is deprecated; install `httpx2` instead.
    from starlette.testclient import TestClient as TestClient  # noqa

tests/security/test_assisted_listing_intake_privacy.py::test_legal_hold_placement_and_segregation
  /tmp/pantheon-worker-worktrees/pantheon/odp-operator-read-authorization-001/apps/api/app/routes/operator_modules/privacy.py:124: StarletteDeprecationWarning: 'HTTP_422_UNPROCESSABLE_ENTITY' is deprecated. Use 'HTTP_422_UNPROCESSABLE_CONTENT' instead.
    handle_domain_error(exc)

tests/security/test_assisted_listing_intake_privacy.py::test_legal_hold_release_and_segregation
  /tmp/pantheon-worker-worktrees/pantheon/odp-operator-read-authorization-001/apps/api/app/routes/operator_modules/privacy.py:146: StarletteDeprecationWarning: 'HTTP_422_UNPROCESSABLE_ENTITY' is deprecated. Use 'HTTP_422_UNPROCESSABLE_CONTENT' instead.
    handle_domain_error(exc)

tests/security/test_assisted_listing_intake_privacy.py::test_purge_execution_and_conflict_fail_closed
  /tmp/pantheon-worker-worktrees/pantheon/odp-operator-read-authorization-001/apps/api/app/routes/operator_modules/privacy.py:169: StarletteDeprecationWarning: 'HTTP_422_UNPROCESSABLE_ENTITY' is deprecated. Use 'HTTP_422_UNPROCESSABLE_CONTENT' instead.
    handle_domain_error(exc)

tests/security/test_assisted_listing_intake_privacy.py::test_residency_enforcement_on_export
  /tmp/pantheon-worker-worktrees/pantheon/odp-operator-read-authorization-001/apps/api/app/routes/operator_modules/privacy.py:196: StarletteDeprecationWarning: 'HTTP_422_UNPROCESSABLE_ENTITY' is deprecated. Use 'HTTP_422_UNPROCESSABLE_CONTENT' instead.
    handle_domain_error(exc)

tests/contract/test_operator_governance_api.py: 2 warnings
tests/contract/test_operator_growth_api.py: 1 warning
tests/contract/test_operator_network_rebalance_api.py: 1 warning
tests/contract/test_operator_network_review_api.py: 2 warnings
tests/identity/test_identity_user_role_management.py: 7 warnings
  /tmp/pantheon-worker-worktrees/pantheon/odp-operator-read-authorization-001/.venv/lib/python3.12/site-packages/anyio/_backends/_asyncio.py:1033: StarletteDeprecationWarning: 'HTTP_422_UNPROCESSABLE_ENTITY' is deprecated. Use 'HTTP_422_UNPROCESSABLE_CONTENT' instead.
    result = context.run(func, *args)

-- Docs: https://docs.pytest.org/en/stable/how-to/capture-warnings.html
