F                                                                        [100%]
=================================== FAILURES ===================================
_____ test_partial_collection_filters_stay_denied_for_unprojected_callers ______

    def test_partial_collection_filters_stay_denied_for_unprojected_callers() -> None:
        # Only the operator read grant has its returned rows projected against the
        # complete scope, so only it may declare a partial filter. A manager-style
        # caller restricted to brand-a + HZ-01 keeps the complete-envelope denial.
        reviewer = Principal(
            subject_id="reviewer", roles=frozenset({Role.SITE_REVIEWER}),
            scope=Scope(tenant_id="tenant-a", brand_ids=frozenset({"brand-a"}),
                        heat_zone_ids=frozenset({"HZ-01"})),
        )
>       with pytest.raises(HTTPException) as denied:
             ^^^^^^^^^^^^^^^^^^^^^^^^^^^^
E       Failed: DID NOT RAISE HTTPException

tests/security/test_operator_read_authorization.py:184: Failed
=============================== warnings summary ===============================
.venv/lib/python3.12/site-packages/fastapi/testclient.py:1
  /tmp/pantheon-worker-worktrees/pantheon/odp-operator-read-authorization-001/.venv/lib/python3.12/site-packages/fastapi/testclient.py:1: StarletteDeprecationWarning: Using `httpx` with `starlette.testclient` is deprecated; install `httpx2` instead.
    from starlette.testclient import TestClient as TestClient  # noqa

-- Docs: https://docs.pytest.org/en/stable/how-to/capture-warnings.html
=========================== short test summary info ============================
FAILED tests/security/test_operator_read_authorization.py::test_partial_collection_filters_stay_denied_for_unprojected_callers
