........................................................................ [  8%]
.....................................................................F.. [ 17%]
........................................................................ [ 26%]
..........................................F............................. [ 35%]
........................................................................ [ 44%]
..........................F.................................F..F.F...... [ 52%]
........................................................................ [ 61%]
........................................................................ [ 70%]
........................................................................ [ 79%]
........................................................................ [ 88%]
........................................................................ [ 97%]
........................                                                 [100%]
=================================== FAILURES ===================================
____________________________ test_lock_consistency _____________________________

    def test_lock_consistency() -> None:
        """uv.lock must be consistent with pyproject.toml."""
        import subprocess
    
>       result = subprocess.run(
            ["uv", "lock", "--check"],
            cwd=ROOT,
            capture_output=True,
            text=True,
        )

tests/security/test_nltk_dependency_removal.py:202: 
_ _ _ _ _ _ _ _ _ _ _ _ _ _ _ _ _ _ _ _ _ _ _ _ _ _ _ _ _ _ _ _ _ _ _ _ _ _ _ _ 
/home/lupin/.local/share/uv/python/cpython-3.12.14-linux-x86_64-gnu/lib/python3.12/subprocess.py:548: in run
    with Popen(*popenargs, **kwargs) as process:
         ^^^^^^^^^^^^^^^^^^^^^^^^^^^
/home/lupin/.local/share/uv/python/cpython-3.12.14-linux-x86_64-gnu/lib/python3.12/subprocess.py:1026: in __init__
    self._execute_child(args, executable, preexec_fn, close_fds,
_ _ _ _ _ _ _ _ _ _ _ _ _ _ _ _ _ _ _ _ _ _ _ _ _ _ _ _ _ _ _ _ _ _ _ _ _ _ _ _ 

self = <Popen: returncode: 255 args: ['uv', 'lock', '--check']>
args = ['uv', 'lock', '--check'], executable = b'uv', preexec_fn = None
close_fds = True, pass_fds = ()
cwd = PosixPath('/tmp/pantheon-worker-worktrees/pantheon/odp-operator-read-authorization-001')
env = None, startupinfo = None, creationflags = 0, shell = False, p2cread = -1
p2cwrite = -1, c2pread = 57, c2pwrite = 58, errread = 59, errwrite = 60
restore_signals = True, gid = None, gids = None, uid = None, umask = -1
start_new_session = False, process_group = -1

    def _execute_child(self, args, executable, preexec_fn, close_fds,
                       pass_fds, cwd, env,
                       startupinfo, creationflags, shell,
                       p2cread, p2cwrite,
                       c2pread, c2pwrite,
                       errread, errwrite,
                       restore_signals,
                       gid, gids, uid, umask,
                       start_new_session, process_group):
        """Execute program (POSIX version)"""
    
        if isinstance(args, (str, bytes)):
            args = [args]
        elif isinstance(args, os.PathLike):
            if shell:
                raise TypeError('path-like args is not allowed when '
                                'shell is true')
            args = [args]
        else:
            args = list(args)
    
        if shell:
            # On Android the default shell is at '/system/bin/sh'.
            unix_shell = ('/system/bin/sh' if
                      hasattr(sys, 'getandroidapilevel') else '/bin/sh')
            args = [unix_shell, "-c"] + args
            if executable:
                args[0] = executable
    
        if executable is None:
            executable = args[0]
    
        sys.audit("subprocess.Popen", executable, args, cwd, env)
    
        if (_USE_POSIX_SPAWN
                and os.path.dirname(executable)
                and preexec_fn is None
                and not close_fds
                and not pass_fds
                and cwd is None
                and (p2cread == -1 or p2cread > 2)
                and (c2pwrite == -1 or c2pwrite > 2)
                and (errwrite == -1 or errwrite > 2)
                and not start_new_session
                and process_group == -1
                and gid is None
                and gids is None
                and uid is None
                and umask < 0):
            self._posix_spawn(args, executable, env, restore_signals,
                              p2cread, p2cwrite,
                              c2pread, c2pwrite,
                              errread, errwrite)
            return
    
        orig_executable = executable
    
        # For transferring possible exec failure from child to parent.
        # Data format: "exception name:hex errno:description"
        # Pickle is not used; it is complex and involves memory allocation.
        errpipe_read, errpipe_write = os.pipe()
        # errpipe_write must not be in the standard io 0, 1, or 2 fd range.
        low_fds_to_close = []
        while errpipe_write < 3:
            low_fds_to_close.append(errpipe_write)
            errpipe_write = os.dup(errpipe_write)
        for low_fd in low_fds_to_close:
            os.close(low_fd)
        try:
            try:
                # We must avoid complex work that could involve
                # malloc or free in the child process to avoid
                # potential deadlocks, thus we do all this here.
                # and pass it to fork_exec()
    
                if env is not None:
                    env_list = []
                    for k, v in env.items():
                        k = os.fsencode(k)
                        if b'=' in k:
                            raise ValueError("illegal environment variable name")
                        env_list.append(k + b'=' + os.fsencode(v))
                else:
                    env_list = None  # Use execv instead of execve.
                executable = os.fsencode(executable)
                if os.path.dirname(executable):
                    executable_list = (executable,)
                else:
                    # This matches the behavior of os._execvpe().
                    executable_list = tuple(
                        os.path.join(os.fsencode(dir), executable)
                        for dir in os.get_exec_path(env))
                fds_to_keep = set(pass_fds)
                fds_to_keep.add(errpipe_write)
                self.pid = _fork_exec(
                        args, executable_list,
                        close_fds, tuple(sorted(map(int, fds_to_keep))),
                        cwd, env_list,
                        p2cread, p2cwrite, c2pread, c2pwrite,
                        errread, errwrite,
                        errpipe_read, errpipe_write,
                        restore_signals, start_new_session,
                        process_group, gid, gids, uid, umask,
                        preexec_fn, _USE_VFORK)
                self._child_created = True
            finally:
                # be sure the FD is closed no matter what
                os.close(errpipe_write)
    
            self._close_pipe_fds(p2cread, p2cwrite,
                                 c2pread, c2pwrite,
                                 errread, errwrite)
    
            # Wait for exec to fail or succeed; possibly raising an
            # exception (limited in size)
            errpipe_data = bytearray()
            while True:
                part = os.read(errpipe_read, 50000)
                errpipe_data += part
                if not part or len(errpipe_data) > 50000:
                    break
        finally:
            # be sure the FD is closed no matter what
            os.close(errpipe_read)
    
        if errpipe_data:
            try:
                pid, sts = os.waitpid(self.pid, 0)
                if pid == self.pid:
                    self._handle_exitstatus(sts)
                else:
                    self.returncode = sys.maxsize
            except ChildProcessError:
                pass
    
            try:
                exception_name, hex_errno, err_msg = (
                        errpipe_data.split(b':', 2))
                # The encoding here should match the encoding
                # written in by the subprocess implementations
                # like _posixsubprocess
                err_msg = err_msg.decode()
            except ValueError:
                exception_name = b'SubprocessError'
                hex_errno = b'0'
                err_msg = 'Bad exception data from child: {!r}'.format(
                              bytes(errpipe_data))
            child_exception_type = getattr(
                    builtins, exception_name.decode('ascii'),
                    SubprocessError)
            if issubclass(child_exception_type, OSError) and hex_errno:
                errno_num = int(hex_errno, 16)
                if err_msg == "noexec:chdir":
                    err_msg = ""
                    # The error must be from chdir(cwd).
                    err_filename = cwd
                elif err_msg == "noexec":
                    err_msg = ""
                    err_filename = None
                else:
                    err_filename = orig_executable
                if errno_num != 0:
                    err_msg = os.strerror(errno_num)
                if err_filename is not None:
>                   raise child_exception_type(errno_num, err_msg, err_filename)
E                   FileNotFoundError: [Errno 2] No such file or directory: 'uv'

/home/lupin/.local/share/uv/python/cpython-3.12.14-linux-x86_64-gnu/lib/python3.12/subprocess.py:1955: FileNotFoundError
_________________________ test_notice_check_cli_passes _________________________

    def test_notice_check_cli_passes() -> None:
        res = subprocess.run(
            [sys.executable, "delivery_toolchain/security/generate_oss_notice.py", "--check"],
            cwd=ROOT,
            capture_output=True,
            text=True,
        )
>       assert res.returncode == 0, (
            f"generate_oss_notice.py --check failed:\n{res.stdout}\n{res.stderr}"
        )
E       AssertionError: generate_oss_notice.py --check failed:
E         
E         NOTICE-THIRD-PARTY.md is stale; run delivery_toolchain/security/generate_oss_notice.py
E         
E       assert 1 == 0
E        +  where 1 = CompletedProcess(args=['/home/lupin/odayplus/.venv/bin/python', 'delivery_toolchain/security/generate_oss_notice.py', ...rncode=1, stdout='', stderr='NOTICE-THIRD-PARTY.md is stale; run delivery_toolchain/security/generate_oss_notice.py\n').returncode

tests/security/test_oss_license_gate.py:377: AssertionError
___________________ test_notice_matches_the_installed_trees ____________________

    def test_notice_matches_the_installed_trees() -> None:
        if not (ROOT / "node_modules").is_dir():
            pytest.skip("node_modules absent; licences can only be read from an install")
        generator = _load_generator()
>       assert NOTICE.read_text(encoding="utf-8") == generator.build(), (
            "NOTICE-THIRD-PARTY.md is stale. Run delivery_toolchain/security/generate_oss_notice.py."
        )
E       AssertionError: NOTICE-THIRD-PARTY.md is stale. Run delivery_toolchain/security/generate_oss_notice.py.
E       assert '# Third-Part....7.2 (pypi)\n' == '# Third-Part....7.2 (pypi)\n'
E         
E         Skipping 2180 identical leading characters in diff, use -v to show
E         Skipping 908 identical trailing characters in diff, use -v to show
E         - tidict` 6.7.1 (pypi)
E         ?           ^
E         + tidict` 6.9.1 (pypi)
E         ?           ^...
E         
E         ...Full output truncated (806 lines hidden), use '-vv' to show

tests/security/test_oss_notice.py:43: AssertionError
____________________________ test_sast_scan_passes _____________________________

    def test_sast_scan_passes() -> None:
        res = subprocess.run(
            [str(ROOT / "delivery_toolchain/security/sast_scan.py")],
            cwd=ROOT,
            capture_output=True,
            text=True,
        )
>       assert res.returncode == 0, f"SAST scan failed with output:\n{res.stdout}"
E       AssertionError: SAST scan failed with output:
E         Starting Python SAST scan...
E         
E       assert 1 == 0
E        +  where 1 = CompletedProcess(args=['/tmp/pantheon-worker-worktrees/pantheon/odp-operator-read-authorization-001/delivery_toolchain...ld_exception_type(errno_num, err_msg, err_filename)\nFileNotFoundError: [Errno 2] No such file or directory: \'uv\'\n').returncode

tests/security/test_supply_chain_security_gate.py:74: AssertionError
____________________ test_stale_lockfiles_rejected_negative ____________________

tmp_path = PosixPath('/tmp/pytest-of-lupin/pytest-2136/test_stale_lockfiles_rejected_0')

    def test_stale_lockfiles_rejected_negative(tmp_path: Path) -> None:
        # Copy pyproject.toml and uv.lock to a temporary directory
        shutil.copy(ROOT / "pyproject.toml", tmp_path / "pyproject.toml")
        shutil.copy(ROOT / "uv.lock", tmp_path / "uv.lock")
    
        # Modify pyproject.toml in the tmp dir to add a dependency
        pyproject_path = tmp_path / "pyproject.toml"
        content = pyproject_path.read_text(encoding="utf-8")
        modified_content = content.replace(
            "dependencies = [", 'dependencies = [\n    "nonexistent-test-package-xyz>=1.0.0",'
        )
        pyproject_path.write_text(modified_content, encoding="utf-8")
    
        # Run uv lock --check in the tmp directory; it should fail
>       res = subprocess.run(["uv", "lock", "--check"], cwd=tmp_path, capture_output=True, text=True)
              ^^^^^^^^^^^^^^^^^^^^^^^^^^^^^^^^^^^^^^^^^^^^^^^^^^^^^^^^^^^^^^^^^^^^^^^^^^^^^^^^^^^^^^^

tests/security/test_supply_chain_security_gate.py:127: 
_ _ _ _ _ _ _ _ _ _ _ _ _ _ _ _ _ _ _ _ _ _ _ _ _ _ _ _ _ _ _ _ _ _ _ _ _ _ _ _ 
/home/lupin/.local/share/uv/python/cpython-3.12.14-linux-x86_64-gnu/lib/python3.12/subprocess.py:548: in run
    with Popen(*popenargs, **kwargs) as process:
         ^^^^^^^^^^^^^^^^^^^^^^^^^^^
/home/lupin/.local/share/uv/python/cpython-3.12.14-linux-x86_64-gnu/lib/python3.12/subprocess.py:1026: in __init__
    self._execute_child(args, executable, preexec_fn, close_fds,
_ _ _ _ _ _ _ _ _ _ _ _ _ _ _ _ _ _ _ _ _ _ _ _ _ _ _ _ _ _ _ _ _ _ _ _ _ _ _ _ 

self = <Popen: returncode: 255 args: ['uv', 'lock', '--check']>
args = ['uv', 'lock', '--check'], executable = b'uv', preexec_fn = None
close_fds = True, pass_fds = ()
cwd = PosixPath('/tmp/pytest-of-lupin/pytest-2136/test_stale_lockfiles_rejected_0')
env = None, startupinfo = None, creationflags = 0, shell = False, p2cread = -1
p2cwrite = -1, c2pread = 129, c2pwrite = 130, errread = 131, errwrite = 132
restore_signals = True, gid = None, gids = None, uid = None, umask = -1
start_new_session = False, process_group = -1

    def _execute_child(self, args, executable, preexec_fn, close_fds,
                       pass_fds, cwd, env,
                       startupinfo, creationflags, shell,
                       p2cread, p2cwrite,
                       c2pread, c2pwrite,
                       errread, errwrite,
                       restore_signals,
                       gid, gids, uid, umask,
                       start_new_session, process_group):
        """Execute program (POSIX version)"""
    
        if isinstance(args, (str, bytes)):
            args = [args]
        elif isinstance(args, os.PathLike):
            if shell:
                raise TypeError('path-like args is not allowed when '
                                'shell is true')
            args = [args]
        else:
            args = list(args)
    
        if shell:
            # On Android the default shell is at '/system/bin/sh'.
            unix_shell = ('/system/bin/sh' if
                      hasattr(sys, 'getandroidapilevel') else '/bin/sh')
            args = [unix_shell, "-c"] + args
            if executable:
                args[0] = executable
    
        if executable is None:
            executable = args[0]
    
        sys.audit("subprocess.Popen", executable, args, cwd, env)
    
        if (_USE_POSIX_SPAWN
                and os.path.dirname(executable)
                and preexec_fn is None
                and not close_fds
                and not pass_fds
                and cwd is None
                and (p2cread == -1 or p2cread > 2)
                and (c2pwrite == -1 or c2pwrite > 2)
                and (errwrite == -1 or errwrite > 2)
                and not start_new_session
                and process_group == -1
                and gid is None
                and gids is None
                and uid is None
                and umask < 0):
            self._posix_spawn(args, executable, env, restore_signals,
                              p2cread, p2cwrite,
                              c2pread, c2pwrite,
                              errread, errwrite)
            return
    
        orig_executable = executable
    
        # For transferring possible exec failure from child to parent.
        # Data format: "exception name:hex errno:description"
        # Pickle is not used; it is complex and involves memory allocation.
        errpipe_read, errpipe_write = os.pipe()
        # errpipe_write must not be in the standard io 0, 1, or 2 fd range.
        low_fds_to_close = []
        while errpipe_write < 3:
            low_fds_to_close.append(errpipe_write)
            errpipe_write = os.dup(errpipe_write)
        for low_fd in low_fds_to_close:
            os.close(low_fd)
        try:
            try:
                # We must avoid complex work that could involve
                # malloc or free in the child process to avoid
                # potential deadlocks, thus we do all this here.
                # and pass it to fork_exec()
    
                if env is not None:
                    env_list = []
                    for k, v in env.items():
                        k = os.fsencode(k)
                        if b'=' in k:
                            raise ValueError("illegal environment variable name")
                        env_list.append(k + b'=' + os.fsencode(v))
                else:
                    env_list = None  # Use execv instead of execve.
                executable = os.fsencode(executable)
                if os.path.dirname(executable):
                    executable_list = (executable,)
                else:
                    # This matches the behavior of os._execvpe().
                    executable_list = tuple(
                        os.path.join(os.fsencode(dir), executable)
                        for dir in os.get_exec_path(env))
                fds_to_keep = set(pass_fds)
                fds_to_keep.add(errpipe_write)
                self.pid = _fork_exec(
                        args, executable_list,
                        close_fds, tuple(sorted(map(int, fds_to_keep))),
                        cwd, env_list,
                        p2cread, p2cwrite, c2pread, c2pwrite,
                        errread, errwrite,
                        errpipe_read, errpipe_write,
                        restore_signals, start_new_session,
                        process_group, gid, gids, uid, umask,
                        preexec_fn, _USE_VFORK)
                self._child_created = True
            finally:
                # be sure the FD is closed no matter what
                os.close(errpipe_write)
    
            self._close_pipe_fds(p2cread, p2cwrite,
                                 c2pread, c2pwrite,
                                 errread, errwrite)
    
            # Wait for exec to fail or succeed; possibly raising an
            # exception (limited in size)
            errpipe_data = bytearray()
            while True:
                part = os.read(errpipe_read, 50000)
                errpipe_data += part
                if not part or len(errpipe_data) > 50000:
                    break
        finally:
            # be sure the FD is closed no matter what
            os.close(errpipe_read)
    
        if errpipe_data:
            try:
                pid, sts = os.waitpid(self.pid, 0)
                if pid == self.pid:
                    self._handle_exitstatus(sts)
                else:
                    self.returncode = sys.maxsize
            except ChildProcessError:
                pass
    
            try:
                exception_name, hex_errno, err_msg = (
                        errpipe_data.split(b':', 2))
                # The encoding here should match the encoding
                # written in by the subprocess implementations
                # like _posixsubprocess
                err_msg = err_msg.decode()
            except ValueError:
                exception_name = b'SubprocessError'
                hex_errno = b'0'
                err_msg = 'Bad exception data from child: {!r}'.format(
                              bytes(errpipe_data))
            child_exception_type = getattr(
                    builtins, exception_name.decode('ascii'),
                    SubprocessError)
            if issubclass(child_exception_type, OSError) and hex_errno:
                errno_num = int(hex_errno, 16)
                if err_msg == "noexec:chdir":
                    err_msg = ""
                    # The error must be from chdir(cwd).
                    err_filename = cwd
                elif err_msg == "noexec":
                    err_msg = ""
                    err_filename = None
                else:
                    err_filename = orig_executable
                if errno_num != 0:
                    err_msg = os.strerror(errno_num)
                if err_filename is not None:
>                   raise child_exception_type(errno_num, err_msg, err_filename)
E                   FileNotFoundError: [Errno 2] No such file or directory: 'uv'

/home/lupin/.local/share/uv/python/cpython-3.12.14-linux-x86_64-gnu/lib/python3.12/subprocess.py:1955: FileNotFoundError
__________________ test_vulnerable_fixtures_rejected_negative __________________

tmp_path = PosixPath('/tmp/pytest-of-lupin/pytest-2136/test_vulnerable_fixtures_rejec0')

    def test_vulnerable_fixtures_rejected_negative(tmp_path: Path) -> None:
        # Create a requirements file with a known vulnerable library version
        req_file = tmp_path / "requirements-vulnerable.txt"
        req_file.write_text("urllib3==1.26.15\n", encoding="utf-8")
    
        # Run pip-audit on requirements-vulnerable.txt
>       res = subprocess.run(
            ["uv", "run", "--with", "pip-audit", "pip-audit", "-r", str(req_file)],
            cwd=tmp_path,
            capture_output=True,
            text=True,
        )

tests/security/test_supply_chain_security_gate.py:160: 
_ _ _ _ _ _ _ _ _ _ _ _ _ _ _ _ _ _ _ _ _ _ _ _ _ _ _ _ _ _ _ _ _ _ _ _ _ _ _ _ 
/home/lupin/.local/share/uv/python/cpython-3.12.14-linux-x86_64-gnu/lib/python3.12/subprocess.py:548: in run
    with Popen(*popenargs, **kwargs) as process:
         ^^^^^^^^^^^^^^^^^^^^^^^^^^^
/home/lupin/.local/share/uv/python/cpython-3.12.14-linux-x86_64-gnu/lib/python3.12/subprocess.py:1026: in __init__
    self._execute_child(args, executable, preexec_fn, close_fds,
_ _ _ _ _ _ _ _ _ _ _ _ _ _ _ _ _ _ _ _ _ _ _ _ _ _ _ _ _ _ _ _ _ _ _ _ _ _ _ _ 

self = <Popen: returncode: 255 args: ['uv', 'run', '--with', 'pip-audit', 'pip-audi...>
args = ['uv', 'run', '--with', 'pip-audit', 'pip-audit', '-r', ...]
executable = b'uv', preexec_fn = None, close_fds = True, pass_fds = ()
cwd = PosixPath('/tmp/pytest-of-lupin/pytest-2136/test_vulnerable_fixtures_rejec0')
env = None, startupinfo = None, creationflags = 0, shell = False, p2cread = -1
p2cwrite = -1, c2pread = 129, c2pwrite = 130, errread = 131, errwrite = 132
restore_signals = True, gid = None, gids = None, uid = None, umask = -1
start_new_session = False, process_group = -1

    def _execute_child(self, args, executable, preexec_fn, close_fds,
                       pass_fds, cwd, env,
                       startupinfo, creationflags, shell,
                       p2cread, p2cwrite,
                       c2pread, c2pwrite,
                       errread, errwrite,
                       restore_signals,
                       gid, gids, uid, umask,
                       start_new_session, process_group):
        """Execute program (POSIX version)"""
    
        if isinstance(args, (str, bytes)):
            args = [args]
        elif isinstance(args, os.PathLike):
            if shell:
                raise TypeError('path-like args is not allowed when '
                                'shell is true')
            args = [args]
        else:
            args = list(args)
    
        if shell:
            # On Android the default shell is at '/system/bin/sh'.
            unix_shell = ('/system/bin/sh' if
                      hasattr(sys, 'getandroidapilevel') else '/bin/sh')
            args = [unix_shell, "-c"] + args
            if executable:
                args[0] = executable
    
        if executable is None:
            executable = args[0]
    
        sys.audit("subprocess.Popen", executable, args, cwd, env)
    
        if (_USE_POSIX_SPAWN
                and os.path.dirname(executable)
                and preexec_fn is None
                and not close_fds
                and not pass_fds
                and cwd is None
                and (p2cread == -1 or p2cread > 2)
                and (c2pwrite == -1 or c2pwrite > 2)
                and (errwrite == -1 or errwrite > 2)
                and not start_new_session
                and process_group == -1
                and gid is None
                and gids is None
                and uid is None
                and umask < 0):
            self._posix_spawn(args, executable, env, restore_signals,
                              p2cread, p2cwrite,
                              c2pread, c2pwrite,
                              errread, errwrite)
            return
    
        orig_executable = executable
    
        # For transferring possible exec failure from child to parent.
        # Data format: "exception name:hex errno:description"
        # Pickle is not used; it is complex and involves memory allocation.
        errpipe_read, errpipe_write = os.pipe()
        # errpipe_write must not be in the standard io 0, 1, or 2 fd range.
        low_fds_to_close = []
        while errpipe_write < 3:
            low_fds_to_close.append(errpipe_write)
            errpipe_write = os.dup(errpipe_write)
        for low_fd in low_fds_to_close:
            os.close(low_fd)
        try:
            try:
                # We must avoid complex work that could involve
                # malloc or free in the child process to avoid
                # potential deadlocks, thus we do all this here.
                # and pass it to fork_exec()
    
                if env is not None:
                    env_list = []
                    for k, v in env.items():
                        k = os.fsencode(k)
                        if b'=' in k:
                            raise ValueError("illegal environment variable name")
                        env_list.append(k + b'=' + os.fsencode(v))
                else:
                    env_list = None  # Use execv instead of execve.
                executable = os.fsencode(executable)
                if os.path.dirname(executable):
                    executable_list = (executable,)
                else:
                    # This matches the behavior of os._execvpe().
                    executable_list = tuple(
                        os.path.join(os.fsencode(dir), executable)
                        for dir in os.get_exec_path(env))
                fds_to_keep = set(pass_fds)
                fds_to_keep.add(errpipe_write)
                self.pid = _fork_exec(
                        args, executable_list,
                        close_fds, tuple(sorted(map(int, fds_to_keep))),
                        cwd, env_list,
                        p2cread, p2cwrite, c2pread, c2pwrite,
                        errread, errwrite,
                        errpipe_read, errpipe_write,
                        restore_signals, start_new_session,
                        process_group, gid, gids, uid, umask,
                        preexec_fn, _USE_VFORK)
                self._child_created = True
            finally:
                # be sure the FD is closed no matter what
                os.close(errpipe_write)
    
            self._close_pipe_fds(p2cread, p2cwrite,
                                 c2pread, c2pwrite,
                                 errread, errwrite)
    
            # Wait for exec to fail or succeed; possibly raising an
            # exception (limited in size)
            errpipe_data = bytearray()
            while True:
                part = os.read(errpipe_read, 50000)
                errpipe_data += part
                if not part or len(errpipe_data) > 50000:
                    break
        finally:
            # be sure the FD is closed no matter what
            os.close(errpipe_read)
    
        if errpipe_data:
            try:
                pid, sts = os.waitpid(self.pid, 0)
                if pid == self.pid:
                    self._handle_exitstatus(sts)
                else:
                    self.returncode = sys.maxsize
            except ChildProcessError:
                pass
    
            try:
                exception_name, hex_errno, err_msg = (
                        errpipe_data.split(b':', 2))
                # The encoding here should match the encoding
                # written in by the subprocess implementations
                # like _posixsubprocess
                err_msg = err_msg.decode()
            except ValueError:
                exception_name = b'SubprocessError'
                hex_errno = b'0'
                err_msg = 'Bad exception data from child: {!r}'.format(
                              bytes(errpipe_data))
            child_exception_type = getattr(
                    builtins, exception_name.decode('ascii'),
                    SubprocessError)
            if issubclass(child_exception_type, OSError) and hex_errno:
                errno_num = int(hex_errno, 16)
                if err_msg == "noexec:chdir":
                    err_msg = ""
                    # The error must be from chdir(cwd).
                    err_filename = cwd
                elif err_msg == "noexec":
                    err_msg = ""
                    err_filename = None
                else:
                    err_filename = orig_executable
                if errno_num != 0:
                    err_msg = os.strerror(errno_num)
                if err_filename is not None:
>                   raise child_exception_type(errno_num, err_msg, err_filename)
E                   FileNotFoundError: [Errno 2] No such file or directory: 'uv'

/home/lupin/.local/share/uv/python/cpython-3.12.14-linux-x86_64-gnu/lib/python3.12/subprocess.py:1955: FileNotFoundError
=============================== warnings summary ===============================
../../../../home/lupin/odayplus/.venv/lib/python3.12/site-packages/fastapi/testclient.py:1
  /home/lupin/odayplus/.venv/lib/python3.12/site-packages/fastapi/testclient.py:1: StarletteDeprecationWarning: Using `httpx` with `starlette.testclient` is deprecated; install `httpx2` instead.
    from starlette.testclient import TestClient as TestClient  # noqa

tests/security/test_assisted_listing_intake_privacy.py::test_legal_hold_placement_and_segregation
  /tmp/pantheon-worker-worktrees/pantheon/odp-operator-read-authorization-001/apps/api/app/routes/operator_modules/privacy.py:124: StarletteDeprecationWarning: 'HTTP_422_UNPROCESSABLE_ENTITY' is deprecated. Use 'HTTP_422_UNPROCESSABLE_CONTENT' instead.
    handle_domain_error(exc)

tests/security/test_assisted_listing_intake_privacy.py::test_legal_hold_release_and_segregation
  /tmp/pantheon-worker-worktrees/pantheon/odp-operator-read-authorization-001/apps/api/app/routes/operator_modules/privacy.py:146: StarletteDeprecationWarning: 'HTTP_422_UNPROCESSABLE_ENTITY' is deprecated. Use 'HTTP_422_UNPROCESSABLE_CONTENT' instead.
    handle_domain_error(exc)

tests/security/test_assisted_listing_intake_privacy.py::test_purge_execution_and_conflict_fail_closed
  /tmp/pantheon-worker-worktrees/pantheon/odp-operator-read-authorization-001/apps/api/app/routes/operator_modules/privacy.py:169: StarletteDeprecationWarning: 'HTTP_422_UNPROCESSABLE_ENTITY' is deprecated. Use 'HTTP_422_UNPROCESSABLE_CONTENT' instead.
    handle_domain_error(exc)

tests/security/test_assisted_listing_intake_privacy.py::test_residency_enforcement_on_export
  /tmp/pantheon-worker-worktrees/pantheon/odp-operator-read-authorization-001/apps/api/app/routes/operator_modules/privacy.py:196: StarletteDeprecationWarning: 'HTTP_422_UNPROCESSABLE_ENTITY' is deprecated. Use 'HTTP_422_UNPROCESSABLE_CONTENT' instead.
    handle_domain_error(exc)

tests/contract/test_operator_governance_api.py: 2 warnings
tests/contract/test_operator_growth_api.py: 1 warning
tests/contract/test_operator_network_rebalance_api.py: 1 warning
tests/contract/test_operator_network_review_api.py: 2 warnings
tests/identity/test_identity_user_role_management.py: 7 warnings
  /home/lupin/odayplus/.venv/lib/python3.12/site-packages/anyio/_backends/_asyncio.py:1002: StarletteDeprecationWarning: 'HTTP_422_UNPROCESSABLE_ENTITY' is deprecated. Use 'HTTP_422_UNPROCESSABLE_CONTENT' instead.
    result = context.run(func, *args)

-- Docs: https://docs.pytest.org/en/stable/how-to/capture-warnings.html
=========================== short test summary info ============================
FAILED tests/security/test_nltk_dependency_removal.py::test_lock_consistency
FAILED tests/security/test_oss_license_gate.py::test_notice_check_cli_passes
FAILED tests/security/test_oss_notice.py::test_notice_matches_the_installed_trees
FAILED tests/security/test_supply_chain_security_gate.py::test_sast_scan_passes
FAILED tests/security/test_supply_chain_security_gate.py::test_stale_lockfiles_rejected_negative
FAILED tests/security/test_supply_chain_security_gate.py::test_vulnerable_fixtures_rejected_negative
