........................................................................ [ 84%]
.............                                                            [100%]
=============================== warnings summary ===============================
../../../../home/lupin/odayplus/.venv/lib/python3.12/site-packages/fastapi/testclient.py:1
  /home/lupin/odayplus/.venv/lib/python3.12/site-packages/fastapi/testclient.py:1: StarletteDeprecationWarning: Using `httpx` with `starlette.testclient` is deprecated; install `httpx2` instead.
    from starlette.testclient import TestClient as TestClient  # noqa

tests/contract/test_operator_network_review_api.py::test_failed_transaction_leaves_all_records_unchanged
tests/contract/test_operator_network_review_api.py::test_reason_and_override_policies_are_enforced
  /home/lupin/odayplus/.venv/lib/python3.12/site-packages/anyio/_backends/_asyncio.py:1002: StarletteDeprecationWarning: 'HTTP_422_UNPROCESSABLE_ENTITY' is deprecated. Use 'HTTP_422_UNPROCESSABLE_CONTENT' instead.
    result = context.run(func, *args)

tests/security/test_assisted_listing_intake_privacy.py::test_legal_hold_placement_and_segregation
  /tmp/pantheon-worker-worktrees/pantheon/odp-operator-read-authorization-001/apps/api/app/routes/operator_modules/privacy.py:124: StarletteDeprecationWarning: 'HTTP_422_UNPROCESSABLE_ENTITY' is deprecated. Use 'HTTP_422_UNPROCESSABLE_CONTENT' instead.
    handle_domain_error(exc)

tests/security/test_assisted_listing_intake_privacy.py::test_legal_hold_release_and_segregation
  /tmp/pantheon-worker-worktrees/pantheon/odp-operator-read-authorization-001/apps/api/app/routes/operator_modules/privacy.py:146: StarletteDeprecationWarning: 'HTTP_422_UNPROCESSABLE_ENTITY' is deprecated. Use 'HTTP_422_UNPROCESSABLE_CONTENT' instead.
    handle_domain_error(exc)

tests/security/test_assisted_listing_intake_privacy.py::test_purge_execution_and_conflict_fail_closed
  /tmp/pantheon-worker-worktrees/pantheon/odp-operator-read-authorization-001/apps/api/app/routes/operator_modules/privacy.py:169: StarletteDeprecationWarning: 'HTTP_422_UNPROCESSABLE_ENTITY' is deprecated. Use 'HTTP_422_UNPROCESSABLE_CONTENT' instead.
    handle_domain_error(exc)

tests/security/test_assisted_listing_intake_privacy.py::test_residency_enforcement_on_export
  /tmp/pantheon-worker-worktrees/pantheon/odp-operator-read-authorization-001/apps/api/app/routes/operator_modules/privacy.py:196: StarletteDeprecationWarning: 'HTTP_422_UNPROCESSABLE_ENTITY' is deprecated. Use 'HTTP_422_UNPROCESSABLE_CONTENT' instead.
    handle_domain_error(exc)

-- Docs: https://docs.pytest.org/en/stable/how-to/capture-warnings.html
