[WebServer] 2026/10/09 07:18:36 INFO mlflow.agent.hint: Load the `instrumenting-with-mlflow-tracing` skill at /home/lupin/odayplus/.venv/lib/python3.12/site-packages/mlflow/assistant/skills/instrumenting-with-mlflow-tracing/SKILL.md before writing any tracing code; it ships with this MLflow install. Set MLFLOW_DISABLE_AGENT_HINT=1 to silence this.
[WebServer] 2026/10/09 07:18:38 INFO mlflow.store.db.utils: Creating initial MLflow database tables...
[WebServer] 2026/10/09 07:18:38 INFO mlflow.store.db.utils: Updating database tables
[WebServer] INFO:     Started server process [1417729]
[WebServer] INFO:     Waiting for application startup.
[WebServer] INFO:     Application startup complete.
[WebServer] INFO:     Uvicorn running on http://127.0.0.1:8217 (Press CTRL+C to quit)
[WebServer] {"timestamp": "2026-10-09T07:18:42.435594+00:00", "level": "INFO", "service": "oday-api", "actor": "user", "correlation_id": "227f9a0e-95c0-44ba-9b74-67e15d5e903a", "resource": "HTTP", "action": "GET", "result": "ok", "error_code": null, "message": "HTTP GET /platform/health ok"}

Running 18 tests using 1 worker

[WebServer] {"timestamp": "2026-10-09T07:19:05.811982+00:00", "level": "INFO", "service": "oday-api", "actor": "user", "correlation_id": "corr-operator-bootstrap-3070e042-4ba2-41c7-bbdb-f87bb54959be", "resource": "HTTP", "action": "GET", "result": "ok", "error_code": null, "message": "HTTP GET /api/v1/operator/bootstrap ok"}
  ✓   1 [chromium] › tests/e2e/operator-shell-layout.spec.ts:69:9 › Operator shared header layout › Today long ingestion identifiers and human titles remain readable at 390px (8.2s)
[WebServer] {"timestamp": "2026-10-09T07:19:08.633147+00:00", "level": "INFO", "service": "oday-api", "actor": "user", "correlation_id": "corr-operator-bootstrap-74a93500-cd49-4cc9-a73f-90411ca67abc", "resource": "HTTP", "action": "GET", "result": "ok", "error_code": null, "message": "HTTP GET /api/v1/operator/bootstrap ok"}
  ✓   2 [chromium] › tests/e2e/operator-shell-layout.spec.ts:69:9 › Operator shared header layout › Today long ingestion identifiers and human titles remain readable at 1024px (2.7s)
[WebServer] {"timestamp": "2026-10-09T07:19:11.080611+00:00", "level": "INFO", "service": "oday-api", "actor": "user", "correlation_id": "corr-operator-bootstrap-456aae2c-c16c-45eb-90b3-8c2d1b67d9ee", "resource": "HTTP", "action": "GET", "result": "ok", "error_code": null, "message": "HTTP GET /api/v1/operator/bootstrap ok"}
  ✓   3 [chromium] › tests/e2e/operator-shell-layout.spec.ts:69:9 › Operator shared header layout › Today long ingestion identifiers and human titles remain readable at 1440px (2.4s)
[WebServer] {"timestamp": "2026-10-09T07:19:13.177245+00:00", "level": "INFO", "service": "oday-api", "actor": "user", "correlation_id": "corr-operator-bootstrap-0765651d-8b83-418e-b91a-dea1e80cc4ee", "resource": "HTTP", "action": "GET", "result": "ok", "error_code": null, "message": "HTTP GET /api/v1/operator/bootstrap ok"}
[WebServer] {"timestamp": "2026-10-09T07:19:17.437740+00:00", "level": "INFO", "service": "oday-api", "actor": "user", "correlation_id": "corr-web-1791530356544-ho0fkvl", "resource": "HTTP", "action": "GET", "result": "ok", "error_code": null, "message": "HTTP GET /api/v1/operator/growth/recommendations ok"}
[WebServer] {"timestamp": "2026-10-09T07:19:17.440095+00:00", "level": "INFO", "service": "oday-api", "actor": "user", "correlation_id": "corr-web-1791530356544-ho0fkvl", "resource": "HTTP", "action": "GET", "result": "ok", "error_code": null, "message": "HTTP GET /api/v1/operator/growth/freshness ok"}
[WebServer] {"timestamp": "2026-10-09T07:19:17.440809+00:00", "level": "INFO", "service": "oday-api", "actor": "user", "correlation_id": "corr-web-1791530356544-ho0fkvl", "resource": "HTTP", "action": "GET", "result": "ok", "error_code": null, "message": "HTTP GET /api/v1/operator/growth/segments ok"}
[WebServer] {"timestamp": "2026-10-09T07:19:17.442522+00:00", "level": "INFO", "service": "oday-api", "actor": "user", "correlation_id": "corr-web-1791530356544-ho0fkvl", "resource": "HTTP", "action": "GET", "result": "ok", "error_code": null, "message": "HTTP GET /api/v1/operator/growth/actions ok"}
  ✓   4 [chromium] › tests/e2e/operator-shell-layout.spec.ts:131:9 › Operator shared header layout › header geometry is identical across workspaces at 390px (7.8s)
[WebServer] {"timestamp": "2026-10-09T07:19:22.811044+00:00", "level": "INFO", "service": "oday-api", "actor": "user", "correlation_id": "0acac99f-b8f5-4354-9ada-dbdf5e050e96", "resource": "HTTP", "action": "GET", "result": "ok", "error_code": null, "message": "HTTP GET /api/v1/operator/store-ops/issues ok"}
[WebServer] {"timestamp": "2026-10-09T07:19:23.060132+00:00", "level": "INFO", "service": "oday-api", "actor": "user", "correlation_id": "corr-operator-bootstrap-87c4b297-286a-452e-b581-cb5f22717b66", "resource": "HTTP", "action": "GET", "result": "ok", "error_code": null, "message": "HTTP GET /api/v1/operator/bootstrap ok"}
[WebServer] {"timestamp": "2026-10-09T07:19:25.918232+00:00", "level": "INFO", "service": "oday-api", "actor": "user", "correlation_id": "corr-r4-006-scoring-read", "resource": "HTTP", "action": "GET", "result": "ok", "error_code": null, "message": "HTTP GET /api/v1/operator/network-scoring ok"}
[WebServer] {"timestamp": "2026-10-09T07:19:25.920714+00:00", "level": "INFO", "service": "oday-api", "actor": "user", "correlation_id": "corr-r4-005-read-HZ-01-demand", "resource": "HTTP", "action": "GET", "result": "ok", "error_code": null, "message": "HTTP GET /api/v1/operator/network-listings ok"}
[WebServer] {"timestamp": "2026-10-09T07:19:26.041110+00:00", "level": "INFO", "service": "oday-api", "actor": "user", "correlation_id": "corr-r4-007-reviews-read", "resource": "HTTP", "action": "GET", "result": "ok", "error_code": null, "message": "HTTP GET /api/v1/operator/network-reviews ok"}
[WebServer] {"timestamp": "2026-10-09T07:19:26.044053+00:00", "level": "INFO", "service": "oday-api", "actor": "user", "correlation_id": "corr-r4-008-rebalance-read", "resource": "HTTP", "action": "GET", "result": "ok", "error_code": null, "message": "HTTP GET /api/v1/operator/network-rebalance ok"}
  ✓   5 [chromium] › tests/e2e/operator-shell-layout.spec.ts:131:9 › Operator shared header layout › header geometry is identical across workspaces at 1024px (7.8s)
[WebServer] {"timestamp": "2026-10-09T07:19:28.986474+00:00", "level": "INFO", "service": "oday-api", "actor": "user", "correlation_id": "corr-operator-bootstrap-7d194102-bab7-4b8d-b945-db09cc6aedfb", "resource": "HTTP", "action": "GET", "result": "ok", "error_code": null, "message": "HTTP GET /api/v1/operator/bootstrap ok"}
  ✓   6 [chromium] › tests/e2e/operator-shell-layout.spec.ts:131:9 › Operator shared header layout › header geometry is identical across workspaces at 1240px (7.3s)
  ✓   7 [chromium] › tests/e2e/operator-shell-layout.spec.ts:131:9 › Operator shared header layout › header geometry is identical across workspaces at 1241px (6.7s)
[WebServer] {"timestamp": "2026-10-09T07:19:42.989579+00:00", "level": "INFO", "service": "oday-api", "actor": "user", "correlation_id": "corr-operator-bootstrap-93d12f41-311e-429f-a704-2f0aa1260b12", "resource": "HTTP", "action": "GET", "result": "ok", "error_code": null, "message": "HTTP GET /api/v1/operator/bootstrap ok"}
[WebServer] {"timestamp": "2026-10-09T07:19:47.541329+00:00", "level": "INFO", "service": "oday-api", "actor": "user", "correlation_id": "corr-r4-005-read-HZ-01-demand", "resource": "HTTP", "action": "GET", "result": "ok", "error_code": null, "message": "HTTP GET /api/v1/operator/network-listings ok"}
[WebServer] {"timestamp": "2026-10-09T07:19:47.604077+00:00", "level": "INFO", "service": "oday-api", "actor": "user", "correlation_id": "corr-r4-007-reviews-read", "resource": "HTTP", "action": "GET", "result": "ok", "error_code": null, "message": "HTTP GET /api/v1/operator/network-reviews ok"}
[WebServer] {"timestamp": "2026-10-09T07:19:47.608312+00:00", "level": "INFO", "service": "oday-api", "actor": "user", "correlation_id": "corr-r4-008-rebalance-read", "resource": "HTTP", "action": "GET", "result": "ok", "error_code": null, "message": "HTTP GET /api/v1/operator/network-rebalance ok"}
[WebServer] {"timestamp": "2026-10-09T07:19:47.609676+00:00", "level": "INFO", "service": "oday-api", "actor": "user", "correlation_id": "corr-r4-006-scoring-read", "resource": "HTTP", "action": "GET", "result": "ok", "error_code": null, "message": "HTTP GET /api/v1/operator/network-scoring ok"}
  ✓   8 [chromium] › tests/e2e/operator-shell-layout.spec.ts:131:9 › Operator shared header layout › header geometry is identical across workspaces at 1279px (9.3s)
[WebServer] {"timestamp": "2026-10-09T07:19:50.763174+00:00", "level": "INFO", "service": "oday-api", "actor": "user", "correlation_id": "corr-web-govern-1791530390598-3nnhrqy", "resource": "HTTP", "action": "GET", "result": "ok", "error_code": null, "message": "HTTP GET /api/v1/operator/comments ok"}
[WebServer] {"timestamp": "2026-10-09T07:19:50.852767+00:00", "level": "INFO", "service": "oday-api", "actor": "user", "correlation_id": "corr-web-govern-1791530390601-elw84vk", "resource": "HTTP", "action": "GET", "result": "ok", "error_code": null, "message": "HTTP GET /api/v1/operator/governance/snapshot ok"}
[WebServer] {"timestamp": "2026-10-09T07:19:55.764689+00:00", "level": "INFO", "service": "oday-api", "actor": "user", "correlation_id": "corr-web-1791530395637-knjjkhb", "resource": "HTTP", "action": "GET", "result": "ok", "error_code": null, "message": "HTTP GET /api/v1/operator/growth/freshness ok"}
[WebServer] {"timestamp": "2026-10-09T07:19:55.824379+00:00", "level": "INFO", "service": "oday-api", "actor": "user", "correlation_id": "corr-web-1791530395637-knjjkhb", "resource": "HTTP", "action": "GET", "result": "ok", "error_code": null, "message": "HTTP GET /api/v1/operator/growth/segments ok"}
[WebServer] {"timestamp": "2026-10-09T07:19:55.826836+00:00", "level": "INFO", "service": "oday-api", "actor": "user", "correlation_id": "corr-web-1791530395637-knjjkhb", "resource": "HTTP", "action": "GET", "result": "ok", "error_code": null, "message": "HTTP GET /api/v1/operator/growth/recommendations ok"}
[WebServer] {"timestamp": "2026-10-09T07:19:55.829099+00:00", "level": "INFO", "service": "oday-api", "actor": "user", "correlation_id": "corr-web-1791530395637-knjjkhb", "resource": "HTTP", "action": "GET", "result": "ok", "error_code": null, "message": "HTTP GET /api/v1/operator/growth/actions ok"}
[WebServer] {"timestamp": "2026-10-09T07:19:55.930194+00:00", "level": "INFO", "service": "oday-api", "actor": "user", "correlation_id": "corr-operator-bootstrap-d2ebca6d-62c2-4caf-b242-749dfb0abb5c", "resource": "HTTP", "action": "GET", "result": "ok", "error_code": null, "message": "HTTP GET /api/v1/operator/bootstrap ok"}
  ✓   9 [chromium] › tests/e2e/operator-shell-layout.spec.ts:131:9 › Operator shared header layout › header geometry is identical across workspaces at 1280px (8.2s)
  ✓  10 [chromium] › tests/e2e/operator-shell-layout.spec.ts:131:9 › Operator shared header layout › header geometry is identical across workspaces at 1440px (7.0s)
[WebServer] {"timestamp": "2026-10-09T07:20:11.859307+00:00", "level": "INFO", "service": "oday-api", "actor": "user", "correlation_id": "corr-r4-005-read-HZ-01-demand", "resource": "HTTP", "action": "GET", "result": "ok", "error_code": null, "message": "HTTP GET /api/v1/operator/network-listings ok"}
[WebServer] {"timestamp": "2026-10-09T07:20:11.862564+00:00", "level": "INFO", "service": "oday-api", "actor": "user", "correlation_id": "corr-r4-006-scoring-read", "resource": "HTTP", "action": "GET", "result": "ok", "error_code": null, "message": "HTTP GET /api/v1/operator/network-scoring ok"}
[WebServer] {"timestamp": "2026-10-09T07:20:11.862908+00:00", "level": "INFO", "service": "oday-api", "actor": "user", "correlation_id": "corr-r4-008-rebalance-read", "resource": "HTTP", "action": "GET", "result": "ok", "error_code": null, "message": "HTTP GET /api/v1/operator/network-rebalance ok"}
[WebServer] {"timestamp": "2026-10-09T07:20:11.867774+00:00", "level": "INFO", "service": "oday-api", "actor": "user", "correlation_id": "corr-r4-007-reviews-read", "resource": "HTTP", "action": "GET", "result": "ok", "error_code": null, "message": "HTTP GET /api/v1/operator/network-reviews ok"}
  ✓  11 [chromium] › tests/e2e/operator-shell-layout.spec.ts:131:9 › Operator shared header layout › header geometry is identical across workspaces at 1920px (7.4s)
[WebServer] {"timestamp": "2026-10-09T07:20:14.874766+00:00", "level": "INFO", "service": "oday-api", "actor": "user", "correlation_id": "corr-operator-bootstrap-e7c79b24-a4a8-456b-9923-ec1117fae243", "resource": "HTTP", "action": "GET", "result": "ok", "error_code": null, "message": "HTTP GET /api/v1/operator/bootstrap ok"}
[WebServer] {"timestamp": "2026-10-09T07:20:15.157397+00:00", "level": "INFO", "service": "oday-api", "actor": "user", "correlation_id": "2d5fb351-d72f-435f-bfd6-71fb21fdc338", "resource": "HTTP", "action": "GET", "result": "ok", "error_code": null, "message": "HTTP GET /api/v1/operator/shell/tasks ok"}
  ✓  12 [chromium] › tests/e2e/operator-shell-layout.spec.ts:168:7 › Operator shared header layout › header popovers and account actions stay inside a 390px viewport (2.5s)
[WebServer] {"timestamp": "2026-10-09T07:20:17.861111+00:00", "level": "INFO", "service": "oday-api", "actor": "user", "correlation_id": "7478a848-ab63-4a68-b2fe-d6245bb78ea5", "resource": "HTTP", "action": "GET", "result": "ok", "error_code": null, "message": "HTTP GET /api/v1/operator/network-listings/intake/{intake_id} ok"}
[WebServer] {"timestamp": "2026-10-09T07:20:17.868549+00:00", "level": "INFO", "service": "oday-api", "actor": "user", "correlation_id": "corr-r4-008-rebalance-read", "resource": "HTTP", "action": "GET", "result": "ok", "error_code": null, "message": "HTTP GET /api/v1/operator/network-rebalance ok"}
[WebServer] {"timestamp": "2026-10-09T07:20:17.870037+00:00", "level": "INFO", "service": "oday-api", "actor": "user", "correlation_id": "corr-r4-005-read-HZ-01-demand", "resource": "HTTP", "action": "GET", "result": "ok", "error_code": null, "message": "HTTP GET /api/v1/operator/network-listings ok"}
[WebServer] {"timestamp": "2026-10-09T07:20:17.871874+00:00", "level": "INFO", "service": "oday-api", "actor": "user", "correlation_id": "corr-r4-006-scoring-read", "resource": "HTTP", "action": "GET", "result": "ok", "error_code": null, "message": "HTTP GET /api/v1/operator/network-scoring ok"}
[WebServer] {"timestamp": "2026-10-09T07:20:17.878973+00:00", "level": "INFO", "service": "oday-api", "actor": "user", "correlation_id": "corr-r4-007-reviews-read", "resource": "HTTP", "action": "GET", "result": "ok", "error_code": null, "message": "HTTP GET /api/v1/operator/network-reviews ok"}
  ✓  13 [chromium] › tests/e2e/operator-shell-layout.spec.ts:198:7 › Operator shared header layout › account menu is not clipped in the desktop intake-detail context (2.0s)
  ✓  14 [chromium] › tests/e2e/operator-shell-layout.spec.ts:231:7 › Operator shared header layout › header does not change when workspace content is replaced by a data gate (1.6s)
[WebServer] {"timestamp": "2026-10-09T07:20:19.534375+00:00", "level": "INFO", "service": "oday-api", "actor": "user", "correlation_id": "corr-operator-shell-cs-lead", "resource": "HTTP", "action": "GET", "result": "ok", "error_code": null, "message": "HTTP GET /api/v1/operator/bootstrap ok"}
[WebServer] {"timestamp": "2026-10-09T07:20:19.544608+00:00", "level": "INFO", "service": "oday-api", "actor": "user", "correlation_id": "corr-operator-shell-cs-lead", "resource": "HTTP", "action": "GET", "result": "ok", "error_code": null, "message": "HTTP GET /api/v1/operator/today ok"}
[WebServer] {"timestamp": "2026-10-09T07:20:19.561098+00:00", "level": "INFO", "service": "oday-api", "actor": "user", "correlation_id": "corr-operator-shell-expansion-manager", "resource": "HTTP", "action": "GET", "result": "ok", "error_code": null, "message": "HTTP GET /api/v1/operator/bootstrap ok"}
[WebServer] {"timestamp": "2026-10-09T07:20:19.569653+00:00", "level": "INFO", "service": "oday-api", "actor": "user", "correlation_id": "corr-operator-shell-expansion-manager", "resource": "HTTP", "action": "GET", "result": "ok", "error_code": null, "message": "HTTP GET /api/v1/operator/today ok"}
[WebServer] {"timestamp": "2026-10-09T07:20:19.585626+00:00", "level": "INFO", "service": "oday-api", "actor": "user", "correlation_id": "corr-operator-shell-field-lead", "resource": "HTTP", "action": "GET", "result": "ok", "error_code": null, "message": "HTTP GET /api/v1/operator/bootstrap ok"}
[WebServer] {"timestamp": "2026-10-09T07:20:19.596734+00:00", "level": "INFO", "service": "oday-api", "actor": "user", "correlation_id": "corr-operator-shell-field-lead", "resource": "HTTP", "action": "GET", "result": "ok", "error_code": null, "message": "HTTP GET /api/v1/operator/today ok"}
[WebServer] {"timestamp": "2026-10-09T07:20:19.613695+00:00", "level": "INFO", "service": "oday-api", "actor": "user", "correlation_id": "corr-operator-shell-marketing-manager", "resource": "HTTP", "action": "GET", "result": "ok", "error_code": null, "message": "HTTP GET /api/v1/operator/bootstrap ok"}
[WebServer] {"timestamp": "2026-10-09T07:20:19.622502+00:00", "level": "INFO", "service": "oday-api", "actor": "user", "correlation_id": "corr-operator-shell-marketing-manager", "resource": "HTTP", "action": "GET", "result": "ok", "error_code": null, "message": "HTTP GET /api/v1/operator/today ok"}
[WebServer] {"timestamp": "2026-10-09T07:20:19.640216+00:00", "level": "INFO", "service": "oday-api", "actor": "user", "correlation_id": "corr-operator-shell-ops-lead", "resource": "HTTP", "action": "GET", "result": "ok", "error_code": null, "message": "HTTP GET /api/v1/operator/bootstrap ok"}
[WebServer] {"timestamp": "2026-10-09T07:20:19.648248+00:00", "level": "INFO", "service": "oday-api", "actor": "user", "correlation_id": "corr-operator-shell-ops-lead", "resource": "HTTP", "action": "GET", "result": "ok", "error_code": null, "message": "HTTP GET /api/v1/operator/today ok"}
[WebServer] {"timestamp": "2026-10-09T07:20:19.664846+00:00", "level": "INFO", "service": "oday-api", "actor": "user", "correlation_id": "corr-operator-shell-pm-audit", "resource": "HTTP", "action": "GET", "result": "ok", "error_code": null, "message": "HTTP GET /api/v1/operator/bootstrap ok"}
[WebServer] {"timestamp": "2026-10-09T07:20:19.675673+00:00", "level": "INFO", "service": "oday-api", "actor": "user", "correlation_id": "corr-operator-shell-pm-audit", "resource": "HTTP", "action": "GET", "result": "ok", "error_code": null, "message": "HTTP GET /api/v1/operator/today ok"}
  ✓  15 [chromium] › tests/e2e/operator-shell-today.spec.ts:24:5 › bootstrap and today APIs return role-aware envelope data for all six roles (169ms)
[WebServer] {"timestamp": "2026-10-09T07:20:21.305548+00:00", "level": "INFO", "service": "oday-api", "actor": "user", "correlation_id": "corr-operator-bootstrap-9cfece01-3601-4719-b627-eeee72340511", "resource": "HTTP", "action": "GET", "result": "ok", "error_code": null, "message": "HTTP GET /api/v1/operator/bootstrap ok"}
[WebServer] {"timestamp": "2026-10-09T07:20:22.001211+00:00", "level": "INFO", "service": "oday-api", "actor": "user", "correlation_id": "7b872f7c-84d3-415d-a092-91ed9582e8b8", "resource": "HTTP", "action": "GET", "result": "ok", "error_code": null, "message": "HTTP GET /api/v1/operator/store-ops/issues ok"}
[WebServer] {"timestamp": "2026-10-09T07:20:22.068690+00:00", "level": "INFO", "service": "oday-api", "actor": "user", "correlation_id": "582e0e8a-04d8-4772-94b1-24439d4ebf1f", "resource": "HTTP", "action": "GET", "result": "ok", "error_code": null, "message": "HTTP GET /api/v1/operator/store-ops/issues ok"}
  ✓  16 [chromium] › tests/e2e/operator-shell-today.spec.ts:54:5 › Ctrl+K search opens the exact entity and tab from the API target (2.6s)
[WebServer] {"timestamp": "2026-10-09T07:20:24.210724+00:00", "level": "INFO", "service": "oday-api", "actor": "user", "correlation_id": "corr-operator-bootstrap-e2897eb5-7176-426d-b691-2717586fe965", "resource": "HTTP", "action": "GET", "result": "ok", "error_code": null, "message": "HTTP GET /api/v1/operator/bootstrap ok"}
[WebServer] {"timestamp": "2026-10-09T07:20:24.444064+00:00", "level": "INFO", "service": "oday-api", "actor": "user", "correlation_id": "e745381a-87f8-48ab-a412-74f1872b5059", "resource": "HTTP", "action": "GET", "result": "ok", "error_code": null, "message": "HTTP GET /api/v1/operator/store-ops/issues ok"}
[WebServer] {"timestamp": "2026-10-09T07:20:24.485214+00:00", "level": "INFO", "service": "oday-api", "actor": "user", "correlation_id": "6f994968-5d22-4a70-99ef-15a941b3757c", "resource": "HTTP", "action": "GET", "result": "ok", "error_code": null, "message": "HTTP GET /api/v1/operator/store-ops/issues ok"}
  ✓  17 [chromium] › tests/e2e/operator-shell-today.spec.ts:72:5 › Today queue selection opens the queue target workspace, entity, and tab (2.3s)
[WebServer] {"timestamp": "2026-10-09T07:20:26.316558+00:00", "level": "INFO", "service": "oday-api", "actor": "user", "correlation_id": "corr-operator-bootstrap-b798ab83-b712-4623-8201-81490b2c14da", "resource": "HTTP", "action": "GET", "result": "ok", "error_code": null, "message": "HTTP GET /api/v1/operator/bootstrap ok"}
[WebServer] {"timestamp": "2026-10-09T07:20:26.668388+00:00", "level": "INFO", "service": "oday-api", "actor": "user", "correlation_id": "corr-5gpcuehgm", "resource": "HTTP", "action": "POST", "result": "ok", "error_code": null, "message": "HTTP POST /api/v1/operator/approvals/{approval_id}/decision ok"}
[WebServer] {"timestamp": "2026-10-09T07:20:26.738949+00:00", "level": "INFO", "service": "oday-api", "actor": "user", "correlation_id": "65589e4c-421e-4dbc-b8e5-ffcba48c9ddb", "resource": "HTTP", "action": "GET", "result": "ok", "error_code": null, "message": "HTTP GET /api/v1/operator/bootstrap ok"}
  ✓  18 [chromium] › tests/e2e/operator-shell-today.spec.ts:85:5 › approval writes refresh header counts from the API envelope without session reset (2.2s)

  18 passed (1.9m)
