[WebServer] 2026/10/09 20:28:38 INFO mlflow.agent.hint: Load the `instrumenting-with-mlflow-tracing` skill at /tmp/pantheon-worker-worktrees/pantheon/odp-ui-network-tabs-parity-001/.venv/lib/python3.12/site-packages/mlflow/assistant/skills/instrumenting-with-mlflow-tracing/SKILL.md before writing any tracing code; it ships with this MLflow install. Set MLFLOW_DISABLE_AGENT_HINT=1 to silence this.
[WebServer] 2026/10/09 20:28:40 INFO mlflow.store.db.utils: Creating initial MLflow database tables...
[WebServer] 2026/10/09 20:28:40 INFO mlflow.store.db.utils: Updating database tables
[WebServer] INFO:     Started server process [2150721]
[WebServer] INFO:     Waiting for application startup.
[WebServer] INFO:     Application startup complete.
[WebServer] INFO:     Uvicorn running on http://127.0.0.1:8310 (Press CTRL+C to quit)
[WebServer] {"timestamp": "2026-10-09T20:28:44.028690+00:00", "level": "INFO", "service": "oday-api", "actor": "user", "correlation_id": "035bf1c9-dc30-4b65-b62f-45771bb1bc1c", "resource": "HTTP", "action": "GET", "result": "ok", "error_code": null, "message": "HTTP GET /platform/health ok"}

Running 3 tests using 1 worker

[WebServer] {"timestamp": "2026-10-09T20:29:12.927557+00:00", "level": "INFO", "service": "oday-api", "actor": "user", "correlation_id": "corr-r4-006-scoring-read", "resource": "HTTP", "action": "GET", "result": "ok", "error_code": null, "message": "HTTP GET /api/v1/operator/network-scoring ok"}
[WebServer] {"timestamp": "2026-10-09T20:29:12.932638+00:00", "level": "INFO", "service": "oday-api", "actor": "user", "correlation_id": "corr-r4-006-scoring-read", "resource": "HTTP", "action": "GET", "result": "ok", "error_code": null, "message": "HTTP GET /api/v1/operator/network-scoring ok"}
[WebServer] {"timestamp": "2026-10-09T20:29:12.933389+00:00", "level": "INFO", "service": "oday-api", "actor": "user", "correlation_id": "corr-r4-007-reviews-read", "resource": "HTTP", "action": "GET", "result": "ok", "error_code": null, "message": "HTTP GET /api/v1/operator/network-reviews ok"}
[WebServer] {"timestamp": "2026-10-09T20:29:12.935304+00:00", "level": "INFO", "service": "oday-api", "actor": "user", "correlation_id": "corr-r4-008-rebalance-read", "resource": "HTTP", "action": "GET", "result": "ok", "error_code": null, "message": "HTTP GET /api/v1/operator/network-rebalance ok"}
[WebServer] {"timestamp": "2026-10-09T20:29:12.937989+00:00", "level": "INFO", "service": "oday-api", "actor": "user", "correlation_id": "corr-r4-005-read-HZ-01-demand", "resource": "HTTP", "action": "GET", "result": "ok", "error_code": null, "message": "HTTP GET /api/v1/operator/network-listings ok"}
[WebServer] {"timestamp": "2026-10-09T20:29:12.938821+00:00", "level": "INFO", "service": "oday-api", "actor": "user", "correlation_id": "corr-r4-005-read-HZ-01-demand", "resource": "HTTP", "action": "GET", "result": "ok", "error_code": null, "message": "HTTP GET /api/v1/operator/network-listings ok"}
[WebServer] {"timestamp": "2026-10-09T20:29:13.149924+00:00", "level": "INFO", "service": "oday-api", "actor": "user", "correlation_id": "corr-r4-008-rebalance-read", "resource": "HTTP", "action": "GET", "result": "ok", "error_code": null, "message": "HTTP GET /api/v1/operator/network-rebalance ok"}
[WebServer] {"timestamp": "2026-10-09T20:29:13.277255+00:00", "level": "INFO", "service": "oday-api", "actor": "user", "correlation_id": "corr-operator-bootstrap-8169ae60-c5a4-42c3-9dc3-c1a7a80513d8", "resource": "HTTP", "action": "GET", "result": "ok", "error_code": null, "message": "HTTP GET /api/v1/operator/bootstrap ok"}
[WebServer] {"timestamp": "2026-10-09T20:29:13.280195+00:00", "level": "INFO", "service": "oday-api", "actor": "user", "correlation_id": "corr-r4-007-reviews-read", "resource": "HTTP", "action": "GET", "result": "ok", "error_code": null, "message": "HTTP GET /api/v1/operator/network-reviews ok"}
  ✘  1 [chromium] › tests/visual/operator-spatial-surface-parity.spec.ts:18:7 › Spatial later-spec integration and empty state at 1440 (14.0s)
[WebServer] {"timestamp": "2026-10-09T20:29:18.715533+00:00", "level": "INFO", "service": "oday-api", "actor": "user", "correlation_id": "corr-r4-005-read-HZ-01-demand", "resource": "HTTP", "action": "GET", "result": "ok", "error_code": null, "message": "HTTP GET /api/v1/operator/network-listings ok"}
[WebServer] {"timestamp": "2026-10-09T20:29:18.784995+00:00", "level": "INFO", "service": "oday-api", "actor": "user", "correlation_id": "corr-r4-007-reviews-read", "resource": "HTTP", "action": "GET", "result": "ok", "error_code": null, "message": "HTTP GET /api/v1/operator/network-reviews ok"}
[WebServer] {"timestamp": "2026-10-09T20:29:18.785994+00:00", "level": "INFO", "service": "oday-api", "actor": "user", "correlation_id": "corr-r4-006-scoring-read", "resource": "HTTP", "action": "GET", "result": "ok", "error_code": null, "message": "HTTP GET /api/v1/operator/network-scoring ok"}
[WebServer] {"timestamp": "2026-10-09T20:29:18.787944+00:00", "level": "INFO", "service": "oday-api", "actor": "user", "correlation_id": "corr-r4-008-rebalance-read", "resource": "HTTP", "action": "GET", "result": "ok", "error_code": null, "message": "HTTP GET /api/v1/operator/network-rebalance ok"}
[WebServer] {"timestamp": "2026-10-09T20:29:19.128021+00:00", "level": "INFO", "service": "oday-api", "actor": "user", "correlation_id": "corr-r4-005-read-HZ-01-demand", "resource": "HTTP", "action": "GET", "result": "ok", "error_code": null, "message": "HTTP GET /api/v1/operator/network-listings ok"}
[WebServer] {"timestamp": "2026-10-09T20:29:19.188616+00:00", "level": "INFO", "service": "oday-api", "actor": "user", "correlation_id": "corr-r4-006-scoring-read", "resource": "HTTP", "action": "GET", "result": "ok", "error_code": null, "message": "HTTP GET /api/v1/operator/network-scoring ok"}
[WebServer] {"timestamp": "2026-10-09T20:29:19.193144+00:00", "level": "INFO", "service": "oday-api", "actor": "user", "correlation_id": "corr-r4-008-rebalance-read", "resource": "HTTP", "action": "GET", "result": "ok", "error_code": null, "message": "HTTP GET /api/v1/operator/network-rebalance ok"}
[WebServer] {"timestamp": "2026-10-09T20:29:19.258428+00:00", "level": "INFO", "service": "oday-api", "actor": "user", "correlation_id": "corr-r4-007-reviews-read", "resource": "HTTP", "action": "GET", "result": "ok", "error_code": null, "message": "HTTP GET /api/v1/operator/network-reviews ok"}
[WebServer] {"timestamp": "2026-10-09T20:29:19.346987+00:00", "level": "INFO", "service": "oday-api", "actor": "user", "correlation_id": "corr-operator-bootstrap-af1eba07-5ddf-470e-9779-bc2a38733c0e", "resource": "HTTP", "action": "GET", "result": "ok", "error_code": null, "message": "HTTP GET /api/v1/operator/bootstrap ok"}
  ✘  2 [chromium] › tests/visual/operator-spatial-surface-parity.spec.ts:18:7 › Spatial later-spec integration and empty state at 1024 (5.0s)
[WebServer] {"timestamp": "2026-10-09T20:29:24.520020+00:00", "level": "INFO", "service": "oday-api", "actor": "user", "correlation_id": "corr-r4-005-read-HZ-01-demand", "resource": "HTTP", "action": "GET", "result": "ok", "error_code": null, "message": "HTTP GET /api/v1/operator/network-listings ok"}
[WebServer] {"timestamp": "2026-10-09T20:29:24.582799+00:00", "level": "INFO", "service": "oday-api", "actor": "user", "correlation_id": "corr-r4-008-rebalance-read", "resource": "HTTP", "action": "GET", "result": "ok", "error_code": null, "message": "HTTP GET /api/v1/operator/network-rebalance ok"}
[WebServer] {"timestamp": "2026-10-09T20:29:24.585061+00:00", "level": "INFO", "service": "oday-api", "actor": "user", "correlation_id": "corr-r4-006-scoring-read", "resource": "HTTP", "action": "GET", "result": "ok", "error_code": null, "message": "HTTP GET /api/v1/operator/network-scoring ok"}
[WebServer] {"timestamp": "2026-10-09T20:29:24.586042+00:00", "level": "INFO", "service": "oday-api", "actor": "user", "correlation_id": "corr-r4-007-reviews-read", "resource": "HTTP", "action": "GET", "result": "ok", "error_code": null, "message": "HTTP GET /api/v1/operator/network-reviews ok"}
[WebServer] {"timestamp": "2026-10-09T20:29:24.896795+00:00", "level": "INFO", "service": "oday-api", "actor": "user", "correlation_id": "corr-r4-005-read-HZ-01-demand", "resource": "HTTP", "action": "GET", "result": "ok", "error_code": null, "message": "HTTP GET /api/v1/operator/network-listings ok"}
[WebServer] {"timestamp": "2026-10-09T20:29:24.943955+00:00", "level": "INFO", "service": "oday-api", "actor": "user", "correlation_id": "corr-r4-006-scoring-read", "resource": "HTTP", "action": "GET", "result": "ok", "error_code": null, "message": "HTTP GET /api/v1/operator/network-scoring ok"}
[WebServer] {"timestamp": "2026-10-09T20:29:24.995108+00:00", "level": "INFO", "service": "oday-api", "actor": "user", "correlation_id": "corr-r4-008-rebalance-read", "resource": "HTTP", "action": "GET", "result": "ok", "error_code": null, "message": "HTTP GET /api/v1/operator/network-rebalance ok"}
[WebServer] {"timestamp": "2026-10-09T20:29:24.996063+00:00", "level": "INFO", "service": "oday-api", "actor": "user", "correlation_id": "corr-r4-007-reviews-read", "resource": "HTTP", "action": "GET", "result": "ok", "error_code": null, "message": "HTTP GET /api/v1/operator/network-reviews ok"}
[WebServer] {"timestamp": "2026-10-09T20:29:25.068264+00:00", "level": "INFO", "service": "oday-api", "actor": "user", "correlation_id": "corr-operator-bootstrap-fa323faf-7c2a-4aaa-bdff-6061033a9f10", "resource": "HTTP", "action": "GET", "result": "ok", "error_code": null, "message": "HTTP GET /api/v1/operator/bootstrap ok"}
  ✘  3 [chromium] › tests/visual/operator-spatial-surface-parity.spec.ts:18:7 › Spatial later-spec integration and empty state at 390 (4.5s)


  1) [chromium] › tests/visual/operator-spatial-surface-parity.spec.ts:18:7 › Spatial later-spec integration and empty state at 1440 

    Error: expect(received).toEqual(expected) // deep equality

    - Expected  -  1
    + Received  + 58

    - Array []
    + Array [
    +   Object {
    +     "description": "Ensure the contrast between foreground and background colors meets WCAG 2 AA minimum contrast ratio thresholds",
    +     "help": "Elements must meet minimum color contrast ratio thresholds",
    +     "helpUrl": "https://dequeuniversity.com/rules/axe/4.12/color-contrast?application=playwright",
    +     "id": "color-contrast",
    +     "impact": "serious",
    +     "nodes": Array [
    +       Object {
    +         "all": Array [],
    +         "any": Array [
    +           Object {
    +             "data": Object {
    +               "bgColor": "#f2f4f8",
    +               "contrastRatio": 4.32,
    +               "expectedContrastRatio": "4.5:1",
    +               "fgColor": "#64748b",
    +               "fontSize": "9.8pt (13px)",
    +               "fontWeight": "normal",
    +               "messageKey": null,
    +             },
    +             "id": "color-contrast",
    +             "impact": "serious",
    +             "message": "Element has insufficient color contrast of 4.32 (foreground color: #64748b, background color: #f2f4f8, font size: 9.8pt (13px), font weight: normal). Expected contrast ratio of 4.5:1",
    +             "relatedNodes": Array [
    +               Object {
    +                 "html": "<div class=\"operator_console__Qx98Y\" data-testid=\"operator-console\">",
    +                 "target": Array [
    +                   ".operator_console__Qx98Y",
    +                 ],
    +               },
    +             ],
    +           },
    +         ],
    +         "failureSummary": "Fix any of the following:
    +   Element has insufficient color contrast of 4.32 (foreground color: #64748b, background color: #f2f4f8, font size: 9.8pt (13px), font weight: normal). Expected contrast ratio of 4.5:1",
    +         "html": "<div data-testid=\"empty-proposals\" style=\"padding: 32px; text-align: center; color: rgb(100, 116, 139);\">目前無符合條件的合併／拆分提案。</div>",
    +         "impact": "serious",
    +         "none": Array [],
    +         "target": Array [
    +           "div[data-testid=\"empty-proposals\"]",
    +         ],
    +       },
    +     ],
    +     "tags": Array [
    +       "cat.color",
    +       "wcag2aa",
    +       "wcag143",
    +       "TTv5",
    +       "TT13.c",
    +       "EN-301-549",
    +       "EN-9.1.4.3",
    +       "ACT",
    +       "RGAAv4",
    +       "RGAA-3.2.1",
    +     ],
    +   },
    + ]

      73 |       }
      74 |       if (boxes.children.length && width === 390) expect(boxes.children[1].y).toBeGreaterThanOrEqual(boxes.children[0].y + boxes.children[0].height);
    > 75 |       expect(axe.violations).toEqual([]);
         |                              ^
      76 |     }
      77 |     await capture("empty");
      78 |     populated = true;
        at capture (/tmp/pantheon-worker-worktrees/pantheon/odp-ui-network-tabs-parity-001/tests/visual/operator-spatial-surface-parity.spec.ts:75:30)
        at /tmp/pantheon-worker-worktrees/pantheon/odp-ui-network-tabs-parity-001/tests/visual/operator-spatial-surface-parity.spec.ts:77:5

    Error Context: test-results/operator-spatial-surface-p-70333-ion-and-empty-state-at-1440-chromium/error-context.md

  2) [chromium] › tests/visual/operator-spatial-surface-parity.spec.ts:18:7 › Spatial later-spec integration and empty state at 1024 

    Error: expect(received).toEqual(expected) // deep equality

    - Expected  -  1
    + Received  + 58

    - Array []
    + Array [
    +   Object {
    +     "description": "Ensure the contrast between foreground and background colors meets WCAG 2 AA minimum contrast ratio thresholds",
    +     "help": "Elements must meet minimum color contrast ratio thresholds",
    +     "helpUrl": "https://dequeuniversity.com/rules/axe/4.12/color-contrast?application=playwright",
    +     "id": "color-contrast",
    +     "impact": "serious",
    +     "nodes": Array [
    +       Object {
    +         "all": Array [],
    +         "any": Array [
    +           Object {
    +             "data": Object {
    +               "bgColor": "#f2f4f8",
    +               "contrastRatio": 4.32,
    +               "expectedContrastRatio": "4.5:1",
    +               "fgColor": "#64748b",
    +               "fontSize": "9.8pt (13px)",
    +               "fontWeight": "normal",
    +               "messageKey": null,
    +             },
    +             "id": "color-contrast",
    +             "impact": "serious",
    +             "message": "Element has insufficient color contrast of 4.32 (foreground color: #64748b, background color: #f2f4f8, font size: 9.8pt (13px), font weight: normal). Expected contrast ratio of 4.5:1",
    +             "relatedNodes": Array [
    +               Object {
    +                 "html": "<div class=\"operator_console__Qx98Y\" data-testid=\"operator-console\">",
    +                 "target": Array [
    +                   ".operator_console__Qx98Y",
    +                 ],
    +               },
    +             ],
    +           },
    +         ],
    +         "failureSummary": "Fix any of the following:
    +   Element has insufficient color contrast of 4.32 (foreground color: #64748b, background color: #f2f4f8, font size: 9.8pt (13px), font weight: normal). Expected contrast ratio of 4.5:1",
    +         "html": "<div data-testid=\"empty-proposals\" style=\"padding: 32px; text-align: center; color: rgb(100, 116, 139);\">目前無符合條件的合併／拆分提案。</div>",
    +         "impact": "serious",
    +         "none": Array [],
    +         "target": Array [
    +           "div[data-testid=\"empty-proposals\"]",
    +         ],
    +       },
    +     ],
    +     "tags": Array [
    +       "cat.color",
    +       "wcag2aa",
    +       "wcag143",
    +       "TTv5",
    +       "TT13.c",
    +       "EN-301-549",
    +       "EN-9.1.4.3",
    +       "ACT",
    +       "RGAAv4",
    +       "RGAA-3.2.1",
    +     ],
    +   },
    + ]

      73 |       }
      74 |       if (boxes.children.length && width === 390) expect(boxes.children[1].y).toBeGreaterThanOrEqual(boxes.children[0].y + boxes.children[0].height);
    > 75 |       expect(axe.violations).toEqual([]);
         |                              ^
      76 |     }
      77 |     await capture("empty");
      78 |     populated = true;
        at capture (/tmp/pantheon-worker-worktrees/pantheon/odp-ui-network-tabs-parity-001/tests/visual/operator-spatial-surface-parity.spec.ts:75:30)
        at /tmp/pantheon-worker-worktrees/pantheon/odp-ui-network-tabs-parity-001/tests/visual/operator-spatial-surface-parity.spec.ts:77:5

    Error Context: test-results/operator-spatial-surface-p-39dea-ion-and-empty-state-at-1024-chromium/error-context.md

  3) [chromium] › tests/visual/operator-spatial-surface-parity.spec.ts:18:7 › Spatial later-spec integration and empty state at 390 

    Error: expect(received).toEqual(expected) // deep equality

    - Expected  -  1
    + Received  + 58

    - Array []
    + Array [
    +   Object {
    +     "description": "Ensure the contrast between foreground and background colors meets WCAG 2 AA minimum contrast ratio thresholds",
    +     "help": "Elements must meet minimum color contrast ratio thresholds",
    +     "helpUrl": "https://dequeuniversity.com/rules/axe/4.12/color-contrast?application=playwright",
    +     "id": "color-contrast",
    +     "impact": "serious",
    +     "nodes": Array [
    +       Object {
    +         "all": Array [],
    +         "any": Array [
    +           Object {
    +             "data": Object {
    +               "bgColor": "#f2f4f8",
    +               "contrastRatio": 4.32,
    +               "expectedContrastRatio": "4.5:1",
    +               "fgColor": "#64748b",
    +               "fontSize": "9.8pt (13px)",
    +               "fontWeight": "normal",
    +               "messageKey": null,
    +             },
    +             "id": "color-contrast",
    +             "impact": "serious",
    +             "message": "Element has insufficient color contrast of 4.32 (foreground color: #64748b, background color: #f2f4f8, font size: 9.8pt (13px), font weight: normal). Expected contrast ratio of 4.5:1",
    +             "relatedNodes": Array [
    +               Object {
    +                 "html": "<div class=\"operator_console__Qx98Y\" data-testid=\"operator-console\">",
    +                 "target": Array [
    +                   ".operator_console__Qx98Y",
    +                 ],
    +               },
    +             ],
    +           },
    +         ],
    +         "failureSummary": "Fix any of the following:
    +   Element has insufficient color contrast of 4.32 (foreground color: #64748b, background color: #f2f4f8, font size: 9.8pt (13px), font weight: normal). Expected contrast ratio of 4.5:1",
    +         "html": "<div data-testid=\"empty-proposals\" style=\"padding: 32px; text-align: center; color: rgb(100, 116, 139);\">目前無符合條件的合併／拆分提案。</div>",
    +         "impact": "serious",
    +         "none": Array [],
    +         "target": Array [
    +           "div[data-testid=\"empty-proposals\"]",
    +         ],
    +       },
    +     ],
    +     "tags": Array [
    +       "cat.color",
    +       "wcag2aa",
    +       "wcag143",
    +       "TTv5",
    +       "TT13.c",
    +       "EN-301-549",
    +       "EN-9.1.4.3",
    +       "ACT",
    +       "RGAAv4",
    +       "RGAA-3.2.1",
    +     ],
    +   },
    + ]

      73 |       }
      74 |       if (boxes.children.length && width === 390) expect(boxes.children[1].y).toBeGreaterThanOrEqual(boxes.children[0].y + boxes.children[0].height);
    > 75 |       expect(axe.violations).toEqual([]);
         |                              ^
      76 |     }
      77 |     await capture("empty");
      78 |     populated = true;
        at capture (/tmp/pantheon-worker-worktrees/pantheon/odp-ui-network-tabs-parity-001/tests/visual/operator-spatial-surface-parity.spec.ts:75:30)
        at /tmp/pantheon-worker-worktrees/pantheon/odp-ui-network-tabs-parity-001/tests/visual/operator-spatial-surface-parity.spec.ts:77:5

    Error Context: test-results/operator-spatial-surface-p-6a59d-tion-and-empty-state-at-390-chromium/error-context.md

  3 failed
    [chromium] › tests/visual/operator-spatial-surface-parity.spec.ts:18:7 › Spatial later-spec integration and empty state at 1440 
    [chromium] › tests/visual/operator-spatial-surface-parity.spec.ts:18:7 › Spatial later-spec integration and empty state at 1024 
    [chromium] › tests/visual/operator-spatial-surface-parity.spec.ts:18:7 › Spatial later-spec integration and empty state at 390 
