[WebServer] 2026/10/10 01:09:55 INFO mlflow.agent.hint: Load the `instrumenting-with-mlflow-tracing` skill at /tmp/pantheon-worker-worktrees/pantheon/odp-ui-network-tabs-parity-001/.venv/lib/python3.12/site-packages/mlflow/assistant/skills/instrumenting-with-mlflow-tracing/SKILL.md before writing any tracing code; it ships with this MLflow install. Set MLFLOW_DISABLE_AGENT_HINT=1 to silence this.
[WebServer] 2026/10/10 01:09:57 INFO mlflow.store.db.utils: Creating initial MLflow database tables...
[WebServer] 2026/10/10 01:09:58 INFO mlflow.store.db.utils: Updating database tables
[WebServer] 2026/10/10 01:10:02 INFO mlflow.store.db.utils: Creating initial MLflow database tables...
[WebServer] 2026/10/10 01:10:02 INFO mlflow.store.db.utils: Updating database tables
[WebServer] INFO:     Started server process [2392309]
[WebServer] INFO:     Waiting for application startup.
[WebServer] INFO:     Application startup complete.
[WebServer] INFO:     Uvicorn running on http://127.0.0.1:8310 (Press CTRL+C to quit)
[WebServer] {"timestamp": "2026-10-10T01:10:07.150320+00:00", "level": "INFO", "service": "oday-api", "actor": "user", "correlation_id": "077c35ac-7407-4dd5-9dc3-dc79debd0a11", "resource": "HTTP", "action": "GET", "result": "ok", "error_code": null, "message": "HTTP GET /platform/health ok"}

Running 1 test using 1 worker

[WebServer] {"timestamp": "2026-10-10T01:10:38.085028+00:00", "level": "INFO", "service": "oday-api", "actor": "user", "correlation_id": "7a0fbd8d-5389-4d35-9d11-aefa4f1d1ad0", "resource": "HTTP", "action": "POST", "result": "ok", "error_code": null, "message": "HTTP POST /api/v1/heatzones/merge-split/evaluate ok"}
[WebServer] {"timestamp": "2026-10-10T01:10:38.277025+00:00", "level": "INFO", "service": "oday-api", "actor": "user", "correlation_id": "eb5ce3ee-3d6b-45d7-a4b6-a97c216326d9", "resource": "HTTP", "action": "GET", "result": "ok", "error_code": null, "message": "HTTP GET /api/v1/heatzones/merge-split/proposals/{proposal_id} ok"}
[WebServer] {"timestamp": "2026-10-10T01:10:53.878045+00:00", "level": "INFO", "service": "oday-api", "actor": "user", "correlation_id": "corr-r4-005-read-HZ-01-demand", "resource": "HTTP", "action": "GET", "result": "ok", "error_code": null, "message": "HTTP GET /api/v1/operator/network-listings ok"}
[WebServer] {"timestamp": "2026-10-10T01:10:53.886753+00:00", "level": "INFO", "service": "oday-api", "actor": "user", "correlation_id": "corr-r4-006-scoring-read", "resource": "HTTP", "action": "GET", "result": "ok", "error_code": null, "message": "HTTP GET /api/v1/operator/network-scoring ok"}
[WebServer] {"timestamp": "2026-10-10T01:10:53.904328+00:00", "level": "INFO", "service": "oday-api", "actor": "user", "correlation_id": "corr-r4-008-rebalance-read", "resource": "HTTP", "action": "GET", "result": "ok", "error_code": null, "message": "HTTP GET /api/v1/operator/network-rebalance ok"}
[WebServer] {"timestamp": "2026-10-10T01:10:53.912331+00:00", "level": "INFO", "service": "oday-api", "actor": "user", "correlation_id": "corr-r4-007-reviews-read", "resource": "HTTP", "action": "GET", "result": "ok", "error_code": null, "message": "HTTP GET /api/v1/operator/network-reviews ok"}
[WebServer] {"timestamp": "2026-10-10T01:10:54.334351+00:00", "level": "INFO", "service": "oday-api", "actor": "user", "correlation_id": "corr-r4-006-scoring-read", "resource": "HTTP", "action": "GET", "result": "ok", "error_code": null, "message": "HTTP GET /api/v1/operator/network-scoring ok"}
[WebServer] {"timestamp": "2026-10-10T01:10:54.357422+00:00", "level": "INFO", "service": "oday-api", "actor": "user", "correlation_id": "corr-r4-005-read-HZ-01-demand", "resource": "HTTP", "action": "GET", "result": "ok", "error_code": null, "message": "HTTP GET /api/v1/operator/network-listings ok"}
[WebServer] {"timestamp": "2026-10-10T01:10:56.715535+00:00", "level": "INFO", "service": "oday-api", "actor": "user", "correlation_id": "corr-operator-bootstrap-bb417262-1c69-4bc3-b636-44cee9b9e577", "resource": "HTTP", "action": "GET", "result": "ok", "error_code": null, "message": "HTTP GET /api/v1/operator/bootstrap ok"}
[WebServer] {"timestamp": "2026-10-10T01:10:56.722014+00:00", "level": "INFO", "service": "oday-api", "actor": "user", "correlation_id": "corr-r4-008-rebalance-read", "resource": "HTTP", "action": "GET", "result": "ok", "error_code": null, "message": "HTTP GET /api/v1/operator/network-rebalance ok"}
[WebServer] {"timestamp": "2026-10-10T01:10:56.729952+00:00", "level": "INFO", "service": "oday-api", "actor": "user", "correlation_id": "corr-r4-007-reviews-read", "resource": "HTTP", "action": "GET", "result": "ok", "error_code": null, "message": "HTTP GET /api/v1/operator/network-reviews ok"}
[WebServer] {"timestamp": "2026-10-10T01:10:56.951033+00:00", "level": "INFO", "service": "oday-api", "actor": "user", "correlation_id": "corr-hz006-proposals-list-1791594645434", "resource": "HTTP", "action": "GET", "result": "ok", "error_code": null, "message": "HTTP GET /api/v1/heatzones/merge-split/proposals ok"}
[WebServer] {"timestamp": "2026-10-10T01:10:56.965777+00:00", "level": "INFO", "service": "oday-api", "actor": "user", "correlation_id": "corr-hz006-proposals-list-1791594645435", "resource": "HTTP", "action": "GET", "result": "ok", "error_code": null, "message": "HTTP GET /api/v1/heatzones/merge-split/proposals ok"}
[WebServer] {"timestamp": "2026-10-10T01:10:59.101357+00:00", "level": "INFO", "service": "oday-api", "actor": "user", "correlation_id": "corr-hz006-proposal-preview-838ad59f-b631-4a7f-8e04-00ac65299345", "resource": "HTTP", "action": "POST", "result": "ok", "error_code": null, "message": "HTTP POST /api/v1/heatzones/merge-split/proposals/{proposal_id}/preview ok"}
[WebServer] {"timestamp": "2026-10-10T01:11:03.516654+00:00", "level": "INFO", "service": "oday-api", "actor": "user", "correlation_id": "corr-r4-005-read-HZ-01-demand", "resource": "HTTP", "action": "GET", "result": "ok", "error_code": null, "message": "HTTP GET /api/v1/operator/network-listings ok"}
[WebServer] {"timestamp": "2026-10-10T01:11:03.657729+00:00", "level": "INFO", "service": "oday-api", "actor": "user", "correlation_id": "corr-r4-006-scoring-read", "resource": "HTTP", "action": "GET", "result": "ok", "error_code": null, "message": "HTTP GET /api/v1/operator/network-scoring ok"}
[WebServer] {"timestamp": "2026-10-10T01:11:03.681283+00:00", "level": "INFO", "service": "oday-api", "actor": "user", "correlation_id": "corr-r4-008-rebalance-read", "resource": "HTTP", "action": "GET", "result": "ok", "error_code": null, "message": "HTTP GET /api/v1/operator/network-rebalance ok"}
[WebServer] {"timestamp": "2026-10-10T01:11:03.715650+00:00", "level": "INFO", "service": "oday-api", "actor": "user", "correlation_id": "corr-r4-007-reviews-read", "resource": "HTTP", "action": "GET", "result": "ok", "error_code": null, "message": "HTTP GET /api/v1/operator/network-reviews ok"}
[WebServer] {"timestamp": "2026-10-10T01:11:04.430844+00:00", "level": "INFO", "service": "oday-api", "actor": "user", "correlation_id": "corr-r4-005-read-HZ-01-demand", "resource": "HTTP", "action": "GET", "result": "ok", "error_code": null, "message": "HTTP GET /api/v1/operator/network-listings ok"}
[WebServer] {"timestamp": "2026-10-10T01:11:04.524930+00:00", "level": "INFO", "service": "oday-api", "actor": "user", "correlation_id": "corr-r4-007-reviews-read", "resource": "HTTP", "action": "GET", "result": "ok", "error_code": null, "message": "HTTP GET /api/v1/operator/network-reviews ok"}
[WebServer] {"timestamp": "2026-10-10T01:11:04.548762+00:00", "level": "INFO", "service": "oday-api", "actor": "user", "correlation_id": "corr-r4-006-scoring-read", "resource": "HTTP", "action": "GET", "result": "ok", "error_code": null, "message": "HTTP GET /api/v1/operator/network-scoring ok"}
[WebServer] {"timestamp": "2026-10-10T01:11:04.579654+00:00", "level": "INFO", "service": "oday-api", "actor": "user", "correlation_id": "corr-r4-008-rebalance-read", "resource": "HTTP", "action": "GET", "result": "ok", "error_code": null, "message": "HTTP GET /api/v1/operator/network-rebalance ok"}
[WebServer] {"timestamp": "2026-10-10T01:11:04.764582+00:00", "level": "INFO", "service": "oday-api", "actor": "user", "correlation_id": "corr-operator-bootstrap-2bfab189-30a6-452b-af2e-6693dc6b1533", "resource": "HTTP", "action": "GET", "result": "ok", "error_code": null, "message": "HTTP GET /api/v1/operator/bootstrap ok"}
[WebServer] {"timestamp": "2026-10-10T01:11:04.960589+00:00", "level": "INFO", "service": "oday-api", "actor": "user", "correlation_id": "corr-hz006-proposals-list-1791594663413", "resource": "HTTP", "action": "GET", "result": "ok", "error_code": null, "message": "HTTP GET /api/v1/heatzones/merge-split/proposals ok"}
[WebServer] {"timestamp": "2026-10-10T01:11:05.015949+00:00", "level": "INFO", "service": "oday-api", "actor": "user", "correlation_id": "corr-hz006-proposals-list-1791594663418", "resource": "HTTP", "action": "GET", "result": "ok", "error_code": null, "message": "HTTP GET /api/v1/heatzones/merge-split/proposals ok"}
[WebServer] {"timestamp": "2026-10-10T01:11:07.738759+00:00", "level": "INFO", "service": "oday-api", "actor": "user", "correlation_id": "fb569f93-c6c9-49a9-8488-91d5ab34f617", "resource": "HTTP", "action": "GET", "result": "ok", "error_code": null, "message": "HTTP GET /api/v1/heatzones/merge-split/proposals ok"}
2026/10/10 01:11:15 INFO mlflow.agent.hint: Load the `instrumenting-with-mlflow-tracing` skill at /tmp/pantheon-worker-worktrees/pantheon/odp-ui-network-tabs-parity-001/.venv/lib/python3.12/site-packages/mlflow/assistant/skills/instrumenting-with-mlflow-tracing/SKILL.md before writing any tracing code; it ships with this MLflow install. Set MLFLOW_DISABLE_AGENT_HINT=1 to silence this.
[WebServer] {"timestamp": "2026-10-10T01:11:17.178426+00:00", "level": "INFO", "service": "oday-api", "actor": "user", "correlation_id": "2d8e4050-9a82-4ed1-ae03-3e1e19de8224", "resource": "HTTP", "action": "POST", "result": "ok", "error_code": null, "message": "HTTP POST /api/v1/heatzones/merge-split/proposals/{proposal_id}/approve ok"}
[WebServer] {"timestamp": "2026-10-10T01:11:17.256967+00:00", "level": "INFO", "service": "oday-api", "actor": "user", "correlation_id": "fb233fd5-5d8f-48e4-b82d-5e436b362fdd", "resource": "HTTP", "action": "POST", "result": "ok", "error_code": null, "message": "HTTP POST /api/v1/heatzones/merge-split/proposals/{proposal_id}/reject ok"}
2026/10/10 01:11:23 INFO mlflow.agent.hint: Load the `instrumenting-with-mlflow-tracing` skill at /tmp/pantheon-worker-worktrees/pantheon/odp-ui-network-tabs-parity-001/.venv/lib/python3.12/site-packages/mlflow/assistant/skills/instrumenting-with-mlflow-tracing/SKILL.md before writing any tracing code; it ships with this MLflow install. Set MLFLOW_DISABLE_AGENT_HINT=1 to silence this.
[WebServer] {"timestamp": "2026-10-10T01:11:26.818606+00:00", "level": "INFO", "service": "oday-api", "actor": "user", "correlation_id": "corr-r4-005-read-HZ-01-demand", "resource": "HTTP", "action": "GET", "result": "ok", "error_code": null, "message": "HTTP GET /api/v1/operator/network-listings ok"}
[WebServer] {"timestamp": "2026-10-10T01:11:26.842136+00:00", "level": "INFO", "service": "oday-api", "actor": "user", "correlation_id": "corr-r4-006-scoring-read", "resource": "HTTP", "action": "GET", "result": "ok", "error_code": null, "message": "HTTP GET /api/v1/operator/network-scoring ok"}
[WebServer] {"timestamp": "2026-10-10T01:11:26.868482+00:00", "level": "INFO", "service": "oday-api", "actor": "user", "correlation_id": "corr-r4-008-rebalance-read", "resource": "HTTP", "action": "GET", "result": "ok", "error_code": null, "message": "HTTP GET /api/v1/operator/network-rebalance ok"}
[WebServer] {"timestamp": "2026-10-10T01:11:26.884448+00:00", "level": "INFO", "service": "oday-api", "actor": "user", "correlation_id": "corr-r4-007-reviews-read", "resource": "HTTP", "action": "GET", "result": "ok", "error_code": null, "message": "HTTP GET /api/v1/operator/network-reviews ok"}
[WebServer] {"timestamp": "2026-10-10T01:11:27.367310+00:00", "level": "INFO", "service": "oday-api", "actor": "user", "correlation_id": "corr-r4-006-scoring-read", "resource": "HTTP", "action": "GET", "result": "ok", "error_code": null, "message": "HTTP GET /api/v1/operator/network-scoring ok"}
[WebServer] {"timestamp": "2026-10-10T01:11:27.370184+00:00", "level": "INFO", "service": "oday-api", "actor": "user", "correlation_id": "corr-r4-005-read-HZ-01-demand", "resource": "HTTP", "action": "GET", "result": "ok", "error_code": null, "message": "HTTP GET /api/v1/operator/network-listings ok"}
[WebServer] {"timestamp": "2026-10-10T01:11:27.385851+00:00", "level": "INFO", "service": "oday-api", "actor": "user", "correlation_id": "corr-r4-007-reviews-read", "resource": "HTTP", "action": "GET", "result": "ok", "error_code": null, "message": "HTTP GET /api/v1/operator/network-reviews ok"}
[WebServer] {"timestamp": "2026-10-10T01:11:27.415473+00:00", "level": "INFO", "service": "oday-api", "actor": "user", "correlation_id": "corr-r4-008-rebalance-read", "resource": "HTTP", "action": "GET", "result": "ok", "error_code": null, "message": "HTTP GET /api/v1/operator/network-rebalance ok"}
[WebServer] {"timestamp": "2026-10-10T01:11:27.577266+00:00", "level": "INFO", "service": "oday-api", "actor": "user", "correlation_id": "corr-operator-bootstrap-8e68dcc2-6558-4fe4-8bb5-9a8d147add14", "resource": "HTTP", "action": "GET", "result": "ok", "error_code": null, "message": "HTTP GET /api/v1/operator/bootstrap ok"}
[WebServer] {"timestamp": "2026-10-10T01:11:27.605070+00:00", "level": "INFO", "service": "oday-api", "actor": "user", "correlation_id": "corr-hz006-proposals-list-1791594686697", "resource": "HTTP", "action": "GET", "result": "ok", "error_code": null, "message": "HTTP GET /api/v1/heatzones/merge-split/proposals ok"}
[WebServer] {"timestamp": "2026-10-10T01:11:27.685985+00:00", "level": "INFO", "service": "oday-api", "actor": "user", "correlation_id": "corr-hz006-proposals-list-1791594686701", "resource": "HTTP", "action": "GET", "result": "ok", "error_code": null, "message": "HTTP GET /api/v1/heatzones/merge-split/proposals ok"}
[WebServer] {"timestamp": "2026-10-10T01:11:28.806001+00:00", "level": "INFO", "service": "oday-api", "actor": "user", "correlation_id": "corr-hz006-proposal-preview-838ad59f-b631-4a7f-8e04-00ac65299345", "resource": "HTTP", "action": "POST", "result": "ok", "error_code": null, "message": "HTTP POST /api/v1/heatzones/merge-split/proposals/{proposal_id}/preview ok"}
[WebServer] {"timestamp": "2026-10-10T01:11:32.161306+00:00", "level": "INFO", "service": "oday-api", "actor": "user", "correlation_id": "corr-hz006-proposal-approve-838ad59f-b631-4a7f-8e04-00ac65299345", "resource": "HTTP", "action": "POST", "result": "ok", "error_code": null, "message": "HTTP POST /api/v1/heatzones/merge-split/proposals/{proposal_id}/approve ok"}
[WebServer] {"timestamp": "2026-10-10T01:11:32.242665+00:00", "level": "INFO", "service": "oday-api", "actor": "user", "correlation_id": "corr-hz006-proposals-list-1791594692168", "resource": "HTTP", "action": "GET", "result": "ok", "error_code": null, "message": "HTTP GET /api/v1/heatzones/merge-split/proposals ok"}
[WebServer] {"timestamp": "2026-10-10T01:11:32.407770+00:00", "level": "INFO", "service": "oday-api", "actor": "user", "correlation_id": "357e94f2-cb47-4836-b5ce-6a822f7801c7", "resource": "HTTP", "action": "GET", "result": "ok", "error_code": null, "message": "HTTP GET /api/v1/heatzones/merge-split/proposals/{proposal_id} ok"}
[WebServer] {"timestamp": "2026-10-10T01:11:34.433241+00:00", "level": "INFO", "service": "oday-api", "actor": "user", "correlation_id": "corr-r4-005-read-HZ-01-demand", "resource": "HTTP", "action": "GET", "result": "ok", "error_code": null, "message": "HTTP GET /api/v1/operator/network-listings ok"}
[WebServer] {"timestamp": "2026-10-10T01:11:34.544829+00:00", "level": "INFO", "service": "oday-api", "actor": "user", "correlation_id": "corr-r4-006-scoring-read", "resource": "HTTP", "action": "GET", "result": "ok", "error_code": null, "message": "HTTP GET /api/v1/operator/network-scoring ok"}
[WebServer] {"timestamp": "2026-10-10T01:11:34.572315+00:00", "level": "INFO", "service": "oday-api", "actor": "user", "correlation_id": "corr-r4-008-rebalance-read", "resource": "HTTP", "action": "GET", "result": "ok", "error_code": null, "message": "HTTP GET /api/v1/operator/network-rebalance ok"}
[WebServer] {"timestamp": "2026-10-10T01:11:34.588953+00:00", "level": "INFO", "service": "oday-api", "actor": "user", "correlation_id": "corr-r4-007-reviews-read", "resource": "HTTP", "action": "GET", "result": "ok", "error_code": null, "message": "HTTP GET /api/v1/operator/network-reviews ok"}
[WebServer] {"timestamp": "2026-10-10T01:11:34.982453+00:00", "level": "INFO", "service": "oday-api", "actor": "user", "correlation_id": "corr-hz006-proposals-list-1791594694217", "resource": "HTTP", "action": "GET", "result": "ok", "error_code": null, "message": "HTTP GET /api/v1/heatzones/merge-split/proposals ok"}
[WebServer] {"timestamp": "2026-10-10T01:11:35.702957+00:00", "level": "INFO", "service": "oday-api", "actor": "user", "correlation_id": "corr-r4-005-read-HZ-01-demand", "resource": "HTTP", "action": "GET", "result": "ok", "error_code": null, "message": "HTTP GET /api/v1/operator/network-listings ok"}
[WebServer] {"timestamp": "2026-10-10T01:11:35.766135+00:00", "level": "INFO", "service": "oday-api", "actor": "user", "correlation_id": "corr-r4-006-scoring-read", "resource": "HTTP", "action": "GET", "result": "ok", "error_code": null, "message": "HTTP GET /api/v1/operator/network-scoring ok"}
[WebServer] {"timestamp": "2026-10-10T01:11:35.772521+00:00", "level": "INFO", "service": "oday-api", "actor": "user", "correlation_id": "corr-r4-007-reviews-read", "resource": "HTTP", "action": "GET", "result": "ok", "error_code": null, "message": "HTTP GET /api/v1/operator/network-reviews ok"}
[WebServer] {"timestamp": "2026-10-10T01:11:35.790178+00:00", "level": "INFO", "service": "oday-api", "actor": "user", "correlation_id": "corr-r4-008-rebalance-read", "resource": "HTTP", "action": "GET", "result": "ok", "error_code": null, "message": "HTTP GET /api/v1/operator/network-rebalance ok"}
[WebServer] {"timestamp": "2026-10-10T01:11:35.806613+00:00", "level": "INFO", "service": "oday-api", "actor": "user", "correlation_id": "corr-hz006-proposals-list-1791594695470", "resource": "HTTP", "action": "GET", "result": "ok", "error_code": null, "message": "HTTP GET /api/v1/heatzones/merge-split/proposals ok"}
[WebServer] {"timestamp": "2026-10-10T01:11:35.830173+00:00", "level": "INFO", "service": "oday-api", "actor": "user", "correlation_id": "corr-operator-bootstrap-aa8ed2ed-f5eb-4f06-9cf0-94767bcef028", "resource": "HTTP", "action": "GET", "result": "ok", "error_code": null, "message": "HTTP GET /api/v1/operator/bootstrap ok"}
[WebServer] {"timestamp": "2026-10-10T01:11:37.576352+00:00", "level": "INFO", "service": "oday-api", "actor": "user", "correlation_id": "4ac7b8f4-8670-4bda-9879-92c07d0cd876", "resource": "HTTP", "action": "GET", "result": "ok", "error_code": null, "message": "HTTP GET /api/v1/heatzones/merge-split/proposals/{proposal_id} ok"}
[WebServer] /tmp/pantheon-worker-worktrees/pantheon/odp-ui-network-tabs-parity-001/.venv/lib/python3.12/site-packages/anyio/_backends/_asyncio.py:1033: StarletteDeprecationWarning: 'HTTP_422_UNPROCESSABLE_ENTITY' is deprecated. Use 'HTTP_422_UNPROCESSABLE_CONTENT' instead.
[WebServer]   result = context.run(func, *args)
[WebServer] {"timestamp": "2026-10-10T01:11:37.639501+00:00", "level": "INFO", "service": "oday-api", "actor": "user", "correlation_id": "73bb689a-002f-43a6-a5ec-1268a1f45ad8", "resource": "HTTP", "action": "POST", "result": "ok", "error_code": null, "message": "HTTP POST /api/v1/heatzones/merge-split/proposals/{proposal_id}/approve ok"}
2026/10/10 01:11:43 INFO mlflow.agent.hint: Load the `instrumenting-with-mlflow-tracing` skill at /tmp/pantheon-worker-worktrees/pantheon/odp-ui-network-tabs-parity-001/.venv/lib/python3.12/site-packages/mlflow/assistant/skills/instrumenting-with-mlflow-tracing/SKILL.md before writing any tracing code; it ships with this MLflow install. Set MLFLOW_DISABLE_AGENT_HINT=1 to silence this.
[WebServer] {"timestamp": "2026-10-10T01:11:45.225202+00:00", "level": "INFO", "service": "oday-api", "actor": "user", "correlation_id": "becfcac0-855c-4ab6-9e35-06baa391f877", "resource": "HTTP", "action": "GET", "result": "ok", "error_code": null, "message": "HTTP GET /api/v1/heatzones/zones/{zone_id}/lineage ok"}
[WebServer] {"timestamp": "2026-10-10T01:11:45.322166+00:00", "level": "INFO", "service": "oday-api", "actor": "user", "correlation_id": "bce3ad2b-9207-4a3a-8e3f-2f8630c95bc2", "resource": "HTTP", "action": "GET", "result": "ok", "error_code": null, "message": "HTTP GET /api/v1/heatzones/zones/{zone_id}/lineage ok"}
  ✓  1 [chromium] › tests/visual/operator-spatial-durable-parity.spec.ts:21:9 › Spatial SQLite split approve preview decision reload at 1440 (1.3m)

  1 passed (1.9m)
