[WebServer] 2026/10/10 01:03:57 INFO mlflow.agent.hint: Load the `instrumenting-with-mlflow-tracing` skill at /tmp/pantheon-worker-worktrees/pantheon/odp-ui-network-tabs-parity-001/.venv/lib/python3.12/site-packages/mlflow/assistant/skills/instrumenting-with-mlflow-tracing/SKILL.md before writing any tracing code; it ships with this MLflow install. Set MLFLOW_DISABLE_AGENT_HINT=1 to silence this.
[WebServer] 2026/10/10 01:04:00 INFO mlflow.store.db.utils: Creating initial MLflow database tables...
[WebServer] 2026/10/10 01:04:00 INFO mlflow.store.db.utils: Updating database tables
[WebServer] 2026/10/10 01:04:05 INFO mlflow.store.db.utils: Creating initial MLflow database tables...
[WebServer] 2026/10/10 01:04:05 INFO mlflow.store.db.utils: Updating database tables
[WebServer] INFO:     Started server process [2379036]
[WebServer] INFO:     Waiting for application startup.
[WebServer] INFO:     Application startup complete.
[WebServer] INFO:     Uvicorn running on http://127.0.0.1:8310 (Press CTRL+C to quit)
[WebServer] {"timestamp": "2026-10-10T01:04:09.932746+00:00", "level": "INFO", "service": "oday-api", "actor": "user", "correlation_id": "2b7663d1-27c2-4099-a6c4-9706dd90bfab", "resource": "HTTP", "action": "GET", "result": "ok", "error_code": null, "message": "HTTP GET /platform/health ok"}

Running 1 test using 1 worker

[WebServer] {"timestamp": "2026-10-10T01:04:31.868525+00:00", "level": "INFO", "service": "oday-api", "actor": "user", "correlation_id": "54698bed-5382-4b0c-a785-ce5237c3e87b", "resource": "HTTP", "action": "POST", "result": "ok", "error_code": null, "message": "HTTP POST /api/v1/heatzones/merge-split/evaluate ok"}
[WebServer] {"timestamp": "2026-10-10T01:04:32.036624+00:00", "level": "INFO", "service": "oday-api", "actor": "user", "correlation_id": "e46d6d99-a5af-44da-9bf4-c1d0ef0ec8a2", "resource": "HTTP", "action": "GET", "result": "ok", "error_code": null, "message": "HTTP GET /api/v1/heatzones/merge-split/proposals/{proposal_id} ok"}
[WebServer] {"timestamp": "2026-10-10T01:04:39.923897+00:00", "level": "INFO", "service": "oday-api", "actor": "user", "correlation_id": "corr-r4-005-read-HZ-01-demand", "resource": "HTTP", "action": "GET", "result": "ok", "error_code": null, "message": "HTTP GET /api/v1/operator/network-listings ok"}
[WebServer] {"timestamp": "2026-10-10T01:04:39.929664+00:00", "level": "INFO", "service": "oday-api", "actor": "user", "correlation_id": "corr-r4-006-scoring-read", "resource": "HTTP", "action": "GET", "result": "ok", "error_code": null, "message": "HTTP GET /api/v1/operator/network-scoring ok"}
[WebServer] {"timestamp": "2026-10-10T01:04:39.939911+00:00", "level": "INFO", "service": "oday-api", "actor": "user", "correlation_id": "corr-r4-008-rebalance-read", "resource": "HTTP", "action": "GET", "result": "ok", "error_code": null, "message": "HTTP GET /api/v1/operator/network-rebalance ok"}
[WebServer] {"timestamp": "2026-10-10T01:04:39.949349+00:00", "level": "INFO", "service": "oday-api", "actor": "user", "correlation_id": "corr-r4-007-reviews-read", "resource": "HTTP", "action": "GET", "result": "ok", "error_code": null, "message": "HTTP GET /api/v1/operator/network-reviews ok"}
[WebServer] {"timestamp": "2026-10-10T01:04:39.956347+00:00", "level": "INFO", "service": "oday-api", "actor": "user", "correlation_id": "corr-hz006-proposals-list-1791594275560", "resource": "HTTP", "action": "GET", "result": "ok", "error_code": null, "message": "HTTP GET /api/v1/heatzones/merge-split/proposals ok"}
[WebServer] {"timestamp": "2026-10-10T01:04:39.966819+00:00", "level": "INFO", "service": "oday-api", "actor": "user", "correlation_id": "corr-r4-005-read-HZ-01-demand", "resource": "HTTP", "action": "GET", "result": "ok", "error_code": null, "message": "HTTP GET /api/v1/operator/network-listings ok"}
[WebServer] {"timestamp": "2026-10-10T01:04:40.043671+00:00", "level": "INFO", "service": "oday-api", "actor": "user", "correlation_id": "corr-r4-006-scoring-read", "resource": "HTTP", "action": "GET", "result": "ok", "error_code": null, "message": "HTTP GET /api/v1/operator/network-scoring ok"}
[WebServer] {"timestamp": "2026-10-10T01:04:40.095729+00:00", "level": "INFO", "service": "oday-api", "actor": "user", "correlation_id": "corr-r4-007-reviews-read", "resource": "HTTP", "action": "GET", "result": "ok", "error_code": null, "message": "HTTP GET /api/v1/operator/network-reviews ok"}
[WebServer] {"timestamp": "2026-10-10T01:04:40.105028+00:00", "level": "INFO", "service": "oday-api", "actor": "user", "correlation_id": "corr-r4-008-rebalance-read", "resource": "HTTP", "action": "GET", "result": "ok", "error_code": null, "message": "HTTP GET /api/v1/operator/network-rebalance ok"}
[WebServer] {"timestamp": "2026-10-10T01:04:40.113663+00:00", "level": "INFO", "service": "oday-api", "actor": "user", "correlation_id": "corr-operator-bootstrap-02b30338-ed05-4551-acb5-b62d5324ca98", "resource": "HTTP", "action": "GET", "result": "ok", "error_code": null, "message": "HTTP GET /api/v1/operator/bootstrap ok"}
[WebServer] {"timestamp": "2026-10-10T01:04:40.119777+00:00", "level": "INFO", "service": "oday-api", "actor": "user", "correlation_id": "corr-hz006-proposals-list-1791594279805", "resource": "HTTP", "action": "GET", "result": "ok", "error_code": null, "message": "HTTP GET /api/v1/heatzones/merge-split/proposals ok"}
[WebServer] {"timestamp": "2026-10-10T01:04:40.856974+00:00", "level": "INFO", "service": "oday-api", "actor": "user", "correlation_id": "corr-hz006-proposal-preview-25c37964-49c7-42e5-83b6-76913799cc2e", "resource": "HTTP", "action": "POST", "result": "ok", "error_code": null, "message": "HTTP POST /api/v1/heatzones/merge-split/proposals/{proposal_id}/preview ok"}
[WebServer] {"timestamp": "2026-10-10T01:04:43.282831+00:00", "level": "INFO", "service": "oday-api", "actor": "user", "correlation_id": "corr-r4-005-read-HZ-01-demand", "resource": "HTTP", "action": "GET", "result": "ok", "error_code": null, "message": "HTTP GET /api/v1/operator/network-listings ok"}
[WebServer] {"timestamp": "2026-10-10T01:04:43.427872+00:00", "level": "INFO", "service": "oday-api", "actor": "user", "correlation_id": "corr-r4-007-reviews-read", "resource": "HTTP", "action": "GET", "result": "ok", "error_code": null, "message": "HTTP GET /api/v1/operator/network-reviews ok"}
[WebServer] {"timestamp": "2026-10-10T01:04:43.439614+00:00", "level": "INFO", "service": "oday-api", "actor": "user", "correlation_id": "corr-r4-008-rebalance-read", "resource": "HTTP", "action": "GET", "result": "ok", "error_code": null, "message": "HTTP GET /api/v1/operator/network-rebalance ok"}
[WebServer] {"timestamp": "2026-10-10T01:04:43.447692+00:00", "level": "INFO", "service": "oday-api", "actor": "user", "correlation_id": "corr-r4-006-scoring-read", "resource": "HTTP", "action": "GET", "result": "ok", "error_code": null, "message": "HTTP GET /api/v1/operator/network-scoring ok"}
[WebServer] {"timestamp": "2026-10-10T01:04:43.982749+00:00", "level": "INFO", "service": "oday-api", "actor": "user", "correlation_id": "corr-r4-005-read-HZ-01-demand", "resource": "HTTP", "action": "GET", "result": "ok", "error_code": null, "message": "HTTP GET /api/v1/operator/network-listings ok"}
[WebServer] {"timestamp": "2026-10-10T01:04:44.009383+00:00", "level": "INFO", "service": "oday-api", "actor": "user", "correlation_id": "corr-r4-006-scoring-read", "resource": "HTTP", "action": "GET", "result": "ok", "error_code": null, "message": "HTTP GET /api/v1/operator/network-scoring ok"}
[WebServer] {"timestamp": "2026-10-10T01:04:44.043850+00:00", "level": "INFO", "service": "oday-api", "actor": "user", "correlation_id": "corr-r4-008-rebalance-read", "resource": "HTTP", "action": "GET", "result": "ok", "error_code": null, "message": "HTTP GET /api/v1/operator/network-rebalance ok"}
[WebServer] {"timestamp": "2026-10-10T01:04:44.073082+00:00", "level": "INFO", "service": "oday-api", "actor": "user", "correlation_id": "corr-r4-007-reviews-read", "resource": "HTTP", "action": "GET", "result": "ok", "error_code": null, "message": "HTTP GET /api/v1/operator/network-reviews ok"}
[WebServer] {"timestamp": "2026-10-10T01:04:44.208336+00:00", "level": "INFO", "service": "oday-api", "actor": "user", "correlation_id": "corr-operator-bootstrap-ecd922d2-68ef-4969-b6f1-0af3762ef2ab", "resource": "HTTP", "action": "GET", "result": "ok", "error_code": null, "message": "HTTP GET /api/v1/operator/bootstrap ok"}
[WebServer] {"timestamp": "2026-10-10T01:04:44.301698+00:00", "level": "INFO", "service": "oday-api", "actor": "user", "correlation_id": "corr-hz006-proposals-list-1791594283317", "resource": "HTTP", "action": "GET", "result": "ok", "error_code": null, "message": "HTTP GET /api/v1/heatzones/merge-split/proposals ok"}
[WebServer] {"timestamp": "2026-10-10T01:04:44.360503+00:00", "level": "INFO", "service": "oday-api", "actor": "user", "correlation_id": "corr-hz006-proposals-list-1791594283318", "resource": "HTTP", "action": "GET", "result": "ok", "error_code": null, "message": "HTTP GET /api/v1/heatzones/merge-split/proposals ok"}
[WebServer] {"timestamp": "2026-10-10T01:04:46.047630+00:00", "level": "INFO", "service": "oday-api", "actor": "user", "correlation_id": "6640d6d1-027f-4742-81cf-702b9470d87d", "resource": "HTTP", "action": "GET", "result": "ok", "error_code": null, "message": "HTTP GET /api/v1/heatzones/merge-split/proposals ok"}
2026/10/10 01:04:51 INFO mlflow.agent.hint: Load the `instrumenting-with-mlflow-tracing` skill at /tmp/pantheon-worker-worktrees/pantheon/odp-ui-network-tabs-parity-001/.venv/lib/python3.12/site-packages/mlflow/assistant/skills/instrumenting-with-mlflow-tracing/SKILL.md before writing any tracing code; it ships with this MLflow install. Set MLFLOW_DISABLE_AGENT_HINT=1 to silence this.
[WebServer] {"timestamp": "2026-10-10T01:04:52.257248+00:00", "level": "INFO", "service": "oday-api", "actor": "user", "correlation_id": "2533454c-186c-478e-99df-10c818805ad1", "resource": "HTTP", "action": "POST", "result": "ok", "error_code": null, "message": "HTTP POST /api/v1/heatzones/merge-split/proposals/{proposal_id}/approve ok"}
[WebServer] {"timestamp": "2026-10-10T01:04:52.310736+00:00", "level": "INFO", "service": "oday-api", "actor": "user", "correlation_id": "617ad045-e7ac-4607-857f-82c937647ee3", "resource": "HTTP", "action": "POST", "result": "ok", "error_code": null, "message": "HTTP POST /api/v1/heatzones/merge-split/proposals/{proposal_id}/reject ok"}
2026/10/10 01:04:57 INFO mlflow.agent.hint: Load the `instrumenting-with-mlflow-tracing` skill at /tmp/pantheon-worker-worktrees/pantheon/odp-ui-network-tabs-parity-001/.venv/lib/python3.12/site-packages/mlflow/assistant/skills/instrumenting-with-mlflow-tracing/SKILL.md before writing any tracing code; it ships with this MLflow install. Set MLFLOW_DISABLE_AGENT_HINT=1 to silence this.
[WebServer] {"timestamp": "2026-10-10T01:05:00.892334+00:00", "level": "INFO", "service": "oday-api", "actor": "user", "correlation_id": "corr-r4-005-read-HZ-01-demand", "resource": "HTTP", "action": "GET", "result": "ok", "error_code": null, "message": "HTTP GET /api/v1/operator/network-listings ok"}
[WebServer] {"timestamp": "2026-10-10T01:05:00.986812+00:00", "level": "INFO", "service": "oday-api", "actor": "user", "correlation_id": "corr-r4-008-rebalance-read", "resource": "HTTP", "action": "GET", "result": "ok", "error_code": null, "message": "HTTP GET /api/v1/operator/network-rebalance ok"}
[WebServer] {"timestamp": "2026-10-10T01:05:00.995074+00:00", "level": "INFO", "service": "oday-api", "actor": "user", "correlation_id": "corr-r4-006-scoring-read", "resource": "HTTP", "action": "GET", "result": "ok", "error_code": null, "message": "HTTP GET /api/v1/operator/network-scoring ok"}
[WebServer] {"timestamp": "2026-10-10T01:05:01.005284+00:00", "level": "INFO", "service": "oday-api", "actor": "user", "correlation_id": "corr-r4-007-reviews-read", "resource": "HTTP", "action": "GET", "result": "ok", "error_code": null, "message": "HTTP GET /api/v1/operator/network-reviews ok"}
[WebServer] {"timestamp": "2026-10-10T01:05:01.408530+00:00", "level": "INFO", "service": "oday-api", "actor": "user", "correlation_id": "corr-r4-005-read-HZ-01-demand", "resource": "HTTP", "action": "GET", "result": "ok", "error_code": null, "message": "HTTP GET /api/v1/operator/network-listings ok"}
[WebServer] {"timestamp": "2026-10-10T01:05:01.515342+00:00", "level": "INFO", "service": "oday-api", "actor": "user", "correlation_id": "corr-r4-006-scoring-read", "resource": "HTTP", "action": "GET", "result": "ok", "error_code": null, "message": "HTTP GET /api/v1/operator/network-scoring ok"}
[WebServer] {"timestamp": "2026-10-10T01:05:01.525323+00:00", "level": "INFO", "service": "oday-api", "actor": "user", "correlation_id": "corr-r4-007-reviews-read", "resource": "HTTP", "action": "GET", "result": "ok", "error_code": null, "message": "HTTP GET /api/v1/operator/network-reviews ok"}
[WebServer] {"timestamp": "2026-10-10T01:05:01.533285+00:00", "level": "INFO", "service": "oday-api", "actor": "user", "correlation_id": "corr-r4-008-rebalance-read", "resource": "HTTP", "action": "GET", "result": "ok", "error_code": null, "message": "HTTP GET /api/v1/operator/network-rebalance ok"}
[WebServer] {"timestamp": "2026-10-10T01:05:01.637248+00:00", "level": "INFO", "service": "oday-api", "actor": "user", "correlation_id": "corr-operator-bootstrap-a9145b43-6bb2-44be-9b9c-9fd8e015b4ee", "resource": "HTTP", "action": "GET", "result": "ok", "error_code": null, "message": "HTTP GET /api/v1/operator/bootstrap ok"}
[WebServer] {"timestamp": "2026-10-10T01:05:01.709862+00:00", "level": "INFO", "service": "oday-api", "actor": "user", "correlation_id": "corr-hz006-proposals-list-1791594300811", "resource": "HTTP", "action": "GET", "result": "ok", "error_code": null, "message": "HTTP GET /api/v1/heatzones/merge-split/proposals ok"}
[WebServer] {"timestamp": "2026-10-10T01:05:01.814314+00:00", "level": "INFO", "service": "oday-api", "actor": "user", "correlation_id": "corr-hz006-proposals-list-1791594300811", "resource": "HTTP", "action": "GET", "result": "ok", "error_code": null, "message": "HTTP GET /api/v1/heatzones/merge-split/proposals ok"}
[WebServer] {"timestamp": "2026-10-10T01:05:02.770454+00:00", "level": "INFO", "service": "oday-api", "actor": "user", "correlation_id": "corr-hz006-proposal-preview-25c37964-49c7-42e5-83b6-76913799cc2e", "resource": "HTTP", "action": "POST", "result": "ok", "error_code": null, "message": "HTTP POST /api/v1/heatzones/merge-split/proposals/{proposal_id}/preview ok"}
[WebServer] {"timestamp": "2026-10-10T01:05:05.939101+00:00", "level": "INFO", "service": "oday-api", "actor": "user", "correlation_id": "corr-hz006-proposal-approve-25c37964-49c7-42e5-83b6-76913799cc2e", "resource": "HTTP", "action": "POST", "result": "ok", "error_code": null, "message": "HTTP POST /api/v1/heatzones/merge-split/proposals/{proposal_id}/approve ok"}
[WebServer] {"timestamp": "2026-10-10T01:05:06.040204+00:00", "level": "INFO", "service": "oday-api", "actor": "user", "correlation_id": "corr-hz006-proposals-list-1791594305950", "resource": "HTTP", "action": "GET", "result": "ok", "error_code": null, "message": "HTTP GET /api/v1/heatzones/merge-split/proposals ok"}
[WebServer] {"timestamp": "2026-10-10T01:05:06.241326+00:00", "level": "INFO", "service": "oday-api", "actor": "user", "correlation_id": "7258c3ba-eb47-4d96-9995-be0b5594164f", "resource": "HTTP", "action": "GET", "result": "ok", "error_code": null, "message": "HTTP GET /api/v1/heatzones/merge-split/proposals/{proposal_id} ok"}
[WebServer] {"timestamp": "2026-10-10T01:05:08.430705+00:00", "level": "INFO", "service": "oday-api", "actor": "user", "correlation_id": "corr-r4-005-read-HZ-01-demand", "resource": "HTTP", "action": "GET", "result": "ok", "error_code": null, "message": "HTTP GET /api/v1/operator/network-listings ok"}
[WebServer] {"timestamp": "2026-10-10T01:05:08.438771+00:00", "level": "INFO", "service": "oday-api", "actor": "user", "correlation_id": "corr-r4-008-rebalance-read", "resource": "HTTP", "action": "GET", "result": "ok", "error_code": null, "message": "HTTP GET /api/v1/operator/network-rebalance ok"}
[WebServer] {"timestamp": "2026-10-10T01:05:08.451287+00:00", "level": "INFO", "service": "oday-api", "actor": "user", "correlation_id": "corr-r4-006-scoring-read", "resource": "HTTP", "action": "GET", "result": "ok", "error_code": null, "message": "HTTP GET /api/v1/operator/network-scoring ok"}
[WebServer] {"timestamp": "2026-10-10T01:05:08.459640+00:00", "level": "INFO", "service": "oday-api", "actor": "user", "correlation_id": "corr-r4-007-reviews-read", "resource": "HTTP", "action": "GET", "result": "ok", "error_code": null, "message": "HTTP GET /api/v1/operator/network-reviews ok"}
[WebServer] {"timestamp": "2026-10-10T01:05:08.763722+00:00", "level": "INFO", "service": "oday-api", "actor": "user", "correlation_id": "corr-r4-005-read-HZ-01-demand", "resource": "HTTP", "action": "GET", "result": "ok", "error_code": null, "message": "HTTP GET /api/v1/operator/network-listings ok"}
[WebServer] {"timestamp": "2026-10-10T01:05:08.792090+00:00", "level": "INFO", "service": "oday-api", "actor": "user", "correlation_id": "corr-r4-006-scoring-read", "resource": "HTTP", "action": "GET", "result": "ok", "error_code": null, "message": "HTTP GET /api/v1/operator/network-scoring ok"}
[WebServer] {"timestamp": "2026-10-10T01:05:08.804523+00:00", "level": "INFO", "service": "oday-api", "actor": "user", "correlation_id": "corr-r4-008-rebalance-read", "resource": "HTTP", "action": "GET", "result": "ok", "error_code": null, "message": "HTTP GET /api/v1/operator/network-rebalance ok"}
[WebServer] {"timestamp": "2026-10-10T01:05:08.916577+00:00", "level": "INFO", "service": "oday-api", "actor": "user", "correlation_id": "corr-r4-007-reviews-read", "resource": "HTTP", "action": "GET", "result": "ok", "error_code": null, "message": "HTTP GET /api/v1/operator/network-reviews ok"}
[WebServer] {"timestamp": "2026-10-10T01:05:09.084748+00:00", "level": "INFO", "service": "oday-api", "actor": "user", "correlation_id": "corr-operator-bootstrap-bfb0fe84-b7ca-436c-b4e5-cd851a74e14d", "resource": "HTTP", "action": "GET", "result": "ok", "error_code": null, "message": "HTTP GET /api/v1/operator/bootstrap ok"}
[WebServer] {"timestamp": "2026-10-10T01:05:09.129028+00:00", "level": "INFO", "service": "oday-api", "actor": "user", "correlation_id": "corr-hz006-proposals-list-1791594308303", "resource": "HTTP", "action": "GET", "result": "ok", "error_code": null, "message": "HTTP GET /api/v1/heatzones/merge-split/proposals ok"}
[WebServer] {"timestamp": "2026-10-10T01:05:09.148033+00:00", "level": "INFO", "service": "oday-api", "actor": "user", "correlation_id": "corr-hz006-proposals-list-1791594308304", "resource": "HTTP", "action": "GET", "result": "ok", "error_code": null, "message": "HTTP GET /api/v1/heatzones/merge-split/proposals ok"}
[WebServer] {"timestamp": "2026-10-10T01:05:11.756533+00:00", "level": "INFO", "service": "oday-api", "actor": "user", "correlation_id": "fb402847-e059-46db-99ab-acaa1925c430", "resource": "HTTP", "action": "GET", "result": "ok", "error_code": null, "message": "HTTP GET /api/v1/heatzones/merge-split/proposals/{proposal_id} ok"}
[WebServer] /tmp/pantheon-worker-worktrees/pantheon/odp-ui-network-tabs-parity-001/.venv/lib/python3.12/site-packages/anyio/_backends/_asyncio.py:1033: StarletteDeprecationWarning: 'HTTP_422_UNPROCESSABLE_ENTITY' is deprecated. Use 'HTTP_422_UNPROCESSABLE_CONTENT' instead.
[WebServer]   result = context.run(func, *args)
[WebServer] {"timestamp": "2026-10-10T01:05:11.825148+00:00", "level": "INFO", "service": "oday-api", "actor": "user", "correlation_id": "fa31dd46-f399-4b8c-9659-e9cbcb1e2128", "resource": "HTTP", "action": "POST", "result": "ok", "error_code": null, "message": "HTTP POST /api/v1/heatzones/merge-split/proposals/{proposal_id}/approve ok"}
2026/10/10 01:05:17 INFO mlflow.agent.hint: Load the `instrumenting-with-mlflow-tracing` skill at /tmp/pantheon-worker-worktrees/pantheon/odp-ui-network-tabs-parity-001/.venv/lib/python3.12/site-packages/mlflow/assistant/skills/instrumenting-with-mlflow-tracing/SKILL.md before writing any tracing code; it ships with this MLflow install. Set MLFLOW_DISABLE_AGENT_HINT=1 to silence this.
[WebServer] {"timestamp": "2026-10-10T01:05:18.990327+00:00", "level": "INFO", "service": "oday-api", "actor": "user", "correlation_id": "9b8ace66-46af-4908-8173-3b340d19568c", "resource": "HTTP", "action": "GET", "result": "ok", "error_code": null, "message": "HTTP GET /api/v1/heatzones/zones/{zone_id}/lineage ok"}
[WebServer] {"timestamp": "2026-10-10T01:05:19.054392+00:00", "level": "INFO", "service": "oday-api", "actor": "user", "correlation_id": "620904ee-ac83-45af-be76-baa1dd13bac9", "resource": "HTTP", "action": "GET", "result": "ok", "error_code": null, "message": "HTTP GET /api/v1/heatzones/zones/{zone_id}/lineage ok"}
  ✓  1 [chromium] › tests/visual/operator-spatial-durable-parity.spec.ts:21:9 › Spatial SQLite split approve preview decision reload at 1440 (51.2s)

  1 passed (1.5m)
