[WebServer] 2026/10/10 01:05:26 INFO mlflow.agent.hint: Load the `instrumenting-with-mlflow-tracing` skill at /tmp/pantheon-worker-worktrees/pantheon/odp-ui-network-tabs-parity-001/.venv/lib/python3.12/site-packages/mlflow/assistant/skills/instrumenting-with-mlflow-tracing/SKILL.md before writing any tracing code; it ships with this MLflow install. Set MLFLOW_DISABLE_AGENT_HINT=1 to silence this.
[WebServer] 2026/10/10 01:05:28 INFO mlflow.store.db.utils: Creating initial MLflow database tables...
[WebServer] 2026/10/10 01:05:28 INFO mlflow.store.db.utils: Updating database tables
[WebServer] 2026/10/10 01:05:33 INFO mlflow.store.db.utils: Creating initial MLflow database tables...
[WebServer] 2026/10/10 01:05:33 INFO mlflow.store.db.utils: Updating database tables
[WebServer] INFO:     Started server process [2385721]
[WebServer] INFO:     Waiting for application startup.
[WebServer] INFO:     Application startup complete.
[WebServer] INFO:     Uvicorn running on http://127.0.0.1:8310 (Press CTRL+C to quit)
[WebServer] {"timestamp": "2026-10-10T01:05:38.065524+00:00", "level": "INFO", "service": "oday-api", "actor": "user", "correlation_id": "8ac64251-be01-4754-b126-7d2d4bd103b3", "resource": "HTTP", "action": "GET", "result": "ok", "error_code": null, "message": "HTTP GET /platform/health ok"}

Running 1 test using 1 worker

[WebServer] {"timestamp": "2026-10-10T01:05:59.758951+00:00", "level": "INFO", "service": "oday-api", "actor": "user", "correlation_id": "980e2dd3-629a-481e-9785-28e520b00d44", "resource": "HTTP", "action": "POST", "result": "ok", "error_code": null, "message": "HTTP POST /api/v1/heatzones/merge-split/evaluate ok"}
[WebServer] {"timestamp": "2026-10-10T01:05:59.938510+00:00", "level": "INFO", "service": "oday-api", "actor": "user", "correlation_id": "d2b63dd2-91c9-4197-a097-6d1f3f0a282c", "resource": "HTTP", "action": "GET", "result": "ok", "error_code": null, "message": "HTTP GET /api/v1/heatzones/merge-split/proposals/{proposal_id} ok"}
[WebServer] {"timestamp": "2026-10-10T01:06:08.149061+00:00", "level": "INFO", "service": "oday-api", "actor": "user", "correlation_id": "corr-r4-005-read-HZ-01-demand", "resource": "HTTP", "action": "GET", "result": "ok", "error_code": null, "message": "HTTP GET /api/v1/operator/network-listings ok"}
[WebServer] {"timestamp": "2026-10-10T01:06:08.150753+00:00", "level": "INFO", "service": "oday-api", "actor": "user", "correlation_id": "corr-r4-006-scoring-read", "resource": "HTTP", "action": "GET", "result": "ok", "error_code": null, "message": "HTTP GET /api/v1/operator/network-scoring ok"}
[WebServer] {"timestamp": "2026-10-10T01:06:08.160764+00:00", "level": "INFO", "service": "oday-api", "actor": "user", "correlation_id": "corr-r4-008-rebalance-read", "resource": "HTTP", "action": "GET", "result": "ok", "error_code": null, "message": "HTTP GET /api/v1/operator/network-rebalance ok"}
[WebServer] {"timestamp": "2026-10-10T01:06:08.164909+00:00", "level": "INFO", "service": "oday-api", "actor": "user", "correlation_id": "corr-r4-007-reviews-read", "resource": "HTTP", "action": "GET", "result": "ok", "error_code": null, "message": "HTTP GET /api/v1/operator/network-reviews ok"}
[WebServer] {"timestamp": "2026-10-10T01:06:09.383869+00:00", "level": "INFO", "service": "oday-api", "actor": "user", "correlation_id": "corr-hz006-proposals-list-1791594363564", "resource": "HTTP", "action": "GET", "result": "ok", "error_code": null, "message": "HTTP GET /api/v1/heatzones/merge-split/proposals ok"}
[WebServer] {"timestamp": "2026-10-10T01:06:10.030432+00:00", "level": "INFO", "service": "oday-api", "actor": "user", "correlation_id": "corr-r4-005-read-HZ-01-demand", "resource": "HTTP", "action": "GET", "result": "ok", "error_code": null, "message": "HTTP GET /api/v1/operator/network-listings ok"}
[WebServer] {"timestamp": "2026-10-10T01:06:10.216495+00:00", "level": "INFO", "service": "oday-api", "actor": "user", "correlation_id": "corr-r4-006-scoring-read", "resource": "HTTP", "action": "GET", "result": "ok", "error_code": null, "message": "HTTP GET /api/v1/operator/network-scoring ok"}
[WebServer] {"timestamp": "2026-10-10T01:06:10.220749+00:00", "level": "INFO", "service": "oday-api", "actor": "user", "correlation_id": "corr-r4-007-reviews-read", "resource": "HTTP", "action": "GET", "result": "ok", "error_code": null, "message": "HTTP GET /api/v1/operator/network-reviews ok"}
[WebServer] {"timestamp": "2026-10-10T01:06:10.244422+00:00", "level": "INFO", "service": "oday-api", "actor": "user", "correlation_id": "corr-operator-bootstrap-53a0cbda-6899-4f6a-b776-e76752576044", "resource": "HTTP", "action": "GET", "result": "ok", "error_code": null, "message": "HTTP GET /api/v1/operator/bootstrap ok"}
[WebServer] {"timestamp": "2026-10-10T01:06:10.255392+00:00", "level": "INFO", "service": "oday-api", "actor": "user", "correlation_id": "corr-r4-008-rebalance-read", "resource": "HTTP", "action": "GET", "result": "ok", "error_code": null, "message": "HTTP GET /api/v1/operator/network-rebalance ok"}
[WebServer] {"timestamp": "2026-10-10T01:06:10.268527+00:00", "level": "INFO", "service": "oday-api", "actor": "user", "correlation_id": "corr-hz006-proposals-list-1791594369900", "resource": "HTTP", "action": "GET", "result": "ok", "error_code": null, "message": "HTTP GET /api/v1/heatzones/merge-split/proposals ok"}
[WebServer] {"timestamp": "2026-10-10T01:06:10.865485+00:00", "level": "INFO", "service": "oday-api", "actor": "user", "correlation_id": "corr-hz006-proposal-preview-f686e3e7-5a54-43ac-b575-f3899154086d", "resource": "HTTP", "action": "POST", "result": "ok", "error_code": null, "message": "HTTP POST /api/v1/heatzones/merge-split/proposals/{proposal_id}/preview ok"}
[WebServer] {"timestamp": "2026-10-10T01:06:14.002383+00:00", "level": "INFO", "service": "oday-api", "actor": "user", "correlation_id": "corr-r4-005-read-HZ-01-demand", "resource": "HTTP", "action": "GET", "result": "ok", "error_code": null, "message": "HTTP GET /api/v1/operator/network-listings ok"}
[WebServer] {"timestamp": "2026-10-10T01:06:14.009550+00:00", "level": "INFO", "service": "oday-api", "actor": "user", "correlation_id": "corr-r4-008-rebalance-read", "resource": "HTTP", "action": "GET", "result": "ok", "error_code": null, "message": "HTTP GET /api/v1/operator/network-rebalance ok"}
[WebServer] {"timestamp": "2026-10-10T01:06:14.014851+00:00", "level": "INFO", "service": "oday-api", "actor": "user", "correlation_id": "corr-r4-006-scoring-read", "resource": "HTTP", "action": "GET", "result": "ok", "error_code": null, "message": "HTTP GET /api/v1/operator/network-scoring ok"}
[WebServer] {"timestamp": "2026-10-10T01:06:14.034961+00:00", "level": "INFO", "service": "oday-api", "actor": "user", "correlation_id": "corr-r4-007-reviews-read", "resource": "HTTP", "action": "GET", "result": "ok", "error_code": null, "message": "HTTP GET /api/v1/operator/network-reviews ok"}
[WebServer] {"timestamp": "2026-10-10T01:06:14.405871+00:00", "level": "INFO", "service": "oday-api", "actor": "user", "correlation_id": "corr-r4-005-read-HZ-01-demand", "resource": "HTTP", "action": "GET", "result": "ok", "error_code": null, "message": "HTTP GET /api/v1/operator/network-listings ok"}
[WebServer] {"timestamp": "2026-10-10T01:06:14.461170+00:00", "level": "INFO", "service": "oday-api", "actor": "user", "correlation_id": "corr-r4-008-rebalance-read", "resource": "HTTP", "action": "GET", "result": "ok", "error_code": null, "message": "HTTP GET /api/v1/operator/network-rebalance ok"}
[WebServer] {"timestamp": "2026-10-10T01:06:14.465099+00:00", "level": "INFO", "service": "oday-api", "actor": "user", "correlation_id": "corr-r4-006-scoring-read", "resource": "HTTP", "action": "GET", "result": "ok", "error_code": null, "message": "HTTP GET /api/v1/operator/network-scoring ok"}
[WebServer] {"timestamp": "2026-10-10T01:06:14.490635+00:00", "level": "INFO", "service": "oday-api", "actor": "user", "correlation_id": "corr-r4-007-reviews-read", "resource": "HTTP", "action": "GET", "result": "ok", "error_code": null, "message": "HTTP GET /api/v1/operator/network-reviews ok"}
[WebServer] {"timestamp": "2026-10-10T01:06:14.615670+00:00", "level": "INFO", "service": "oday-api", "actor": "user", "correlation_id": "corr-operator-bootstrap-2612492a-d39b-47db-afa9-f6775803c6ca", "resource": "HTTP", "action": "GET", "result": "ok", "error_code": null, "message": "HTTP GET /api/v1/operator/bootstrap ok"}
[WebServer] {"timestamp": "2026-10-10T01:06:14.676942+00:00", "level": "INFO", "service": "oday-api", "actor": "user", "correlation_id": "corr-hz006-proposals-list-1791594373856", "resource": "HTTP", "action": "GET", "result": "ok", "error_code": null, "message": "HTTP GET /api/v1/heatzones/merge-split/proposals ok"}
[WebServer] {"timestamp": "2026-10-10T01:06:14.723138+00:00", "level": "INFO", "service": "oday-api", "actor": "user", "correlation_id": "corr-hz006-proposals-list-1791594373859", "resource": "HTTP", "action": "GET", "result": "ok", "error_code": null, "message": "HTTP GET /api/v1/heatzones/merge-split/proposals ok"}
[WebServer] {"timestamp": "2026-10-10T01:06:16.645051+00:00", "level": "INFO", "service": "oday-api", "actor": "user", "correlation_id": "fb32d9fa-3f5f-4749-924b-db6c821b3544", "resource": "HTTP", "action": "GET", "result": "ok", "error_code": null, "message": "HTTP GET /api/v1/heatzones/merge-split/proposals ok"}
2026/10/10 01:06:21 INFO mlflow.agent.hint: Load the `instrumenting-with-mlflow-tracing` skill at /tmp/pantheon-worker-worktrees/pantheon/odp-ui-network-tabs-parity-001/.venv/lib/python3.12/site-packages/mlflow/assistant/skills/instrumenting-with-mlflow-tracing/SKILL.md before writing any tracing code; it ships with this MLflow install. Set MLFLOW_DISABLE_AGENT_HINT=1 to silence this.
[WebServer] {"timestamp": "2026-10-10T01:06:23.062328+00:00", "level": "INFO", "service": "oday-api", "actor": "user", "correlation_id": "93581c28-062a-41ba-9f7f-e1a086b1e3d0", "resource": "HTTP", "action": "POST", "result": "ok", "error_code": null, "message": "HTTP POST /api/v1/heatzones/merge-split/proposals/{proposal_id}/approve ok"}
[WebServer] {"timestamp": "2026-10-10T01:06:23.161467+00:00", "level": "INFO", "service": "oday-api", "actor": "user", "correlation_id": "4bfd7873-d5ac-4149-b4df-5a9a571cbede", "resource": "HTTP", "action": "POST", "result": "ok", "error_code": null, "message": "HTTP POST /api/v1/heatzones/merge-split/proposals/{proposal_id}/reject ok"}
2026/10/10 01:06:28 INFO mlflow.agent.hint: Load the `instrumenting-with-mlflow-tracing` skill at /tmp/pantheon-worker-worktrees/pantheon/odp-ui-network-tabs-parity-001/.venv/lib/python3.12/site-packages/mlflow/assistant/skills/instrumenting-with-mlflow-tracing/SKILL.md before writing any tracing code; it ships with this MLflow install. Set MLFLOW_DISABLE_AGENT_HINT=1 to silence this.
[WebServer] {"timestamp": "2026-10-10T01:06:31.150420+00:00", "level": "INFO", "service": "oday-api", "actor": "user", "correlation_id": "corr-r4-005-read-HZ-01-demand", "resource": "HTTP", "action": "GET", "result": "ok", "error_code": null, "message": "HTTP GET /api/v1/operator/network-listings ok"}
[WebServer] {"timestamp": "2026-10-10T01:06:31.269158+00:00", "level": "INFO", "service": "oday-api", "actor": "user", "correlation_id": "corr-r4-008-rebalance-read", "resource": "HTTP", "action": "GET", "result": "ok", "error_code": null, "message": "HTTP GET /api/v1/operator/network-rebalance ok"}
[WebServer] {"timestamp": "2026-10-10T01:06:31.275953+00:00", "level": "INFO", "service": "oday-api", "actor": "user", "correlation_id": "corr-r4-006-scoring-read", "resource": "HTTP", "action": "GET", "result": "ok", "error_code": null, "message": "HTTP GET /api/v1/operator/network-scoring ok"}
[WebServer] {"timestamp": "2026-10-10T01:06:31.281277+00:00", "level": "INFO", "service": "oday-api", "actor": "user", "correlation_id": "corr-r4-007-reviews-read", "resource": "HTTP", "action": "GET", "result": "ok", "error_code": null, "message": "HTTP GET /api/v1/operator/network-reviews ok"}
[WebServer] {"timestamp": "2026-10-10T01:06:31.715462+00:00", "level": "INFO", "service": "oday-api", "actor": "user", "correlation_id": "corr-r4-005-read-HZ-01-demand", "resource": "HTTP", "action": "GET", "result": "ok", "error_code": null, "message": "HTTP GET /api/v1/operator/network-listings ok"}
[WebServer] {"timestamp": "2026-10-10T01:06:31.777051+00:00", "level": "INFO", "service": "oday-api", "actor": "user", "correlation_id": "corr-r4-006-scoring-read", "resource": "HTTP", "action": "GET", "result": "ok", "error_code": null, "message": "HTTP GET /api/v1/operator/network-scoring ok"}
[WebServer] {"timestamp": "2026-10-10T01:06:31.784211+00:00", "level": "INFO", "service": "oday-api", "actor": "user", "correlation_id": "corr-r4-008-rebalance-read", "resource": "HTTP", "action": "GET", "result": "ok", "error_code": null, "message": "HTTP GET /api/v1/operator/network-rebalance ok"}
[WebServer] {"timestamp": "2026-10-10T01:06:31.795846+00:00", "level": "INFO", "service": "oday-api", "actor": "user", "correlation_id": "corr-r4-007-reviews-read", "resource": "HTTP", "action": "GET", "result": "ok", "error_code": null, "message": "HTTP GET /api/v1/operator/network-reviews ok"}
[WebServer] {"timestamp": "2026-10-10T01:06:31.973910+00:00", "level": "INFO", "service": "oday-api", "actor": "user", "correlation_id": "corr-operator-bootstrap-18c9749b-1ff3-47a4-a230-fb64a47dd6ca", "resource": "HTTP", "action": "GET", "result": "ok", "error_code": null, "message": "HTTP GET /api/v1/operator/bootstrap ok"}
[WebServer] {"timestamp": "2026-10-10T01:06:32.183757+00:00", "level": "INFO", "service": "oday-api", "actor": "user", "correlation_id": "corr-hz006-proposals-list-1791594390937", "resource": "HTTP", "action": "GET", "result": "ok", "error_code": null, "message": "HTTP GET /api/v1/heatzones/merge-split/proposals ok"}
[WebServer] {"timestamp": "2026-10-10T01:06:32.189796+00:00", "level": "INFO", "service": "oday-api", "actor": "user", "correlation_id": "corr-hz006-proposals-list-1791594390938", "resource": "HTTP", "action": "GET", "result": "ok", "error_code": null, "message": "HTTP GET /api/v1/heatzones/merge-split/proposals ok"}
[WebServer] {"timestamp": "2026-10-10T01:06:32.953085+00:00", "level": "INFO", "service": "oday-api", "actor": "user", "correlation_id": "corr-hz006-proposal-preview-f686e3e7-5a54-43ac-b575-f3899154086d", "resource": "HTTP", "action": "POST", "result": "ok", "error_code": null, "message": "HTTP POST /api/v1/heatzones/merge-split/proposals/{proposal_id}/preview ok"}
[WebServer] {"timestamp": "2026-10-10T01:06:36.127918+00:00", "level": "INFO", "service": "oday-api", "actor": "user", "correlation_id": "corr-hz006-proposal-reject-f686e3e7-5a54-43ac-b575-f3899154086d", "resource": "HTTP", "action": "POST", "result": "ok", "error_code": null, "message": "HTTP POST /api/v1/heatzones/merge-split/proposals/{proposal_id}/reject ok"}
[WebServer] {"timestamp": "2026-10-10T01:06:36.213917+00:00", "level": "INFO", "service": "oday-api", "actor": "user", "correlation_id": "corr-hz006-proposals-list-1791594396136", "resource": "HTTP", "action": "GET", "result": "ok", "error_code": null, "message": "HTTP GET /api/v1/heatzones/merge-split/proposals ok"}
[WebServer] {"timestamp": "2026-10-10T01:06:36.373041+00:00", "level": "INFO", "service": "oday-api", "actor": "user", "correlation_id": "9e31ba1d-005b-42c5-91a5-f3b73af56927", "resource": "HTTP", "action": "GET", "result": "ok", "error_code": null, "message": "HTTP GET /api/v1/heatzones/merge-split/proposals/{proposal_id} ok"}
[WebServer] {"timestamp": "2026-10-10T01:06:38.702467+00:00", "level": "INFO", "service": "oday-api", "actor": "user", "correlation_id": "corr-r4-005-read-HZ-01-demand", "resource": "HTTP", "action": "GET", "result": "ok", "error_code": null, "message": "HTTP GET /api/v1/operator/network-listings ok"}
[WebServer] {"timestamp": "2026-10-10T01:06:38.873849+00:00", "level": "INFO", "service": "oday-api", "actor": "user", "correlation_id": "corr-r4-006-scoring-read", "resource": "HTTP", "action": "GET", "result": "ok", "error_code": null, "message": "HTTP GET /api/v1/operator/network-scoring ok"}
[WebServer] {"timestamp": "2026-10-10T01:06:38.929676+00:00", "level": "INFO", "service": "oday-api", "actor": "user", "correlation_id": "corr-r4-008-rebalance-read", "resource": "HTTP", "action": "GET", "result": "ok", "error_code": null, "message": "HTTP GET /api/v1/operator/network-rebalance ok"}
[WebServer] {"timestamp": "2026-10-10T01:06:38.939749+00:00", "level": "INFO", "service": "oday-api", "actor": "user", "correlation_id": "corr-r4-007-reviews-read", "resource": "HTTP", "action": "GET", "result": "ok", "error_code": null, "message": "HTTP GET /api/v1/operator/network-reviews ok"}
[WebServer] {"timestamp": "2026-10-10T01:06:39.320551+00:00", "level": "INFO", "service": "oday-api", "actor": "user", "correlation_id": "corr-r4-005-read-HZ-01-demand", "resource": "HTTP", "action": "GET", "result": "ok", "error_code": null, "message": "HTTP GET /api/v1/operator/network-listings ok"}
[WebServer] {"timestamp": "2026-10-10T01:06:39.428987+00:00", "level": "INFO", "service": "oday-api", "actor": "user", "correlation_id": "corr-r4-006-scoring-read", "resource": "HTTP", "action": "GET", "result": "ok", "error_code": null, "message": "HTTP GET /api/v1/operator/network-scoring ok"}
[WebServer] {"timestamp": "2026-10-10T01:06:39.435978+00:00", "level": "INFO", "service": "oday-api", "actor": "user", "correlation_id": "corr-r4-008-rebalance-read", "resource": "HTTP", "action": "GET", "result": "ok", "error_code": null, "message": "HTTP GET /api/v1/operator/network-rebalance ok"}
[WebServer] {"timestamp": "2026-10-10T01:06:39.511257+00:00", "level": "INFO", "service": "oday-api", "actor": "user", "correlation_id": "corr-r4-007-reviews-read", "resource": "HTTP", "action": "GET", "result": "ok", "error_code": null, "message": "HTTP GET /api/v1/operator/network-reviews ok"}
[WebServer] {"timestamp": "2026-10-10T01:06:39.682586+00:00", "level": "INFO", "service": "oday-api", "actor": "user", "correlation_id": "corr-operator-bootstrap-e65297ed-df7c-4fe5-addd-e9928de466a6", "resource": "HTTP", "action": "GET", "result": "ok", "error_code": null, "message": "HTTP GET /api/v1/operator/bootstrap ok"}
[WebServer] {"timestamp": "2026-10-10T01:06:39.884592+00:00", "level": "INFO", "service": "oday-api", "actor": "user", "correlation_id": "corr-hz006-proposals-list-1791594398668", "resource": "HTTP", "action": "GET", "result": "ok", "error_code": null, "message": "HTTP GET /api/v1/heatzones/merge-split/proposals ok"}
[WebServer] {"timestamp": "2026-10-10T01:06:39.935983+00:00", "level": "INFO", "service": "oday-api", "actor": "user", "correlation_id": "corr-hz006-proposals-list-1791594398673", "resource": "HTTP", "action": "GET", "result": "ok", "error_code": null, "message": "HTTP GET /api/v1/heatzones/merge-split/proposals ok"}
[WebServer] {"timestamp": "2026-10-10T01:06:42.220846+00:00", "level": "INFO", "service": "oday-api", "actor": "user", "correlation_id": "795d7d47-767e-4a94-bf29-763f2ac1614e", "resource": "HTTP", "action": "GET", "result": "ok", "error_code": null, "message": "HTTP GET /api/v1/heatzones/merge-split/proposals/{proposal_id} ok"}
[WebServer] /tmp/pantheon-worker-worktrees/pantheon/odp-ui-network-tabs-parity-001/.venv/lib/python3.12/site-packages/anyio/_backends/_asyncio.py:1033: StarletteDeprecationWarning: 'HTTP_422_UNPROCESSABLE_ENTITY' is deprecated. Use 'HTTP_422_UNPROCESSABLE_CONTENT' instead.
[WebServer]   result = context.run(func, *args)
[WebServer] {"timestamp": "2026-10-10T01:06:42.296389+00:00", "level": "INFO", "service": "oday-api", "actor": "user", "correlation_id": "15a7b192-6c3f-40a0-b4e5-992d9f01e932", "resource": "HTTP", "action": "POST", "result": "ok", "error_code": null, "message": "HTTP POST /api/v1/heatzones/merge-split/proposals/{proposal_id}/reject ok"}
2026/10/10 01:06:47 INFO mlflow.agent.hint: Load the `instrumenting-with-mlflow-tracing` skill at /tmp/pantheon-worker-worktrees/pantheon/odp-ui-network-tabs-parity-001/.venv/lib/python3.12/site-packages/mlflow/assistant/skills/instrumenting-with-mlflow-tracing/SKILL.md before writing any tracing code; it ships with this MLflow install. Set MLFLOW_DISABLE_AGENT_HINT=1 to silence this.
  ✓  1 [chromium] › tests/visual/operator-spatial-durable-parity.spec.ts:21:9 › Spatial SQLite split reject preview decision reload at 1440 (53.3s)

  1 passed (1.5m)
