[WebServer] 2026/10/09 19:09:45 INFO mlflow.agent.hint: Load the `instrumenting-with-mlflow-tracing` skill at /tmp/pantheon-worker-worktrees/pantheon/odp-ui-network-tabs-parity-001/.venv/lib/python3.12/site-packages/mlflow/assistant/skills/instrumenting-with-mlflow-tracing/SKILL.md before writing any tracing code; it ships with this MLflow install. Set MLFLOW_DISABLE_AGENT_HINT=1 to silence this.
[WebServer] 2026/10/09 19:09:47 INFO mlflow.store.db.utils: Creating initial MLflow database tables...
[WebServer] 2026/10/09 19:09:47 INFO mlflow.store.db.utils: Updating database tables
[WebServer] INFO:     Started server process [2091860]
[WebServer] INFO:     Waiting for application startup.
[WebServer] INFO:     Application startup complete.
[WebServer] INFO:     Uvicorn running on http://127.0.0.1:8312 (Press CTRL+C to quit)
[WebServer] {"timestamp": "2026-10-09T19:09:50.643984+00:00", "level": "INFO", "service": "oday-api", "actor": "user", "correlation_id": "070d336c-5829-460a-8f5e-fe6db14eea99", "resource": "HTTP", "action": "GET", "result": "ok", "error_code": null, "message": "HTTP GET /platform/health ok"}

Running 2 tests using 1 worker

[WebServer] {"timestamp": "2026-10-09T19:10:07.168087+00:00", "level": "INFO", "service": "oday-api", "actor": "user", "correlation_id": "ef729ed5-0225-48d0-a815-bd8a02761916", "resource": "HTTP", "action": "POST", "result": "ok", "error_code": null, "message": "HTTP POST /api/v1/operator/network-listings/reset ok"}
[WebServer] {"timestamp": "2026-10-09T19:10:07.191673+00:00", "level": "INFO", "service": "oday-api", "actor": "user", "correlation_id": "be98a894-4f16-4b80-aa5d-21d3c4ef95e3", "resource": "HTTP", "action": "GET", "result": "ok", "error_code": null, "message": "HTTP GET /api/v1/operator/network-listings ok"}
[WebServer] {"timestamp": "2026-10-09T19:10:09.706020+00:00", "level": "INFO", "service": "oday-api", "actor": "user", "correlation_id": "1d1ca360-862e-459f-bee9-7791118c7efc", "resource": "HTTP", "action": "GET", "result": "ok", "error_code": null, "message": "HTTP GET /api/v1/operator/network-listings ok"}
[WebServer] {"timestamp": "2026-10-09T19:10:12.461924+00:00", "level": "INFO", "service": "oday-api", "actor": "user", "correlation_id": "corr-r4-005-read-HZ-01-demand", "resource": "HTTP", "action": "GET", "result": "ok", "error_code": null, "message": "HTTP GET /api/v1/operator/network-listings ok"}
[WebServer] {"timestamp": "2026-10-09T19:10:12.965951+00:00", "level": "INFO", "service": "oday-api", "actor": "user", "correlation_id": "corr-r4-006-scoring-read", "resource": "HTTP", "action": "GET", "result": "ok", "error_code": null, "message": "HTTP GET /api/v1/operator/network-scoring ok"}
[WebServer] {"timestamp": "2026-10-09T19:10:12.968804+00:00", "level": "INFO", "service": "oday-api", "actor": "user", "correlation_id": "corr-r4-008-rebalance-read", "resource": "HTTP", "action": "GET", "result": "ok", "error_code": null, "message": "HTTP GET /api/v1/operator/network-rebalance ok"}
[WebServer] {"timestamp": "2026-10-09T19:10:12.970387+00:00", "level": "INFO", "service": "oday-api", "actor": "user", "correlation_id": "corr-r4-007-reviews-read", "resource": "HTTP", "action": "GET", "result": "ok", "error_code": null, "message": "HTTP GET /api/v1/operator/network-reviews ok"}
[WebServer] {"timestamp": "2026-10-09T19:10:15.082211+00:00", "level": "INFO", "service": "oday-api", "actor": "user", "correlation_id": "corr-r4-005-read-HZ-01-demand", "resource": "HTTP", "action": "GET", "result": "ok", "error_code": null, "message": "HTTP GET /api/v1/operator/network-listings ok"}
[WebServer] {"timestamp": "2026-10-09T19:10:15.087276+00:00", "level": "INFO", "service": "oday-api", "actor": "user", "correlation_id": "corr-r4-006-scoring-read", "resource": "HTTP", "action": "GET", "result": "ok", "error_code": null, "message": "HTTP GET /api/v1/operator/network-scoring ok"}
[WebServer] {"timestamp": "2026-10-09T19:10:15.087834+00:00", "level": "INFO", "service": "oday-api", "actor": "user", "correlation_id": "4e729f20-1f56-4393-834d-56e9ed67d57b", "resource": "HTTP", "action": "GET", "result": "ok", "error_code": null, "message": "HTTP GET /api/v1/operator/network-listings/intake ok"}
[WebServer] {"timestamp": "2026-10-09T19:10:15.092155+00:00", "level": "INFO", "service": "oday-api", "actor": "user", "correlation_id": "corr-r4-008-rebalance-read", "resource": "HTTP", "action": "GET", "result": "ok", "error_code": null, "message": "HTTP GET /api/v1/operator/network-rebalance ok"}
[WebServer] {"timestamp": "2026-10-09T19:10:15.978004+00:00", "level": "INFO", "service": "oday-api", "actor": "user", "correlation_id": "corr-r4-007-reviews-read", "resource": "HTTP", "action": "GET", "result": "ok", "error_code": null, "message": "HTTP GET /api/v1/operator/network-reviews ok"}
[WebServer] {"timestamp": "2026-10-09T19:10:16.207299+00:00", "level": "INFO", "service": "oday-api", "actor": "user", "correlation_id": "corr-operator-bootstrap-97134690-6db8-4a90-81bb-13dec42739bb", "resource": "HTTP", "action": "GET", "result": "ok", "error_code": null, "message": "HTTP GET /api/v1/operator/bootstrap ok"}
[WebServer] {"timestamp": "2026-10-09T19:10:16.498591+00:00", "level": "INFO", "service": "oday-api", "actor": "user", "correlation_id": "59d68cf8-271a-47b3-a57b-0578e3903fdd", "resource": "HTTP", "action": "GET", "result": "ok", "error_code": null, "message": "HTTP GET /api/v1/operator/network-listings/intake ok"}
[WebServer] {"timestamp": "2026-10-09T19:10:16.572476+00:00", "level": "INFO", "service": "oday-api", "actor": "user", "correlation_id": "c5b207c4-0799-4f08-a4c1-3fc30bdaa18a", "resource": "HTTP", "action": "GET", "result": "ok", "error_code": null, "message": "HTTP GET /api/v1/operator/network-listings/intake ok"}
  ✓  1 [chromium] › tests/visual/operator-radar-surface-parity.spec.ts:36:7 › Radar sources, list, detail and empty filter at 1440 (13.5s)
[WebServer] {"timestamp": "2026-10-09T19:10:18.885721+00:00", "level": "INFO", "service": "oday-api", "actor": "user", "correlation_id": "bd0c5be8-8f92-46a7-9eb2-08548eb7358d", "resource": "HTTP", "action": "POST", "result": "ok", "error_code": null, "message": "HTTP POST /api/v1/operator/network-listings/reset ok"}
[WebServer] {"timestamp": "2026-10-09T19:10:18.897347+00:00", "level": "INFO", "service": "oday-api", "actor": "user", "correlation_id": "8fdea117-d85f-4082-b3c8-feb8df6768d0", "resource": "HTTP", "action": "GET", "result": "ok", "error_code": null, "message": "HTTP GET /api/v1/operator/network-listings ok"}
[WebServer] {"timestamp": "2026-10-09T19:10:18.970677+00:00", "level": "INFO", "service": "oday-api", "actor": "user", "correlation_id": "f34ccbb1-43e8-4f0f-a585-cdbcdd212f10", "resource": "HTTP", "action": "GET", "result": "ok", "error_code": null, "message": "HTTP GET /api/v1/operator/network-listings ok"}
[WebServer] {"timestamp": "2026-10-09T19:10:21.186215+00:00", "level": "INFO", "service": "oday-api", "actor": "user", "correlation_id": "corr-r4-005-read-HZ-01-demand", "resource": "HTTP", "action": "GET", "result": "ok", "error_code": null, "message": "HTTP GET /api/v1/operator/network-listings ok"}
[WebServer] {"timestamp": "2026-10-09T19:10:21.276195+00:00", "level": "INFO", "service": "oday-api", "actor": "user", "correlation_id": "corr-r4-006-scoring-read", "resource": "HTTP", "action": "GET", "result": "ok", "error_code": null, "message": "HTTP GET /api/v1/operator/network-scoring ok"}
[WebServer] {"timestamp": "2026-10-09T19:10:21.277972+00:00", "level": "INFO", "service": "oday-api", "actor": "user", "correlation_id": "corr-r4-007-reviews-read", "resource": "HTTP", "action": "GET", "result": "ok", "error_code": null, "message": "HTTP GET /api/v1/operator/network-reviews ok"}
[WebServer] {"timestamp": "2026-10-09T19:10:21.280955+00:00", "level": "INFO", "service": "oday-api", "actor": "user", "correlation_id": "corr-r4-008-rebalance-read", "resource": "HTTP", "action": "GET", "result": "ok", "error_code": null, "message": "HTTP GET /api/v1/operator/network-rebalance ok"}
[WebServer] {"timestamp": "2026-10-09T19:10:21.334233+00:00", "level": "INFO", "service": "oday-api", "actor": "user", "correlation_id": "9e865521-07fe-4438-970d-cd6924c0f73b", "resource": "HTTP", "action": "GET", "result": "ok", "error_code": null, "message": "HTTP GET /api/v1/operator/network-listings/intake ok"}
[WebServer] {"timestamp": "2026-10-09T19:10:21.619625+00:00", "level": "INFO", "service": "oday-api", "actor": "user", "correlation_id": "corr-r4-005-read-HZ-01-demand", "resource": "HTTP", "action": "GET", "result": "ok", "error_code": null, "message": "HTTP GET /api/v1/operator/network-listings ok"}
[WebServer] {"timestamp": "2026-10-09T19:10:21.676167+00:00", "level": "INFO", "service": "oday-api", "actor": "user", "correlation_id": "corr-r4-006-scoring-read", "resource": "HTTP", "action": "GET", "result": "ok", "error_code": null, "message": "HTTP GET /api/v1/operator/network-scoring ok"}
[WebServer] {"timestamp": "2026-10-09T19:10:21.678251+00:00", "level": "INFO", "service": "oday-api", "actor": "user", "correlation_id": "corr-r4-008-rebalance-read", "resource": "HTTP", "action": "GET", "result": "ok", "error_code": null, "message": "HTTP GET /api/v1/operator/network-rebalance ok"}
[WebServer] {"timestamp": "2026-10-09T19:10:21.722771+00:00", "level": "INFO", "service": "oday-api", "actor": "user", "correlation_id": "corr-r4-007-reviews-read", "resource": "HTTP", "action": "GET", "result": "ok", "error_code": null, "message": "HTTP GET /api/v1/operator/network-reviews ok"}
[WebServer] {"timestamp": "2026-10-09T19:10:21.836086+00:00", "level": "INFO", "service": "oday-api", "actor": "user", "correlation_id": "corr-operator-bootstrap-6db5ca83-5fd1-4473-8e3c-66a53ec80718", "resource": "HTTP", "action": "GET", "result": "ok", "error_code": null, "message": "HTTP GET /api/v1/operator/bootstrap ok"}
[WebServer] {"timestamp": "2026-10-09T19:10:21.916061+00:00", "level": "INFO", "service": "oday-api", "actor": "user", "correlation_id": "8fed87af-a613-4049-a36d-f977cdaeac32", "resource": "HTTP", "action": "GET", "result": "ok", "error_code": null, "message": "HTTP GET /api/v1/operator/network-listings/intake ok"}
[WebServer] {"timestamp": "2026-10-09T19:10:21.918235+00:00", "level": "INFO", "service": "oday-api", "actor": "user", "correlation_id": "a841f2db-493d-433f-a964-4cc92005fc47", "resource": "HTTP", "action": "GET", "result": "ok", "error_code": null, "message": "HTTP GET /api/v1/operator/network-listings/intake ok"}
  ✓  2 [chromium] › tests/visual/operator-radar-surface-parity.spec.ts:36:7 › Radar sources, list, detail and empty filter at 390 (5.5s)

  2 passed (43.9s)
