
> @oday-plus/web@0.1.0 prebuild
> node scripts/sync-maplibre-worker.mjs --pre


> @oday-plus/web@0.1.0 build
> next build

   ▲ Next.js 15.5.25

   Creating an optimized production build ...
 ✓ Compiled successfully in 12.8s
   Linting and checking validity of types ...
   Collecting page data ...
   Generating static pages (0/4) ...
   Generating static pages (1/4) 
   Generating static pages (2/4) 
   Generating static pages (3/4) 
 ✓ Generating static pages (4/4)
   Finalizing page optimization ...
   Collecting build traces ...

Route (app)                                 Size  First Load JS
┌ ○ /_not-found                            679 B         104 kB
├ ƒ /api/v1                                153 B         103 kB
├ ƒ /api/v1/[...path]                      153 B         103 kB
├ ƒ /auth/callback                         153 B         103 kB
├ ƒ /auth/logout                           153 B         103 kB
├ ƒ /auth/oidc                             153 B         103 kB
├ ƒ /auth/password                         153 B         103 kB
├ ƒ /auth/session                          153 B         103 kB
├ ƒ /avm/[...path]                         153 B         103 kB
├ ƒ /franchisee                          2.78 kB         117 kB
├ ƒ /intake/[intakeId]                     189 B         293 kB
├ ƒ /login                                 153 B         103 kB
└ ƒ /operator                            2.83 kB         296 kB
+ First Load JS shared by all             103 kB
  ├ chunks/1255-818b2c5eb39b755f.js      46.3 kB
  ├ chunks/4bd1b696-f785427dddbba9fb.js  54.2 kB
  └ other shared chunks (total)          2.75 kB


○  (Static)   prerendered as static content
ƒ  (Dynamic)  server-rendered on demand


> @oday-plus/web@0.1.0 postbuild
> node scripts/sync-maplibre-worker.mjs --post

