[WebServer] 2026/10/09 16:01:00 INFO mlflow.agent.hint: Load the `instrumenting-with-mlflow-tracing` skill at /tmp/pantheon-worker-worktrees/pantheon/odp-ui-network-tabs-parity-001/.venv/lib/python3.12/site-packages/mlflow/assistant/skills/instrumenting-with-mlflow-tracing/SKILL.md before writing any tracing code; it ships with this MLflow install. Set MLFLOW_DISABLE_AGENT_HINT=1 to silence this.
[WebServer] 2026/10/09 16:01:02 INFO mlflow.store.db.utils: Creating initial MLflow database tables...
[WebServer] 2026/10/09 16:01:02 INFO mlflow.store.db.utils: Updating database tables
[WebServer] INFO:     Started server process [1941106]
[WebServer] INFO:     Waiting for application startup.
[WebServer] INFO:     Application startup complete.
[WebServer] INFO:     Uvicorn running on http://127.0.0.1:8310 (Press CTRL+C to quit)
[WebServer] {"timestamp": "2026-10-09T16:01:07.196832+00:00", "level": "INFO", "service": "oday-api", "actor": "user", "correlation_id": "61a88236-2f3c-4b7a-9e1e-4da4d307770e", "resource": "HTTP", "action": "GET", "result": "ok", "error_code": null, "message": "HTTP GET /platform/health ok"}

Running 9 tests using 1 worker

[WebServer] {"timestamp": "2026-10-09T16:01:27.524076+00:00", "level": "INFO", "service": "oday-api", "actor": "user", "correlation_id": "e3025616-69cd-4755-b356-89996d396cd0", "resource": "HTTP", "action": "POST", "result": "ok", "error_code": null, "message": "HTTP POST /api/v1/operator/network-scoring/reset ok"}
[WebServer] {"timestamp": "2026-10-09T16:01:27.565331+00:00", "level": "INFO", "service": "oday-api", "actor": "user", "correlation_id": "a65f3ff1-d63d-4a9a-9e8b-1ba0d9132842", "resource": "HTTP", "action": "GET", "result": "ok", "error_code": null, "message": "HTTP GET /api/v1/operator/network-scoring ok"}
[WebServer] {"timestamp": "2026-10-09T16:01:37.067313+00:00", "level": "INFO", "service": "oday-api", "actor": "user", "correlation_id": "corr-r4-008-rebalance-read", "resource": "HTTP", "action": "GET", "result": "ok", "error_code": null, "message": "HTTP GET /api/v1/operator/network-rebalance ok"}
[WebServer] {"timestamp": "2026-10-09T16:01:37.067953+00:00", "level": "INFO", "service": "oday-api", "actor": "user", "correlation_id": "corr-r4-007-reviews-read", "resource": "HTTP", "action": "GET", "result": "ok", "error_code": null, "message": "HTTP GET /api/v1/operator/network-reviews ok"}
[WebServer] {"timestamp": "2026-10-09T16:01:37.079491+00:00", "level": "INFO", "service": "oday-api", "actor": "user", "correlation_id": "corr-r4-005-read-HZ-01-demand", "resource": "HTTP", "action": "GET", "result": "ok", "error_code": null, "message": "HTTP GET /api/v1/operator/network-listings ok"}
[WebServer] {"timestamp": "2026-10-09T16:01:37.082252+00:00", "level": "INFO", "service": "oday-api", "actor": "user", "correlation_id": "corr-r4-005-read-HZ-01-demand", "resource": "HTTP", "action": "GET", "result": "ok", "error_code": null, "message": "HTTP GET /api/v1/operator/network-listings ok"}
[WebServer] {"timestamp": "2026-10-09T16:01:40.008836+00:00", "level": "INFO", "service": "oday-api", "actor": "user", "correlation_id": "corr-r4-007-reviews-read", "resource": "HTTP", "action": "GET", "result": "ok", "error_code": null, "message": "HTTP GET /api/v1/operator/network-reviews ok"}
[WebServer] {"timestamp": "2026-10-09T16:01:40.019170+00:00", "level": "INFO", "service": "oday-api", "actor": "user", "correlation_id": "corr-r4-008-rebalance-read", "resource": "HTTP", "action": "GET", "result": "ok", "error_code": null, "message": "HTTP GET /api/v1/operator/network-rebalance ok"}
[WebServer] {"timestamp": "2026-10-09T16:01:40.024022+00:00", "level": "INFO", "service": "oday-api", "actor": "user", "correlation_id": "corr-operator-bootstrap-fd7848ec-285c-425a-9faf-c1aa19038107", "resource": "HTTP", "action": "GET", "result": "ok", "error_code": null, "message": "HTTP GET /api/v1/operator/bootstrap ok"}
  ✓  1 [chromium] › tests/visual/operator-network-tabs-parity.spec.ts:45:9 › candidates content geometry at 1440 (21.0s)
[WebServer] {"timestamp": "2026-10-09T16:01:46.338947+00:00", "level": "INFO", "service": "oday-api", "actor": "user", "correlation_id": "d361a6c4-76a3-4c05-94e4-b98e2717cce2", "resource": "HTTP", "action": "POST", "result": "ok", "error_code": null, "message": "HTTP POST /api/v1/operator/network-scoring/reset ok"}
[WebServer] {"timestamp": "2026-10-09T16:01:46.352330+00:00", "level": "INFO", "service": "oday-api", "actor": "user", "correlation_id": "1f1adeef-7dcb-4215-8b73-280391e03f59", "resource": "HTTP", "action": "GET", "result": "ok", "error_code": null, "message": "HTTP GET /api/v1/operator/network-scoring ok"}
[WebServer] {"timestamp": "2026-10-09T16:01:49.630655+00:00", "level": "INFO", "service": "oday-api", "actor": "user", "correlation_id": "corr-r4-005-read-HZ-01-demand", "resource": "HTTP", "action": "GET", "result": "ok", "error_code": null, "message": "HTTP GET /api/v1/operator/network-listings ok"}
[WebServer] {"timestamp": "2026-10-09T16:01:49.832152+00:00", "level": "INFO", "service": "oday-api", "actor": "user", "correlation_id": "corr-r4-008-rebalance-read", "resource": "HTTP", "action": "GET", "result": "ok", "error_code": null, "message": "HTTP GET /api/v1/operator/network-rebalance ok"}
[WebServer] {"timestamp": "2026-10-09T16:01:49.889242+00:00", "level": "INFO", "service": "oday-api", "actor": "user", "correlation_id": "corr-r4-007-reviews-read", "resource": "HTTP", "action": "GET", "result": "ok", "error_code": null, "message": "HTTP GET /api/v1/operator/network-reviews ok"}
[WebServer] {"timestamp": "2026-10-09T16:01:50.039253+00:00", "level": "INFO", "service": "oday-api", "actor": "user", "correlation_id": "corr-r4-005-read-HZ-01-demand", "resource": "HTTP", "action": "GET", "result": "ok", "error_code": null, "message": "HTTP GET /api/v1/operator/network-listings ok"}
[WebServer] {"timestamp": "2026-10-09T16:01:50.092861+00:00", "level": "INFO", "service": "oday-api", "actor": "user", "correlation_id": "corr-r4-008-rebalance-read", "resource": "HTTP", "action": "GET", "result": "ok", "error_code": null, "message": "HTTP GET /api/v1/operator/network-rebalance ok"}
[WebServer] {"timestamp": "2026-10-09T16:01:50.641289+00:00", "level": "INFO", "service": "oday-api", "actor": "user", "correlation_id": "corr-r4-007-reviews-read", "resource": "HTTP", "action": "GET", "result": "ok", "error_code": null, "message": "HTTP GET /api/v1/operator/network-reviews ok"}
[WebServer] {"timestamp": "2026-10-09T16:01:50.695924+00:00", "level": "INFO", "service": "oday-api", "actor": "user", "correlation_id": "corr-operator-bootstrap-fec40c48-2894-49a4-b834-86218ed3842f", "resource": "HTTP", "action": "GET", "result": "ok", "error_code": null, "message": "HTTP GET /api/v1/operator/bootstrap ok"}
  ✓  2 [chromium] › tests/visual/operator-network-tabs-parity.spec.ts:45:9 › sitescore content geometry at 1440 (13.9s)
[WebServer] {"timestamp": "2026-10-09T16:02:00.274939+00:00", "level": "INFO", "service": "oday-api", "actor": "user", "correlation_id": "23c742b8-47d7-4956-a689-caad32523f82", "resource": "HTTP", "action": "POST", "result": "ok", "error_code": null, "message": "HTTP POST /api/v1/operator/network-scoring/reset ok"}
[WebServer] {"timestamp": "2026-10-09T16:02:00.286613+00:00", "level": "INFO", "service": "oday-api", "actor": "user", "correlation_id": "d38b32ca-b9d2-4f6b-bd84-e6ee811abcf2", "resource": "HTTP", "action": "GET", "result": "ok", "error_code": null, "message": "HTTP GET /api/v1/operator/network-scoring ok"}
[WebServer] {"timestamp": "2026-10-09T16:02:03.104997+00:00", "level": "INFO", "service": "oday-api", "actor": "user", "correlation_id": "corr-r4-005-read-HZ-01-demand", "resource": "HTTP", "action": "GET", "result": "ok", "error_code": null, "message": "HTTP GET /api/v1/operator/network-listings ok"}
[WebServer] {"timestamp": "2026-10-09T16:02:03.224089+00:00", "level": "INFO", "service": "oday-api", "actor": "user", "correlation_id": "corr-r4-008-rebalance-read", "resource": "HTTP", "action": "GET", "result": "ok", "error_code": null, "message": "HTTP GET /api/v1/operator/network-rebalance ok"}
[WebServer] {"timestamp": "2026-10-09T16:02:03.231676+00:00", "level": "INFO", "service": "oday-api", "actor": "user", "correlation_id": "corr-r4-007-reviews-read", "resource": "HTTP", "action": "GET", "result": "ok", "error_code": null, "message": "HTTP GET /api/v1/operator/network-reviews ok"}
[WebServer] {"timestamp": "2026-10-09T16:02:03.301449+00:00", "level": "INFO", "service": "oday-api", "actor": "user", "correlation_id": "corr-r4-005-read-HZ-01-demand", "resource": "HTTP", "action": "GET", "result": "ok", "error_code": null, "message": "HTTP GET /api/v1/operator/network-listings ok"}
[WebServer] {"timestamp": "2026-10-09T16:02:03.792985+00:00", "level": "INFO", "service": "oday-api", "actor": "user", "correlation_id": "corr-r4-008-rebalance-read", "resource": "HTTP", "action": "GET", "result": "ok", "error_code": null, "message": "HTTP GET /api/v1/operator/network-rebalance ok"}
[WebServer] {"timestamp": "2026-10-09T16:02:04.078687+00:00", "level": "INFO", "service": "oday-api", "actor": "user", "correlation_id": "corr-operator-bootstrap-fa62f224-b326-469c-a2f9-16cc3a068778", "resource": "HTTP", "action": "GET", "result": "ok", "error_code": null, "message": "HTTP GET /api/v1/operator/bootstrap ok"}
[WebServer] {"timestamp": "2026-10-09T16:02:04.088335+00:00", "level": "INFO", "service": "oday-api", "actor": "user", "correlation_id": "corr-r4-007-reviews-read", "resource": "HTTP", "action": "GET", "result": "ok", "error_code": null, "message": "HTTP GET /api/v1/operator/network-reviews ok"}
  ✓  3 [chromium] › tests/visual/operator-network-tabs-parity.spec.ts:45:9 › compare content geometry at 1440 (12.2s)
[WebServer] {"timestamp": "2026-10-09T16:02:12.507465+00:00", "level": "INFO", "service": "oday-api", "actor": "user", "correlation_id": "7a5fd5ec-3a10-4075-94dc-062524718f4e", "resource": "HTTP", "action": "POST", "result": "ok", "error_code": null, "message": "HTTP POST /api/v1/operator/network-scoring/reset ok"}
[WebServer] {"timestamp": "2026-10-09T16:02:12.517176+00:00", "level": "INFO", "service": "oday-api", "actor": "user", "correlation_id": "117e113a-7f99-4e14-a4f4-94ad6076fe3e", "resource": "HTTP", "action": "GET", "result": "ok", "error_code": null, "message": "HTTP GET /api/v1/operator/network-scoring ok"}
[WebServer] {"timestamp": "2026-10-09T16:02:15.569447+00:00", "level": "INFO", "service": "oday-api", "actor": "user", "correlation_id": "corr-r4-005-read-HZ-01-demand", "resource": "HTTP", "action": "GET", "result": "ok", "error_code": null, "message": "HTTP GET /api/v1/operator/network-listings ok"}
[WebServer] {"timestamp": "2026-10-09T16:02:15.671368+00:00", "level": "INFO", "service": "oday-api", "actor": "user", "correlation_id": "corr-r4-008-rebalance-read", "resource": "HTTP", "action": "GET", "result": "ok", "error_code": null, "message": "HTTP GET /api/v1/operator/network-rebalance ok"}
[WebServer] {"timestamp": "2026-10-09T16:02:15.678038+00:00", "level": "INFO", "service": "oday-api", "actor": "user", "correlation_id": "corr-r4-007-reviews-read", "resource": "HTTP", "action": "GET", "result": "ok", "error_code": null, "message": "HTTP GET /api/v1/operator/network-reviews ok"}
[WebServer] {"timestamp": "2026-10-09T16:02:15.690047+00:00", "level": "INFO", "service": "oday-api", "actor": "user", "correlation_id": "corr-r4-005-read-HZ-01-demand", "resource": "HTTP", "action": "GET", "result": "ok", "error_code": null, "message": "HTTP GET /api/v1/operator/network-listings ok"}
[WebServer] {"timestamp": "2026-10-09T16:02:16.150315+00:00", "level": "INFO", "service": "oday-api", "actor": "user", "correlation_id": "corr-r4-008-rebalance-read", "resource": "HTTP", "action": "GET", "result": "ok", "error_code": null, "message": "HTTP GET /api/v1/operator/network-rebalance ok"}
[WebServer] {"timestamp": "2026-10-09T16:02:16.292586+00:00", "level": "INFO", "service": "oday-api", "actor": "user", "correlation_id": "corr-r4-007-reviews-read", "resource": "HTTP", "action": "GET", "result": "ok", "error_code": null, "message": "HTTP GET /api/v1/operator/network-reviews ok"}
[WebServer] {"timestamp": "2026-10-09T16:02:16.304448+00:00", "level": "INFO", "service": "oday-api", "actor": "user", "correlation_id": "corr-operator-bootstrap-10d1b32b-cc3d-47b9-a972-4c15ec6acd05", "resource": "HTTP", "action": "GET", "result": "ok", "error_code": null, "message": "HTTP GET /api/v1/operator/bootstrap ok"}
  ✓  4 [chromium] › tests/visual/operator-network-tabs-parity.spec.ts:45:9 › candidates content geometry at 1024 (4.3s)
[WebServer] {"timestamp": "2026-10-09T16:02:16.881452+00:00", "level": "INFO", "service": "oday-api", "actor": "user", "correlation_id": "80d8a896-b917-4343-823c-e2b17e5ff00f", "resource": "HTTP", "action": "POST", "result": "ok", "error_code": null, "message": "HTTP POST /api/v1/operator/network-scoring/reset ok"}
[WebServer] {"timestamp": "2026-10-09T16:02:16.896849+00:00", "level": "INFO", "service": "oday-api", "actor": "user", "correlation_id": "c9396d99-037d-40d9-ab41-e722a1985893", "resource": "HTTP", "action": "GET", "result": "ok", "error_code": null, "message": "HTTP GET /api/v1/operator/network-scoring ok"}
[WebServer] {"timestamp": "2026-10-09T16:02:19.281908+00:00", "level": "INFO", "service": "oday-api", "actor": "user", "correlation_id": "corr-r4-005-read-HZ-01-demand", "resource": "HTTP", "action": "GET", "result": "ok", "error_code": null, "message": "HTTP GET /api/v1/operator/network-listings ok"}
[WebServer] {"timestamp": "2026-10-09T16:02:19.452942+00:00", "level": "INFO", "service": "oday-api", "actor": "user", "correlation_id": "corr-r4-008-rebalance-read", "resource": "HTTP", "action": "GET", "result": "ok", "error_code": null, "message": "HTTP GET /api/v1/operator/network-rebalance ok"}
[WebServer] {"timestamp": "2026-10-09T16:02:19.454481+00:00", "level": "INFO", "service": "oday-api", "actor": "user", "correlation_id": "corr-r4-007-reviews-read", "resource": "HTTP", "action": "GET", "result": "ok", "error_code": null, "message": "HTTP GET /api/v1/operator/network-reviews ok"}
[WebServer] {"timestamp": "2026-10-09T16:02:19.500468+00:00", "level": "INFO", "service": "oday-api", "actor": "user", "correlation_id": "corr-r4-005-read-HZ-01-demand", "resource": "HTTP", "action": "GET", "result": "ok", "error_code": null, "message": "HTTP GET /api/v1/operator/network-listings ok"}
[WebServer] {"timestamp": "2026-10-09T16:02:19.882878+00:00", "level": "INFO", "service": "oday-api", "actor": "user", "correlation_id": "corr-r4-008-rebalance-read", "resource": "HTTP", "action": "GET", "result": "ok", "error_code": null, "message": "HTTP GET /api/v1/operator/network-rebalance ok"}
[WebServer] {"timestamp": "2026-10-09T16:02:19.973869+00:00", "level": "INFO", "service": "oday-api", "actor": "user", "correlation_id": "corr-r4-007-reviews-read", "resource": "HTTP", "action": "GET", "result": "ok", "error_code": null, "message": "HTTP GET /api/v1/operator/network-reviews ok"}
[WebServer] {"timestamp": "2026-10-09T16:02:20.052569+00:00", "level": "INFO", "service": "oday-api", "actor": "user", "correlation_id": "corr-operator-bootstrap-af9220a1-cae0-49e7-bb75-22b66767e0e8", "resource": "HTTP", "action": "GET", "result": "ok", "error_code": null, "message": "HTTP GET /api/v1/operator/bootstrap ok"}
  ✓  5 [chromium] › tests/visual/operator-network-tabs-parity.spec.ts:45:9 › sitescore content geometry at 1024 (4.6s)
[WebServer] {"timestamp": "2026-10-09T16:02:21.457635+00:00", "level": "INFO", "service": "oday-api", "actor": "user", "correlation_id": "2c6bf2e4-8c51-43e2-9cec-135dc609eb05", "resource": "HTTP", "action": "POST", "result": "ok", "error_code": null, "message": "HTTP POST /api/v1/operator/network-scoring/reset ok"}
[WebServer] {"timestamp": "2026-10-09T16:02:21.469299+00:00", "level": "INFO", "service": "oday-api", "actor": "user", "correlation_id": "24aef10a-b16c-43c5-a774-536fdf9f815d", "resource": "HTTP", "action": "GET", "result": "ok", "error_code": null, "message": "HTTP GET /api/v1/operator/network-scoring ok"}
[WebServer] {"timestamp": "2026-10-09T16:02:23.632277+00:00", "level": "INFO", "service": "oday-api", "actor": "user", "correlation_id": "corr-r4-005-read-HZ-01-demand", "resource": "HTTP", "action": "GET", "result": "ok", "error_code": null, "message": "HTTP GET /api/v1/operator/network-listings ok"}
[WebServer] {"timestamp": "2026-10-09T16:02:23.696461+00:00", "level": "INFO", "service": "oday-api", "actor": "user", "correlation_id": "corr-r4-008-rebalance-read", "resource": "HTTP", "action": "GET", "result": "ok", "error_code": null, "message": "HTTP GET /api/v1/operator/network-rebalance ok"}
[WebServer] {"timestamp": "2026-10-09T16:02:23.697796+00:00", "level": "INFO", "service": "oday-api", "actor": "user", "correlation_id": "corr-r4-007-reviews-read", "resource": "HTTP", "action": "GET", "result": "ok", "error_code": null, "message": "HTTP GET /api/v1/operator/network-reviews ok"}
[WebServer] {"timestamp": "2026-10-09T16:02:23.731688+00:00", "level": "INFO", "service": "oday-api", "actor": "user", "correlation_id": "corr-r4-005-read-HZ-01-demand", "resource": "HTTP", "action": "GET", "result": "ok", "error_code": null, "message": "HTTP GET /api/v1/operator/network-listings ok"}
[WebServer] {"timestamp": "2026-10-09T16:02:24.072964+00:00", "level": "INFO", "service": "oday-api", "actor": "user", "correlation_id": "corr-r4-008-rebalance-read", "resource": "HTTP", "action": "GET", "result": "ok", "error_code": null, "message": "HTTP GET /api/v1/operator/network-rebalance ok"}
[WebServer] {"timestamp": "2026-10-09T16:02:24.123676+00:00", "level": "INFO", "service": "oday-api", "actor": "user", "correlation_id": "corr-r4-007-reviews-read", "resource": "HTTP", "action": "GET", "result": "ok", "error_code": null, "message": "HTTP GET /api/v1/operator/network-reviews ok"}
[WebServer] {"timestamp": "2026-10-09T16:02:24.175548+00:00", "level": "INFO", "service": "oday-api", "actor": "user", "correlation_id": "corr-operator-bootstrap-844bb814-6139-4819-bcef-a437749ac4ed", "resource": "HTTP", "action": "GET", "result": "ok", "error_code": null, "message": "HTTP GET /api/v1/operator/bootstrap ok"}
  ✓  6 [chromium] › tests/visual/operator-network-tabs-parity.spec.ts:45:9 › compare content geometry at 1024 (3.3s)
[WebServer] {"timestamp": "2026-10-09T16:02:24.843846+00:00", "level": "INFO", "service": "oday-api", "actor": "user", "correlation_id": "cbf00526-c3eb-4f83-8dce-9ed3e9073be2", "resource": "HTTP", "action": "POST", "result": "ok", "error_code": null, "message": "HTTP POST /api/v1/operator/network-scoring/reset ok"}
[WebServer] {"timestamp": "2026-10-09T16:02:24.863262+00:00", "level": "INFO", "service": "oday-api", "actor": "user", "correlation_id": "cde0eb30-ac4c-4936-887d-e3add333ea4b", "resource": "HTTP", "action": "GET", "result": "ok", "error_code": null, "message": "HTTP GET /api/v1/operator/network-scoring ok"}
[WebServer] {"timestamp": "2026-10-09T16:02:27.148509+00:00", "level": "INFO", "service": "oday-api", "actor": "user", "correlation_id": "corr-r4-005-read-HZ-01-demand", "resource": "HTTP", "action": "GET", "result": "ok", "error_code": null, "message": "HTTP GET /api/v1/operator/network-listings ok"}
[WebServer] {"timestamp": "2026-10-09T16:02:27.274210+00:00", "level": "INFO", "service": "oday-api", "actor": "user", "correlation_id": "corr-r4-007-reviews-read", "resource": "HTTP", "action": "GET", "result": "ok", "error_code": null, "message": "HTTP GET /api/v1/operator/network-reviews ok"}
[WebServer] {"timestamp": "2026-10-09T16:02:27.276282+00:00", "level": "INFO", "service": "oday-api", "actor": "user", "correlation_id": "corr-r4-008-rebalance-read", "resource": "HTTP", "action": "GET", "result": "ok", "error_code": null, "message": "HTTP GET /api/v1/operator/network-rebalance ok"}
[WebServer] {"timestamp": "2026-10-09T16:02:27.326812+00:00", "level": "INFO", "service": "oday-api", "actor": "user", "correlation_id": "corr-r4-005-read-HZ-01-demand", "resource": "HTTP", "action": "GET", "result": "ok", "error_code": null, "message": "HTTP GET /api/v1/operator/network-listings ok"}
[WebServer] {"timestamp": "2026-10-09T16:02:27.698929+00:00", "level": "INFO", "service": "oday-api", "actor": "user", "correlation_id": "corr-r4-008-rebalance-read", "resource": "HTTP", "action": "GET", "result": "ok", "error_code": null, "message": "HTTP GET /api/v1/operator/network-rebalance ok"}
[WebServer] {"timestamp": "2026-10-09T16:02:27.753243+00:00", "level": "INFO", "service": "oday-api", "actor": "user", "correlation_id": "corr-r4-007-reviews-read", "resource": "HTTP", "action": "GET", "result": "ok", "error_code": null, "message": "HTTP GET /api/v1/operator/network-reviews ok"}
[WebServer] {"timestamp": "2026-10-09T16:02:27.757700+00:00", "level": "INFO", "service": "oday-api", "actor": "user", "correlation_id": "corr-operator-bootstrap-0a59c0ba-930f-4d4e-b539-a8b88c5c4834", "resource": "HTTP", "action": "GET", "result": "ok", "error_code": null, "message": "HTTP GET /api/v1/operator/bootstrap ok"}
  ✓  7 [chromium] › tests/visual/operator-network-tabs-parity.spec.ts:45:9 › candidates content geometry at 390 (10.5s)
[WebServer] {"timestamp": "2026-10-09T16:02:35.376848+00:00", "level": "INFO", "service": "oday-api", "actor": "user", "correlation_id": "f510fe03-27b1-439d-b435-0ce0cabe0fee", "resource": "HTTP", "action": "POST", "result": "ok", "error_code": null, "message": "HTTP POST /api/v1/operator/network-scoring/reset ok"}
[WebServer] {"timestamp": "2026-10-09T16:02:35.389649+00:00", "level": "INFO", "service": "oday-api", "actor": "user", "correlation_id": "a3a37b69-d5e6-4388-9412-cbd5f4a70f4d", "resource": "HTTP", "action": "GET", "result": "ok", "error_code": null, "message": "HTTP GET /api/v1/operator/network-scoring ok"}
[WebServer] {"timestamp": "2026-10-09T16:02:37.706192+00:00", "level": "INFO", "service": "oday-api", "actor": "user", "correlation_id": "corr-r4-005-read-HZ-01-demand", "resource": "HTTP", "action": "GET", "result": "ok", "error_code": null, "message": "HTTP GET /api/v1/operator/network-listings ok"}
[WebServer] {"timestamp": "2026-10-09T16:02:37.795753+00:00", "level": "INFO", "service": "oday-api", "actor": "user", "correlation_id": "corr-r4-008-rebalance-read", "resource": "HTTP", "action": "GET", "result": "ok", "error_code": null, "message": "HTTP GET /api/v1/operator/network-rebalance ok"}
[WebServer] {"timestamp": "2026-10-09T16:02:37.797243+00:00", "level": "INFO", "service": "oday-api", "actor": "user", "correlation_id": "corr-r4-007-reviews-read", "resource": "HTTP", "action": "GET", "result": "ok", "error_code": null, "message": "HTTP GET /api/v1/operator/network-reviews ok"}
[WebServer] {"timestamp": "2026-10-09T16:02:37.843744+00:00", "level": "INFO", "service": "oday-api", "actor": "user", "correlation_id": "corr-r4-005-read-HZ-01-demand", "resource": "HTTP", "action": "GET", "result": "ok", "error_code": null, "message": "HTTP GET /api/v1/operator/network-listings ok"}
[WebServer] {"timestamp": "2026-10-09T16:02:38.199847+00:00", "level": "INFO", "service": "oday-api", "actor": "user", "correlation_id": "corr-r4-008-rebalance-read", "resource": "HTTP", "action": "GET", "result": "ok", "error_code": null, "message": "HTTP GET /api/v1/operator/network-rebalance ok"}
[WebServer] {"timestamp": "2026-10-09T16:02:38.284949+00:00", "level": "INFO", "service": "oday-api", "actor": "user", "correlation_id": "corr-operator-bootstrap-820cd36b-bbf8-4b2c-bf0c-6e17d9c69a4d", "resource": "HTTP", "action": "GET", "result": "ok", "error_code": null, "message": "HTTP GET /api/v1/operator/bootstrap ok"}
[WebServer] {"timestamp": "2026-10-09T16:02:38.287740+00:00", "level": "INFO", "service": "oday-api", "actor": "user", "correlation_id": "corr-r4-007-reviews-read", "resource": "HTTP", "action": "GET", "result": "ok", "error_code": null, "message": "HTTP GET /api/v1/operator/network-reviews ok"}
  ✓  8 [chromium] › tests/visual/operator-network-tabs-parity.spec.ts:45:9 › sitescore content geometry at 390 (11.8s)
[WebServer] {"timestamp": "2026-10-09T16:02:47.176654+00:00", "level": "INFO", "service": "oday-api", "actor": "user", "correlation_id": "20bd80f7-5d9d-4425-a27e-57bdc0f7055a", "resource": "HTTP", "action": "POST", "result": "ok", "error_code": null, "message": "HTTP POST /api/v1/operator/network-scoring/reset ok"}
[WebServer] {"timestamp": "2026-10-09T16:02:47.186911+00:00", "level": "INFO", "service": "oday-api", "actor": "user", "correlation_id": "5ece46e9-2c3b-4238-bedd-bde4fa9a8399", "resource": "HTTP", "action": "GET", "result": "ok", "error_code": null, "message": "HTTP GET /api/v1/operator/network-scoring ok"}
[WebServer] {"timestamp": "2026-10-09T16:02:49.346051+00:00", "level": "INFO", "service": "oday-api", "actor": "user", "correlation_id": "corr-r4-005-read-HZ-01-demand", "resource": "HTTP", "action": "GET", "result": "ok", "error_code": null, "message": "HTTP GET /api/v1/operator/network-listings ok"}
[WebServer] {"timestamp": "2026-10-09T16:02:49.418456+00:00", "level": "INFO", "service": "oday-api", "actor": "user", "correlation_id": "corr-r4-007-reviews-read", "resource": "HTTP", "action": "GET", "result": "ok", "error_code": null, "message": "HTTP GET /api/v1/operator/network-reviews ok"}
[WebServer] {"timestamp": "2026-10-09T16:02:49.422109+00:00", "level": "INFO", "service": "oday-api", "actor": "user", "correlation_id": "corr-r4-008-rebalance-read", "resource": "HTTP", "action": "GET", "result": "ok", "error_code": null, "message": "HTTP GET /api/v1/operator/network-rebalance ok"}
[WebServer] {"timestamp": "2026-10-09T16:02:49.513285+00:00", "level": "INFO", "service": "oday-api", "actor": "user", "correlation_id": "corr-r4-005-read-HZ-01-demand", "resource": "HTTP", "action": "GET", "result": "ok", "error_code": null, "message": "HTTP GET /api/v1/operator/network-listings ok"}
[WebServer] {"timestamp": "2026-10-09T16:02:49.954332+00:00", "level": "INFO", "service": "oday-api", "actor": "user", "correlation_id": "corr-r4-008-rebalance-read", "resource": "HTTP", "action": "GET", "result": "ok", "error_code": null, "message": "HTTP GET /api/v1/operator/network-rebalance ok"}
[WebServer] {"timestamp": "2026-10-09T16:02:49.962017+00:00", "level": "INFO", "service": "oday-api", "actor": "user", "correlation_id": "corr-r4-007-reviews-read", "resource": "HTTP", "action": "GET", "result": "ok", "error_code": null, "message": "HTTP GET /api/v1/operator/network-reviews ok"}
[WebServer] {"timestamp": "2026-10-09T16:02:49.970537+00:00", "level": "INFO", "service": "oday-api", "actor": "user", "correlation_id": "corr-operator-bootstrap-76c3677f-ee1f-4467-9854-160e0344b56c", "resource": "HTTP", "action": "GET", "result": "ok", "error_code": null, "message": "HTTP GET /api/v1/operator/bootstrap ok"}
  ✓  9 [chromium] › tests/visual/operator-network-tabs-parity.spec.ts:45:9 › compare content geometry at 390 (10.9s)

  9 passed (2.1m)
