[WebServer] 2026/10/09 16:26:33 INFO mlflow.agent.hint: Load the `instrumenting-with-mlflow-tracing` skill at /tmp/pantheon-worker-worktrees/pantheon/odp-ui-network-tabs-parity-001/.venv/lib/python3.12/site-packages/mlflow/assistant/skills/instrumenting-with-mlflow-tracing/SKILL.md before writing any tracing code; it ships with this MLflow install. Set MLFLOW_DISABLE_AGENT_HINT=1 to silence this.
[WebServer] 2026/10/09 16:26:37 INFO mlflow.store.db.utils: Creating initial MLflow database tables...
[WebServer] 2026/10/09 16:26:37 INFO mlflow.store.db.utils: Updating database tables
[WebServer] INFO:     Started server process [1966420]
[WebServer] INFO:     Waiting for application startup.
[WebServer] INFO:     Application startup complete.
[WebServer] INFO:     Uvicorn running on http://127.0.0.1:8310 (Press CTRL+C to quit)
[WebServer] {"timestamp": "2026-10-09T16:26:42.559109+00:00", "level": "INFO", "service": "oday-api", "actor": "user", "correlation_id": "2e21e513-a7a6-45b3-ba4c-aa8f3ac57d45", "resource": "HTTP", "action": "GET", "result": "ok", "error_code": null, "message": "HTTP GET /platform/health ok"}

Running 4 tests using 1 worker

[WebServer] {"timestamp": "2026-10-09T16:27:12.015184+00:00", "level": "INFO", "service": "oday-api", "actor": "user", "correlation_id": "4a19e39a-d0d4-49f3-8467-5904750c56af", "resource": "HTTP", "action": "POST", "result": "ok", "error_code": null, "message": "HTTP POST /api/v1/operator/network-listings/reset ok"}
[WebServer] {"timestamp": "2026-10-09T16:27:15.197138+00:00", "level": "INFO", "service": "oday-api", "actor": "user", "correlation_id": "6672104c-6c50-440c-b061-5f496fe113e1", "resource": "HTTP", "action": "GET", "result": "ok", "error_code": null, "message": "HTTP GET /api/v1/operator/network-listings/intake ok"}
[WebServer] {"timestamp": "2026-10-09T16:27:18.406197+00:00", "level": "INFO", "service": "oday-api", "actor": "user", "correlation_id": "corr-r4-005-read-HZ-01-demand", "resource": "HTTP", "action": "GET", "result": "ok", "error_code": null, "message": "HTTP GET /api/v1/operator/network-listings ok"}
[WebServer] {"timestamp": "2026-10-09T16:27:18.642110+00:00", "level": "INFO", "service": "oday-api", "actor": "user", "correlation_id": "corr-r4-008-rebalance-read", "resource": "HTTP", "action": "GET", "result": "ok", "error_code": null, "message": "HTTP GET /api/v1/operator/network-rebalance ok"}
[WebServer] {"timestamp": "2026-10-09T16:27:18.643806+00:00", "level": "INFO", "service": "oday-api", "actor": "user", "correlation_id": "corr-r4-006-scoring-read", "resource": "HTTP", "action": "GET", "result": "ok", "error_code": null, "message": "HTTP GET /api/v1/operator/network-scoring ok"}
[WebServer] {"timestamp": "2026-10-09T16:27:18.646012+00:00", "level": "INFO", "service": "oday-api", "actor": "user", "correlation_id": "corr-r4-007-reviews-read", "resource": "HTTP", "action": "GET", "result": "ok", "error_code": null, "message": "HTTP GET /api/v1/operator/network-reviews ok"}
[WebServer] {"timestamp": "2026-10-09T16:27:22.282580+00:00", "level": "INFO", "service": "oday-api", "actor": "user", "correlation_id": "corr-r4-006-scoring-read", "resource": "HTTP", "action": "GET", "result": "ok", "error_code": null, "message": "HTTP GET /api/v1/operator/network-scoring ok"}
[WebServer] {"timestamp": "2026-10-09T16:27:22.283074+00:00", "level": "INFO", "service": "oday-api", "actor": "user", "correlation_id": "corr-r4-005-read-HZ-01-demand", "resource": "HTTP", "action": "GET", "result": "ok", "error_code": null, "message": "HTTP GET /api/v1/operator/network-listings ok"}
[WebServer] {"timestamp": "2026-10-09T16:27:22.285549+00:00", "level": "INFO", "service": "oday-api", "actor": "user", "correlation_id": "corr-r4-008-rebalance-read", "resource": "HTTP", "action": "GET", "result": "ok", "error_code": null, "message": "HTTP GET /api/v1/operator/network-rebalance ok"}
[WebServer] {"timestamp": "2026-10-09T16:27:23.047842+00:00", "level": "INFO", "service": "oday-api", "actor": "user", "correlation_id": "corr-r4-007-reviews-read", "resource": "HTTP", "action": "GET", "result": "ok", "error_code": null, "message": "HTTP GET /api/v1/operator/network-reviews ok"}
[WebServer] {"timestamp": "2026-10-09T16:27:23.151886+00:00", "level": "INFO", "service": "oday-api", "actor": "user", "correlation_id": "corr-operator-bootstrap-b183dd4c-da65-4aa7-9ae2-b6b7598b5436", "resource": "HTTP", "action": "GET", "result": "ok", "error_code": null, "message": "HTTP GET /api/v1/operator/bootstrap ok"}
[WebServer] {"timestamp": "2026-10-09T16:27:23.212645+00:00", "level": "INFO", "service": "oday-api", "actor": "user", "correlation_id": "ea4d3088-1bc8-4156-a64f-838a47135afb", "resource": "HTTP", "action": "GET", "result": "ok", "error_code": null, "message": "HTTP GET /api/v1/operator/network-listings/intake ok"}
[WebServer] {"timestamp": "2026-10-09T16:27:23.481939+00:00", "level": "INFO", "service": "oday-api", "actor": "user", "correlation_id": "5cc349a5-d00b-4348-882c-4cc28a597272", "resource": "HTTP", "action": "GET", "result": "ok", "error_code": null, "message": "HTTP GET /api/v1/operator/network-listings/intake ok"}
[WebServer] {"timestamp": "2026-10-09T16:27:23.725145+00:00", "level": "INFO", "service": "oday-api", "actor": "user", "correlation_id": "f045373b-d4ef-482a-9507-9f952a2ec525", "resource": "HTTP", "action": "GET", "result": "ok", "error_code": null, "message": "HTTP GET /api/v1/operator/network-listings/intake ok"}
[WebServer] {"timestamp": "2026-10-09T16:27:24.851253+00:00", "level": "INFO", "service": "oday-api", "actor": "user", "correlation_id": "corr-53d6fda7-1ef3-4fc1-bcde-762326269791", "resource": "HTTP", "action": "POST", "result": "ok", "error_code": null, "message": "HTTP POST /api/v1/operator/network-listings/intake/submit ok"}
[WebServer] {"timestamp": "2026-10-09T16:27:25.610871+00:00", "level": "INFO", "service": "oday-api", "actor": "user", "correlation_id": "47d3f5c8-d4b2-4ddb-a1c9-902834a2df92", "resource": "HTTP", "action": "GET", "result": "ok", "error_code": null, "message": "HTTP GET /api/v1/operator/network-listings/intake ok"}
[WebServer] {"timestamp": "2026-10-09T16:27:26.342162+00:00", "level": "INFO", "service": "oday-api", "actor": "user", "correlation_id": "4f35c7b7-29a0-44cc-8db3-df43c2e5a34c", "resource": "HTTP", "action": "GET", "result": "ok", "error_code": null, "message": "HTTP GET /api/v1/operator/network-listings/intake ok"}
[WebServer] {"timestamp": "2026-10-09T16:27:26.429386+00:00", "level": "INFO", "service": "oday-api", "actor": "user", "correlation_id": "b2dd7c29-b794-4eed-ad1d-78227df53363", "resource": "HTTP", "action": "GET", "result": "ok", "error_code": null, "message": "HTTP GET /api/v1/operator/network-listings/intake ok"}
[WebServer] {"timestamp": "2026-10-09T16:27:26.436289+00:00", "level": "INFO", "service": "oday-api", "actor": "user", "correlation_id": "e1da0b25-9f1a-4870-a7ce-cf4effa15d2f", "resource": "HTTP", "action": "GET", "result": "ok", "error_code": null, "message": "HTTP GET /api/v1/operator/network-listings/intake/{intake_id} ok"}
[WebServer] {"timestamp": "2026-10-09T16:27:26.436922+00:00", "level": "INFO", "service": "oday-api", "actor": "user", "correlation_id": "986d2b3e-754b-4084-b5d7-da2fc2603f83", "resource": "HTTP", "action": "GET", "result": "ok", "error_code": null, "message": "HTTP GET /api/v1/operator/network-listings/intake/{intake_id} ok"}
[WebServer] {"timestamp": "2026-10-09T16:27:26.841547+00:00", "level": "INFO", "service": "oday-api", "actor": "user", "correlation_id": "d5c6ac67-5144-4051-9f35-d8f059fdfe13", "resource": "HTTP", "action": "GET", "result": "ok", "error_code": null, "message": "HTTP GET /api/v1/intakes/{intake_id}/promotion-decision ok"}
[WebServer] {"timestamp": "2026-10-09T16:27:27.801289+00:00", "level": "INFO", "service": "oday-api", "actor": "user", "correlation_id": "1999549e-d46d-4a00-a5f6-136b6fe7e0dc", "resource": "HTTP", "action": "GET", "result": "ok", "error_code": null, "message": "HTTP GET /api/v1/operator/network-listings/intake ok"}
[WebServer] {"timestamp": "2026-10-09T16:27:38.954057+00:00", "level": "INFO", "service": "oday-api", "actor": "user", "correlation_id": "d07a1a12-a9fc-43bc-ad95-5da624fc28f7", "resource": "HTTP", "action": "GET", "result": "ok", "error_code": null, "message": "HTTP GET /api/v1/operator/network-listings/intake ok"}
  ✓  1 [chromium] › tests/visual/operator-intake-dialogs-parity.spec.ts:40:9 › field-fix paired geometry and focus at 1440 (29.6s)
[WebServer] {"timestamp": "2026-10-09T16:27:39.115421+00:00", "level": "INFO", "service": "oday-api", "actor": "user", "correlation_id": "a08c536b-ef8f-43f6-8c57-9f0b7f0d89d0", "resource": "HTTP", "action": "POST", "result": "ok", "error_code": null, "message": "HTTP POST /api/v1/operator/network-listings/reset ok"}
[WebServer] {"timestamp": "2026-10-09T16:27:39.175788+00:00", "level": "INFO", "service": "oday-api", "actor": "user", "correlation_id": "d53ccb59-5882-4c15-9e40-2ca5ec509acc", "resource": "HTTP", "action": "GET", "result": "ok", "error_code": null, "message": "HTTP GET /api/v1/operator/network-listings/intake ok"}
[WebServer] {"timestamp": "2026-10-09T16:27:41.419356+00:00", "level": "INFO", "service": "oday-api", "actor": "user", "correlation_id": "corr-r4-005-read-HZ-01-demand", "resource": "HTTP", "action": "GET", "result": "ok", "error_code": null, "message": "HTTP GET /api/v1/operator/network-listings ok"}
[WebServer] {"timestamp": "2026-10-09T16:27:41.470446+00:00", "level": "INFO", "service": "oday-api", "actor": "user", "correlation_id": "corr-r4-006-scoring-read", "resource": "HTTP", "action": "GET", "result": "ok", "error_code": null, "message": "HTTP GET /api/v1/operator/network-scoring ok"}
[WebServer] {"timestamp": "2026-10-09T16:27:41.470955+00:00", "level": "INFO", "service": "oday-api", "actor": "user", "correlation_id": "corr-r4-008-rebalance-read", "resource": "HTTP", "action": "GET", "result": "ok", "error_code": null, "message": "HTTP GET /api/v1/operator/network-rebalance ok"}
[WebServer] {"timestamp": "2026-10-09T16:27:41.475230+00:00", "level": "INFO", "service": "oday-api", "actor": "user", "correlation_id": "corr-r4-007-reviews-read", "resource": "HTTP", "action": "GET", "result": "ok", "error_code": null, "message": "HTTP GET /api/v1/operator/network-reviews ok"}
[WebServer] {"timestamp": "2026-10-09T16:27:41.856912+00:00", "level": "INFO", "service": "oday-api", "actor": "user", "correlation_id": "corr-r4-005-read-HZ-01-demand", "resource": "HTTP", "action": "GET", "result": "ok", "error_code": null, "message": "HTTP GET /api/v1/operator/network-listings ok"}
[WebServer] {"timestamp": "2026-10-09T16:27:41.879777+00:00", "level": "INFO", "service": "oday-api", "actor": "user", "correlation_id": "corr-r4-006-scoring-read", "resource": "HTTP", "action": "GET", "result": "ok", "error_code": null, "message": "HTTP GET /api/v1/operator/network-scoring ok"}
[WebServer] {"timestamp": "2026-10-09T16:27:41.897516+00:00", "level": "INFO", "service": "oday-api", "actor": "user", "correlation_id": "corr-r4-008-rebalance-read", "resource": "HTTP", "action": "GET", "result": "ok", "error_code": null, "message": "HTTP GET /api/v1/operator/network-rebalance ok"}
[WebServer] {"timestamp": "2026-10-09T16:27:42.002384+00:00", "level": "INFO", "service": "oday-api", "actor": "user", "correlation_id": "corr-r4-007-reviews-read", "resource": "HTTP", "action": "GET", "result": "ok", "error_code": null, "message": "HTTP GET /api/v1/operator/network-reviews ok"}
[WebServer] {"timestamp": "2026-10-09T16:27:42.044940+00:00", "level": "INFO", "service": "oday-api", "actor": "user", "correlation_id": "corr-operator-bootstrap-892dbb69-2acf-4707-9615-266196460756", "resource": "HTTP", "action": "GET", "result": "ok", "error_code": null, "message": "HTTP GET /api/v1/operator/bootstrap ok"}
[WebServer] {"timestamp": "2026-10-09T16:27:42.419196+00:00", "level": "INFO", "service": "oday-api", "actor": "user", "correlation_id": "9d49225c-64c7-4d14-9e86-b1967fc6ef06", "resource": "HTTP", "action": "GET", "result": "ok", "error_code": null, "message": "HTTP GET /api/v1/operator/network-listings/intake ok"}
[WebServer] {"timestamp": "2026-10-09T16:27:42.458468+00:00", "level": "INFO", "service": "oday-api", "actor": "user", "correlation_id": "32e999a7-4899-4f44-bb8c-3e0a80e045d4", "resource": "HTTP", "action": "GET", "result": "ok", "error_code": null, "message": "HTTP GET /api/v1/operator/network-listings/intake ok"}
[WebServer] {"timestamp": "2026-10-09T16:27:42.726186+00:00", "level": "INFO", "service": "oday-api", "actor": "user", "correlation_id": "109cfee0-d874-431c-9543-feb15d9fad6d", "resource": "HTTP", "action": "GET", "result": "ok", "error_code": null, "message": "HTTP GET /api/v1/operator/network-listings/intake ok"}
[WebServer] {"timestamp": "2026-10-09T16:27:43.648262+00:00", "level": "INFO", "service": "oday-api", "actor": "user", "correlation_id": "corr-48b2d40a-f0ea-4481-a5a5-a680d4a670bb", "resource": "HTTP", "action": "POST", "result": "ok", "error_code": null, "message": "HTTP POST /api/v1/operator/network-listings/intake/submit ok"}
[WebServer] {"timestamp": "2026-10-09T16:27:43.790230+00:00", "level": "INFO", "service": "oday-api", "actor": "user", "correlation_id": "8f03458e-055b-4102-91c3-1be596ce3ed8", "resource": "HTTP", "action": "GET", "result": "ok", "error_code": null, "message": "HTTP GET /api/v1/operator/network-listings/intake ok"}
[WebServer] {"timestamp": "2026-10-09T16:27:44.270880+00:00", "level": "INFO", "service": "oday-api", "actor": "user", "correlation_id": "1eb2be96-21e0-4f71-a3a0-0e3cc8daa358", "resource": "HTTP", "action": "GET", "result": "ok", "error_code": null, "message": "HTTP GET /api/v1/operator/network-listings/intake ok"}
[WebServer] {"timestamp": "2026-10-09T16:27:44.274650+00:00", "level": "INFO", "service": "oday-api", "actor": "user", "correlation_id": "9a1c2819-ed56-4845-880c-03dc26a7f2d7", "resource": "HTTP", "action": "GET", "result": "ok", "error_code": null, "message": "HTTP GET /api/v1/operator/network-listings/intake/{intake_id} ok"}
[WebServer] {"timestamp": "2026-10-09T16:27:44.299022+00:00", "level": "INFO", "service": "oday-api", "actor": "user", "correlation_id": "2d05acc3-8412-41c5-954e-53bca8135964", "resource": "HTTP", "action": "GET", "result": "ok", "error_code": null, "message": "HTTP GET /api/v1/operator/network-listings/intake ok"}
[WebServer] {"timestamp": "2026-10-09T16:27:44.328197+00:00", "level": "INFO", "service": "oday-api", "actor": "user", "correlation_id": "1d76e84b-4c57-4b10-b03c-4ee909ee2b49", "resource": "HTTP", "action": "GET", "result": "ok", "error_code": null, "message": "HTTP GET /api/v1/operator/network-listings/intake/{intake_id} ok"}
[WebServer] {"timestamp": "2026-10-09T16:27:44.661201+00:00", "level": "INFO", "service": "oday-api", "actor": "user", "correlation_id": "666f59cd-8adf-47ad-b481-5c5f4af78835", "resource": "HTTP", "action": "GET", "result": "ok", "error_code": null, "message": "HTTP GET /api/v1/intakes/{intake_id}/promotion-decision ok"}
[WebServer] {"timestamp": "2026-10-09T16:27:45.477887+00:00", "level": "INFO", "service": "oday-api", "actor": "user", "correlation_id": "e1f1c657-c04c-45b4-84cd-346e8253dd89", "resource": "HTTP", "action": "GET", "result": "ok", "error_code": null, "message": "HTTP GET /api/v1/operator/network-listings/intake ok"}
[WebServer] {"timestamp": "2026-10-09T16:27:54.619511+00:00", "level": "INFO", "service": "oday-api", "actor": "user", "correlation_id": "0d63032e-d959-4a5f-b575-cafc129ef7a3", "resource": "HTTP", "action": "GET", "result": "ok", "error_code": null, "message": "HTTP GET /api/v1/operator/network-listings/intake ok"}
  ✓  2 [chromium] › tests/visual/operator-intake-dialogs-parity.spec.ts:40:9 › decision paired geometry and focus at 1440 (15.6s)
[WebServer] {"timestamp": "2026-10-09T16:27:54.773257+00:00", "level": "INFO", "service": "oday-api", "actor": "user", "correlation_id": "f92310a6-62fc-48c5-950e-2daf00c0a683", "resource": "HTTP", "action": "POST", "result": "ok", "error_code": null, "message": "HTTP POST /api/v1/operator/network-listings/reset ok"}
[WebServer] {"timestamp": "2026-10-09T16:27:54.827665+00:00", "level": "INFO", "service": "oday-api", "actor": "user", "correlation_id": "84d10be3-afef-4d49-ac39-91d7622e9c21", "resource": "HTTP", "action": "GET", "result": "ok", "error_code": null, "message": "HTTP GET /api/v1/operator/network-listings/intake ok"}
[WebServer] {"timestamp": "2026-10-09T16:27:56.827302+00:00", "level": "INFO", "service": "oday-api", "actor": "user", "correlation_id": "corr-r4-005-read-HZ-01-demand", "resource": "HTTP", "action": "GET", "result": "ok", "error_code": null, "message": "HTTP GET /api/v1/operator/network-listings ok"}
[WebServer] {"timestamp": "2026-10-09T16:27:56.918881+00:00", "level": "INFO", "service": "oday-api", "actor": "user", "correlation_id": "corr-r4-006-scoring-read", "resource": "HTTP", "action": "GET", "result": "ok", "error_code": null, "message": "HTTP GET /api/v1/operator/network-scoring ok"}
[WebServer] {"timestamp": "2026-10-09T16:27:56.920330+00:00", "level": "INFO", "service": "oday-api", "actor": "user", "correlation_id": "corr-r4-007-reviews-read", "resource": "HTTP", "action": "GET", "result": "ok", "error_code": null, "message": "HTTP GET /api/v1/operator/network-reviews ok"}
[WebServer] {"timestamp": "2026-10-09T16:27:56.921944+00:00", "level": "INFO", "service": "oday-api", "actor": "user", "correlation_id": "corr-r4-008-rebalance-read", "resource": "HTTP", "action": "GET", "result": "ok", "error_code": null, "message": "HTTP GET /api/v1/operator/network-rebalance ok"}
[WebServer] {"timestamp": "2026-10-09T16:27:57.235856+00:00", "level": "INFO", "service": "oday-api", "actor": "user", "correlation_id": "corr-r4-005-read-HZ-01-demand", "resource": "HTTP", "action": "GET", "result": "ok", "error_code": null, "message": "HTTP GET /api/v1/operator/network-listings ok"}
[WebServer] {"timestamp": "2026-10-09T16:27:57.284521+00:00", "level": "INFO", "service": "oday-api", "actor": "user", "correlation_id": "corr-r4-006-scoring-read", "resource": "HTTP", "action": "GET", "result": "ok", "error_code": null, "message": "HTTP GET /api/v1/operator/network-scoring ok"}
[WebServer] {"timestamp": "2026-10-09T16:27:57.286779+00:00", "level": "INFO", "service": "oday-api", "actor": "user", "correlation_id": "corr-r4-008-rebalance-read", "resource": "HTTP", "action": "GET", "result": "ok", "error_code": null, "message": "HTTP GET /api/v1/operator/network-rebalance ok"}
[WebServer] {"timestamp": "2026-10-09T16:27:57.369894+00:00", "level": "INFO", "service": "oday-api", "actor": "user", "correlation_id": "corr-r4-007-reviews-read", "resource": "HTTP", "action": "GET", "result": "ok", "error_code": null, "message": "HTTP GET /api/v1/operator/network-reviews ok"}
[WebServer] {"timestamp": "2026-10-09T16:27:57.416656+00:00", "level": "INFO", "service": "oday-api", "actor": "user", "correlation_id": "corr-operator-bootstrap-b8e389e6-489d-4d05-9af8-b9334dbdadc4", "resource": "HTTP", "action": "GET", "result": "ok", "error_code": null, "message": "HTTP GET /api/v1/operator/bootstrap ok"}
[WebServer] {"timestamp": "2026-10-09T16:27:57.785588+00:00", "level": "INFO", "service": "oday-api", "actor": "user", "correlation_id": "afd86120-f5e5-41ed-8f3e-d2ff2b791265", "resource": "HTTP", "action": "GET", "result": "ok", "error_code": null, "message": "HTTP GET /api/v1/operator/network-listings/intake ok"}
[WebServer] {"timestamp": "2026-10-09T16:27:57.825758+00:00", "level": "INFO", "service": "oday-api", "actor": "user", "correlation_id": "68352e26-bb4d-416d-9cc4-de873dde2642", "resource": "HTTP", "action": "GET", "result": "ok", "error_code": null, "message": "HTTP GET /api/v1/operator/network-listings/intake ok"}
[WebServer] {"timestamp": "2026-10-09T16:27:58.048883+00:00", "level": "INFO", "service": "oday-api", "actor": "user", "correlation_id": "ee78f89c-71da-4d6f-8ea5-793de501a18b", "resource": "HTTP", "action": "GET", "result": "ok", "error_code": null, "message": "HTTP GET /api/v1/operator/network-listings/intake ok"}
[WebServer] {"timestamp": "2026-10-09T16:27:59.327646+00:00", "level": "INFO", "service": "oday-api", "actor": "user", "correlation_id": "corr-a586d7a1-4cf5-4981-b27e-738207a9844b", "resource": "HTTP", "action": "POST", "result": "ok", "error_code": null, "message": "HTTP POST /api/v1/operator/network-listings/intake/submit ok"}
[WebServer] {"timestamp": "2026-10-09T16:27:59.451716+00:00", "level": "INFO", "service": "oday-api", "actor": "user", "correlation_id": "a548a6da-dfd5-4be7-9b27-ee9ad66ad886", "resource": "HTTP", "action": "GET", "result": "ok", "error_code": null, "message": "HTTP GET /api/v1/operator/network-listings/intake ok"}
[WebServer] {"timestamp": "2026-10-09T16:27:59.975616+00:00", "level": "INFO", "service": "oday-api", "actor": "user", "correlation_id": "323462a1-607e-4a10-9466-ed0cfc84cfc0", "resource": "HTTP", "action": "GET", "result": "ok", "error_code": null, "message": "HTTP GET /api/v1/operator/network-listings/intake ok"}
[WebServer] {"timestamp": "2026-10-09T16:28:00.038679+00:00", "level": "INFO", "service": "oday-api", "actor": "user", "correlation_id": "f43a411e-6a83-47dd-bef6-4a9aaf622d16", "resource": "HTTP", "action": "GET", "result": "ok", "error_code": null, "message": "HTTP GET /api/v1/operator/network-listings/intake ok"}
[WebServer] {"timestamp": "2026-10-09T16:28:00.047355+00:00", "level": "INFO", "service": "oday-api", "actor": "user", "correlation_id": "6f542177-98e4-4077-9785-b95a1bee491a", "resource": "HTTP", "action": "GET", "result": "ok", "error_code": null, "message": "HTTP GET /api/v1/operator/network-listings/intake/{intake_id} ok"}
[WebServer] {"timestamp": "2026-10-09T16:28:00.049802+00:00", "level": "INFO", "service": "oday-api", "actor": "user", "correlation_id": "830c8969-98c5-4d4e-8400-4299f200951a", "resource": "HTTP", "action": "GET", "result": "ok", "error_code": null, "message": "HTTP GET /api/v1/operator/network-listings/intake/{intake_id} ok"}
[WebServer] {"timestamp": "2026-10-09T16:28:00.370134+00:00", "level": "INFO", "service": "oday-api", "actor": "user", "correlation_id": "fd4e8f93-b41d-4d36-8e90-54c4c23445bc", "resource": "HTTP", "action": "GET", "result": "ok", "error_code": null, "message": "HTTP GET /api/v1/intakes/{intake_id}/promotion-decision ok"}
[WebServer] {"timestamp": "2026-10-09T16:28:01.099585+00:00", "level": "INFO", "service": "oday-api", "actor": "user", "correlation_id": "37cd0cba-46c1-4943-bc89-be73c4388148", "resource": "HTTP", "action": "GET", "result": "ok", "error_code": null, "message": "HTTP GET /api/v1/operator/network-listings/intake ok"}
[WebServer] {"timestamp": "2026-10-09T16:28:10.068336+00:00", "level": "INFO", "service": "oday-api", "actor": "user", "correlation_id": "c836aef1-8595-4d2b-9790-d9a2debb6e55", "resource": "HTTP", "action": "GET", "result": "ok", "error_code": null, "message": "HTTP GET /api/v1/operator/network-listings/intake ok"}
  ✓  3 [chromium] › tests/visual/operator-intake-dialogs-parity.spec.ts:40:9 › field-fix paired geometry and focus at 390 (15.4s)
[WebServer] {"timestamp": "2026-10-09T16:28:10.245416+00:00", "level": "INFO", "service": "oday-api", "actor": "user", "correlation_id": "47e11a5f-5c04-4f7f-908f-dee27f3afd05", "resource": "HTTP", "action": "POST", "result": "ok", "error_code": null, "message": "HTTP POST /api/v1/operator/network-listings/reset ok"}
[WebServer] {"timestamp": "2026-10-09T16:28:10.297256+00:00", "level": "INFO", "service": "oday-api", "actor": "user", "correlation_id": "7d5af4d2-6d69-4238-9bb5-a73a022f56a1", "resource": "HTTP", "action": "GET", "result": "ok", "error_code": null, "message": "HTTP GET /api/v1/operator/network-listings/intake ok"}
[WebServer] {"timestamp": "2026-10-09T16:28:12.329542+00:00", "level": "INFO", "service": "oday-api", "actor": "user", "correlation_id": "corr-r4-005-read-HZ-01-demand", "resource": "HTTP", "action": "GET", "result": "ok", "error_code": null, "message": "HTTP GET /api/v1/operator/network-listings ok"}
[WebServer] {"timestamp": "2026-10-09T16:28:12.408975+00:00", "level": "INFO", "service": "oday-api", "actor": "user", "correlation_id": "corr-r4-006-scoring-read", "resource": "HTTP", "action": "GET", "result": "ok", "error_code": null, "message": "HTTP GET /api/v1/operator/network-scoring ok"}
[WebServer] {"timestamp": "2026-10-09T16:28:12.416439+00:00", "level": "INFO", "service": "oday-api", "actor": "user", "correlation_id": "corr-r4-008-rebalance-read", "resource": "HTTP", "action": "GET", "result": "ok", "error_code": null, "message": "HTTP GET /api/v1/operator/network-rebalance ok"}
[WebServer] {"timestamp": "2026-10-09T16:28:12.420117+00:00", "level": "INFO", "service": "oday-api", "actor": "user", "correlation_id": "corr-r4-007-reviews-read", "resource": "HTTP", "action": "GET", "result": "ok", "error_code": null, "message": "HTTP GET /api/v1/operator/network-reviews ok"}
[WebServer] {"timestamp": "2026-10-09T16:28:12.971142+00:00", "level": "INFO", "service": "oday-api", "actor": "user", "correlation_id": "corr-r4-005-read-HZ-01-demand", "resource": "HTTP", "action": "GET", "result": "ok", "error_code": null, "message": "HTTP GET /api/v1/operator/network-listings ok"}
[WebServer] {"timestamp": "2026-10-09T16:28:13.038497+00:00", "level": "INFO", "service": "oday-api", "actor": "user", "correlation_id": "corr-r4-008-rebalance-read", "resource": "HTTP", "action": "GET", "result": "ok", "error_code": null, "message": "HTTP GET /api/v1/operator/network-rebalance ok"}
[WebServer] {"timestamp": "2026-10-09T16:28:13.041470+00:00", "level": "INFO", "service": "oday-api", "actor": "user", "correlation_id": "corr-r4-006-scoring-read", "resource": "HTTP", "action": "GET", "result": "ok", "error_code": null, "message": "HTTP GET /api/v1/operator/network-scoring ok"}
[WebServer] {"timestamp": "2026-10-09T16:28:13.042985+00:00", "level": "INFO", "service": "oday-api", "actor": "user", "correlation_id": "corr-r4-007-reviews-read", "resource": "HTTP", "action": "GET", "result": "ok", "error_code": null, "message": "HTTP GET /api/v1/operator/network-reviews ok"}
[WebServer] {"timestamp": "2026-10-09T16:28:13.045052+00:00", "level": "INFO", "service": "oday-api", "actor": "user", "correlation_id": "corr-operator-bootstrap-257aa8d9-907a-4d3d-ba8c-a9748c7ab039", "resource": "HTTP", "action": "GET", "result": "ok", "error_code": null, "message": "HTTP GET /api/v1/operator/bootstrap ok"}
[WebServer] {"timestamp": "2026-10-09T16:28:13.468178+00:00", "level": "INFO", "service": "oday-api", "actor": "user", "correlation_id": "def88939-472c-4753-908a-e73621bd5e71", "resource": "HTTP", "action": "GET", "result": "ok", "error_code": null, "message": "HTTP GET /api/v1/operator/network-listings/intake ok"}
[WebServer] {"timestamp": "2026-10-09T16:28:13.543396+00:00", "level": "INFO", "service": "oday-api", "actor": "user", "correlation_id": "3979d46a-dab6-4a93-ae61-80b5e688f103", "resource": "HTTP", "action": "GET", "result": "ok", "error_code": null, "message": "HTTP GET /api/v1/operator/network-listings/intake ok"}
[WebServer] {"timestamp": "2026-10-09T16:28:13.630334+00:00", "level": "INFO", "service": "oday-api", "actor": "user", "correlation_id": "2eb45aef-209d-466d-82c8-d3d924e09f58", "resource": "HTTP", "action": "GET", "result": "ok", "error_code": null, "message": "HTTP GET /api/v1/operator/network-listings/intake ok"}
[WebServer] {"timestamp": "2026-10-09T16:28:14.671192+00:00", "level": "INFO", "service": "oday-api", "actor": "user", "correlation_id": "corr-699e49b4-2bfe-4e17-bbba-cb19c6285686", "resource": "HTTP", "action": "POST", "result": "ok", "error_code": null, "message": "HTTP POST /api/v1/operator/network-listings/intake/submit ok"}
[WebServer] {"timestamp": "2026-10-09T16:28:14.879789+00:00", "level": "INFO", "service": "oday-api", "actor": "user", "correlation_id": "d1c44b2b-fe19-491a-8084-8a977b3909ba", "resource": "HTTP", "action": "GET", "result": "ok", "error_code": null, "message": "HTTP GET /api/v1/operator/network-listings/intake ok"}
[WebServer] {"timestamp": "2026-10-09T16:28:15.274564+00:00", "level": "INFO", "service": "oday-api", "actor": "user", "correlation_id": "adcbe0e8-f0e0-41d2-a86f-fcb8ebf78e6d", "resource": "HTTP", "action": "GET", "result": "ok", "error_code": null, "message": "HTTP GET /api/v1/operator/network-listings/intake ok"}
[WebServer] {"timestamp": "2026-10-09T16:28:15.351929+00:00", "level": "INFO", "service": "oday-api", "actor": "user", "correlation_id": "507bddb3-02b9-4391-9fd2-30bef3bbf290", "resource": "HTTP", "action": "GET", "result": "ok", "error_code": null, "message": "HTTP GET /api/v1/operator/network-listings/intake ok"}
[WebServer] {"timestamp": "2026-10-09T16:28:15.359154+00:00", "level": "INFO", "service": "oday-api", "actor": "user", "correlation_id": "b23d529f-9dbb-418a-bfb3-ed8430860e77", "resource": "HTTP", "action": "GET", "result": "ok", "error_code": null, "message": "HTTP GET /api/v1/operator/network-listings/intake/{intake_id} ok"}
[WebServer] {"timestamp": "2026-10-09T16:28:15.367085+00:00", "level": "INFO", "service": "oday-api", "actor": "user", "correlation_id": "0c451b3b-ee2d-4095-896d-b345a032c420", "resource": "HTTP", "action": "GET", "result": "ok", "error_code": null, "message": "HTTP GET /api/v1/operator/network-listings/intake/{intake_id} ok"}
[WebServer] {"timestamp": "2026-10-09T16:28:15.681385+00:00", "level": "INFO", "service": "oday-api", "actor": "user", "correlation_id": "361e390e-3c11-4a5a-b29c-8cd4b8a08210", "resource": "HTTP", "action": "GET", "result": "ok", "error_code": null, "message": "HTTP GET /api/v1/intakes/{intake_id}/promotion-decision ok"}
[WebServer] {"timestamp": "2026-10-09T16:28:16.509259+00:00", "level": "INFO", "service": "oday-api", "actor": "user", "correlation_id": "fa9a71d4-1397-48a0-9543-625e2b8da6fd", "resource": "HTTP", "action": "GET", "result": "ok", "error_code": null, "message": "HTTP GET /api/v1/operator/network-listings/intake ok"}
[WebServer] {"timestamp": "2026-10-09T16:28:26.950711+00:00", "level": "INFO", "service": "oday-api", "actor": "user", "correlation_id": "f92e8396-33d7-4c75-bdb2-b898532e70e8", "resource": "HTTP", "action": "GET", "result": "ok", "error_code": null, "message": "HTTP GET /api/v1/operator/network-listings/intake ok"}
  ✓  4 [chromium] › tests/visual/operator-intake-dialogs-parity.spec.ts:40:9 › decision paired geometry and focus at 390 (16.9s)

  4 passed (2.1m)
