[WebServer] 2026/10/09 16:14:24 INFO mlflow.agent.hint: Load the `instrumenting-with-mlflow-tracing` skill at /tmp/pantheon-worker-worktrees/pantheon/odp-ui-network-tabs-parity-001/.venv/lib/python3.12/site-packages/mlflow/assistant/skills/instrumenting-with-mlflow-tracing/SKILL.md before writing any tracing code; it ships with this MLflow install. Set MLFLOW_DISABLE_AGENT_HINT=1 to silence this.
[WebServer] 2026/10/09 16:14:27 INFO mlflow.store.db.utils: Creating initial MLflow database tables...
[WebServer] 2026/10/09 16:14:27 INFO mlflow.store.db.utils: Updating database tables
[WebServer] INFO:     Started server process [1956893]
[WebServer] INFO:     Waiting for application startup.
[WebServer] INFO:     Application startup complete.
[WebServer] INFO:     Uvicorn running on http://127.0.0.1:8310 (Press CTRL+C to quit)
[WebServer] {"timestamp": "2026-10-09T16:14:32.798950+00:00", "level": "INFO", "service": "oday-api", "actor": "user", "correlation_id": "457bea30-544d-4d98-988b-c21d9b5303df", "resource": "HTTP", "action": "GET", "result": "ok", "error_code": null, "message": "HTTP GET /platform/health ok"}

Running 4 tests using 1 worker

[WebServer] {"timestamp": "2026-10-09T16:15:09.999521+00:00", "level": "INFO", "service": "oday-api", "actor": "user", "correlation_id": "3dfdd227-f8ed-4579-a02c-bf75fb4428b5", "resource": "HTTP", "action": "POST", "result": "ok", "error_code": null, "message": "HTTP POST /api/v1/operator/network-listings/reset ok"}
[WebServer] {"timestamp": "2026-10-09T16:15:14.481953+00:00", "level": "INFO", "service": "oday-api", "actor": "user", "correlation_id": "5b063acf-7913-4099-9377-710adfe13d03", "resource": "HTTP", "action": "OPTIONS", "result": "ok", "error_code": null, "message": "HTTP OPTIONS /api/v1/operator/network-listings/intake ok"}
[WebServer] {"timestamp": "2026-10-09T16:15:14.507109+00:00", "level": "INFO", "service": "oday-api", "actor": "user", "correlation_id": "0b03ee6a-2940-4b98-a916-9ba3a22a2caa", "resource": "HTTP", "action": "OPTIONS", "result": "ok", "error_code": null, "message": "HTTP OPTIONS /api/v1/operator/network-listings/intake ok"}
[WebServer] {"timestamp": "2026-10-09T16:15:14.509738+00:00", "level": "INFO", "service": "oday-api", "actor": "user", "correlation_id": "d4b41dcc-144c-4fee-9fe0-9efd5813315a", "resource": "HTTP", "action": "OPTIONS", "result": "ok", "error_code": null, "message": "HTTP OPTIONS /api/v1/operator/network-listings/intake ok"}
[WebServer] {"timestamp": "2026-10-09T16:15:14.514455+00:00", "level": "INFO", "service": "oday-api", "actor": "user", "correlation_id": "aa53a023-7735-46e3-8e14-041a865a0595", "resource": "HTTP", "action": "OPTIONS", "result": "ok", "error_code": null, "message": "HTTP OPTIONS /api/v1/operator/network-listings/intake/submit ok"}
[WebServer] {"timestamp": "2026-10-09T16:15:19.388990+00:00", "level": "INFO", "service": "oday-api", "actor": "user", "correlation_id": "corr-r4-008-rebalance-read", "resource": "HTTP", "action": "GET", "result": "ok", "error_code": null, "message": "HTTP GET /api/v1/operator/network-rebalance ok"}
[WebServer] {"timestamp": "2026-10-09T16:15:19.389518+00:00", "level": "INFO", "service": "oday-api", "actor": "user", "correlation_id": "corr-r4-006-scoring-read", "resource": "HTTP", "action": "GET", "result": "ok", "error_code": null, "message": "HTTP GET /api/v1/operator/network-scoring ok"}
[WebServer] {"timestamp": "2026-10-09T16:15:19.395020+00:00", "level": "INFO", "service": "oday-api", "actor": "user", "correlation_id": "corr-r4-007-reviews-read", "resource": "HTTP", "action": "GET", "result": "ok", "error_code": null, "message": "HTTP GET /api/v1/operator/network-reviews ok"}
[WebServer] {"timestamp": "2026-10-09T16:15:19.397071+00:00", "level": "INFO", "service": "oday-api", "actor": "user", "correlation_id": "corr-r4-005-read-HZ-01-demand", "resource": "HTTP", "action": "GET", "result": "ok", "error_code": null, "message": "HTTP GET /api/v1/operator/network-listings ok"}
[WebServer] {"timestamp": "2026-10-09T16:15:21.225720+00:00", "level": "INFO", "service": "oday-api", "actor": "user", "correlation_id": "corr-r4-007-reviews-read", "resource": "HTTP", "action": "GET", "result": "ok", "error_code": null, "message": "HTTP GET /api/v1/operator/network-reviews ok"}
[WebServer] {"timestamp": "2026-10-09T16:15:21.235132+00:00", "level": "INFO", "service": "oday-api", "actor": "user", "correlation_id": "corr-operator-bootstrap-e6c9157a-3946-488d-8031-d820a3fa3b30", "resource": "HTTP", "action": "GET", "result": "ok", "error_code": null, "message": "HTTP GET /api/v1/operator/bootstrap ok"}
[WebServer] {"timestamp": "2026-10-09T16:15:21.235832+00:00", "level": "INFO", "service": "oday-api", "actor": "user", "correlation_id": "corr-r4-008-rebalance-read", "resource": "HTTP", "action": "GET", "result": "ok", "error_code": null, "message": "HTTP GET /api/v1/operator/network-rebalance ok"}
[WebServer] {"timestamp": "2026-10-09T16:15:21.238832+00:00", "level": "INFO", "service": "oday-api", "actor": "user", "correlation_id": "corr-r4-006-scoring-read", "resource": "HTTP", "action": "GET", "result": "ok", "error_code": null, "message": "HTTP GET /api/v1/operator/network-scoring ok"}
[WebServer] {"timestamp": "2026-10-09T16:15:21.538642+00:00", "level": "INFO", "service": "oday-api", "actor": "user", "correlation_id": "corr-r4-005-read-HZ-01-demand", "resource": "HTTP", "action": "GET", "result": "ok", "error_code": null, "message": "HTTP GET /api/v1/operator/network-listings ok"}
  ✘  1 [chromium] › tests/visual/operator-intake-dialogs-parity.spec.ts:39:9 › field-fix paired geometry and focus at 1440 (21.9s)
  -  2 [chromium] › tests/visual/operator-intake-dialogs-parity.spec.ts:39:9 › decision paired geometry and focus at 1440
  -  3 [chromium] › tests/visual/operator-intake-dialogs-parity.spec.ts:39:9 › field-fix paired geometry and focus at 390
  -  4 [chromium] › tests/visual/operator-intake-dialogs-parity.spec.ts:39:9 › decision paired geometry and focus at 390


  1) [chromium] › tests/visual/operator-intake-dialogs-parity.spec.ts:39:9 › field-fix paired geometry and focus at 1440 

    Error: expect(locator).toHaveText(expected) failed

    Locator: getByTestId('intake-detail-stage')
    Expected: "可決策"
    Timeout: 15000ms
    Error: element(s) not found

    Call log:
      - Expect "toHaveText" with timeout 15000ms
      - waiting for getByTestId('intake-detail-stage')


      51 |       await page.getByTestId("intake-url-input").fill("https://www.synthetic.example/detail-77120345.html");
      52 |       await page.getByTestId("intake-submit-button").click();
    > 53 |       await expect(page.getByTestId("intake-detail-stage")).toHaveText("可決策", { timeout: 15_000 });
         |                                                             ^
      54 |       const trigger = page.getByTestId(screen.trigger);
      55 |       await trigger.click();
      56 |       const overlay = page.getByTestId(screen.testId);
        at /tmp/pantheon-worker-worktrees/pantheon/odp-ui-network-tabs-parity-001/tests/visual/operator-intake-dialogs-parity.spec.ts:53:61

    Error Context: test-results/operator-intake-dialogs-pa-3ae4c--geometry-and-focus-at-1440-chromium/error-context.md

    Error Context: test-results/operator-intake-dialogs-pa-3ae4c--geometry-and-focus-at-1440-chromium/error-context.md

  1 failed
    [chromium] › tests/visual/operator-intake-dialogs-parity.spec.ts:39:9 › field-fix paired geometry and focus at 1440 
  3 did not run
