[WebServer] 2026/10/09 16:22:31 INFO mlflow.agent.hint: Load the `instrumenting-with-mlflow-tracing` skill at /tmp/pantheon-worker-worktrees/pantheon/odp-ui-network-tabs-parity-001/.venv/lib/python3.12/site-packages/mlflow/assistant/skills/instrumenting-with-mlflow-tracing/SKILL.md before writing any tracing code; it ships with this MLflow install. Set MLFLOW_DISABLE_AGENT_HINT=1 to silence this.
[WebServer] 2026/10/09 16:22:33 INFO mlflow.store.db.utils: Creating initial MLflow database tables...
[WebServer] 2026/10/09 16:22:33 INFO mlflow.store.db.utils: Updating database tables
[WebServer] INFO:     Started server process [1963707]
[WebServer] INFO:     Waiting for application startup.
[WebServer] INFO:     Application startup complete.
[WebServer] INFO:     Uvicorn running on http://127.0.0.1:8310 (Press CTRL+C to quit)
[WebServer] {"timestamp": "2026-10-09T16:22:36.908143+00:00", "level": "INFO", "service": "oday-api", "actor": "user", "correlation_id": "5bdf9b2a-158a-4791-b19d-b02a964238f7", "resource": "HTTP", "action": "GET", "result": "ok", "error_code": null, "message": "HTTP GET /platform/health ok"}

Running 4 tests using 1 worker

[WebServer] {"timestamp": "2026-10-09T16:22:52.611646+00:00", "level": "INFO", "service": "oday-api", "actor": "user", "correlation_id": "89e5022c-acfd-44e5-9932-85caa8edf94c", "resource": "HTTP", "action": "POST", "result": "ok", "error_code": null, "message": "HTTP POST /api/v1/operator/network-listings/reset ok"}
[WebServer] {"timestamp": "2026-10-09T16:22:55.155103+00:00", "level": "INFO", "service": "oday-api", "actor": "user", "correlation_id": "28c3a076-052d-4994-bc7b-8092cf00cc0f", "resource": "HTTP", "action": "GET", "result": "ok", "error_code": null, "message": "HTTP GET /api/v1/operator/network-listings/intake ok"}
[WebServer] {"timestamp": "2026-10-09T16:22:57.672753+00:00", "level": "INFO", "service": "oday-api", "actor": "user", "correlation_id": "corr-r4-005-read-HZ-01-demand", "resource": "HTTP", "action": "GET", "result": "ok", "error_code": null, "message": "HTTP GET /api/v1/operator/network-listings ok"}
[WebServer] {"timestamp": "2026-10-09T16:22:57.973042+00:00", "level": "INFO", "service": "oday-api", "actor": "user", "correlation_id": "corr-r4-006-scoring-read", "resource": "HTTP", "action": "GET", "result": "ok", "error_code": null, "message": "HTTP GET /api/v1/operator/network-scoring ok"}
[WebServer] {"timestamp": "2026-10-09T16:22:57.973689+00:00", "level": "INFO", "service": "oday-api", "actor": "user", "correlation_id": "corr-r4-008-rebalance-read", "resource": "HTTP", "action": "GET", "result": "ok", "error_code": null, "message": "HTTP GET /api/v1/operator/network-rebalance ok"}
[WebServer] {"timestamp": "2026-10-09T16:22:57.976545+00:00", "level": "INFO", "service": "oday-api", "actor": "user", "correlation_id": "corr-r4-007-reviews-read", "resource": "HTTP", "action": "GET", "result": "ok", "error_code": null, "message": "HTTP GET /api/v1/operator/network-reviews ok"}
[WebServer] {"timestamp": "2026-10-09T16:23:00.371220+00:00", "level": "INFO", "service": "oday-api", "actor": "user", "correlation_id": "corr-r4-006-scoring-read", "resource": "HTTP", "action": "GET", "result": "ok", "error_code": null, "message": "HTTP GET /api/v1/operator/network-scoring ok"}
[WebServer] {"timestamp": "2026-10-09T16:23:00.373790+00:00", "level": "INFO", "service": "oday-api", "actor": "user", "correlation_id": "corr-r4-005-read-HZ-01-demand", "resource": "HTTP", "action": "GET", "result": "ok", "error_code": null, "message": "HTTP GET /api/v1/operator/network-listings ok"}
[WebServer] {"timestamp": "2026-10-09T16:23:00.374206+00:00", "level": "INFO", "service": "oday-api", "actor": "user", "correlation_id": "corr-r4-008-rebalance-read", "resource": "HTTP", "action": "GET", "result": "ok", "error_code": null, "message": "HTTP GET /api/v1/operator/network-rebalance ok"}
[WebServer] {"timestamp": "2026-10-09T16:23:02.032153+00:00", "level": "INFO", "service": "oday-api", "actor": "user", "correlation_id": "corr-r4-007-reviews-read", "resource": "HTTP", "action": "GET", "result": "ok", "error_code": null, "message": "HTTP GET /api/v1/operator/network-reviews ok"}
[WebServer] {"timestamp": "2026-10-09T16:23:02.180394+00:00", "level": "INFO", "service": "oday-api", "actor": "user", "correlation_id": "corr-operator-bootstrap-5e92c5a5-efa4-4a09-9bee-7f1ac1a992de", "resource": "HTTP", "action": "GET", "result": "ok", "error_code": null, "message": "HTTP GET /api/v1/operator/bootstrap ok"}
[WebServer] {"timestamp": "2026-10-09T16:23:02.368684+00:00", "level": "INFO", "service": "oday-api", "actor": "user", "correlation_id": "960f4884-26fd-424c-9b8f-d8687a9e1654", "resource": "HTTP", "action": "GET", "result": "ok", "error_code": null, "message": "HTTP GET /api/v1/operator/network-listings/intake ok"}
[WebServer] {"timestamp": "2026-10-09T16:23:02.615983+00:00", "level": "INFO", "service": "oday-api", "actor": "user", "correlation_id": "7a648d43-3e44-4c05-a3b7-a20cd814bd5e", "resource": "HTTP", "action": "GET", "result": "ok", "error_code": null, "message": "HTTP GET /api/v1/operator/network-listings/intake ok"}
[WebServer] {"timestamp": "2026-10-09T16:23:02.889714+00:00", "level": "INFO", "service": "oday-api", "actor": "user", "correlation_id": "4b3c32ff-fdbe-43f8-884c-e4ea67e41268", "resource": "HTTP", "action": "GET", "result": "ok", "error_code": null, "message": "HTTP GET /api/v1/operator/network-listings/intake ok"}
[WebServer] {"timestamp": "2026-10-09T16:23:04.294640+00:00", "level": "INFO", "service": "oday-api", "actor": "user", "correlation_id": "corr-b2486f3b-77dd-4bef-b61b-4d170fa99339", "resource": "HTTP", "action": "POST", "result": "ok", "error_code": null, "message": "HTTP POST /api/v1/operator/network-listings/intake/submit ok"}
[WebServer] {"timestamp": "2026-10-09T16:23:04.610138+00:00", "level": "INFO", "service": "oday-api", "actor": "user", "correlation_id": "fc0bf068-7e7d-4ec4-920f-1cfe664b7989", "resource": "HTTP", "action": "GET", "result": "ok", "error_code": null, "message": "HTTP GET /api/v1/operator/network-listings/intake ok"}
[WebServer] {"timestamp": "2026-10-09T16:23:05.185607+00:00", "level": "INFO", "service": "oday-api", "actor": "user", "correlation_id": "971f18bd-0c1e-414c-aefd-9f69aedc93b8", "resource": "HTTP", "action": "GET", "result": "ok", "error_code": null, "message": "HTTP GET /api/v1/operator/network-listings/intake ok"}
[WebServer] {"timestamp": "2026-10-09T16:23:05.313867+00:00", "level": "INFO", "service": "oday-api", "actor": "user", "correlation_id": "1dd0a63f-eb63-46e2-89d5-af03fc45b401", "resource": "HTTP", "action": "GET", "result": "ok", "error_code": null, "message": "HTTP GET /api/v1/operator/network-listings/intake/{intake_id} ok"}
[WebServer] {"timestamp": "2026-10-09T16:23:05.318045+00:00", "level": "INFO", "service": "oday-api", "actor": "user", "correlation_id": "c15e0ef3-d9e5-438e-9ba0-7a59e39ec119", "resource": "HTTP", "action": "GET", "result": "ok", "error_code": null, "message": "HTTP GET /api/v1/operator/network-listings/intake ok"}
[WebServer] {"timestamp": "2026-10-09T16:23:05.324697+00:00", "level": "INFO", "service": "oday-api", "actor": "user", "correlation_id": "8c4f5e41-1a0e-4a3c-9b5e-ac602d65f14f", "resource": "HTTP", "action": "GET", "result": "ok", "error_code": null, "message": "HTTP GET /api/v1/operator/network-listings/intake/{intake_id} ok"}
[WebServer] {"timestamp": "2026-10-09T16:23:05.598562+00:00", "level": "INFO", "service": "oday-api", "actor": "user", "correlation_id": "dfa6c002-30e3-4a73-b52e-a5bfc1db1b4a", "resource": "HTTP", "action": "GET", "result": "ok", "error_code": null, "message": "HTTP GET /api/v1/intakes/{intake_id}/promotion-decision ok"}
[WebServer] {"timestamp": "2026-10-09T16:23:06.714091+00:00", "level": "INFO", "service": "oday-api", "actor": "user", "correlation_id": "011c97c3-5898-4f92-a466-0d251137d98e", "resource": "HTTP", "action": "GET", "result": "ok", "error_code": null, "message": "HTTP GET /api/v1/operator/network-listings/intake ok"}
[WebServer] {"timestamp": "2026-10-09T16:23:15.747555+00:00", "level": "INFO", "service": "oday-api", "actor": "user", "correlation_id": "99fa6c6d-038f-4c73-ba39-0c38f9d58d1f", "resource": "HTTP", "action": "GET", "result": "ok", "error_code": null, "message": "HTTP GET /api/v1/operator/network-listings/intake ok"}
  ✓  1 [chromium] › tests/visual/operator-intake-dialogs-parity.spec.ts:39:9 › field-fix paired geometry and focus at 1440 (25.4s)
[WebServer] {"timestamp": "2026-10-09T16:23:16.265614+00:00", "level": "INFO", "service": "oday-api", "actor": "user", "correlation_id": "a8e78a70-9a33-47b2-85fd-27eb77020b23", "resource": "HTTP", "action": "POST", "result": "ok", "error_code": null, "message": "HTTP POST /api/v1/operator/network-listings/reset ok"}
[WebServer] {"timestamp": "2026-10-09T16:23:16.328765+00:00", "level": "INFO", "service": "oday-api", "actor": "user", "correlation_id": "f726396b-fe34-48af-8428-b66e95da7813", "resource": "HTTP", "action": "GET", "result": "ok", "error_code": null, "message": "HTTP GET /api/v1/operator/network-listings/intake ok"}
[WebServer] {"timestamp": "2026-10-09T16:23:18.926198+00:00", "level": "INFO", "service": "oday-api", "actor": "user", "correlation_id": "corr-r4-005-read-HZ-01-demand", "resource": "HTTP", "action": "GET", "result": "ok", "error_code": null, "message": "HTTP GET /api/v1/operator/network-listings ok"}
[WebServer] {"timestamp": "2026-10-09T16:23:19.040475+00:00", "level": "INFO", "service": "oday-api", "actor": "user", "correlation_id": "corr-r4-007-reviews-read", "resource": "HTTP", "action": "GET", "result": "ok", "error_code": null, "message": "HTTP GET /api/v1/operator/network-reviews ok"}
[WebServer] {"timestamp": "2026-10-09T16:23:19.045370+00:00", "level": "INFO", "service": "oday-api", "actor": "user", "correlation_id": "corr-r4-006-scoring-read", "resource": "HTTP", "action": "GET", "result": "ok", "error_code": null, "message": "HTTP GET /api/v1/operator/network-scoring ok"}
[WebServer] {"timestamp": "2026-10-09T16:23:19.045908+00:00", "level": "INFO", "service": "oday-api", "actor": "user", "correlation_id": "corr-r4-008-rebalance-read", "resource": "HTTP", "action": "GET", "result": "ok", "error_code": null, "message": "HTTP GET /api/v1/operator/network-rebalance ok"}
[WebServer] {"timestamp": "2026-10-09T16:23:19.488941+00:00", "level": "INFO", "service": "oday-api", "actor": "user", "correlation_id": "corr-r4-006-scoring-read", "resource": "HTTP", "action": "GET", "result": "ok", "error_code": null, "message": "HTTP GET /api/v1/operator/network-scoring ok"}
[WebServer] {"timestamp": "2026-10-09T16:23:19.524938+00:00", "level": "INFO", "service": "oday-api", "actor": "user", "correlation_id": "corr-r4-008-rebalance-read", "resource": "HTTP", "action": "GET", "result": "ok", "error_code": null, "message": "HTTP GET /api/v1/operator/network-rebalance ok"}
[WebServer] {"timestamp": "2026-10-09T16:23:19.527094+00:00", "level": "INFO", "service": "oday-api", "actor": "user", "correlation_id": "corr-r4-005-read-HZ-01-demand", "resource": "HTTP", "action": "GET", "result": "ok", "error_code": null, "message": "HTTP GET /api/v1/operator/network-listings ok"}
[WebServer] {"timestamp": "2026-10-09T16:23:19.669243+00:00", "level": "INFO", "service": "oday-api", "actor": "user", "correlation_id": "corr-r4-007-reviews-read", "resource": "HTTP", "action": "GET", "result": "ok", "error_code": null, "message": "HTTP GET /api/v1/operator/network-reviews ok"}
[WebServer] {"timestamp": "2026-10-09T16:23:19.699365+00:00", "level": "INFO", "service": "oday-api", "actor": "user", "correlation_id": "corr-operator-bootstrap-89f2d270-2fc5-497c-a039-cedd46264ee2", "resource": "HTTP", "action": "GET", "result": "ok", "error_code": null, "message": "HTTP GET /api/v1/operator/bootstrap ok"}
[WebServer] {"timestamp": "2026-10-09T16:23:20.083386+00:00", "level": "INFO", "service": "oday-api", "actor": "user", "correlation_id": "61884c62-facf-447b-957f-1b09470cd06d", "resource": "HTTP", "action": "GET", "result": "ok", "error_code": null, "message": "HTTP GET /api/v1/operator/network-listings/intake ok"}
[WebServer] {"timestamp": "2026-10-09T16:23:20.159686+00:00", "level": "INFO", "service": "oday-api", "actor": "user", "correlation_id": "3e428a11-eb89-4562-9a7b-7bd69d494925", "resource": "HTTP", "action": "GET", "result": "ok", "error_code": null, "message": "HTTP GET /api/v1/operator/network-listings/intake ok"}
[WebServer] {"timestamp": "2026-10-09T16:23:20.395021+00:00", "level": "INFO", "service": "oday-api", "actor": "user", "correlation_id": "c0af2933-814f-4dae-9db8-4f7848e1384f", "resource": "HTTP", "action": "GET", "result": "ok", "error_code": null, "message": "HTTP GET /api/v1/operator/network-listings/intake ok"}
[WebServer] {"timestamp": "2026-10-09T16:23:21.482158+00:00", "level": "INFO", "service": "oday-api", "actor": "user", "correlation_id": "corr-412b6f2b-333f-4c7a-a393-350575f740c7", "resource": "HTTP", "action": "POST", "result": "ok", "error_code": null, "message": "HTTP POST /api/v1/operator/network-listings/intake/submit ok"}
[WebServer] {"timestamp": "2026-10-09T16:23:21.605791+00:00", "level": "INFO", "service": "oday-api", "actor": "user", "correlation_id": "c21d1a5c-b3af-41e7-8bc0-13296faed8ee", "resource": "HTTP", "action": "GET", "result": "ok", "error_code": null, "message": "HTTP GET /api/v1/operator/network-listings/intake ok"}
[WebServer] {"timestamp": "2026-10-09T16:23:22.125037+00:00", "level": "INFO", "service": "oday-api", "actor": "user", "correlation_id": "d999e714-0427-4301-adc2-33d42ed47321", "resource": "HTTP", "action": "GET", "result": "ok", "error_code": null, "message": "HTTP GET /api/v1/operator/network-listings/intake ok"}
[WebServer] {"timestamp": "2026-10-09T16:23:22.169101+00:00", "level": "INFO", "service": "oday-api", "actor": "user", "correlation_id": "3c22037f-47e9-4c2a-9127-7e15d85dd0ff", "resource": "HTTP", "action": "GET", "result": "ok", "error_code": null, "message": "HTTP GET /api/v1/operator/network-listings/intake/{intake_id} ok"}
[WebServer] {"timestamp": "2026-10-09T16:23:22.173681+00:00", "level": "INFO", "service": "oday-api", "actor": "user", "correlation_id": "4e63910a-c372-43fe-8b41-8874bf28f695", "resource": "HTTP", "action": "GET", "result": "ok", "error_code": null, "message": "HTTP GET /api/v1/operator/network-listings/intake ok"}
[WebServer] {"timestamp": "2026-10-09T16:23:22.175914+00:00", "level": "INFO", "service": "oday-api", "actor": "user", "correlation_id": "ddc16788-51e3-4d58-9458-6ac70e57ae65", "resource": "HTTP", "action": "GET", "result": "ok", "error_code": null, "message": "HTTP GET /api/v1/operator/network-listings/intake/{intake_id} ok"}
[WebServer] {"timestamp": "2026-10-09T16:23:22.478277+00:00", "level": "INFO", "service": "oday-api", "actor": "user", "correlation_id": "5e08e3d0-67bb-468c-bbf9-56e46ad2bbc8", "resource": "HTTP", "action": "GET", "result": "ok", "error_code": null, "message": "HTTP GET /api/v1/intakes/{intake_id}/promotion-decision ok"}
[WebServer] {"timestamp": "2026-10-09T16:23:23.133535+00:00", "level": "INFO", "service": "oday-api", "actor": "user", "correlation_id": "9d03b0be-b079-473c-9795-54c848703eab", "resource": "HTTP", "action": "GET", "result": "ok", "error_code": null, "message": "HTTP GET /api/v1/operator/network-listings/intake ok"}
[WebServer] {"timestamp": "2026-10-09T16:23:31.088569+00:00", "level": "INFO", "service": "oday-api", "actor": "user", "correlation_id": "ee0095f5-67d4-49be-a105-cd83eadc5241", "resource": "HTTP", "action": "GET", "result": "ok", "error_code": null, "message": "HTTP GET /api/v1/operator/network-listings/intake ok"}
  ✓  2 [chromium] › tests/visual/operator-intake-dialogs-parity.spec.ts:39:9 › decision paired geometry and focus at 1440 (15.0s)
[WebServer] {"timestamp": "2026-10-09T16:23:31.355504+00:00", "level": "INFO", "service": "oday-api", "actor": "user", "correlation_id": "a543c4ff-8e42-4e65-8cc7-8e9fd1691b4d", "resource": "HTTP", "action": "POST", "result": "ok", "error_code": null, "message": "HTTP POST /api/v1/operator/network-listings/reset ok"}
[WebServer] {"timestamp": "2026-10-09T16:23:31.432572+00:00", "level": "INFO", "service": "oday-api", "actor": "user", "correlation_id": "f2962be9-fa9a-4ce3-86c6-ec0e3264d56b", "resource": "HTTP", "action": "GET", "result": "ok", "error_code": null, "message": "HTTP GET /api/v1/operator/network-listings/intake ok"}
[WebServer] {"timestamp": "2026-10-09T16:23:33.796331+00:00", "level": "INFO", "service": "oday-api", "actor": "user", "correlation_id": "corr-r4-005-read-HZ-01-demand", "resource": "HTTP", "action": "GET", "result": "ok", "error_code": null, "message": "HTTP GET /api/v1/operator/network-listings ok"}
[WebServer] {"timestamp": "2026-10-09T16:23:33.877295+00:00", "level": "INFO", "service": "oday-api", "actor": "user", "correlation_id": "corr-r4-008-rebalance-read", "resource": "HTTP", "action": "GET", "result": "ok", "error_code": null, "message": "HTTP GET /api/v1/operator/network-rebalance ok"}
[WebServer] {"timestamp": "2026-10-09T16:23:33.885234+00:00", "level": "INFO", "service": "oday-api", "actor": "user", "correlation_id": "corr-r4-006-scoring-read", "resource": "HTTP", "action": "GET", "result": "ok", "error_code": null, "message": "HTTP GET /api/v1/operator/network-scoring ok"}
[WebServer] {"timestamp": "2026-10-09T16:23:33.887229+00:00", "level": "INFO", "service": "oday-api", "actor": "user", "correlation_id": "corr-r4-007-reviews-read", "resource": "HTTP", "action": "GET", "result": "ok", "error_code": null, "message": "HTTP GET /api/v1/operator/network-reviews ok"}
[WebServer] {"timestamp": "2026-10-09T16:23:34.345147+00:00", "level": "INFO", "service": "oday-api", "actor": "user", "correlation_id": "corr-r4-005-read-HZ-01-demand", "resource": "HTTP", "action": "GET", "result": "ok", "error_code": null, "message": "HTTP GET /api/v1/operator/network-listings ok"}
[WebServer] {"timestamp": "2026-10-09T16:23:34.414467+00:00", "level": "INFO", "service": "oday-api", "actor": "user", "correlation_id": "corr-r4-006-scoring-read", "resource": "HTTP", "action": "GET", "result": "ok", "error_code": null, "message": "HTTP GET /api/v1/operator/network-scoring ok"}
[WebServer] {"timestamp": "2026-10-09T16:23:34.416632+00:00", "level": "INFO", "service": "oday-api", "actor": "user", "correlation_id": "corr-r4-008-rebalance-read", "resource": "HTTP", "action": "GET", "result": "ok", "error_code": null, "message": "HTTP GET /api/v1/operator/network-rebalance ok"}
[WebServer] {"timestamp": "2026-10-09T16:23:34.521258+00:00", "level": "INFO", "service": "oday-api", "actor": "user", "correlation_id": "corr-r4-007-reviews-read", "resource": "HTTP", "action": "GET", "result": "ok", "error_code": null, "message": "HTTP GET /api/v1/operator/network-reviews ok"}
[WebServer] {"timestamp": "2026-10-09T16:23:34.624223+00:00", "level": "INFO", "service": "oday-api", "actor": "user", "correlation_id": "corr-operator-bootstrap-6d5ace63-7faa-491f-8c55-e346f708b4b5", "resource": "HTTP", "action": "GET", "result": "ok", "error_code": null, "message": "HTTP GET /api/v1/operator/bootstrap ok"}
[WebServer] {"timestamp": "2026-10-09T16:23:35.231320+00:00", "level": "INFO", "service": "oday-api", "actor": "user", "correlation_id": "0279f5aa-1974-4ae7-b31b-de2bbfe50130", "resource": "HTTP", "action": "GET", "result": "ok", "error_code": null, "message": "HTTP GET /api/v1/operator/network-listings/intake ok"}
[WebServer] {"timestamp": "2026-10-09T16:23:35.358222+00:00", "level": "INFO", "service": "oday-api", "actor": "user", "correlation_id": "b537925a-eafa-4864-9ca2-e133c429c2b4", "resource": "HTTP", "action": "GET", "result": "ok", "error_code": null, "message": "HTTP GET /api/v1/operator/network-listings/intake ok"}
[WebServer] {"timestamp": "2026-10-09T16:23:35.543134+00:00", "level": "INFO", "service": "oday-api", "actor": "user", "correlation_id": "fe85ef18-a249-48f8-8671-175ac7130ef4", "resource": "HTTP", "action": "GET", "result": "ok", "error_code": null, "message": "HTTP GET /api/v1/operator/network-listings/intake ok"}
[WebServer] {"timestamp": "2026-10-09T16:23:36.891038+00:00", "level": "INFO", "service": "oday-api", "actor": "user", "correlation_id": "corr-3f30b230-6d42-46c4-b323-c3763f734fba", "resource": "HTTP", "action": "POST", "result": "ok", "error_code": null, "message": "HTTP POST /api/v1/operator/network-listings/intake/submit ok"}
[WebServer] {"timestamp": "2026-10-09T16:23:37.120091+00:00", "level": "INFO", "service": "oday-api", "actor": "user", "correlation_id": "c014e128-c37e-414e-b72b-9d3cdd8d21f7", "resource": "HTTP", "action": "GET", "result": "ok", "error_code": null, "message": "HTTP GET /api/v1/operator/network-listings/intake ok"}
[WebServer] {"timestamp": "2026-10-09T16:23:37.608113+00:00", "level": "INFO", "service": "oday-api", "actor": "user", "correlation_id": "8d618fcb-3c1c-4905-94eb-e06ece415663", "resource": "HTTP", "action": "GET", "result": "ok", "error_code": null, "message": "HTTP GET /api/v1/operator/network-listings/intake ok"}
[WebServer] {"timestamp": "2026-10-09T16:23:37.647693+00:00", "level": "INFO", "service": "oday-api", "actor": "user", "correlation_id": "02eeea8e-9276-4d73-b71c-230a740d738e", "resource": "HTTP", "action": "GET", "result": "ok", "error_code": null, "message": "HTTP GET /api/v1/operator/network-listings/intake/{intake_id} ok"}
[WebServer] {"timestamp": "2026-10-09T16:23:37.648188+00:00", "level": "INFO", "service": "oday-api", "actor": "user", "correlation_id": "79f116f4-797a-4454-a0bb-ff2e0828ebd3", "resource": "HTTP", "action": "GET", "result": "ok", "error_code": null, "message": "HTTP GET /api/v1/operator/network-listings/intake ok"}
[WebServer] {"timestamp": "2026-10-09T16:23:37.652980+00:00", "level": "INFO", "service": "oday-api", "actor": "user", "correlation_id": "6bcd1291-0a27-4a69-a2f8-549c8e6275d9", "resource": "HTTP", "action": "GET", "result": "ok", "error_code": null, "message": "HTTP GET /api/v1/operator/network-listings/intake/{intake_id} ok"}
[WebServer] {"timestamp": "2026-10-09T16:23:37.845977+00:00", "level": "INFO", "service": "oday-api", "actor": "user", "correlation_id": "e9e16a1d-0a9c-40a5-8cc8-a1590fa3c119", "resource": "HTTP", "action": "GET", "result": "ok", "error_code": null, "message": "HTTP GET /api/v1/intakes/{intake_id}/promotion-decision ok"}
[WebServer] {"timestamp": "2026-10-09T16:23:38.522857+00:00", "level": "INFO", "service": "oday-api", "actor": "user", "correlation_id": "25f121ac-f725-4688-9dc5-2042b5cc8f49", "resource": "HTTP", "action": "GET", "result": "ok", "error_code": null, "message": "HTTP GET /api/v1/operator/network-listings/intake ok"}
[WebServer] {"timestamp": "2026-10-09T16:23:47.498153+00:00", "level": "INFO", "service": "oday-api", "actor": "user", "correlation_id": "42eb3c75-a086-45ce-b660-1dcc26e44812", "resource": "HTTP", "action": "GET", "result": "ok", "error_code": null, "message": "HTTP GET /api/v1/operator/network-listings/intake ok"}
  ✓  3 [chromium] › tests/visual/operator-intake-dialogs-parity.spec.ts:39:9 › field-fix paired geometry and focus at 390 (16.4s)
[WebServer] {"timestamp": "2026-10-09T16:23:47.670554+00:00", "level": "INFO", "service": "oday-api", "actor": "user", "correlation_id": "7bad54f8-49fc-4b78-ad5b-1a7da6742f32", "resource": "HTTP", "action": "POST", "result": "ok", "error_code": null, "message": "HTTP POST /api/v1/operator/network-listings/reset ok"}
[WebServer] {"timestamp": "2026-10-09T16:23:47.719911+00:00", "level": "INFO", "service": "oday-api", "actor": "user", "correlation_id": "fb6fcc53-0043-4138-a86c-44a448da749c", "resource": "HTTP", "action": "GET", "result": "ok", "error_code": null, "message": "HTTP GET /api/v1/operator/network-listings/intake ok"}
[WebServer] {"timestamp": "2026-10-09T16:23:49.971578+00:00", "level": "INFO", "service": "oday-api", "actor": "user", "correlation_id": "corr-r4-005-read-HZ-01-demand", "resource": "HTTP", "action": "GET", "result": "ok", "error_code": null, "message": "HTTP GET /api/v1/operator/network-listings ok"}
[WebServer] {"timestamp": "2026-10-09T16:23:50.086093+00:00", "level": "INFO", "service": "oday-api", "actor": "user", "correlation_id": "corr-r4-006-scoring-read", "resource": "HTTP", "action": "GET", "result": "ok", "error_code": null, "message": "HTTP GET /api/v1/operator/network-scoring ok"}
[WebServer] {"timestamp": "2026-10-09T16:23:50.090304+00:00", "level": "INFO", "service": "oday-api", "actor": "user", "correlation_id": "corr-r4-008-rebalance-read", "resource": "HTTP", "action": "GET", "result": "ok", "error_code": null, "message": "HTTP GET /api/v1/operator/network-rebalance ok"}
[WebServer] {"timestamp": "2026-10-09T16:23:50.094253+00:00", "level": "INFO", "service": "oday-api", "actor": "user", "correlation_id": "corr-r4-007-reviews-read", "resource": "HTTP", "action": "GET", "result": "ok", "error_code": null, "message": "HTTP GET /api/v1/operator/network-reviews ok"}
[WebServer] {"timestamp": "2026-10-09T16:23:50.445292+00:00", "level": "INFO", "service": "oday-api", "actor": "user", "correlation_id": "corr-r4-005-read-HZ-01-demand", "resource": "HTTP", "action": "GET", "result": "ok", "error_code": null, "message": "HTTP GET /api/v1/operator/network-listings ok"}
[WebServer] {"timestamp": "2026-10-09T16:23:50.512934+00:00", "level": "INFO", "service": "oday-api", "actor": "user", "correlation_id": "corr-r4-006-scoring-read", "resource": "HTTP", "action": "GET", "result": "ok", "error_code": null, "message": "HTTP GET /api/v1/operator/network-scoring ok"}
[WebServer] {"timestamp": "2026-10-09T16:23:50.516028+00:00", "level": "INFO", "service": "oday-api", "actor": "user", "correlation_id": "corr-r4-008-rebalance-read", "resource": "HTTP", "action": "GET", "result": "ok", "error_code": null, "message": "HTTP GET /api/v1/operator/network-rebalance ok"}
[WebServer] {"timestamp": "2026-10-09T16:23:50.623329+00:00", "level": "INFO", "service": "oday-api", "actor": "user", "correlation_id": "corr-r4-007-reviews-read", "resource": "HTTP", "action": "GET", "result": "ok", "error_code": null, "message": "HTTP GET /api/v1/operator/network-reviews ok"}
[WebServer] {"timestamp": "2026-10-09T16:23:50.697803+00:00", "level": "INFO", "service": "oday-api", "actor": "user", "correlation_id": "corr-operator-bootstrap-f3f577b9-0523-4bcf-aa31-88f425b23927", "resource": "HTTP", "action": "GET", "result": "ok", "error_code": null, "message": "HTTP GET /api/v1/operator/bootstrap ok"}
[WebServer] {"timestamp": "2026-10-09T16:23:51.193130+00:00", "level": "INFO", "service": "oday-api", "actor": "user", "correlation_id": "1c930fb7-f0b1-4e0a-9e86-3247d4b5dce3", "resource": "HTTP", "action": "GET", "result": "ok", "error_code": null, "message": "HTTP GET /api/v1/operator/network-listings/intake ok"}
[WebServer] {"timestamp": "2026-10-09T16:23:51.252825+00:00", "level": "INFO", "service": "oday-api", "actor": "user", "correlation_id": "2ea4714c-1dd3-4ede-80bb-4ee47d83aa86", "resource": "HTTP", "action": "GET", "result": "ok", "error_code": null, "message": "HTTP GET /api/v1/operator/network-listings/intake ok"}
[WebServer] {"timestamp": "2026-10-09T16:23:51.463356+00:00", "level": "INFO", "service": "oday-api", "actor": "user", "correlation_id": "30283e41-12b4-4424-bdf6-770876dcc25f", "resource": "HTTP", "action": "GET", "result": "ok", "error_code": null, "message": "HTTP GET /api/v1/operator/network-listings/intake ok"}
[WebServer] {"timestamp": "2026-10-09T16:23:52.339479+00:00", "level": "INFO", "service": "oday-api", "actor": "user", "correlation_id": "corr-96d8f850-113e-4075-9051-6a5bc60dbe8f", "resource": "HTTP", "action": "POST", "result": "ok", "error_code": null, "message": "HTTP POST /api/v1/operator/network-listings/intake/submit ok"}
[WebServer] {"timestamp": "2026-10-09T16:23:52.504291+00:00", "level": "INFO", "service": "oday-api", "actor": "user", "correlation_id": "46a6b45e-832e-48b8-abdf-e660ece7f079", "resource": "HTTP", "action": "GET", "result": "ok", "error_code": null, "message": "HTTP GET /api/v1/operator/network-listings/intake ok"}
[WebServer] {"timestamp": "2026-10-09T16:23:52.921763+00:00", "level": "INFO", "service": "oday-api", "actor": "user", "correlation_id": "5810410f-2051-4c61-b9ae-da51ca6543ef", "resource": "HTTP", "action": "GET", "result": "ok", "error_code": null, "message": "HTTP GET /api/v1/operator/network-listings/intake ok"}
[WebServer] {"timestamp": "2026-10-09T16:23:52.955093+00:00", "level": "INFO", "service": "oday-api", "actor": "user", "correlation_id": "a76be123-e7b5-433d-88f6-ac6bbcf09acc", "resource": "HTTP", "action": "GET", "result": "ok", "error_code": null, "message": "HTTP GET /api/v1/operator/network-listings/intake ok"}
[WebServer] {"timestamp": "2026-10-09T16:23:52.957688+00:00", "level": "INFO", "service": "oday-api", "actor": "user", "correlation_id": "f883cc73-c45e-45f9-aaaa-245d985c48cf", "resource": "HTTP", "action": "GET", "result": "ok", "error_code": null, "message": "HTTP GET /api/v1/operator/network-listings/intake/{intake_id} ok"}
[WebServer] {"timestamp": "2026-10-09T16:23:52.958131+00:00", "level": "INFO", "service": "oday-api", "actor": "user", "correlation_id": "467476ee-2a9d-4fad-8693-407b4eb17261", "resource": "HTTP", "action": "GET", "result": "ok", "error_code": null, "message": "HTTP GET /api/v1/operator/network-listings/intake/{intake_id} ok"}
[WebServer] {"timestamp": "2026-10-09T16:23:53.198672+00:00", "level": "INFO", "service": "oday-api", "actor": "user", "correlation_id": "b83b9a7f-b6fe-48a3-a640-2ab81533db03", "resource": "HTTP", "action": "GET", "result": "ok", "error_code": null, "message": "HTTP GET /api/v1/intakes/{intake_id}/promotion-decision ok"}
[WebServer] {"timestamp": "2026-10-09T16:23:53.812076+00:00", "level": "INFO", "service": "oday-api", "actor": "user", "correlation_id": "ab68839b-8252-489f-aa7c-9eacfb76d214", "resource": "HTTP", "action": "GET", "result": "ok", "error_code": null, "message": "HTTP GET /api/v1/operator/network-listings/intake ok"}
[WebServer] {"timestamp": "2026-10-09T16:24:03.972555+00:00", "level": "INFO", "service": "oday-api", "actor": "user", "correlation_id": "2fbfe6a0-e62f-4797-8634-de28a58f6b83", "resource": "HTTP", "action": "GET", "result": "ok", "error_code": null, "message": "HTTP GET /api/v1/operator/network-listings/intake ok"}
  ✓  4 [chromium] › tests/visual/operator-intake-dialogs-parity.spec.ts:39:9 › decision paired geometry and focus at 390 (16.6s)

  4 passed (1.6m)
