[WebServer] 2026/10/09 16:32:22 INFO mlflow.agent.hint: Load the `instrumenting-with-mlflow-tracing` skill at /tmp/pantheon-worker-worktrees/pantheon/odp-ui-network-tabs-parity-001/.venv/lib/python3.12/site-packages/mlflow/assistant/skills/instrumenting-with-mlflow-tracing/SKILL.md before writing any tracing code; it ships with this MLflow install. Set MLFLOW_DISABLE_AGENT_HINT=1 to silence this.
[WebServer] 2026/10/09 16:32:24 INFO mlflow.store.db.utils: Creating initial MLflow database tables...
[WebServer] 2026/10/09 16:32:24 INFO mlflow.store.db.utils: Updating database tables
[WebServer] INFO:     Started server process [1971310]
[WebServer] INFO:     Waiting for application startup.
[WebServer] INFO:     Application startup complete.
[WebServer] INFO:     Uvicorn running on http://127.0.0.1:8310 (Press CTRL+C to quit)
[WebServer] {"timestamp": "2026-10-09T16:32:27.914288+00:00", "level": "INFO", "service": "oday-api", "actor": "user", "correlation_id": "505b55f3-9ba8-44b1-8885-261048100bf0", "resource": "HTTP", "action": "GET", "result": "ok", "error_code": null, "message": "HTTP GET /platform/health ok"}

Running 3 tests using 1 worker

[WebServer] {"timestamp": "2026-10-09T16:32:43.746345+00:00", "level": "INFO", "service": "oday-api", "actor": "user", "correlation_id": "ce76501c-de35-4a8d-aa87-e3a83fff0c9a", "resource": "HTTP", "action": "POST", "result": "ok", "error_code": null, "message": "HTTP POST /api/v1/operator/network-listings/reset ok"}
[WebServer] {"timestamp": "2026-10-09T16:32:47.227589+00:00", "level": "INFO", "service": "oday-api", "actor": "user", "correlation_id": "a087d656-97af-4aae-8c9b-a22a9fa0bfc4", "resource": "HTTP", "action": "GET", "result": "ok", "error_code": null, "message": "HTTP GET /api/v1/operator/network-listings/intake ok"}
[WebServer] {"timestamp": "2026-10-09T16:32:49.847704+00:00", "level": "INFO", "service": "oday-api", "actor": "user", "correlation_id": "corr-r4-005-read-HZ-01-demand", "resource": "HTTP", "action": "GET", "result": "ok", "error_code": null, "message": "HTTP GET /api/v1/operator/network-listings ok"}
[WebServer] {"timestamp": "2026-10-09T16:32:49.922805+00:00", "level": "INFO", "service": "oday-api", "actor": "user", "correlation_id": "corr-r4-006-scoring-read", "resource": "HTTP", "action": "GET", "result": "ok", "error_code": null, "message": "HTTP GET /api/v1/operator/network-scoring ok"}
[WebServer] {"timestamp": "2026-10-09T16:32:50.190018+00:00", "level": "INFO", "service": "oday-api", "actor": "user", "correlation_id": "corr-r4-008-rebalance-read", "resource": "HTTP", "action": "GET", "result": "ok", "error_code": null, "message": "HTTP GET /api/v1/operator/network-rebalance ok"}
[WebServer] {"timestamp": "2026-10-09T16:32:50.194237+00:00", "level": "INFO", "service": "oday-api", "actor": "user", "correlation_id": "corr-r4-007-reviews-read", "resource": "HTTP", "action": "GET", "result": "ok", "error_code": null, "message": "HTTP GET /api/v1/operator/network-reviews ok"}
[WebServer] {"timestamp": "2026-10-09T16:32:52.834727+00:00", "level": "INFO", "service": "oday-api", "actor": "user", "correlation_id": "corr-r4-006-scoring-read", "resource": "HTTP", "action": "GET", "result": "ok", "error_code": null, "message": "HTTP GET /api/v1/operator/network-scoring ok"}
[WebServer] {"timestamp": "2026-10-09T16:32:52.836827+00:00", "level": "INFO", "service": "oday-api", "actor": "user", "correlation_id": "corr-r4-008-rebalance-read", "resource": "HTTP", "action": "GET", "result": "ok", "error_code": null, "message": "HTTP GET /api/v1/operator/network-rebalance ok"}
[WebServer] {"timestamp": "2026-10-09T16:32:53.289143+00:00", "level": "INFO", "service": "oday-api", "actor": "user", "correlation_id": "corr-r4-005-read-HZ-01-demand", "resource": "HTTP", "action": "GET", "result": "ok", "error_code": null, "message": "HTTP GET /api/v1/operator/network-listings ok"}
[WebServer] {"timestamp": "2026-10-09T16:32:53.507785+00:00", "level": "INFO", "service": "oday-api", "actor": "user", "correlation_id": "corr-r4-007-reviews-read", "resource": "HTTP", "action": "GET", "result": "ok", "error_code": null, "message": "HTTP GET /api/v1/operator/network-reviews ok"}
[WebServer] {"timestamp": "2026-10-09T16:32:53.579899+00:00", "level": "INFO", "service": "oday-api", "actor": "user", "correlation_id": "corr-operator-bootstrap-49f47c6e-b52d-46e3-9eb5-58989ce5662b", "resource": "HTTP", "action": "GET", "result": "ok", "error_code": null, "message": "HTTP GET /api/v1/operator/bootstrap ok"}
[WebServer] {"timestamp": "2026-10-09T16:32:53.648030+00:00", "level": "INFO", "service": "oday-api", "actor": "user", "correlation_id": "3c9c3118-99eb-4957-8258-059e29486b37", "resource": "HTTP", "action": "GET", "result": "ok", "error_code": null, "message": "HTTP GET /api/v1/operator/network-listings/intake ok"}
[WebServer] {"timestamp": "2026-10-09T16:32:53.762683+00:00", "level": "INFO", "service": "oday-api", "actor": "user", "correlation_id": "5812e183-529b-447c-b504-6192d215ae97", "resource": "HTTP", "action": "GET", "result": "ok", "error_code": null, "message": "HTTP GET /api/v1/operator/network-listings/intake ok"}
[WebServer] {"timestamp": "2026-10-09T16:32:54.074595+00:00", "level": "INFO", "service": "oday-api", "actor": "user", "correlation_id": "a919047c-8d50-40a8-a108-40cc21427256", "resource": "HTTP", "action": "GET", "result": "ok", "error_code": null, "message": "HTTP GET /api/v1/operator/network-listings/intake ok"}
[WebServer] {"timestamp": "2026-10-09T16:32:55.125759+00:00", "level": "INFO", "service": "oday-api", "actor": "user", "correlation_id": "corr-5e284c2a-85a2-40c2-b953-457459d22f30", "resource": "HTTP", "action": "POST", "result": "ok", "error_code": null, "message": "HTTP POST /api/v1/operator/network-listings/intake/submit ok"}
[WebServer] {"timestamp": "2026-10-09T16:32:55.207600+00:00", "level": "INFO", "service": "oday-api", "actor": "user", "correlation_id": "0026b49e-5c8c-4dad-833b-326c5fb69ec5", "resource": "HTTP", "action": "GET", "result": "ok", "error_code": null, "message": "HTTP GET /api/v1/operator/network-listings/intake ok"}
[WebServer] {"timestamp": "2026-10-09T16:32:55.527458+00:00", "level": "INFO", "service": "oday-api", "actor": "user", "correlation_id": "0469faaf-03db-4fd5-9f47-54ae7a59a92b", "resource": "HTTP", "action": "GET", "result": "ok", "error_code": null, "message": "HTTP GET /api/v1/operator/network-listings/intake ok"}
[WebServer] {"timestamp": "2026-10-09T16:32:55.574536+00:00", "level": "INFO", "service": "oday-api", "actor": "user", "correlation_id": "0923adb1-73d5-4b30-abe2-933a6ce027a8", "resource": "HTTP", "action": "GET", "result": "ok", "error_code": null, "message": "HTTP GET /api/v1/operator/network-listings/intake/{intake_id} ok"}
[WebServer] {"timestamp": "2026-10-09T16:32:55.575580+00:00", "level": "INFO", "service": "oday-api", "actor": "user", "correlation_id": "374d3c2f-10bb-4936-8cdd-7ada4f4127c5", "resource": "HTTP", "action": "GET", "result": "ok", "error_code": null, "message": "HTTP GET /api/v1/operator/network-listings/intake ok"}
[WebServer] {"timestamp": "2026-10-09T16:32:55.576981+00:00", "level": "INFO", "service": "oday-api", "actor": "user", "correlation_id": "e24e730d-d993-478e-82e2-3e32a4310256", "resource": "HTTP", "action": "GET", "result": "ok", "error_code": null, "message": "HTTP GET /api/v1/operator/network-listings/intake/{intake_id} ok"}
[WebServer] {"timestamp": "2026-10-09T16:32:55.822824+00:00", "level": "INFO", "service": "oday-api", "actor": "user", "correlation_id": "fb09e215-2631-478d-aec8-505ce6afa08a", "resource": "HTTP", "action": "GET", "result": "ok", "error_code": null, "message": "HTTP GET /api/v1/intakes/{intake_id}/promotion-decision ok"}
[WebServer] {"timestamp": "2026-10-09T16:32:56.493989+00:00", "level": "INFO", "service": "oday-api", "actor": "user", "correlation_id": "f9b4505d-f677-4d9e-92c0-510636ffac0e", "resource": "HTTP", "action": "GET", "result": "ok", "error_code": null, "message": "HTTP GET /api/v1/operator/network-listings/intake ok"}
[WebServer] {"timestamp": "2026-10-09T16:32:56.964062+00:00", "level": "INFO", "service": "oday-api", "actor": "user", "correlation_id": "corr-c7bcfe66-4b4d-434a-afed-b4391aef2c54", "resource": "HTTP", "action": "POST", "result": "ok", "error_code": null, "message": "HTTP POST /api/v1/operator/network-listings/intake/{intake_id}/decide ok"}
[WebServer] {"timestamp": "2026-10-09T16:32:57.056183+00:00", "level": "INFO", "service": "oday-api", "actor": "user", "correlation_id": "fcd0a69a-acf9-46ef-a916-951010240ff0", "resource": "HTTP", "action": "GET", "result": "ok", "error_code": null, "message": "HTTP GET /api/v1/operator/network-listings/intake ok"}
[WebServer] {"timestamp": "2026-10-09T16:32:57.582676+00:00", "level": "INFO", "service": "oday-api", "actor": "user", "correlation_id": "fb0e63ba-341e-4ef0-a78f-32c56099a4b6", "resource": "HTTP", "action": "GET", "result": "ok", "error_code": null, "message": "HTTP GET /api/v1/operator/network-listings/intake ok"}
  ✓  1 [chromium] › tests/e2e/operator-network-assisted-intake.spec.ts:251:7 › Assisted Listing Intake — Package 7 product surfaces › possible match requires a human decision and refuses an empty reason (15.5s)
[WebServer] {"timestamp": "2026-10-09T16:32:57.661790+00:00", "level": "INFO", "service": "oday-api", "actor": "user", "correlation_id": "e564e906-d0ee-47a1-9b90-3dbf33e70d8d", "resource": "HTTP", "action": "POST", "result": "ok", "error_code": null, "message": "HTTP POST /api/v1/operator/network-listings/reset ok"}
[WebServer] {"timestamp": "2026-10-09T16:32:57.788322+00:00", "level": "INFO", "service": "oday-api", "actor": "user", "correlation_id": "7665b10f-8c93-42c7-8407-f9e2bb4d54a3", "resource": "HTTP", "action": "GET", "result": "ok", "error_code": null, "message": "HTTP GET /api/v1/operator/network-listings/intake ok"}
[WebServer] {"timestamp": "2026-10-09T16:33:00.068348+00:00", "level": "INFO", "service": "oday-api", "actor": "user", "correlation_id": "corr-r4-005-read-HZ-01-demand", "resource": "HTTP", "action": "GET", "result": "ok", "error_code": null, "message": "HTTP GET /api/v1/operator/network-listings ok"}
[WebServer] {"timestamp": "2026-10-09T16:33:00.180578+00:00", "level": "INFO", "service": "oday-api", "actor": "user", "correlation_id": "corr-r4-006-scoring-read", "resource": "HTTP", "action": "GET", "result": "ok", "error_code": null, "message": "HTTP GET /api/v1/operator/network-scoring ok"}
[WebServer] {"timestamp": "2026-10-09T16:33:00.187040+00:00", "level": "INFO", "service": "oday-api", "actor": "user", "correlation_id": "corr-r4-007-reviews-read", "resource": "HTTP", "action": "GET", "result": "ok", "error_code": null, "message": "HTTP GET /api/v1/operator/network-reviews ok"}
[WebServer] {"timestamp": "2026-10-09T16:33:00.188362+00:00", "level": "INFO", "service": "oday-api", "actor": "user", "correlation_id": "corr-r4-008-rebalance-read", "resource": "HTTP", "action": "GET", "result": "ok", "error_code": null, "message": "HTTP GET /api/v1/operator/network-rebalance ok"}
[WebServer] {"timestamp": "2026-10-09T16:33:00.680687+00:00", "level": "INFO", "service": "oday-api", "actor": "user", "correlation_id": "corr-r4-005-read-HZ-01-demand", "resource": "HTTP", "action": "GET", "result": "ok", "error_code": null, "message": "HTTP GET /api/v1/operator/network-listings ok"}
[WebServer] {"timestamp": "2026-10-09T16:33:00.810877+00:00", "level": "INFO", "service": "oday-api", "actor": "user", "correlation_id": "corr-r4-006-scoring-read", "resource": "HTTP", "action": "GET", "result": "ok", "error_code": null, "message": "HTTP GET /api/v1/operator/network-scoring ok"}
[WebServer] {"timestamp": "2026-10-09T16:33:00.812657+00:00", "level": "INFO", "service": "oday-api", "actor": "user", "correlation_id": "corr-r4-008-rebalance-read", "resource": "HTTP", "action": "GET", "result": "ok", "error_code": null, "message": "HTTP GET /api/v1/operator/network-rebalance ok"}
[WebServer] {"timestamp": "2026-10-09T16:33:00.815315+00:00", "level": "INFO", "service": "oday-api", "actor": "user", "correlation_id": "corr-operator-bootstrap-6a23ca61-140b-44f5-b494-c71f2ede4360", "resource": "HTTP", "action": "GET", "result": "ok", "error_code": null, "message": "HTTP GET /api/v1/operator/bootstrap ok"}
[WebServer] {"timestamp": "2026-10-09T16:33:00.829642+00:00", "level": "INFO", "service": "oday-api", "actor": "user", "correlation_id": "corr-r4-007-reviews-read", "resource": "HTTP", "action": "GET", "result": "ok", "error_code": null, "message": "HTTP GET /api/v1/operator/network-reviews ok"}
[WebServer] {"timestamp": "2026-10-09T16:33:01.422214+00:00", "level": "INFO", "service": "oday-api", "actor": "user", "correlation_id": "7a521838-fcb7-4fbb-ae4a-ba70e65638be", "resource": "HTTP", "action": "GET", "result": "ok", "error_code": null, "message": "HTTP GET /api/v1/operator/network-listings/intake ok"}
[WebServer] {"timestamp": "2026-10-09T16:33:01.545375+00:00", "level": "INFO", "service": "oday-api", "actor": "user", "correlation_id": "41e5d0fb-f51a-4158-8973-d461909e20bb", "resource": "HTTP", "action": "GET", "result": "ok", "error_code": null, "message": "HTTP GET /api/v1/operator/network-listings/intake ok"}
[WebServer] {"timestamp": "2026-10-09T16:33:01.840667+00:00", "level": "INFO", "service": "oday-api", "actor": "user", "correlation_id": "a5399cb4-e8d6-4c9a-929f-bd2afd31fa20", "resource": "HTTP", "action": "GET", "result": "ok", "error_code": null, "message": "HTTP GET /api/v1/operator/network-listings/intake ok"}
[WebServer] {"timestamp": "2026-10-09T16:33:03.181137+00:00", "level": "INFO", "service": "oday-api", "actor": "user", "correlation_id": "corr-97ba3b02-e6a1-4bd5-a7d6-9719499f298e", "resource": "HTTP", "action": "POST", "result": "ok", "error_code": null, "message": "HTTP POST /api/v1/operator/network-listings/intake/submit ok"}
[WebServer] {"timestamp": "2026-10-09T16:33:03.343293+00:00", "level": "INFO", "service": "oday-api", "actor": "user", "correlation_id": "4ca5f76a-1d0b-4765-97a3-b72b371f0db1", "resource": "HTTP", "action": "GET", "result": "ok", "error_code": null, "message": "HTTP GET /api/v1/operator/network-listings/intake ok"}
[WebServer] {"timestamp": "2026-10-09T16:33:03.659268+00:00", "level": "INFO", "service": "oday-api", "actor": "user", "correlation_id": "5d82a64f-d2b9-4ed1-92cc-ddea1aa635ba", "resource": "HTTP", "action": "GET", "result": "ok", "error_code": null, "message": "HTTP GET /api/v1/operator/network-listings/intake ok"}
[WebServer] {"timestamp": "2026-10-09T16:33:03.703789+00:00", "level": "INFO", "service": "oday-api", "actor": "user", "correlation_id": "43b795ff-0817-4660-b522-35df513f2275", "resource": "HTTP", "action": "GET", "result": "ok", "error_code": null, "message": "HTTP GET /api/v1/operator/network-listings/intake ok"}
[WebServer] {"timestamp": "2026-10-09T16:33:03.707263+00:00", "level": "INFO", "service": "oday-api", "actor": "user", "correlation_id": "264b68ea-21a8-4099-b5a4-6f8dd4dd4d86", "resource": "HTTP", "action": "GET", "result": "ok", "error_code": null, "message": "HTTP GET /api/v1/operator/network-listings/intake/{intake_id} ok"}
[WebServer] {"timestamp": "2026-10-09T16:33:03.709347+00:00", "level": "INFO", "service": "oday-api", "actor": "user", "correlation_id": "a4f38a4a-97ee-4b21-84e3-ce4d00d17ac9", "resource": "HTTP", "action": "GET", "result": "ok", "error_code": null, "message": "HTTP GET /api/v1/operator/network-listings/intake/{intake_id} ok"}
[WebServer] {"timestamp": "2026-10-09T16:33:03.963636+00:00", "level": "INFO", "service": "oday-api", "actor": "user", "correlation_id": "0c7b1f94-fc76-48c3-8f74-6feb37cba667", "resource": "HTTP", "action": "GET", "result": "ok", "error_code": null, "message": "HTTP GET /api/v1/intakes/{intake_id}/promotion-decision ok"}
[WebServer] {"timestamp": "2026-10-09T16:33:04.782633+00:00", "level": "INFO", "service": "oday-api", "actor": "user", "correlation_id": "66f66067-4470-4d62-8cd7-a2dd6cb8a210", "resource": "HTTP", "action": "GET", "result": "ok", "error_code": null, "message": "HTTP GET /api/v1/operator/network-listings/intake ok"}
[WebServer] {"timestamp": "2026-10-09T16:33:05.281098+00:00", "level": "INFO", "service": "oday-api", "actor": "user", "correlation_id": "corr-8af3213e-503a-41d9-b380-120b62d46aef", "resource": "HTTP", "action": "POST", "result": "ok", "error_code": null, "message": "HTTP POST /api/v1/operator/network-listings/intake/{intake_id}/correct ok"}
[WebServer] {"timestamp": "2026-10-09T16:33:05.940180+00:00", "level": "INFO", "service": "oday-api", "actor": "user", "correlation_id": "417fa448-6b1a-4b39-a094-4bcc0f47a9bb", "resource": "HTTP", "action": "GET", "result": "ok", "error_code": null, "message": "HTTP GET /api/v1/operator/network-listings/intake ok"}
[WebServer] {"timestamp": "2026-10-09T16:33:05.971767+00:00", "level": "INFO", "service": "oday-api", "actor": "user", "correlation_id": "cbd31feb-dbb7-4b85-bf70-7bc0696c132f", "resource": "HTTP", "action": "GET", "result": "ok", "error_code": null, "message": "HTTP GET /api/v1/operator/network-listings/intake/{intake_id} ok"}
  ✓  2 [chromium] › tests/e2e/operator-network-assisted-intake.spec.ts:309:7 › Assisted Listing Intake — Package 7 product surfaces › identity-field correction demands a reason, then records before/after (8.4s)
[WebServer] {"timestamp": "2026-10-09T16:33:06.095738+00:00", "level": "INFO", "service": "oday-api", "actor": "user", "correlation_id": "28b5cb38-351b-417b-8641-b5023070cb69", "resource": "HTTP", "action": "POST", "result": "ok", "error_code": null, "message": "HTTP POST /api/v1/operator/network-listings/reset ok"}
[WebServer] {"timestamp": "2026-10-09T16:33:06.243352+00:00", "level": "INFO", "service": "oday-api", "actor": "user", "correlation_id": "5830bc16-c22e-406a-9310-5cda0b03988d", "resource": "HTTP", "action": "GET", "result": "ok", "error_code": null, "message": "HTTP GET /api/v1/operator/network-listings/intake ok"}
[WebServer] {"timestamp": "2026-10-09T16:33:08.527785+00:00", "level": "INFO", "service": "oday-api", "actor": "user", "correlation_id": "corr-r4-005-read-HZ-01-demand", "resource": "HTTP", "action": "GET", "result": "ok", "error_code": null, "message": "HTTP GET /api/v1/operator/network-listings ok"}
[WebServer] {"timestamp": "2026-10-09T16:33:08.604694+00:00", "level": "INFO", "service": "oday-api", "actor": "user", "correlation_id": "corr-r4-008-rebalance-read", "resource": "HTTP", "action": "GET", "result": "ok", "error_code": null, "message": "HTTP GET /api/v1/operator/network-rebalance ok"}
[WebServer] {"timestamp": "2026-10-09T16:33:08.605223+00:00", "level": "INFO", "service": "oday-api", "actor": "user", "correlation_id": "corr-r4-007-reviews-read", "resource": "HTTP", "action": "GET", "result": "ok", "error_code": null, "message": "HTTP GET /api/v1/operator/network-reviews ok"}
[WebServer] {"timestamp": "2026-10-09T16:33:08.613976+00:00", "level": "INFO", "service": "oday-api", "actor": "user", "correlation_id": "corr-r4-006-scoring-read", "resource": "HTTP", "action": "GET", "result": "ok", "error_code": null, "message": "HTTP GET /api/v1/operator/network-scoring ok"}
[WebServer] {"timestamp": "2026-10-09T16:33:09.012421+00:00", "level": "INFO", "service": "oday-api", "actor": "user", "correlation_id": "corr-r4-005-read-HZ-01-demand", "resource": "HTTP", "action": "GET", "result": "ok", "error_code": null, "message": "HTTP GET /api/v1/operator/network-listings ok"}
[WebServer] {"timestamp": "2026-10-09T16:33:09.088375+00:00", "level": "INFO", "service": "oday-api", "actor": "user", "correlation_id": "corr-r4-008-rebalance-read", "resource": "HTTP", "action": "GET", "result": "ok", "error_code": null, "message": "HTTP GET /api/v1/operator/network-rebalance ok"}
[WebServer] {"timestamp": "2026-10-09T16:33:09.088927+00:00", "level": "INFO", "service": "oday-api", "actor": "user", "correlation_id": "corr-r4-006-scoring-read", "resource": "HTTP", "action": "GET", "result": "ok", "error_code": null, "message": "HTTP GET /api/v1/operator/network-scoring ok"}
[WebServer] {"timestamp": "2026-10-09T16:33:09.091781+00:00", "level": "INFO", "service": "oday-api", "actor": "user", "correlation_id": "corr-r4-007-reviews-read", "resource": "HTTP", "action": "GET", "result": "ok", "error_code": null, "message": "HTTP GET /api/v1/operator/network-reviews ok"}
[WebServer] {"timestamp": "2026-10-09T16:33:09.092851+00:00", "level": "INFO", "service": "oday-api", "actor": "user", "correlation_id": "corr-operator-bootstrap-2cac2777-935e-40bb-9fe5-cdd844576301", "resource": "HTTP", "action": "GET", "result": "ok", "error_code": null, "message": "HTTP GET /api/v1/operator/bootstrap ok"}
[WebServer] {"timestamp": "2026-10-09T16:33:09.492530+00:00", "level": "INFO", "service": "oday-api", "actor": "user", "correlation_id": "34c7df44-add3-40a7-8bff-8092cac11274", "resource": "HTTP", "action": "GET", "result": "ok", "error_code": null, "message": "HTTP GET /api/v1/operator/network-listings/intake ok"}
[WebServer] {"timestamp": "2026-10-09T16:33:09.540601+00:00", "level": "INFO", "service": "oday-api", "actor": "user", "correlation_id": "f6e1ec67-de5a-410a-ab6c-fba5bbcbc94d", "resource": "HTTP", "action": "GET", "result": "ok", "error_code": null, "message": "HTTP GET /api/v1/operator/network-listings/intake ok"}
[WebServer] {"timestamp": "2026-10-09T16:33:09.743268+00:00", "level": "INFO", "service": "oday-api", "actor": "user", "correlation_id": "2d153dab-fcd8-4b1b-9540-7e5933d18da1", "resource": "HTTP", "action": "GET", "result": "ok", "error_code": null, "message": "HTTP GET /api/v1/operator/network-listings/intake ok"}
[WebServer] {"timestamp": "2026-10-09T16:33:10.678186+00:00", "level": "INFO", "service": "oday-api", "actor": "user", "correlation_id": "corr-b508b8e5-6e86-4706-8c39-2a7d1ba54438", "resource": "HTTP", "action": "POST", "result": "ok", "error_code": null, "message": "HTTP POST /api/v1/operator/network-listings/intake/submit ok"}
[WebServer] {"timestamp": "2026-10-09T16:33:10.817248+00:00", "level": "INFO", "service": "oday-api", "actor": "user", "correlation_id": "26b12d75-34c0-4ab4-b572-c8cfcb073cb3", "resource": "HTTP", "action": "GET", "result": "ok", "error_code": null, "message": "HTTP GET /api/v1/operator/network-listings/intake ok"}
[WebServer] {"timestamp": "2026-10-09T16:33:11.178792+00:00", "level": "INFO", "service": "oday-api", "actor": "user", "correlation_id": "790d15a2-923d-46c0-8b45-d8d45732db43", "resource": "HTTP", "action": "GET", "result": "ok", "error_code": null, "message": "HTTP GET /api/v1/operator/network-listings/intake ok"}
[WebServer] {"timestamp": "2026-10-09T16:33:11.216353+00:00", "level": "INFO", "service": "oday-api", "actor": "user", "correlation_id": "042e4400-5ceb-44c7-90dd-0e842ba37eb9", "resource": "HTTP", "action": "GET", "result": "ok", "error_code": null, "message": "HTTP GET /api/v1/operator/network-listings/intake/{intake_id} ok"}
[WebServer] {"timestamp": "2026-10-09T16:33:11.218702+00:00", "level": "INFO", "service": "oday-api", "actor": "user", "correlation_id": "5bfa4a10-0471-43be-83d5-955047ace4ca", "resource": "HTTP", "action": "GET", "result": "ok", "error_code": null, "message": "HTTP GET /api/v1/operator/network-listings/intake/{intake_id} ok"}
[WebServer] {"timestamp": "2026-10-09T16:33:11.220991+00:00", "level": "INFO", "service": "oday-api", "actor": "user", "correlation_id": "adf1a005-a898-4c3e-8080-731f44479253", "resource": "HTTP", "action": "GET", "result": "ok", "error_code": null, "message": "HTTP GET /api/v1/operator/network-listings/intake ok"}
[WebServer] {"timestamp": "2026-10-09T16:33:11.480150+00:00", "level": "INFO", "service": "oday-api", "actor": "user", "correlation_id": "65f412b2-b045-4e69-8527-7f3c9ca7115d", "resource": "HTTP", "action": "GET", "result": "ok", "error_code": null, "message": "HTTP GET /api/v1/intakes/{intake_id}/promotion-decision ok"}
[WebServer] {"timestamp": "2026-10-09T16:33:12.000839+00:00", "level": "INFO", "service": "oday-api", "actor": "user", "correlation_id": "95ec37c6-c0d8-4b05-851d-0756e5fcfe6e", "resource": "HTTP", "action": "GET", "result": "ok", "error_code": null, "message": "HTTP GET /api/v1/operator/network-listings/intake ok"}
[WebServer] {"timestamp": "2026-10-09T16:33:12.299656+00:00", "level": "INFO", "service": "oday-api", "actor": "user", "correlation_id": "corr-01d263e1-b327-45c3-9505-4553ffe26aa8", "resource": "HTTP", "action": "POST", "result": "ok", "error_code": null, "message": "HTTP POST /api/v1/operator/network-listings/intake/{intake_id}/correct ok"}
[WebServer] {"timestamp": "2026-10-09T16:33:12.770065+00:00", "level": "INFO", "service": "oday-api", "actor": "user", "correlation_id": "b5ebbe47-f294-4ee7-8e8a-908feadb664f", "resource": "HTTP", "action": "GET", "result": "ok", "error_code": null, "message": "HTTP GET /api/v1/operator/network-listings/intake ok"}
[WebServer] {"timestamp": "2026-10-09T16:33:13.454508+00:00", "level": "INFO", "service": "oday-api", "actor": "user", "correlation_id": "c47c1c4b-56f8-4e6f-896e-74b079c3d996", "resource": "HTTP", "action": "GET", "result": "ok", "error_code": null, "message": "HTTP GET /api/v1/operator/network-listings/intake ok"}
[WebServer] {"timestamp": "2026-10-09T16:33:13.482481+00:00", "level": "INFO", "service": "oday-api", "actor": "user", "correlation_id": "8cff5695-6b7a-4ffc-934e-a397038a13ae", "resource": "HTTP", "action": "GET", "result": "ok", "error_code": null, "message": "HTTP GET /api/v1/operator/network-listings/intake ok"}
[WebServer] {"timestamp": "2026-10-09T16:33:13.583087+00:00", "level": "INFO", "service": "oday-api", "actor": "user", "correlation_id": "7167326d-b428-4ebe-81a6-34851b1ec4b3", "resource": "HTTP", "action": "GET", "result": "ok", "error_code": null, "message": "HTTP GET /api/v1/operator/network-listings/intake ok"}
[WebServer] {"timestamp": "2026-10-09T16:33:13.672245+00:00", "level": "INFO", "service": "oday-api", "actor": "user", "correlation_id": "5ce2b5f3-c031-460c-a07d-633995fc1ba8", "resource": "HTTP", "action": "GET", "result": "ok", "error_code": null, "message": "HTTP GET /api/v1/intakes/{intake_id}/promotion-decision ok"}
[WebServer] {"timestamp": "2026-10-09T16:33:15.394060+00:00", "level": "INFO", "service": "oday-api", "actor": "user", "correlation_id": "e60af6fb-0f91-4577-bd66-a52b2285ff42", "resource": "HTTP", "action": "GET", "result": "ok", "error_code": null, "message": "HTTP GET /api/v1/operator/network-listings/intake/{intake_id} ok"}
[WebServer] {"timestamp": "2026-10-09T16:33:15.509124+00:00", "level": "INFO", "service": "oday-api", "actor": "user", "correlation_id": "corr-r4-006-scoring-read", "resource": "HTTP", "action": "GET", "result": "ok", "error_code": null, "message": "HTTP GET /api/v1/operator/network-scoring ok"}
[WebServer] {"timestamp": "2026-10-09T16:33:15.509600+00:00", "level": "INFO", "service": "oday-api", "actor": "user", "correlation_id": "corr-r4-008-rebalance-read", "resource": "HTTP", "action": "GET", "result": "ok", "error_code": null, "message": "HTTP GET /api/v1/operator/network-rebalance ok"}
[WebServer] {"timestamp": "2026-10-09T16:33:15.514335+00:00", "level": "INFO", "service": "oday-api", "actor": "user", "correlation_id": "corr-r4-007-reviews-read", "resource": "HTTP", "action": "GET", "result": "ok", "error_code": null, "message": "HTTP GET /api/v1/operator/network-reviews ok"}
[WebServer] {"timestamp": "2026-10-09T16:33:15.515372+00:00", "level": "INFO", "service": "oday-api", "actor": "user", "correlation_id": "corr-r4-005-read-HZ-01-demand", "resource": "HTTP", "action": "GET", "result": "ok", "error_code": null, "message": "HTTP GET /api/v1/operator/network-listings ok"}
[WebServer] {"timestamp": "2026-10-09T16:33:15.867937+00:00", "level": "INFO", "service": "oday-api", "actor": "user", "correlation_id": "f92a3162-8eda-4321-9223-b806c2fc7894", "resource": "HTTP", "action": "GET", "result": "ok", "error_code": null, "message": "HTTP GET /api/v1/operator/network-listings/intake ok"}
[WebServer] {"timestamp": "2026-10-09T16:33:15.980855+00:00", "level": "INFO", "service": "oday-api", "actor": "user", "correlation_id": "corr-r4-005-read-HZ-01-demand", "resource": "HTTP", "action": "GET", "result": "ok", "error_code": null, "message": "HTTP GET /api/v1/operator/network-listings ok"}
[WebServer] {"timestamp": "2026-10-09T16:33:15.984310+00:00", "level": "INFO", "service": "oday-api", "actor": "user", "correlation_id": "corr-r4-006-scoring-read", "resource": "HTTP", "action": "GET", "result": "ok", "error_code": null, "message": "HTTP GET /api/v1/operator/network-scoring ok"}
[WebServer] {"timestamp": "2026-10-09T16:33:15.987948+00:00", "level": "INFO", "service": "oday-api", "actor": "user", "correlation_id": "f4791b1e-a2e2-4ec4-a179-c16ae1d52fd2", "resource": "HTTP", "action": "GET", "result": "ok", "error_code": null, "message": "HTTP GET /api/v1/operator/network-listings/intake/{intake_id} ok"}
[WebServer] {"timestamp": "2026-10-09T16:33:16.042032+00:00", "level": "INFO", "service": "oday-api", "actor": "user", "correlation_id": "corr-r4-008-rebalance-read", "resource": "HTTP", "action": "GET", "result": "ok", "error_code": null, "message": "HTTP GET /api/v1/operator/network-rebalance ok"}
[WebServer] {"timestamp": "2026-10-09T16:33:16.092682+00:00", "level": "INFO", "service": "oday-api", "actor": "user", "correlation_id": "corr-r4-007-reviews-read", "resource": "HTTP", "action": "GET", "result": "ok", "error_code": null, "message": "HTTP GET /api/v1/operator/network-reviews ok"}
[WebServer] {"timestamp": "2026-10-09T16:33:16.129705+00:00", "level": "INFO", "service": "oday-api", "actor": "user", "correlation_id": "corr-operator-bootstrap-7aa94381-b15e-409e-9bd3-11f0d00f6d68", "resource": "HTTP", "action": "GET", "result": "ok", "error_code": null, "message": "HTTP GET /api/v1/operator/bootstrap ok"}
[WebServer] {"timestamp": "2026-10-09T16:33:16.514165+00:00", "level": "INFO", "service": "oday-api", "actor": "user", "correlation_id": "e2435f68-7d67-47b5-864f-823b9d0827df", "resource": "HTTP", "action": "GET", "result": "ok", "error_code": null, "message": "HTTP GET /api/v1/intakes/{intake_id}/promotion-decision ok"}
[WebServer] {"timestamp": "2026-10-09T16:33:17.250153+00:00", "level": "INFO", "service": "oday-api", "actor": "user", "correlation_id": "ef15beaf-8976-44e2-871f-e701cc809ca3", "resource": "HTTP", "action": "GET", "result": "ok", "error_code": null, "message": "HTTP GET /api/v1/operator/network-listings/intake ok"}
[WebServer] {"timestamp": "2026-10-09T16:33:17.397571+00:00", "level": "INFO", "service": "oday-api", "actor": "user", "correlation_id": "corr-8d3b5f43-9b47-4736-94fc-66b1adfd6130", "resource": "HTTP", "action": "POST", "result": "ok", "error_code": null, "message": "HTTP POST /api/v1/operator/network-listings/intake/{intake_id}/decide ok"}
[WebServer] {"timestamp": "2026-10-09T16:33:17.516166+00:00", "level": "INFO", "service": "oday-api", "actor": "user", "correlation_id": "46ee6172-26c7-408a-a313-1afbffa5df84", "resource": "HTTP", "action": "GET", "result": "ok", "error_code": null, "message": "HTTP GET /api/v1/operator/network-listings/intake ok"}
[WebServer] {"timestamp": "2026-10-09T16:33:17.877992+00:00", "level": "INFO", "service": "oday-api", "actor": "user", "correlation_id": "2e692863-ccd9-4ff9-82ee-e8cf46d94270", "resource": "HTTP", "action": "GET", "result": "ok", "error_code": null, "message": "HTTP GET /api/v1/operator/network-listings/intake ok"}
[WebServer] {"timestamp": "2026-10-09T16:33:19.828655+00:00", "level": "INFO", "service": "oday-api", "actor": "user", "correlation_id": "effb29a0-30ed-4fbc-a975-c07ccdbe90cd", "resource": "HTTP", "action": "GET", "result": "ok", "error_code": null, "message": "HTTP GET /api/v1/operator/network-listings/intake/{intake_id} ok"}
[WebServer] {"timestamp": "2026-10-09T16:33:19.859812+00:00", "level": "INFO", "service": "oday-api", "actor": "user", "correlation_id": "corr-r4-005-read-HZ-01-demand", "resource": "HTTP", "action": "GET", "result": "ok", "error_code": null, "message": "HTTP GET /api/v1/operator/network-listings ok"}
[WebServer] {"timestamp": "2026-10-09T16:33:19.913183+00:00", "level": "INFO", "service": "oday-api", "actor": "user", "correlation_id": "corr-r4-008-rebalance-read", "resource": "HTTP", "action": "GET", "result": "ok", "error_code": null, "message": "HTTP GET /api/v1/operator/network-rebalance ok"}
[WebServer] {"timestamp": "2026-10-09T16:33:19.916744+00:00", "level": "INFO", "service": "oday-api", "actor": "user", "correlation_id": "corr-r4-007-reviews-read", "resource": "HTTP", "action": "GET", "result": "ok", "error_code": null, "message": "HTTP GET /api/v1/operator/network-reviews ok"}
[WebServer] {"timestamp": "2026-10-09T16:33:19.918605+00:00", "level": "INFO", "service": "oday-api", "actor": "user", "correlation_id": "corr-r4-006-scoring-read", "resource": "HTTP", "action": "GET", "result": "ok", "error_code": null, "message": "HTTP GET /api/v1/operator/network-scoring ok"}
[WebServer] {"timestamp": "2026-10-09T16:33:20.090258+00:00", "level": "INFO", "service": "oday-api", "actor": "user", "correlation_id": "6bdcf988-3def-4770-9946-6fd983133646", "resource": "HTTP", "action": "GET", "result": "ok", "error_code": null, "message": "HTTP GET /api/v1/operator/network-listings/intake ok"}
[WebServer] {"timestamp": "2026-10-09T16:33:20.245718+00:00", "level": "INFO", "service": "oday-api", "actor": "user", "correlation_id": "f3d6727e-26e0-404d-b442-3a476102ed04", "resource": "HTTP", "action": "GET", "result": "ok", "error_code": null, "message": "HTTP GET /api/v1/operator/network-listings/intake/{intake_id} ok"}
[WebServer] {"timestamp": "2026-10-09T16:33:20.251093+00:00", "level": "INFO", "service": "oday-api", "actor": "user", "correlation_id": "corr-r4-005-read-HZ-01-demand", "resource": "HTTP", "action": "GET", "result": "ok", "error_code": null, "message": "HTTP GET /api/v1/operator/network-listings ok"}
[WebServer] {"timestamp": "2026-10-09T16:33:20.253099+00:00", "level": "INFO", "service": "oday-api", "actor": "user", "correlation_id": "corr-r4-006-scoring-read", "resource": "HTTP", "action": "GET", "result": "ok", "error_code": null, "message": "HTTP GET /api/v1/operator/network-scoring ok"}
[WebServer] {"timestamp": "2026-10-09T16:33:20.282768+00:00", "level": "INFO", "service": "oday-api", "actor": "user", "correlation_id": "corr-r4-008-rebalance-read", "resource": "HTTP", "action": "GET", "result": "ok", "error_code": null, "message": "HTTP GET /api/v1/operator/network-rebalance ok"}
[WebServer] {"timestamp": "2026-10-09T16:33:20.359153+00:00", "level": "INFO", "service": "oday-api", "actor": "user", "correlation_id": "corr-r4-007-reviews-read", "resource": "HTTP", "action": "GET", "result": "ok", "error_code": null, "message": "HTTP GET /api/v1/operator/network-reviews ok"}
[WebServer] {"timestamp": "2026-10-09T16:33:20.386299+00:00", "level": "INFO", "service": "oday-api", "actor": "user", "correlation_id": "corr-operator-bootstrap-7aeaa9f5-658c-4f99-9b50-4123a91415ef", "resource": "HTTP", "action": "GET", "result": "ok", "error_code": null, "message": "HTTP GET /api/v1/operator/bootstrap ok"}
[WebServer] {"timestamp": "2026-10-09T16:33:20.399473+00:00", "level": "INFO", "service": "oday-api", "actor": "user", "correlation_id": "ff33bd40-55cd-463b-a177-d189c95d6585", "resource": "HTTP", "action": "GET", "result": "ok", "error_code": null, "message": "HTTP GET /api/v1/intakes/{intake_id}/promotion-decision ok"}
  ✓  3 [chromium] › tests/e2e/operator-network-assisted-intake.spec.ts:882:7 › Assisted Listing Intake — Package 7 product surfaces › decisions and corrections survive page reload and a fresh browser context (14.7s)

  3 passed (1.1m)
