........................................................................ [  2%]
............................................................ [  4%]
..................................................................... [  6%]
........................................................................ [  9%]
...................................................................... [ 11%]
................................................................. [ 13%]
..................................................................... [ 16%]
..................................................................................................... [ 19%]
................................................................. [ 21%]
....................................... [ 23%]
................................................................ [ 25%]
........................................................................ [ 27%]
........................................................................ [ 30%]
.............................................................. [ 32%]
............................................................ [ 34%]
..................................................... [ 36%]
........................................................................ [ 38%]
........................................................................ [ 41%]
.................................................................... [ 43%]
........................................................ [ 45%]
........................................................... [ 47%]
................................................ [ 49%]
...............................................................................s....sss.ss.......... [ 52%]
................................................... [ 54%]
................................................................................................ [ 57%]
......................................................... [ 59%]
............................................................ [ 61%]
.................................................................. [ 63%]
................................................................ [ 66%]
.................................................... [ 67%]
................................................................... [ 70%]
........................................................................ [ 72%]
........................................................................ [ 75%]
................................................................... [ 77%]
................................................... [ 79%]
........................................................................ [ 81%]
.......................................................... [ 83%]
........................................... [ 85%]
.................................................................................................................................. [ 89%]
.......................................................... [ 91%]
........................................................................ [ 93%]
........................................................................ [ 96%]
........................................................................ [ 98%]
..................................                                       [100%]
=============================== warnings summary ===============================
.orchestrator/test_supervisor.py::SupervisorFailureLoopCoverageTests::test_runtime_state_save_serializes_two_real_writers
.orchestrator/test_supervisor.py::SupervisorFailureLoopCoverageTests::test_runtime_state_save_serializes_two_real_writers
  /tmp/pantheon-worker-worktrees/pantheon/odp-orch-quota-recovery-state-001/.orchestrator/test_supervisor.py:17457: DeprecationWarning: This process (pid=4057538) is multi-threaded, use of fork() may lead to deadlocks in the child.
    pid = os.fork()

.orchestrator/test_supervisor_watchdog.py::SupervisorPidIdentityTests::test_zombie_child_is_not_alive
  /tmp/pantheon-worker-worktrees/pantheon/odp-orch-quota-recovery-state-001/.orchestrator/test_supervisor_watchdog.py:237: DeprecationWarning: This process (pid=4057538) is multi-threaded, use of fork() may lead to deadlocks in the child.
    pid = os.fork()

-- Docs: https://docs.pytest.org/en/stable/how-to/capture-warnings.html
2920 passed, 6 skipped, 10 deselected, 3 warnings, 636 subtests passed in 437.99s (0:07:17)
