........................................................................ [  2%]
................................................................................................................................. [  6%]
........................................................................ [  9%]
........................................................................ [ 11%]
............................................................... [ 13%]
..................................................................... [ 15%]
............................................................. [ 17%]
................................................................................................................ [ 21%]
................................................................. [ 23%]
....................................... [ 25%]
................................................................ [ 27%]
........................................................................ [ 29%]
........................................................................ [ 31%]
.............................................................. [ 33%]
...................................................................................................................... [ 37%]
................................................................... [ 40%]
........................................................................ [ 42%]
...................................................................... [ 44%]
................................................................................................................. [ 48%]
................................................ [ 50%]
................................................................................................s... [ 53%]
.sss.ss............................................................................................................. [ 57%]
....................................... [ 58%]
.......................................................... [ 60%]
................................................... [ 62%]
.................................................................. [ 64%]
................................................................ [ 66%]
....................................................................................................................... [ 70%]
........................................................................ [ 72%]
........................................................................ [ 75%]
................................................................... [ 77%]
................................................... [ 79%]
........................................................................ [ 81%]
.......................................................... [ 83%]
...................................................... [ 85%]
.................................................................. [ 87%]
............................................................................................................... [ 91%]
........................................................................ [ 93%]
........................................................................ [ 95%]
........................................................................ [ 98%]
...................................................                      [100%]
=============================== warnings summary ===============================
.orchestrator/test_supervisor.py::SupervisorFailureLoopCoverageTests::test_runtime_state_save_serializes_two_real_writers
.orchestrator/test_supervisor.py::SupervisorFailureLoopCoverageTests::test_runtime_state_save_serializes_two_real_writers
  /tmp/pantheon-worker-worktrees/pantheon/odp-orch-quota-recovery-state-001/.orchestrator/test_supervisor.py:17527: DeprecationWarning: This process (pid=205265) is multi-threaded, use of fork() may lead to deadlocks in the child.
    pid = os.fork()

.orchestrator/test_supervisor_watchdog.py::SupervisorPidIdentityTests::test_zombie_child_is_not_alive
  /tmp/pantheon-worker-worktrees/pantheon/odp-orch-quota-recovery-state-001/.orchestrator/test_supervisor_watchdog.py:237: DeprecationWarning: This process (pid=205265) is multi-threaded, use of fork() may lead to deadlocks in the child.
    pid = os.fork()

-- Docs: https://docs.pytest.org/en/stable/how-to/capture-warnings.html
3009 passed, 6 skipped, 10 deselected, 3 warnings, 636 subtests passed in 462.56s (0:07:42)
