[WebServer] 2026/10/09 21:26:56 INFO mlflow.agent.hint: Load the `instrumenting-with-mlflow-tracing` skill at /tmp/pantheon-worker-worktrees/pantheon/odp-ui-network-tabs-parity-001/.venv/lib/python3.12/site-packages/mlflow/assistant/skills/instrumenting-with-mlflow-tracing/SKILL.md before writing any tracing code; it ships with this MLflow install. Set MLFLOW_DISABLE_AGENT_HINT=1 to silence this.
[WebServer] 2026/10/09 21:26:58 INFO mlflow.store.db.utils: Creating initial MLflow database tables...
[WebServer] 2026/10/09 21:26:58 INFO mlflow.store.db.utils: Updating database tables
[WebServer] 2026/10/09 21:27:03 INFO mlflow.store.db.utils: Creating initial MLflow database tables...
[WebServer] 2026/10/09 21:27:03 INFO mlflow.store.db.utils: Updating database tables
[WebServer] INFO:     Started server process [2194725]
[WebServer] INFO:     Waiting for application startup.
[WebServer] INFO:     Application startup complete.
[WebServer] INFO:     Uvicorn running on http://127.0.0.1:8310 (Press CTRL+C to quit)
[WebServer] {"timestamp": "2026-10-09T21:27:06.418065+00:00", "level": "INFO", "service": "oday-api", "actor": "user", "correlation_id": "f83055bb-eb64-4f00-8e70-2c2b2eda8966", "resource": "HTTP", "action": "GET", "result": "ok", "error_code": null, "message": "HTTP GET /platform/health ok"}

Running 4 tests using 1 worker

[WebServer] {"timestamp": "2026-10-09T21:27:22.633164+00:00", "level": "INFO", "service": "oday-api", "actor": "user", "correlation_id": "585b171c-2a80-49a0-9924-ba20ba956598", "resource": "HTTP", "action": "POST", "result": "ok", "error_code": null, "message": "HTTP POST /api/v1/heatzones/merge-split/evaluate ok"}
[WebServer] {"timestamp": "2026-10-09T21:27:29.323641+00:00", "level": "INFO", "service": "oday-api", "actor": "user", "correlation_id": "corr-r4-005-read-HZ-01-demand", "resource": "HTTP", "action": "GET", "result": "ok", "error_code": null, "message": "HTTP GET /api/v1/operator/network-listings ok"}
[WebServer] {"timestamp": "2026-10-09T21:27:29.333859+00:00", "level": "INFO", "service": "oday-api", "actor": "user", "correlation_id": "corr-r4-006-scoring-read", "resource": "HTTP", "action": "GET", "result": "ok", "error_code": null, "message": "HTTP GET /api/v1/operator/network-scoring ok"}
[WebServer] {"timestamp": "2026-10-09T21:27:29.334644+00:00", "level": "INFO", "service": "oday-api", "actor": "user", "correlation_id": "corr-r4-008-rebalance-read", "resource": "HTTP", "action": "GET", "result": "ok", "error_code": null, "message": "HTTP GET /api/v1/operator/network-rebalance ok"}
[WebServer] {"timestamp": "2026-10-09T21:27:29.338870+00:00", "level": "INFO", "service": "oday-api", "actor": "user", "correlation_id": "corr-r4-007-reviews-read", "resource": "HTTP", "action": "GET", "result": "ok", "error_code": null, "message": "HTTP GET /api/v1/operator/network-reviews ok"}
[WebServer] {"timestamp": "2026-10-09T21:27:29.353278+00:00", "level": "INFO", "service": "oday-api", "actor": "user", "correlation_id": "corr-r4-006-scoring-read", "resource": "HTTP", "action": "GET", "result": "ok", "error_code": null, "message": "HTTP GET /api/v1/operator/network-scoring ok"}
[WebServer] {"timestamp": "2026-10-09T21:27:29.355947+00:00", "level": "INFO", "service": "oday-api", "actor": "user", "correlation_id": "corr-r4-005-read-HZ-01-demand", "resource": "HTTP", "action": "GET", "result": "ok", "error_code": null, "message": "HTTP GET /api/v1/operator/network-listings ok"}
[WebServer] {"timestamp": "2026-10-09T21:27:29.529731+00:00", "level": "INFO", "service": "oday-api", "actor": "user", "correlation_id": "corr-r4-008-rebalance-read", "resource": "HTTP", "action": "GET", "result": "ok", "error_code": null, "message": "HTTP GET /api/v1/operator/network-rebalance ok"}
[WebServer] {"timestamp": "2026-10-09T21:27:29.618614+00:00", "level": "INFO", "service": "oday-api", "actor": "user", "correlation_id": "corr-r4-007-reviews-read", "resource": "HTTP", "action": "GET", "result": "ok", "error_code": null, "message": "HTTP GET /api/v1/operator/network-reviews ok"}
[WebServer] {"timestamp": "2026-10-09T21:27:29.623325+00:00", "level": "INFO", "service": "oday-api", "actor": "user", "correlation_id": "corr-operator-bootstrap-458fc283-c529-4147-8d13-44b8b526b24e", "resource": "HTTP", "action": "GET", "result": "ok", "error_code": null, "message": "HTTP GET /api/v1/operator/bootstrap ok"}
[WebServer] {"timestamp": "2026-10-09T21:27:29.943690+00:00", "level": "INFO", "service": "oday-api", "actor": "user", "correlation_id": "corr-hz006-proposals-list-1791581246014", "resource": "HTTP", "action": "GET", "result": "ok", "error_code": null, "message": "HTTP GET /api/v1/heatzones/merge-split/proposals ok"}
[WebServer] {"timestamp": "2026-10-09T21:27:30.385060+00:00", "level": "INFO", "service": "oday-api", "actor": "user", "correlation_id": "corr-hz006-proposals-list-1791581246018", "resource": "HTTP", "action": "GET", "result": "ok", "error_code": null, "message": "HTTP GET /api/v1/heatzones/merge-split/proposals ok"}
[WebServer] {"timestamp": "2026-10-09T21:27:30.894899+00:00", "level": "INFO", "service": "oday-api", "actor": "user", "correlation_id": "corr-hz006-proposal-preview-713fd014-76ce-499c-9787-85692f25eb59", "resource": "HTTP", "action": "POST", "result": "ok", "error_code": null, "message": "HTTP POST /api/v1/heatzones/merge-split/proposals/{proposal_id}/preview ok"}
[WebServer] {"timestamp": "2026-10-09T21:27:33.584769+00:00", "level": "INFO", "service": "oday-api", "actor": "user", "correlation_id": "corr-hz006-proposal-approve-713fd014-76ce-499c-9787-85692f25eb59", "resource": "HTTP", "action": "POST", "result": "ok", "error_code": null, "message": "HTTP POST /api/v1/heatzones/merge-split/proposals/{proposal_id}/approve ok"}
[WebServer] {"timestamp": "2026-10-09T21:27:33.682933+00:00", "level": "INFO", "service": "oday-api", "actor": "user", "correlation_id": "corr-hz006-proposals-list-1791581253593", "resource": "HTTP", "action": "GET", "result": "ok", "error_code": null, "message": "HTTP GET /api/v1/heatzones/merge-split/proposals ok"}
[WebServer] {"timestamp": "2026-10-09T21:27:33.832801+00:00", "level": "INFO", "service": "oday-api", "actor": "user", "correlation_id": "43d27721-4bde-4158-aa80-8f23f5e74b06", "resource": "HTTP", "action": "GET", "result": "ok", "error_code": null, "message": "HTTP GET /api/v1/heatzones/merge-split/proposals/{proposal_id} ok"}
[WebServer] {"timestamp": "2026-10-09T21:27:35.680659+00:00", "level": "INFO", "service": "oday-api", "actor": "user", "correlation_id": "corr-r4-005-read-HZ-01-demand", "resource": "HTTP", "action": "GET", "result": "ok", "error_code": null, "message": "HTTP GET /api/v1/operator/network-listings ok"}
[WebServer] {"timestamp": "2026-10-09T21:27:35.755239+00:00", "level": "INFO", "service": "oday-api", "actor": "user", "correlation_id": "corr-r4-006-scoring-read", "resource": "HTTP", "action": "GET", "result": "ok", "error_code": null, "message": "HTTP GET /api/v1/operator/network-scoring ok"}
[WebServer] {"timestamp": "2026-10-09T21:27:35.761113+00:00", "level": "INFO", "service": "oday-api", "actor": "user", "correlation_id": "corr-r4-007-reviews-read", "resource": "HTTP", "action": "GET", "result": "ok", "error_code": null, "message": "HTTP GET /api/v1/operator/network-reviews ok"}
[WebServer] {"timestamp": "2026-10-09T21:27:35.767377+00:00", "level": "INFO", "service": "oday-api", "actor": "user", "correlation_id": "corr-r4-008-rebalance-read", "resource": "HTTP", "action": "GET", "result": "ok", "error_code": null, "message": "HTTP GET /api/v1/operator/network-rebalance ok"}
[WebServer] {"timestamp": "2026-10-09T21:27:36.084429+00:00", "level": "INFO", "service": "oday-api", "actor": "user", "correlation_id": "corr-r4-005-read-HZ-01-demand", "resource": "HTTP", "action": "GET", "result": "ok", "error_code": null, "message": "HTTP GET /api/v1/operator/network-listings ok"}
[WebServer] {"timestamp": "2026-10-09T21:27:36.169740+00:00", "level": "INFO", "service": "oday-api", "actor": "user", "correlation_id": "corr-r4-006-scoring-read", "resource": "HTTP", "action": "GET", "result": "ok", "error_code": null, "message": "HTTP GET /api/v1/operator/network-scoring ok"}
[WebServer] {"timestamp": "2026-10-09T21:27:36.175532+00:00", "level": "INFO", "service": "oday-api", "actor": "user", "correlation_id": "corr-r4-008-rebalance-read", "resource": "HTTP", "action": "GET", "result": "ok", "error_code": null, "message": "HTTP GET /api/v1/operator/network-rebalance ok"}
[WebServer] {"timestamp": "2026-10-09T21:27:36.179364+00:00", "level": "INFO", "service": "oday-api", "actor": "user", "correlation_id": "corr-r4-007-reviews-read", "resource": "HTTP", "action": "GET", "result": "ok", "error_code": null, "message": "HTTP GET /api/v1/operator/network-reviews ok"}
[WebServer] {"timestamp": "2026-10-09T21:27:36.239737+00:00", "level": "INFO", "service": "oday-api", "actor": "user", "correlation_id": "corr-operator-bootstrap-82c98a36-51b3-44c3-94e3-ab275c9c082c", "resource": "HTTP", "action": "GET", "result": "ok", "error_code": null, "message": "HTTP GET /api/v1/operator/bootstrap ok"}
[WebServer] {"timestamp": "2026-10-09T21:27:36.347245+00:00", "level": "INFO", "service": "oday-api", "actor": "user", "correlation_id": "corr-hz006-proposals-list-1791581255653", "resource": "HTTP", "action": "GET", "result": "ok", "error_code": null, "message": "HTTP GET /api/v1/heatzones/merge-split/proposals ok"}
[WebServer] {"timestamp": "2026-10-09T21:27:36.352514+00:00", "level": "INFO", "service": "oday-api", "actor": "user", "correlation_id": "corr-hz006-proposals-list-1791581255653", "resource": "HTTP", "action": "GET", "result": "ok", "error_code": null, "message": "HTTP GET /api/v1/heatzones/merge-split/proposals ok"}
[WebServer] {"timestamp": "2026-10-09T21:27:38.071002+00:00", "level": "INFO", "service": "oday-api", "actor": "user", "correlation_id": "42c9d7da-f78f-4ee3-85db-cb158d14dc35", "resource": "HTTP", "action": "GET", "result": "ok", "error_code": null, "message": "HTTP GET /api/v1/heatzones/merge-split/proposals/{proposal_id} ok"}
[WebServer] /tmp/pantheon-worker-worktrees/pantheon/odp-ui-network-tabs-parity-001/.venv/lib/python3.12/site-packages/anyio/_backends/_asyncio.py:1033: StarletteDeprecationWarning: 'HTTP_422_UNPROCESSABLE_ENTITY' is deprecated. Use 'HTTP_422_UNPROCESSABLE_CONTENT' instead.
[WebServer]   result = context.run(func, *args)
[WebServer] {"timestamp": "2026-10-09T21:27:38.132146+00:00", "level": "INFO", "service": "oday-api", "actor": "user", "correlation_id": "97c1a93f-bed5-43f2-8f2c-8e58c3388556", "resource": "HTTP", "action": "POST", "result": "ok", "error_code": null, "message": "HTTP POST /api/v1/heatzones/merge-split/proposals/{proposal_id}/approve ok"}
2026/10/09 21:27:42 INFO mlflow.agent.hint: Load the `instrumenting-with-mlflow-tracing` skill at /tmp/pantheon-worker-worktrees/pantheon/odp-ui-network-tabs-parity-001/.venv/lib/python3.12/site-packages/mlflow/assistant/skills/instrumenting-with-mlflow-tracing/SKILL.md before writing any tracing code; it ships with this MLflow install. Set MLFLOW_DISABLE_AGENT_HINT=1 to silence this.
[WebServer] {"timestamp": "2026-10-09T21:27:43.996997+00:00", "level": "INFO", "service": "oday-api", "actor": "user", "correlation_id": "79235d0d-c4a9-4ca0-8f0c-d3b963f72c31", "resource": "HTTP", "action": "GET", "result": "ok", "error_code": null, "message": "HTTP GET /api/v1/heatzones/zones/{zone_id}/lineage ok"}
[WebServer] {"timestamp": "2026-10-09T21:27:44.055253+00:00", "level": "INFO", "service": "oday-api", "actor": "user", "correlation_id": "b6102414-ab22-4e2b-8b58-1cdebee6f881", "resource": "HTTP", "action": "POST", "result": "ok", "error_code": null, "message": "HTTP POST /api/v1/heatzones/zones/{zone_id}/rollback ok"}
  ✓  1 [chromium] › tests/visual/operator-spatial-durable-parity.spec.ts:15:9 › Spatial SQLite approve preview decision reload at 1440 (24.3s)
[WebServer] {"timestamp": "2026-10-09T21:27:44.256816+00:00", "level": "INFO", "service": "oday-api", "actor": "user", "correlation_id": "47b46812-a0aa-4b11-977d-d97697d6974c", "resource": "HTTP", "action": "POST", "result": "ok", "error_code": null, "message": "HTTP POST /api/v1/heatzones/merge-split/evaluate ok"}
[WebServer] {"timestamp": "2026-10-09T21:27:46.940049+00:00", "level": "INFO", "service": "oday-api", "actor": "user", "correlation_id": "corr-r4-005-read-HZ-01-demand", "resource": "HTTP", "action": "GET", "result": "ok", "error_code": null, "message": "HTTP GET /api/v1/operator/network-listings ok"}
[WebServer] {"timestamp": "2026-10-09T21:27:46.953204+00:00", "level": "INFO", "service": "oday-api", "actor": "user", "correlation_id": "corr-r4-008-rebalance-read", "resource": "HTTP", "action": "GET", "result": "ok", "error_code": null, "message": "HTTP GET /api/v1/operator/network-rebalance ok"}
[WebServer] {"timestamp": "2026-10-09T21:27:46.959131+00:00", "level": "INFO", "service": "oday-api", "actor": "user", "correlation_id": "corr-r4-006-scoring-read", "resource": "HTTP", "action": "GET", "result": "ok", "error_code": null, "message": "HTTP GET /api/v1/operator/network-scoring ok"}
[WebServer] {"timestamp": "2026-10-09T21:27:46.961784+00:00", "level": "INFO", "service": "oday-api", "actor": "user", "correlation_id": "corr-r4-007-reviews-read", "resource": "HTTP", "action": "GET", "result": "ok", "error_code": null, "message": "HTTP GET /api/v1/operator/network-reviews ok"}
[WebServer] {"timestamp": "2026-10-09T21:27:47.391175+00:00", "level": "INFO", "service": "oday-api", "actor": "user", "correlation_id": "corr-hz006-proposals-list-1791581266836", "resource": "HTTP", "action": "GET", "result": "ok", "error_code": null, "message": "HTTP GET /api/v1/heatzones/merge-split/proposals ok"}
[WebServer] {"timestamp": "2026-10-09T21:27:47.842422+00:00", "level": "INFO", "service": "oday-api", "actor": "user", "correlation_id": "corr-r4-005-read-HZ-01-demand", "resource": "HTTP", "action": "GET", "result": "ok", "error_code": null, "message": "HTTP GET /api/v1/operator/network-listings ok"}
[WebServer] {"timestamp": "2026-10-09T21:27:47.896752+00:00", "level": "INFO", "service": "oday-api", "actor": "user", "correlation_id": "corr-r4-006-scoring-read", "resource": "HTTP", "action": "GET", "result": "ok", "error_code": null, "message": "HTTP GET /api/v1/operator/network-scoring ok"}
[WebServer] {"timestamp": "2026-10-09T21:27:47.903253+00:00", "level": "INFO", "service": "oday-api", "actor": "user", "correlation_id": "corr-r4-007-reviews-read", "resource": "HTTP", "action": "GET", "result": "ok", "error_code": null, "message": "HTTP GET /api/v1/operator/network-reviews ok"}
[WebServer] {"timestamp": "2026-10-09T21:27:47.907804+00:00", "level": "INFO", "service": "oday-api", "actor": "user", "correlation_id": "corr-operator-bootstrap-e7ded023-e67f-49c0-9321-1d12135bc73d", "resource": "HTTP", "action": "GET", "result": "ok", "error_code": null, "message": "HTTP GET /api/v1/operator/bootstrap ok"}
[WebServer] {"timestamp": "2026-10-09T21:27:47.936850+00:00", "level": "INFO", "service": "oday-api", "actor": "user", "correlation_id": "corr-r4-008-rebalance-read", "resource": "HTTP", "action": "GET", "result": "ok", "error_code": null, "message": "HTTP GET /api/v1/operator/network-rebalance ok"}
[WebServer] {"timestamp": "2026-10-09T21:27:47.939644+00:00", "level": "INFO", "service": "oday-api", "actor": "user", "correlation_id": "corr-hz006-proposals-list-1791581267692", "resource": "HTTP", "action": "GET", "result": "ok", "error_code": null, "message": "HTTP GET /api/v1/heatzones/merge-split/proposals ok"}
[WebServer] {"timestamp": "2026-10-09T21:27:48.421392+00:00", "level": "INFO", "service": "oday-api", "actor": "user", "correlation_id": "corr-hz006-proposal-preview-f0e924e0-947a-47cf-82c0-fe4bef39587f", "resource": "HTTP", "action": "POST", "result": "ok", "error_code": null, "message": "HTTP POST /api/v1/heatzones/merge-split/proposals/{proposal_id}/preview ok"}
[WebServer] {"timestamp": "2026-10-09T21:27:50.667781+00:00", "level": "INFO", "service": "oday-api", "actor": "user", "correlation_id": "corr-hz006-proposal-reject-f0e924e0-947a-47cf-82c0-fe4bef39587f", "resource": "HTTP", "action": "POST", "result": "ok", "error_code": null, "message": "HTTP POST /api/v1/heatzones/merge-split/proposals/{proposal_id}/reject ok"}
[WebServer] {"timestamp": "2026-10-09T21:27:50.738522+00:00", "level": "INFO", "service": "oday-api", "actor": "user", "correlation_id": "corr-hz006-proposals-list-1791581270675", "resource": "HTTP", "action": "GET", "result": "ok", "error_code": null, "message": "HTTP GET /api/v1/heatzones/merge-split/proposals ok"}
[WebServer] {"timestamp": "2026-10-09T21:27:50.861062+00:00", "level": "INFO", "service": "oday-api", "actor": "user", "correlation_id": "4cb41f4c-d722-4159-ab0b-2b8beebe65d0", "resource": "HTTP", "action": "GET", "result": "ok", "error_code": null, "message": "HTTP GET /api/v1/heatzones/merge-split/proposals/{proposal_id} ok"}
[WebServer] {"timestamp": "2026-10-09T21:27:52.681889+00:00", "level": "INFO", "service": "oday-api", "actor": "user", "correlation_id": "corr-r4-005-read-HZ-01-demand", "resource": "HTTP", "action": "GET", "result": "ok", "error_code": null, "message": "HTTP GET /api/v1/operator/network-listings ok"}
[WebServer] {"timestamp": "2026-10-09T21:27:52.750212+00:00", "level": "INFO", "service": "oday-api", "actor": "user", "correlation_id": "corr-r4-008-rebalance-read", "resource": "HTTP", "action": "GET", "result": "ok", "error_code": null, "message": "HTTP GET /api/v1/operator/network-rebalance ok"}
[WebServer] {"timestamp": "2026-10-09T21:27:52.753472+00:00", "level": "INFO", "service": "oday-api", "actor": "user", "correlation_id": "corr-r4-006-scoring-read", "resource": "HTTP", "action": "GET", "result": "ok", "error_code": null, "message": "HTTP GET /api/v1/operator/network-scoring ok"}
[WebServer] {"timestamp": "2026-10-09T21:27:52.759932+00:00", "level": "INFO", "service": "oday-api", "actor": "user", "correlation_id": "corr-r4-007-reviews-read", "resource": "HTTP", "action": "GET", "result": "ok", "error_code": null, "message": "HTTP GET /api/v1/operator/network-reviews ok"}
[WebServer] {"timestamp": "2026-10-09T21:27:53.275464+00:00", "level": "INFO", "service": "oday-api", "actor": "user", "correlation_id": "corr-hz006-proposals-list-1791581272615", "resource": "HTTP", "action": "GET", "result": "ok", "error_code": null, "message": "HTTP GET /api/v1/heatzones/merge-split/proposals ok"}
[WebServer] {"timestamp": "2026-10-09T21:27:53.647877+00:00", "level": "INFO", "service": "oday-api", "actor": "user", "correlation_id": "corr-r4-005-read-HZ-01-demand", "resource": "HTTP", "action": "GET", "result": "ok", "error_code": null, "message": "HTTP GET /api/v1/operator/network-listings ok"}
[WebServer] {"timestamp": "2026-10-09T21:27:53.702838+00:00", "level": "INFO", "service": "oday-api", "actor": "user", "correlation_id": "corr-r4-006-scoring-read", "resource": "HTTP", "action": "GET", "result": "ok", "error_code": null, "message": "HTTP GET /api/v1/operator/network-scoring ok"}
[WebServer] {"timestamp": "2026-10-09T21:27:53.706851+00:00", "level": "INFO", "service": "oday-api", "actor": "user", "correlation_id": "corr-r4-008-rebalance-read", "resource": "HTTP", "action": "GET", "result": "ok", "error_code": null, "message": "HTTP GET /api/v1/operator/network-rebalance ok"}
[WebServer] {"timestamp": "2026-10-09T21:27:53.717198+00:00", "level": "INFO", "service": "oday-api", "actor": "user", "correlation_id": "corr-r4-007-reviews-read", "resource": "HTTP", "action": "GET", "result": "ok", "error_code": null, "message": "HTTP GET /api/v1/operator/network-reviews ok"}
[WebServer] {"timestamp": "2026-10-09T21:27:53.722533+00:00", "level": "INFO", "service": "oday-api", "actor": "user", "correlation_id": "corr-operator-bootstrap-f3d82688-4c4c-41df-8ed8-6d9bc0d63782", "resource": "HTTP", "action": "GET", "result": "ok", "error_code": null, "message": "HTTP GET /api/v1/operator/bootstrap ok"}
[WebServer] {"timestamp": "2026-10-09T21:27:53.724323+00:00", "level": "INFO", "service": "oday-api", "actor": "user", "correlation_id": "corr-hz006-proposals-list-1791581273507", "resource": "HTTP", "action": "GET", "result": "ok", "error_code": null, "message": "HTTP GET /api/v1/heatzones/merge-split/proposals ok"}
[WebServer] {"timestamp": "2026-10-09T21:27:55.066360+00:00", "level": "INFO", "service": "oday-api", "actor": "user", "correlation_id": "0630142b-70ea-4639-a9d8-0e0a8fb609b2", "resource": "HTTP", "action": "GET", "result": "ok", "error_code": null, "message": "HTTP GET /api/v1/heatzones/merge-split/proposals/{proposal_id} ok"}
[WebServer] {"timestamp": "2026-10-09T21:27:55.125256+00:00", "level": "INFO", "service": "oday-api", "actor": "user", "correlation_id": "da3ba5a3-5b43-442c-9ff2-f392ee9226af", "resource": "HTTP", "action": "POST", "result": "ok", "error_code": null, "message": "HTTP POST /api/v1/heatzones/merge-split/proposals/{proposal_id}/reject ok"}
2026/10/09 21:27:59 INFO mlflow.agent.hint: Load the `instrumenting-with-mlflow-tracing` skill at /tmp/pantheon-worker-worktrees/pantheon/odp-ui-network-tabs-parity-001/.venv/lib/python3.12/site-packages/mlflow/assistant/skills/instrumenting-with-mlflow-tracing/SKILL.md before writing any tracing code; it ships with this MLflow install. Set MLFLOW_DISABLE_AGENT_HINT=1 to silence this.
  ✓  2 [chromium] › tests/visual/operator-spatial-durable-parity.spec.ts:15:9 › Spatial SQLite reject preview decision reload at 1440 (16.5s)
[WebServer] {"timestamp": "2026-10-09T21:28:00.787385+00:00", "level": "INFO", "service": "oday-api", "actor": "user", "correlation_id": "76ed5bbe-b85b-4892-8582-2d20de977adb", "resource": "HTTP", "action": "POST", "result": "ok", "error_code": null, "message": "HTTP POST /api/v1/heatzones/merge-split/evaluate ok"}
[WebServer] {"timestamp": "2026-10-09T21:28:02.794377+00:00", "level": "INFO", "service": "oday-api", "actor": "user", "correlation_id": "corr-r4-005-read-HZ-01-demand", "resource": "HTTP", "action": "GET", "result": "ok", "error_code": null, "message": "HTTP GET /api/v1/operator/network-listings ok"}
[WebServer] {"timestamp": "2026-10-09T21:28:02.870526+00:00", "level": "INFO", "service": "oday-api", "actor": "user", "correlation_id": "corr-r4-006-scoring-read", "resource": "HTTP", "action": "GET", "result": "ok", "error_code": null, "message": "HTTP GET /api/v1/operator/network-scoring ok"}
[WebServer] {"timestamp": "2026-10-09T21:28:02.879674+00:00", "level": "INFO", "service": "oday-api", "actor": "user", "correlation_id": "corr-r4-007-reviews-read", "resource": "HTTP", "action": "GET", "result": "ok", "error_code": null, "message": "HTTP GET /api/v1/operator/network-reviews ok"}
[WebServer] {"timestamp": "2026-10-09T21:28:02.882871+00:00", "level": "INFO", "service": "oday-api", "actor": "user", "correlation_id": "corr-r4-008-rebalance-read", "resource": "HTTP", "action": "GET", "result": "ok", "error_code": null, "message": "HTTP GET /api/v1/operator/network-rebalance ok"}
[WebServer] {"timestamp": "2026-10-09T21:28:03.277110+00:00", "level": "INFO", "service": "oday-api", "actor": "user", "correlation_id": "corr-hz006-proposals-list-1791581282705", "resource": "HTTP", "action": "GET", "result": "ok", "error_code": null, "message": "HTTP GET /api/v1/heatzones/merge-split/proposals ok"}
[WebServer] {"timestamp": "2026-10-09T21:28:03.852683+00:00", "level": "INFO", "service": "oday-api", "actor": "user", "correlation_id": "corr-r4-006-scoring-read", "resource": "HTTP", "action": "GET", "result": "ok", "error_code": null, "message": "HTTP GET /api/v1/operator/network-scoring ok"}
[WebServer] {"timestamp": "2026-10-09T21:28:03.862131+00:00", "level": "INFO", "service": "oday-api", "actor": "user", "correlation_id": "corr-r4-008-rebalance-read", "resource": "HTTP", "action": "GET", "result": "ok", "error_code": null, "message": "HTTP GET /api/v1/operator/network-rebalance ok"}
[WebServer] {"timestamp": "2026-10-09T21:28:03.871449+00:00", "level": "INFO", "service": "oday-api", "actor": "user", "correlation_id": "corr-r4-007-reviews-read", "resource": "HTTP", "action": "GET", "result": "ok", "error_code": null, "message": "HTTP GET /api/v1/operator/network-reviews ok"}
[WebServer] {"timestamp": "2026-10-09T21:28:03.879212+00:00", "level": "INFO", "service": "oday-api", "actor": "user", "correlation_id": "corr-operator-bootstrap-735dd579-4026-44f1-addc-1246dd30ad51", "resource": "HTTP", "action": "GET", "result": "ok", "error_code": null, "message": "HTTP GET /api/v1/operator/bootstrap ok"}
[WebServer] {"timestamp": "2026-10-09T21:28:03.892541+00:00", "level": "INFO", "service": "oday-api", "actor": "user", "correlation_id": "corr-hz006-proposals-list-1791581283649", "resource": "HTTP", "action": "GET", "result": "ok", "error_code": null, "message": "HTTP GET /api/v1/heatzones/merge-split/proposals ok"}
[WebServer] {"timestamp": "2026-10-09T21:28:03.898507+00:00", "level": "INFO", "service": "oday-api", "actor": "user", "correlation_id": "corr-r4-005-read-HZ-01-demand", "resource": "HTTP", "action": "GET", "result": "ok", "error_code": null, "message": "HTTP GET /api/v1/operator/network-listings ok"}
[WebServer] {"timestamp": "2026-10-09T21:28:04.368180+00:00", "level": "INFO", "service": "oday-api", "actor": "user", "correlation_id": "corr-hz006-proposal-preview-a2b249e0-39ab-477e-9313-fd66b5234ac3", "resource": "HTTP", "action": "POST", "result": "ok", "error_code": null, "message": "HTTP POST /api/v1/heatzones/merge-split/proposals/{proposal_id}/preview ok"}
[WebServer] {"timestamp": "2026-10-09T21:28:09.245012+00:00", "level": "INFO", "service": "oday-api", "actor": "user", "correlation_id": "corr-hz006-proposal-approve-a2b249e0-39ab-477e-9313-fd66b5234ac3", "resource": "HTTP", "action": "POST", "result": "ok", "error_code": null, "message": "HTTP POST /api/v1/heatzones/merge-split/proposals/{proposal_id}/approve ok"}
[WebServer] {"timestamp": "2026-10-09T21:28:09.438841+00:00", "level": "INFO", "service": "oday-api", "actor": "user", "correlation_id": "corr-hz006-proposals-list-1791581289256", "resource": "HTTP", "action": "GET", "result": "ok", "error_code": null, "message": "HTTP GET /api/v1/heatzones/merge-split/proposals ok"}
[WebServer] {"timestamp": "2026-10-09T21:28:09.849058+00:00", "level": "INFO", "service": "oday-api", "actor": "user", "correlation_id": "bb20df1d-0027-479a-af9f-19394755ed8c", "resource": "HTTP", "action": "GET", "result": "ok", "error_code": null, "message": "HTTP GET /api/v1/heatzones/merge-split/proposals/{proposal_id} ok"}
[WebServer] {"timestamp": "2026-10-09T21:28:13.900470+00:00", "level": "INFO", "service": "oday-api", "actor": "user", "correlation_id": "corr-r4-005-read-HZ-01-demand", "resource": "HTTP", "action": "GET", "result": "ok", "error_code": null, "message": "HTTP GET /api/v1/operator/network-listings ok"}
[WebServer] {"timestamp": "2026-10-09T21:28:14.044315+00:00", "level": "INFO", "service": "oday-api", "actor": "user", "correlation_id": "corr-r4-006-scoring-read", "resource": "HTTP", "action": "GET", "result": "ok", "error_code": null, "message": "HTTP GET /api/v1/operator/network-scoring ok"}
[WebServer] {"timestamp": "2026-10-09T21:28:14.056749+00:00", "level": "INFO", "service": "oday-api", "actor": "user", "correlation_id": "corr-r4-008-rebalance-read", "resource": "HTTP", "action": "GET", "result": "ok", "error_code": null, "message": "HTTP GET /api/v1/operator/network-rebalance ok"}
[WebServer] {"timestamp": "2026-10-09T21:28:14.068044+00:00", "level": "INFO", "service": "oday-api", "actor": "user", "correlation_id": "corr-r4-007-reviews-read", "resource": "HTTP", "action": "GET", "result": "ok", "error_code": null, "message": "HTTP GET /api/v1/operator/network-reviews ok"}
[WebServer] {"timestamp": "2026-10-09T21:28:14.784717+00:00", "level": "INFO", "service": "oday-api", "actor": "user", "correlation_id": "corr-r4-005-read-HZ-01-demand", "resource": "HTTP", "action": "GET", "result": "ok", "error_code": null, "message": "HTTP GET /api/v1/operator/network-listings ok"}
[WebServer] {"timestamp": "2026-10-09T21:28:14.861509+00:00", "level": "INFO", "service": "oday-api", "actor": "user", "correlation_id": "corr-r4-006-scoring-read", "resource": "HTTP", "action": "GET", "result": "ok", "error_code": null, "message": "HTTP GET /api/v1/operator/network-scoring ok"}
[WebServer] {"timestamp": "2026-10-09T21:28:14.868468+00:00", "level": "INFO", "service": "oday-api", "actor": "user", "correlation_id": "corr-r4-008-rebalance-read", "resource": "HTTP", "action": "GET", "result": "ok", "error_code": null, "message": "HTTP GET /api/v1/operator/network-rebalance ok"}
[WebServer] {"timestamp": "2026-10-09T21:28:14.873507+00:00", "level": "INFO", "service": "oday-api", "actor": "user", "correlation_id": "corr-r4-007-reviews-read", "resource": "HTTP", "action": "GET", "result": "ok", "error_code": null, "message": "HTTP GET /api/v1/operator/network-reviews ok"}
[WebServer] {"timestamp": "2026-10-09T21:28:15.065209+00:00", "level": "INFO", "service": "oday-api", "actor": "user", "correlation_id": "corr-operator-bootstrap-3fce9cf7-2820-4c93-b0c8-d7a785f9cc5b", "resource": "HTTP", "action": "GET", "result": "ok", "error_code": null, "message": "HTTP GET /api/v1/operator/bootstrap ok"}
[WebServer] {"timestamp": "2026-10-09T21:28:15.139657+00:00", "level": "INFO", "service": "oday-api", "actor": "user", "correlation_id": "corr-hz006-proposals-list-1791581293896", "resource": "HTTP", "action": "GET", "result": "ok", "error_code": null, "message": "HTTP GET /api/v1/heatzones/merge-split/proposals ok"}
[WebServer] {"timestamp": "2026-10-09T21:28:15.209736+00:00", "level": "INFO", "service": "oday-api", "actor": "user", "correlation_id": "corr-hz006-proposals-list-1791581293899", "resource": "HTTP", "action": "GET", "result": "ok", "error_code": null, "message": "HTTP GET /api/v1/heatzones/merge-split/proposals ok"}
[WebServer] {"timestamp": "2026-10-09T21:28:18.178835+00:00", "level": "INFO", "service": "oday-api", "actor": "user", "correlation_id": "a272678a-11de-4d8a-b66d-5b4cf7718956", "resource": "HTTP", "action": "GET", "result": "ok", "error_code": null, "message": "HTTP GET /api/v1/heatzones/merge-split/proposals/{proposal_id} ok"}
[WebServer] {"timestamp": "2026-10-09T21:28:18.281136+00:00", "level": "INFO", "service": "oday-api", "actor": "user", "correlation_id": "22d5b19f-952d-4e59-82a6-2bbe21e66903", "resource": "HTTP", "action": "POST", "result": "ok", "error_code": null, "message": "HTTP POST /api/v1/heatzones/merge-split/proposals/{proposal_id}/approve ok"}
2026/10/09 21:28:28 INFO mlflow.agent.hint: Load the `instrumenting-with-mlflow-tracing` skill at /tmp/pantheon-worker-worktrees/pantheon/odp-ui-network-tabs-parity-001/.venv/lib/python3.12/site-packages/mlflow/assistant/skills/instrumenting-with-mlflow-tracing/SKILL.md before writing any tracing code; it ships with this MLflow install. Set MLFLOW_DISABLE_AGENT_HINT=1 to silence this.
[WebServer] {"timestamp": "2026-10-09T21:28:33.261734+00:00", "level": "INFO", "service": "oday-api", "actor": "user", "correlation_id": "77ef16f2-33a1-45a5-a8cf-dc9453d97232", "resource": "HTTP", "action": "GET", "result": "ok", "error_code": null, "message": "HTTP GET /api/v1/heatzones/zones/{zone_id}/lineage ok"}
[WebServer] {"timestamp": "2026-10-09T21:28:33.347710+00:00", "level": "INFO", "service": "oday-api", "actor": "user", "correlation_id": "59717388-73cd-427f-9f29-ad10315ac764", "resource": "HTTP", "action": "POST", "result": "ok", "error_code": null, "message": "HTTP POST /api/v1/heatzones/zones/{zone_id}/rollback ok"}
  ✓  3 [chromium] › tests/visual/operator-spatial-durable-parity.spec.ts:15:9 › Spatial SQLite approve preview decision reload at 390 (32.8s)
[WebServer] {"timestamp": "2026-10-09T21:28:33.994843+00:00", "level": "INFO", "service": "oday-api", "actor": "user", "correlation_id": "9b2c67e5-7fa8-4f4e-8f14-a245ef1f7f63", "resource": "HTTP", "action": "POST", "result": "ok", "error_code": null, "message": "HTTP POST /api/v1/heatzones/merge-split/evaluate ok"}
[WebServer] {"timestamp": "2026-10-09T21:28:36.281071+00:00", "level": "INFO", "service": "oday-api", "actor": "user", "correlation_id": "corr-r4-005-read-HZ-01-demand", "resource": "HTTP", "action": "GET", "result": "ok", "error_code": null, "message": "HTTP GET /api/v1/operator/network-listings ok"}
[WebServer] {"timestamp": "2026-10-09T21:28:36.324744+00:00", "level": "INFO", "service": "oday-api", "actor": "user", "correlation_id": "corr-r4-006-scoring-read", "resource": "HTTP", "action": "GET", "result": "ok", "error_code": null, "message": "HTTP GET /api/v1/operator/network-scoring ok"}
[WebServer] {"timestamp": "2026-10-09T21:28:36.377235+00:00", "level": "INFO", "service": "oday-api", "actor": "user", "correlation_id": "corr-r4-008-rebalance-read", "resource": "HTTP", "action": "GET", "result": "ok", "error_code": null, "message": "HTTP GET /api/v1/operator/network-rebalance ok"}
[WebServer] {"timestamp": "2026-10-09T21:28:36.385495+00:00", "level": "INFO", "service": "oday-api", "actor": "user", "correlation_id": "corr-r4-007-reviews-read", "resource": "HTTP", "action": "GET", "result": "ok", "error_code": null, "message": "HTTP GET /api/v1/operator/network-reviews ok"}
[WebServer] {"timestamp": "2026-10-09T21:28:36.559354+00:00", "level": "INFO", "service": "oday-api", "actor": "user", "correlation_id": "corr-r4-005-read-HZ-01-demand", "resource": "HTTP", "action": "GET", "result": "ok", "error_code": null, "message": "HTTP GET /api/v1/operator/network-listings ok"}
[WebServer] {"timestamp": "2026-10-09T21:28:36.621135+00:00", "level": "INFO", "service": "oday-api", "actor": "user", "correlation_id": "corr-r4-006-scoring-read", "resource": "HTTP", "action": "GET", "result": "ok", "error_code": null, "message": "HTTP GET /api/v1/operator/network-scoring ok"}
[WebServer] {"timestamp": "2026-10-09T21:28:36.681998+00:00", "level": "INFO", "service": "oday-api", "actor": "user", "correlation_id": "corr-r4-008-rebalance-read", "resource": "HTTP", "action": "GET", "result": "ok", "error_code": null, "message": "HTTP GET /api/v1/operator/network-rebalance ok"}
[WebServer] {"timestamp": "2026-10-09T21:28:36.706815+00:00", "level": "INFO", "service": "oday-api", "actor": "user", "correlation_id": "corr-r4-007-reviews-read", "resource": "HTTP", "action": "GET", "result": "ok", "error_code": null, "message": "HTTP GET /api/v1/operator/network-reviews ok"}
[WebServer] {"timestamp": "2026-10-09T21:28:36.750718+00:00", "level": "INFO", "service": "oday-api", "actor": "user", "correlation_id": "corr-operator-bootstrap-f16610f9-313a-4edc-84c3-76ad58a90cf4", "resource": "HTTP", "action": "GET", "result": "ok", "error_code": null, "message": "HTTP GET /api/v1/operator/bootstrap ok"}
[WebServer] {"timestamp": "2026-10-09T21:28:36.995140+00:00", "level": "INFO", "service": "oday-api", "actor": "user", "correlation_id": "corr-hz006-proposals-list-1791581316267", "resource": "HTTP", "action": "GET", "result": "ok", "error_code": null, "message": "HTTP GET /api/v1/heatzones/merge-split/proposals ok"}
[WebServer] {"timestamp": "2026-10-09T21:28:37.057673+00:00", "level": "INFO", "service": "oday-api", "actor": "user", "correlation_id": "corr-hz006-proposals-list-1791581316268", "resource": "HTTP", "action": "GET", "result": "ok", "error_code": null, "message": "HTTP GET /api/v1/heatzones/merge-split/proposals ok"}
[WebServer] {"timestamp": "2026-10-09T21:28:37.687885+00:00", "level": "INFO", "service": "oday-api", "actor": "user", "correlation_id": "corr-hz006-proposal-preview-b36eeebf-8f4c-41eb-87f6-08a9fb010eb3", "resource": "HTTP", "action": "POST", "result": "ok", "error_code": null, "message": "HTTP POST /api/v1/heatzones/merge-split/proposals/{proposal_id}/preview ok"}
[WebServer] {"timestamp": "2026-10-09T21:28:40.466618+00:00", "level": "INFO", "service": "oday-api", "actor": "user", "correlation_id": "corr-hz006-proposal-reject-b36eeebf-8f4c-41eb-87f6-08a9fb010eb3", "resource": "HTTP", "action": "POST", "result": "ok", "error_code": null, "message": "HTTP POST /api/v1/heatzones/merge-split/proposals/{proposal_id}/reject ok"}
[WebServer] {"timestamp": "2026-10-09T21:28:40.526712+00:00", "level": "INFO", "service": "oday-api", "actor": "user", "correlation_id": "corr-hz006-proposals-list-1791581320474", "resource": "HTTP", "action": "GET", "result": "ok", "error_code": null, "message": "HTTP GET /api/v1/heatzones/merge-split/proposals ok"}
[WebServer] {"timestamp": "2026-10-09T21:28:40.639759+00:00", "level": "INFO", "service": "oday-api", "actor": "user", "correlation_id": "f65ea40d-f47d-40bd-99a0-942090750104", "resource": "HTTP", "action": "GET", "result": "ok", "error_code": null, "message": "HTTP GET /api/v1/heatzones/merge-split/proposals/{proposal_id} ok"}
[WebServer] {"timestamp": "2026-10-09T21:28:42.794375+00:00", "level": "INFO", "service": "oday-api", "actor": "user", "correlation_id": "corr-r4-005-read-HZ-01-demand", "resource": "HTTP", "action": "GET", "result": "ok", "error_code": null, "message": "HTTP GET /api/v1/operator/network-listings ok"}
[WebServer] {"timestamp": "2026-10-09T21:28:42.870222+00:00", "level": "INFO", "service": "oday-api", "actor": "user", "correlation_id": "corr-r4-006-scoring-read", "resource": "HTTP", "action": "GET", "result": "ok", "error_code": null, "message": "HTTP GET /api/v1/operator/network-scoring ok"}
[WebServer] {"timestamp": "2026-10-09T21:28:42.882707+00:00", "level": "INFO", "service": "oday-api", "actor": "user", "correlation_id": "corr-r4-008-rebalance-read", "resource": "HTTP", "action": "GET", "result": "ok", "error_code": null, "message": "HTTP GET /api/v1/operator/network-rebalance ok"}
[WebServer] {"timestamp": "2026-10-09T21:28:42.891813+00:00", "level": "INFO", "service": "oday-api", "actor": "user", "correlation_id": "corr-r4-007-reviews-read", "resource": "HTTP", "action": "GET", "result": "ok", "error_code": null, "message": "HTTP GET /api/v1/operator/network-reviews ok"}
[WebServer] {"timestamp": "2026-10-09T21:28:43.158764+00:00", "level": "INFO", "service": "oday-api", "actor": "user", "correlation_id": "corr-r4-005-read-HZ-01-demand", "resource": "HTTP", "action": "GET", "result": "ok", "error_code": null, "message": "HTTP GET /api/v1/operator/network-listings ok"}
[WebServer] {"timestamp": "2026-10-09T21:28:43.240953+00:00", "level": "INFO", "service": "oday-api", "actor": "user", "correlation_id": "corr-r4-008-rebalance-read", "resource": "HTTP", "action": "GET", "result": "ok", "error_code": null, "message": "HTTP GET /api/v1/operator/network-rebalance ok"}
[WebServer] {"timestamp": "2026-10-09T21:28:43.266323+00:00", "level": "INFO", "service": "oday-api", "actor": "user", "correlation_id": "corr-r4-006-scoring-read", "resource": "HTTP", "action": "GET", "result": "ok", "error_code": null, "message": "HTTP GET /api/v1/operator/network-scoring ok"}
[WebServer] {"timestamp": "2026-10-09T21:28:43.282859+00:00", "level": "INFO", "service": "oday-api", "actor": "user", "correlation_id": "corr-operator-bootstrap-ee742fcb-f323-4bac-ade6-37db20877d79", "resource": "HTTP", "action": "GET", "result": "ok", "error_code": null, "message": "HTTP GET /api/v1/operator/bootstrap ok"}
[WebServer] {"timestamp": "2026-10-09T21:28:43.294081+00:00", "level": "INFO", "service": "oday-api", "actor": "user", "correlation_id": "corr-r4-007-reviews-read", "resource": "HTTP", "action": "GET", "result": "ok", "error_code": null, "message": "HTTP GET /api/v1/operator/network-reviews ok"}
[WebServer] {"timestamp": "2026-10-09T21:28:43.405593+00:00", "level": "INFO", "service": "oday-api", "actor": "user", "correlation_id": "corr-hz006-proposals-list-1791581322710", "resource": "HTTP", "action": "GET", "result": "ok", "error_code": null, "message": "HTTP GET /api/v1/heatzones/merge-split/proposals ok"}
[WebServer] {"timestamp": "2026-10-09T21:28:43.628826+00:00", "level": "INFO", "service": "oday-api", "actor": "user", "correlation_id": "corr-hz006-proposals-list-1791581322711", "resource": "HTTP", "action": "GET", "result": "ok", "error_code": null, "message": "HTTP GET /api/v1/heatzones/merge-split/proposals ok"}
[WebServer] {"timestamp": "2026-10-09T21:28:45.272998+00:00", "level": "INFO", "service": "oday-api", "actor": "user", "correlation_id": "5b09c8f0-2ae5-42b7-81b4-9ec459750abb", "resource": "HTTP", "action": "GET", "result": "ok", "error_code": null, "message": "HTTP GET /api/v1/heatzones/merge-split/proposals/{proposal_id} ok"}
[WebServer] {"timestamp": "2026-10-09T21:28:45.316577+00:00", "level": "INFO", "service": "oday-api", "actor": "user", "correlation_id": "affe5ddc-506d-4a25-a57f-aaaf2c6037ad", "resource": "HTTP", "action": "POST", "result": "ok", "error_code": null, "message": "HTTP POST /api/v1/heatzones/merge-split/proposals/{proposal_id}/reject ok"}
2026/10/09 21:28:50 INFO mlflow.agent.hint: Load the `instrumenting-with-mlflow-tracing` skill at /tmp/pantheon-worker-worktrees/pantheon/odp-ui-network-tabs-parity-001/.venv/lib/python3.12/site-packages/mlflow/assistant/skills/instrumenting-with-mlflow-tracing/SKILL.md before writing any tracing code; it ships with this MLflow install. Set MLFLOW_DISABLE_AGENT_HINT=1 to silence this.
  ✓  4 [chromium] › tests/visual/operator-spatial-durable-parity.spec.ts:15:9 › Spatial SQLite reject preview decision reload at 390 (18.3s)

  4 passed (2.0m)
