[WebServer] 2026/10/09 21:24:36 INFO mlflow.agent.hint: Load the `instrumenting-with-mlflow-tracing` skill at /tmp/pantheon-worker-worktrees/pantheon/odp-ui-network-tabs-parity-001/.venv/lib/python3.12/site-packages/mlflow/assistant/skills/instrumenting-with-mlflow-tracing/SKILL.md before writing any tracing code; it ships with this MLflow install. Set MLFLOW_DISABLE_AGENT_HINT=1 to silence this.
[WebServer] 2026/10/09 21:24:39 INFO mlflow.store.db.utils: Creating initial MLflow database tables...
[WebServer] 2026/10/09 21:24:39 INFO mlflow.store.db.utils: Updating database tables
[WebServer] 2026/10/09 21:24:43 INFO mlflow.store.db.utils: Creating initial MLflow database tables...
[WebServer] 2026/10/09 21:24:43 INFO mlflow.store.db.utils: Updating database tables
[WebServer] INFO:     Started server process [2193274]
[WebServer] INFO:     Waiting for application startup.
[WebServer] INFO:     Application startup complete.
[WebServer] INFO:     Uvicorn running on http://127.0.0.1:8310 (Press CTRL+C to quit)
[WebServer] {"timestamp": "2026-10-09T21:24:46.652422+00:00", "level": "INFO", "service": "oday-api", "actor": "user", "correlation_id": "71af7a1b-0593-48f3-a176-167d6c6359bb", "resource": "HTTP", "action": "GET", "result": "ok", "error_code": null, "message": "HTTP GET /platform/health ok"}

Running 4 tests using 1 worker

[WebServer] {"timestamp": "2026-10-09T21:25:03.048540+00:00", "level": "INFO", "service": "oday-api", "actor": "user", "correlation_id": "3e97a4a9-4e87-48d2-b979-c17c540e046b", "resource": "HTTP", "action": "POST", "result": "ok", "error_code": null, "message": "HTTP POST /api/v1/heatzones/merge-split/evaluate ok"}
[WebServer] {"timestamp": "2026-10-09T21:25:08.312753+00:00", "level": "INFO", "service": "oday-api", "actor": "user", "correlation_id": "corr-r4-005-read-HZ-01-demand", "resource": "HTTP", "action": "GET", "result": "ok", "error_code": null, "message": "HTTP GET /api/v1/operator/network-listings ok"}
[WebServer] {"timestamp": "2026-10-09T21:25:08.319299+00:00", "level": "INFO", "service": "oday-api", "actor": "user", "correlation_id": "corr-r4-006-scoring-read", "resource": "HTTP", "action": "GET", "result": "ok", "error_code": null, "message": "HTTP GET /api/v1/operator/network-scoring ok"}
[WebServer] {"timestamp": "2026-10-09T21:25:08.325581+00:00", "level": "INFO", "service": "oday-api", "actor": "user", "correlation_id": "corr-r4-008-rebalance-read", "resource": "HTTP", "action": "GET", "result": "ok", "error_code": null, "message": "HTTP GET /api/v1/operator/network-rebalance ok"}
[WebServer] {"timestamp": "2026-10-09T21:25:08.329789+00:00", "level": "INFO", "service": "oday-api", "actor": "user", "correlation_id": "corr-r4-007-reviews-read", "resource": "HTTP", "action": "GET", "result": "ok", "error_code": null, "message": "HTTP GET /api/v1/operator/network-reviews ok"}
[WebServer] {"timestamp": "2026-10-09T21:25:08.347591+00:00", "level": "INFO", "service": "oday-api", "actor": "user", "correlation_id": "corr-r4-006-scoring-read", "resource": "HTTP", "action": "GET", "result": "ok", "error_code": null, "message": "HTTP GET /api/v1/operator/network-scoring ok"}
[WebServer] {"timestamp": "2026-10-09T21:25:08.353438+00:00", "level": "INFO", "service": "oday-api", "actor": "user", "correlation_id": "corr-r4-005-read-HZ-01-demand", "resource": "HTTP", "action": "GET", "result": "ok", "error_code": null, "message": "HTTP GET /api/v1/operator/network-listings ok"}
[WebServer] {"timestamp": "2026-10-09T21:25:08.963040+00:00", "level": "INFO", "service": "oday-api", "actor": "user", "correlation_id": "corr-r4-008-rebalance-read", "resource": "HTTP", "action": "GET", "result": "ok", "error_code": null, "message": "HTTP GET /api/v1/operator/network-rebalance ok"}
[WebServer] {"timestamp": "2026-10-09T21:25:09.224704+00:00", "level": "INFO", "service": "oday-api", "actor": "user", "correlation_id": "corr-r4-007-reviews-read", "resource": "HTTP", "action": "GET", "result": "ok", "error_code": null, "message": "HTTP GET /api/v1/operator/network-reviews ok"}
[WebServer] {"timestamp": "2026-10-09T21:25:09.235427+00:00", "level": "INFO", "service": "oday-api", "actor": "user", "correlation_id": "corr-operator-bootstrap-20f382e6-adf7-449a-9511-4e5709782c7e", "resource": "HTTP", "action": "GET", "result": "ok", "error_code": null, "message": "HTTP GET /api/v1/operator/bootstrap ok"}
[WebServer] {"timestamp": "2026-10-09T21:25:09.551600+00:00", "level": "INFO", "service": "oday-api", "actor": "user", "correlation_id": "corr-hz006-proposals-list-1791581105763", "resource": "HTTP", "action": "GET", "result": "ok", "error_code": null, "message": "HTTP GET /api/v1/heatzones/merge-split/proposals ok"}
[WebServer] {"timestamp": "2026-10-09T21:25:09.784017+00:00", "level": "INFO", "service": "oday-api", "actor": "user", "correlation_id": "corr-hz006-proposals-list-1791581105764", "resource": "HTTP", "action": "GET", "result": "ok", "error_code": null, "message": "HTTP GET /api/v1/heatzones/merge-split/proposals ok"}
[WebServer] {"timestamp": "2026-10-09T21:25:10.619491+00:00", "level": "INFO", "service": "oday-api", "actor": "user", "correlation_id": "corr-hz006-proposal-preview-571a50a9-e15d-46bc-96eb-79819b386c33", "resource": "HTTP", "action": "POST", "result": "ok", "error_code": null, "message": "HTTP POST /api/v1/heatzones/merge-split/proposals/{proposal_id}/preview ok"}
[WebServer] {"timestamp": "2026-10-09T21:25:13.131305+00:00", "level": "INFO", "service": "oday-api", "actor": "user", "correlation_id": "corr-hz006-proposal-approve-571a50a9-e15d-46bc-96eb-79819b386c33", "resource": "HTTP", "action": "POST", "result": "ok", "error_code": null, "message": "HTTP POST /api/v1/heatzones/merge-split/proposals/{proposal_id}/approve ok"}
[WebServer] {"timestamp": "2026-10-09T21:25:13.189930+00:00", "level": "INFO", "service": "oday-api", "actor": "user", "correlation_id": "corr-hz006-proposals-list-1791581113137", "resource": "HTTP", "action": "GET", "result": "ok", "error_code": null, "message": "HTTP GET /api/v1/heatzones/merge-split/proposals ok"}
[WebServer] {"timestamp": "2026-10-09T21:25:13.284833+00:00", "level": "INFO", "service": "oday-api", "actor": "user", "correlation_id": "3d51cae3-acbf-43f5-ad00-66b6ba28d268", "resource": "HTTP", "action": "GET", "result": "ok", "error_code": null, "message": "HTTP GET /api/v1/heatzones/merge-split/proposals/{proposal_id} ok"}
[WebServer] {"timestamp": "2026-10-09T21:25:15.065681+00:00", "level": "INFO", "service": "oday-api", "actor": "user", "correlation_id": "corr-r4-005-read-HZ-01-demand", "resource": "HTTP", "action": "GET", "result": "ok", "error_code": null, "message": "HTTP GET /api/v1/operator/network-listings ok"}
[WebServer] {"timestamp": "2026-10-09T21:25:15.130141+00:00", "level": "INFO", "service": "oday-api", "actor": "user", "correlation_id": "corr-r4-008-rebalance-read", "resource": "HTTP", "action": "GET", "result": "ok", "error_code": null, "message": "HTTP GET /api/v1/operator/network-rebalance ok"}
[WebServer] {"timestamp": "2026-10-09T21:25:15.134581+00:00", "level": "INFO", "service": "oday-api", "actor": "user", "correlation_id": "corr-r4-006-scoring-read", "resource": "HTTP", "action": "GET", "result": "ok", "error_code": null, "message": "HTTP GET /api/v1/operator/network-scoring ok"}
[WebServer] {"timestamp": "2026-10-09T21:25:15.140280+00:00", "level": "INFO", "service": "oday-api", "actor": "user", "correlation_id": "corr-r4-007-reviews-read", "resource": "HTTP", "action": "GET", "result": "ok", "error_code": null, "message": "HTTP GET /api/v1/operator/network-reviews ok"}
[WebServer] {"timestamp": "2026-10-09T21:25:15.398634+00:00", "level": "INFO", "service": "oday-api", "actor": "user", "correlation_id": "corr-r4-005-read-HZ-01-demand", "resource": "HTTP", "action": "GET", "result": "ok", "error_code": null, "message": "HTTP GET /api/v1/operator/network-listings ok"}
[WebServer] {"timestamp": "2026-10-09T21:25:15.492502+00:00", "level": "INFO", "service": "oday-api", "actor": "user", "correlation_id": "corr-r4-006-scoring-read", "resource": "HTTP", "action": "GET", "result": "ok", "error_code": null, "message": "HTTP GET /api/v1/operator/network-scoring ok"}
[WebServer] {"timestamp": "2026-10-09T21:25:15.499130+00:00", "level": "INFO", "service": "oday-api", "actor": "user", "correlation_id": "corr-r4-008-rebalance-read", "resource": "HTTP", "action": "GET", "result": "ok", "error_code": null, "message": "HTTP GET /api/v1/operator/network-rebalance ok"}
[WebServer] {"timestamp": "2026-10-09T21:25:15.503213+00:00", "level": "INFO", "service": "oday-api", "actor": "user", "correlation_id": "corr-r4-007-reviews-read", "resource": "HTTP", "action": "GET", "result": "ok", "error_code": null, "message": "HTTP GET /api/v1/operator/network-reviews ok"}
[WebServer] {"timestamp": "2026-10-09T21:25:15.604623+00:00", "level": "INFO", "service": "oday-api", "actor": "user", "correlation_id": "corr-operator-bootstrap-e59e13ae-464c-475f-9658-7c1741ae8914", "resource": "HTTP", "action": "GET", "result": "ok", "error_code": null, "message": "HTTP GET /api/v1/operator/bootstrap ok"}
[WebServer] {"timestamp": "2026-10-09T21:25:15.647455+00:00", "level": "INFO", "service": "oday-api", "actor": "user", "correlation_id": "corr-hz006-proposals-list-1791581115027", "resource": "HTTP", "action": "GET", "result": "ok", "error_code": null, "message": "HTTP GET /api/v1/heatzones/merge-split/proposals ok"}
[WebServer] {"timestamp": "2026-10-09T21:25:15.651561+00:00", "level": "INFO", "service": "oday-api", "actor": "user", "correlation_id": "corr-hz006-proposals-list-1791581115027", "resource": "HTTP", "action": "GET", "result": "ok", "error_code": null, "message": "HTTP GET /api/v1/heatzones/merge-split/proposals ok"}
[WebServer] {"timestamp": "2026-10-09T21:25:17.373277+00:00", "level": "INFO", "service": "oday-api", "actor": "user", "correlation_id": "afec57d6-3d81-4458-9a9b-e1e604a3cccf", "resource": "HTTP", "action": "GET", "result": "ok", "error_code": null, "message": "HTTP GET /api/v1/heatzones/merge-split/proposals/{proposal_id} ok"}
[WebServer] /tmp/pantheon-worker-worktrees/pantheon/odp-ui-network-tabs-parity-001/.venv/lib/python3.12/site-packages/anyio/_backends/_asyncio.py:1033: StarletteDeprecationWarning: 'HTTP_422_UNPROCESSABLE_ENTITY' is deprecated. Use 'HTTP_422_UNPROCESSABLE_CONTENT' instead.
[WebServer]   result = context.run(func, *args)
[WebServer] {"timestamp": "2026-10-09T21:25:17.417986+00:00", "level": "INFO", "service": "oday-api", "actor": "user", "correlation_id": "211bbf16-cf5a-4c71-862c-a444411fa472", "resource": "HTTP", "action": "POST", "result": "ok", "error_code": null, "message": "HTTP POST /api/v1/heatzones/merge-split/proposals/{proposal_id}/approve ok"}
2026/10/09 21:25:21 INFO mlflow.agent.hint: Load the `instrumenting-with-mlflow-tracing` skill at /tmp/pantheon-worker-worktrees/pantheon/odp-ui-network-tabs-parity-001/.venv/lib/python3.12/site-packages/mlflow/assistant/skills/instrumenting-with-mlflow-tracing/SKILL.md before writing any tracing code; it ships with this MLflow install. Set MLFLOW_DISABLE_AGENT_HINT=1 to silence this.
2026/10/09 21:25:24 INFO mlflow.store.db.utils: Creating initial MLflow database tables...
2026/10/09 21:25:24 INFO mlflow.store.db.utils: Updating database tables
[WebServer] {"timestamp": "2026-10-09T21:25:28.447725+00:00", "level": "INFO", "service": "oday-api", "actor": "user", "correlation_id": "173c10e1-aba6-4cb2-9349-be0b108d3edc", "resource": "HTTP", "action": "GET", "result": "ok", "error_code": null, "message": "HTTP GET /api/v1/heatzones/zones/{zone_id}/lineage ok"}
[WebServer] {"timestamp": "2026-10-09T21:25:28.505179+00:00", "level": "INFO", "service": "oday-api", "actor": "user", "correlation_id": "f0bb0f11-ac7e-48ca-9e5f-bead8fe9490a", "resource": "HTTP", "action": "POST", "result": "ok", "error_code": null, "message": "HTTP POST /api/v1/heatzones/zones/{zone_id}/rollback ok"}
  ✓  1 [chromium] › tests/visual/operator-spatial-durable-parity.spec.ts:15:9 › Spatial SQLite approve preview decision reload at 1440 (28.4s)
[WebServer] {"timestamp": "2026-10-09T21:25:28.719500+00:00", "level": "INFO", "service": "oday-api", "actor": "user", "correlation_id": "485a637c-3014-4a0d-8d88-59990dba5f69", "resource": "HTTP", "action": "POST", "result": "ok", "error_code": null, "message": "HTTP POST /api/v1/heatzones/merge-split/evaluate ok"}
[WebServer] {"timestamp": "2026-10-09T21:25:30.642322+00:00", "level": "INFO", "service": "oday-api", "actor": "user", "correlation_id": "corr-r4-005-read-HZ-01-demand", "resource": "HTTP", "action": "GET", "result": "ok", "error_code": null, "message": "HTTP GET /api/v1/operator/network-listings ok"}
[WebServer] {"timestamp": "2026-10-09T21:25:30.729350+00:00", "level": "INFO", "service": "oday-api", "actor": "user", "correlation_id": "corr-r4-006-scoring-read", "resource": "HTTP", "action": "GET", "result": "ok", "error_code": null, "message": "HTTP GET /api/v1/operator/network-scoring ok"}
[WebServer] {"timestamp": "2026-10-09T21:25:30.738266+00:00", "level": "INFO", "service": "oday-api", "actor": "user", "correlation_id": "corr-r4-008-rebalance-read", "resource": "HTTP", "action": "GET", "result": "ok", "error_code": null, "message": "HTTP GET /api/v1/operator/network-rebalance ok"}
[WebServer] {"timestamp": "2026-10-09T21:25:30.741115+00:00", "level": "INFO", "service": "oday-api", "actor": "user", "correlation_id": "corr-r4-007-reviews-read", "resource": "HTTP", "action": "GET", "result": "ok", "error_code": null, "message": "HTTP GET /api/v1/operator/network-reviews ok"}
[WebServer] {"timestamp": "2026-10-09T21:25:30.988660+00:00", "level": "INFO", "service": "oday-api", "actor": "user", "correlation_id": "corr-hz006-proposals-list-1791581130571", "resource": "HTTP", "action": "GET", "result": "ok", "error_code": null, "message": "HTTP GET /api/v1/heatzones/merge-split/proposals ok"}
[WebServer] {"timestamp": "2026-10-09T21:25:31.324566+00:00", "level": "INFO", "service": "oday-api", "actor": "user", "correlation_id": "corr-r4-005-read-HZ-01-demand", "resource": "HTTP", "action": "GET", "result": "ok", "error_code": null, "message": "HTTP GET /api/v1/operator/network-listings ok"}
[WebServer] {"timestamp": "2026-10-09T21:25:31.374536+00:00", "level": "INFO", "service": "oday-api", "actor": "user", "correlation_id": "corr-r4-008-rebalance-read", "resource": "HTTP", "action": "GET", "result": "ok", "error_code": null, "message": "HTTP GET /api/v1/operator/network-rebalance ok"}
[WebServer] {"timestamp": "2026-10-09T21:25:31.379440+00:00", "level": "INFO", "service": "oday-api", "actor": "user", "correlation_id": "corr-r4-006-scoring-read", "resource": "HTTP", "action": "GET", "result": "ok", "error_code": null, "message": "HTTP GET /api/v1/operator/network-scoring ok"}
[WebServer] {"timestamp": "2026-10-09T21:25:31.384011+00:00", "level": "INFO", "service": "oday-api", "actor": "user", "correlation_id": "corr-r4-007-reviews-read", "resource": "HTTP", "action": "GET", "result": "ok", "error_code": null, "message": "HTTP GET /api/v1/operator/network-reviews ok"}
[WebServer] {"timestamp": "2026-10-09T21:25:31.390490+00:00", "level": "INFO", "service": "oday-api", "actor": "user", "correlation_id": "corr-operator-bootstrap-437645f8-106c-4fdb-bf13-f9f4b31ce01e", "resource": "HTTP", "action": "GET", "result": "ok", "error_code": null, "message": "HTTP GET /api/v1/operator/bootstrap ok"}
[WebServer] {"timestamp": "2026-10-09T21:25:31.400890+00:00", "level": "INFO", "service": "oday-api", "actor": "user", "correlation_id": "corr-hz006-proposals-list-1791581131243", "resource": "HTTP", "action": "GET", "result": "ok", "error_code": null, "message": "HTTP GET /api/v1/heatzones/merge-split/proposals ok"}
[WebServer] {"timestamp": "2026-10-09T21:25:32.138524+00:00", "level": "INFO", "service": "oday-api", "actor": "user", "correlation_id": "corr-hz006-proposal-preview-40b84d83-d893-4c08-9502-35b47b500fa5", "resource": "HTTP", "action": "POST", "result": "ok", "error_code": null, "message": "HTTP POST /api/v1/heatzones/merge-split/proposals/{proposal_id}/preview ok"}
[WebServer] {"timestamp": "2026-10-09T21:25:34.384518+00:00", "level": "INFO", "service": "oday-api", "actor": "user", "correlation_id": "corr-hz006-proposal-reject-40b84d83-d893-4c08-9502-35b47b500fa5", "resource": "HTTP", "action": "POST", "result": "ok", "error_code": null, "message": "HTTP POST /api/v1/heatzones/merge-split/proposals/{proposal_id}/reject ok"}
[WebServer] {"timestamp": "2026-10-09T21:25:34.446315+00:00", "level": "INFO", "service": "oday-api", "actor": "user", "correlation_id": "corr-hz006-proposals-list-1791581134390", "resource": "HTTP", "action": "GET", "result": "ok", "error_code": null, "message": "HTTP GET /api/v1/heatzones/merge-split/proposals ok"}
[WebServer] {"timestamp": "2026-10-09T21:25:34.546820+00:00", "level": "INFO", "service": "oday-api", "actor": "user", "correlation_id": "1f9d6b2e-7777-4168-b214-e00d85207319", "resource": "HTTP", "action": "GET", "result": "ok", "error_code": null, "message": "HTTP GET /api/v1/heatzones/merge-split/proposals/{proposal_id} ok"}
[WebServer] {"timestamp": "2026-10-09T21:25:36.099297+00:00", "level": "INFO", "service": "oday-api", "actor": "user", "correlation_id": "corr-r4-005-read-HZ-01-demand", "resource": "HTTP", "action": "GET", "result": "ok", "error_code": null, "message": "HTTP GET /api/v1/operator/network-listings ok"}
[WebServer] {"timestamp": "2026-10-09T21:25:36.164940+00:00", "level": "INFO", "service": "oday-api", "actor": "user", "correlation_id": "corr-r4-007-reviews-read", "resource": "HTTP", "action": "GET", "result": "ok", "error_code": null, "message": "HTTP GET /api/v1/operator/network-reviews ok"}
[WebServer] {"timestamp": "2026-10-09T21:25:36.167830+00:00", "level": "INFO", "service": "oday-api", "actor": "user", "correlation_id": "corr-r4-006-scoring-read", "resource": "HTTP", "action": "GET", "result": "ok", "error_code": null, "message": "HTTP GET /api/v1/operator/network-scoring ok"}
[WebServer] {"timestamp": "2026-10-09T21:25:36.173517+00:00", "level": "INFO", "service": "oday-api", "actor": "user", "correlation_id": "corr-r4-008-rebalance-read", "resource": "HTTP", "action": "GET", "result": "ok", "error_code": null, "message": "HTTP GET /api/v1/operator/network-rebalance ok"}
[WebServer] {"timestamp": "2026-10-09T21:25:36.457734+00:00", "level": "INFO", "service": "oday-api", "actor": "user", "correlation_id": "corr-r4-005-read-HZ-01-demand", "resource": "HTTP", "action": "GET", "result": "ok", "error_code": null, "message": "HTTP GET /api/v1/operator/network-listings ok"}
[WebServer] {"timestamp": "2026-10-09T21:25:36.478949+00:00", "level": "INFO", "service": "oday-api", "actor": "user", "correlation_id": "corr-r4-006-scoring-read", "resource": "HTTP", "action": "GET", "result": "ok", "error_code": null, "message": "HTTP GET /api/v1/operator/network-scoring ok"}
[WebServer] {"timestamp": "2026-10-09T21:25:36.540721+00:00", "level": "INFO", "service": "oday-api", "actor": "user", "correlation_id": "corr-r4-008-rebalance-read", "resource": "HTTP", "action": "GET", "result": "ok", "error_code": null, "message": "HTTP GET /api/v1/operator/network-rebalance ok"}
[WebServer] {"timestamp": "2026-10-09T21:25:36.547305+00:00", "level": "INFO", "service": "oday-api", "actor": "user", "correlation_id": "corr-r4-007-reviews-read", "resource": "HTTP", "action": "GET", "result": "ok", "error_code": null, "message": "HTTP GET /api/v1/operator/network-reviews ok"}
[WebServer] {"timestamp": "2026-10-09T21:25:36.633581+00:00", "level": "INFO", "service": "oday-api", "actor": "user", "correlation_id": "corr-operator-bootstrap-63cc5c19-f3a9-460f-a8b3-ef42878e8b0e", "resource": "HTTP", "action": "GET", "result": "ok", "error_code": null, "message": "HTTP GET /api/v1/operator/bootstrap ok"}
[WebServer] {"timestamp": "2026-10-09T21:25:36.672967+00:00", "level": "INFO", "service": "oday-api", "actor": "user", "correlation_id": "corr-hz006-proposals-list-1791581136074", "resource": "HTTP", "action": "GET", "result": "ok", "error_code": null, "message": "HTTP GET /api/v1/heatzones/merge-split/proposals ok"}
[WebServer] {"timestamp": "2026-10-09T21:25:36.710058+00:00", "level": "INFO", "service": "oday-api", "actor": "user", "correlation_id": "corr-hz006-proposals-list-1791581136074", "resource": "HTTP", "action": "GET", "result": "ok", "error_code": null, "message": "HTTP GET /api/v1/heatzones/merge-split/proposals ok"}
[WebServer] {"timestamp": "2026-10-09T21:25:38.388330+00:00", "level": "INFO", "service": "oday-api", "actor": "user", "correlation_id": "05fa3b82-9cf3-4ef8-8167-210707261ca0", "resource": "HTTP", "action": "GET", "result": "ok", "error_code": null, "message": "HTTP GET /api/v1/heatzones/merge-split/proposals/{proposal_id} ok"}
[WebServer] {"timestamp": "2026-10-09T21:25:38.466320+00:00", "level": "INFO", "service": "oday-api", "actor": "user", "correlation_id": "e9eeb23c-736f-463d-9413-cdac8914874a", "resource": "HTTP", "action": "POST", "result": "ok", "error_code": null, "message": "HTTP POST /api/v1/heatzones/merge-split/proposals/{proposal_id}/reject ok"}
2026/10/09 21:25:42 INFO mlflow.agent.hint: Load the `instrumenting-with-mlflow-tracing` skill at /tmp/pantheon-worker-worktrees/pantheon/odp-ui-network-tabs-parity-001/.venv/lib/python3.12/site-packages/mlflow/assistant/skills/instrumenting-with-mlflow-tracing/SKILL.md before writing any tracing code; it ships with this MLflow install. Set MLFLOW_DISABLE_AGENT_HINT=1 to silence this.
2026/10/09 21:25:44 INFO mlflow.store.db.utils: Creating initial MLflow database tables...
2026/10/09 21:25:44 INFO mlflow.store.db.utils: Updating database tables
  ✓  2 [chromium] › tests/visual/operator-spatial-durable-parity.spec.ts:15:9 › Spatial SQLite reject preview decision reload at 1440 (20.4s)
[WebServer] {"timestamp": "2026-10-09T21:25:49.170963+00:00", "level": "INFO", "service": "oday-api", "actor": "user", "correlation_id": "313f49db-9c18-49e3-938e-719dd6696c86", "resource": "HTTP", "action": "POST", "result": "ok", "error_code": null, "message": "HTTP POST /api/v1/heatzones/merge-split/evaluate ok"}
[WebServer] {"timestamp": "2026-10-09T21:25:51.024375+00:00", "level": "INFO", "service": "oday-api", "actor": "user", "correlation_id": "corr-r4-005-read-HZ-01-demand", "resource": "HTTP", "action": "GET", "result": "ok", "error_code": null, "message": "HTTP GET /api/v1/operator/network-listings ok"}
[WebServer] {"timestamp": "2026-10-09T21:25:51.120202+00:00", "level": "INFO", "service": "oday-api", "actor": "user", "correlation_id": "corr-r4-006-scoring-read", "resource": "HTTP", "action": "GET", "result": "ok", "error_code": null, "message": "HTTP GET /api/v1/operator/network-scoring ok"}
[WebServer] {"timestamp": "2026-10-09T21:25:51.128393+00:00", "level": "INFO", "service": "oday-api", "actor": "user", "correlation_id": "corr-r4-008-rebalance-read", "resource": "HTTP", "action": "GET", "result": "ok", "error_code": null, "message": "HTTP GET /api/v1/operator/network-rebalance ok"}
[WebServer] {"timestamp": "2026-10-09T21:25:51.136107+00:00", "level": "INFO", "service": "oday-api", "actor": "user", "correlation_id": "corr-r4-007-reviews-read", "resource": "HTTP", "action": "GET", "result": "ok", "error_code": null, "message": "HTTP GET /api/v1/operator/network-reviews ok"}
[WebServer] {"timestamp": "2026-10-09T21:25:51.425465+00:00", "level": "INFO", "service": "oday-api", "actor": "user", "correlation_id": "corr-r4-005-read-HZ-01-demand", "resource": "HTTP", "action": "GET", "result": "ok", "error_code": null, "message": "HTTP GET /api/v1/operator/network-listings ok"}
[WebServer] {"timestamp": "2026-10-09T21:25:51.434657+00:00", "level": "INFO", "service": "oday-api", "actor": "user", "correlation_id": "corr-r4-006-scoring-read", "resource": "HTTP", "action": "GET", "result": "ok", "error_code": null, "message": "HTTP GET /api/v1/operator/network-scoring ok"}
[WebServer] {"timestamp": "2026-10-09T21:25:51.477782+00:00", "level": "INFO", "service": "oday-api", "actor": "user", "correlation_id": "corr-r4-007-reviews-read", "resource": "HTTP", "action": "GET", "result": "ok", "error_code": null, "message": "HTTP GET /api/v1/operator/network-reviews ok"}
[WebServer] {"timestamp": "2026-10-09T21:25:51.493335+00:00", "level": "INFO", "service": "oday-api", "actor": "user", "correlation_id": "corr-r4-008-rebalance-read", "resource": "HTTP", "action": "GET", "result": "ok", "error_code": null, "message": "HTTP GET /api/v1/operator/network-rebalance ok"}
[WebServer] {"timestamp": "2026-10-09T21:25:51.635237+00:00", "level": "INFO", "service": "oday-api", "actor": "user", "correlation_id": "corr-operator-bootstrap-6dbbdbc0-9450-4cb4-9a30-8e34db3932df", "resource": "HTTP", "action": "GET", "result": "ok", "error_code": null, "message": "HTTP GET /api/v1/operator/bootstrap ok"}
[WebServer] {"timestamp": "2026-10-09T21:25:51.671930+00:00", "level": "INFO", "service": "oday-api", "actor": "user", "correlation_id": "corr-hz006-proposals-list-1791581151001", "resource": "HTTP", "action": "GET", "result": "ok", "error_code": null, "message": "HTTP GET /api/v1/heatzones/merge-split/proposals ok"}
[WebServer] {"timestamp": "2026-10-09T21:25:51.796942+00:00", "level": "INFO", "service": "oday-api", "actor": "user", "correlation_id": "corr-hz006-proposals-list-1791581151001", "resource": "HTTP", "action": "GET", "result": "ok", "error_code": null, "message": "HTTP GET /api/v1/heatzones/merge-split/proposals ok"}
[WebServer] {"timestamp": "2026-10-09T21:25:52.554166+00:00", "level": "INFO", "service": "oday-api", "actor": "user", "correlation_id": "corr-hz006-proposal-preview-364b99c4-462b-40e1-b817-257759adaaf8", "resource": "HTTP", "action": "POST", "result": "ok", "error_code": null, "message": "HTTP POST /api/v1/heatzones/merge-split/proposals/{proposal_id}/preview ok"}
[WebServer] {"timestamp": "2026-10-09T21:25:55.176368+00:00", "level": "INFO", "service": "oday-api", "actor": "user", "correlation_id": "corr-hz006-proposal-approve-364b99c4-462b-40e1-b817-257759adaaf8", "resource": "HTTP", "action": "POST", "result": "ok", "error_code": null, "message": "HTTP POST /api/v1/heatzones/merge-split/proposals/{proposal_id}/approve ok"}
[WebServer] {"timestamp": "2026-10-09T21:25:55.259833+00:00", "level": "INFO", "service": "oday-api", "actor": "user", "correlation_id": "corr-hz006-proposals-list-1791581155183", "resource": "HTTP", "action": "GET", "result": "ok", "error_code": null, "message": "HTTP GET /api/v1/heatzones/merge-split/proposals ok"}
[WebServer] {"timestamp": "2026-10-09T21:25:55.459711+00:00", "level": "INFO", "service": "oday-api", "actor": "user", "correlation_id": "24614fe9-8b80-4206-adab-9ab038b609e6", "resource": "HTTP", "action": "GET", "result": "ok", "error_code": null, "message": "HTTP GET /api/v1/heatzones/merge-split/proposals/{proposal_id} ok"}
[WebServer] {"timestamp": "2026-10-09T21:25:57.097028+00:00", "level": "INFO", "service": "oday-api", "actor": "user", "correlation_id": "corr-r4-005-read-HZ-01-demand", "resource": "HTTP", "action": "GET", "result": "ok", "error_code": null, "message": "HTTP GET /api/v1/operator/network-listings ok"}
[WebServer] {"timestamp": "2026-10-09T21:25:57.191277+00:00", "level": "INFO", "service": "oday-api", "actor": "user", "correlation_id": "corr-r4-008-rebalance-read", "resource": "HTTP", "action": "GET", "result": "ok", "error_code": null, "message": "HTTP GET /api/v1/operator/network-rebalance ok"}
[WebServer] {"timestamp": "2026-10-09T21:25:57.198263+00:00", "level": "INFO", "service": "oday-api", "actor": "user", "correlation_id": "corr-r4-006-scoring-read", "resource": "HTTP", "action": "GET", "result": "ok", "error_code": null, "message": "HTTP GET /api/v1/operator/network-scoring ok"}
[WebServer] {"timestamp": "2026-10-09T21:25:57.202541+00:00", "level": "INFO", "service": "oday-api", "actor": "user", "correlation_id": "corr-r4-007-reviews-read", "resource": "HTTP", "action": "GET", "result": "ok", "error_code": null, "message": "HTTP GET /api/v1/operator/network-reviews ok"}
[WebServer] {"timestamp": "2026-10-09T21:25:57.425884+00:00", "level": "INFO", "service": "oday-api", "actor": "user", "correlation_id": "corr-r4-005-read-HZ-01-demand", "resource": "HTTP", "action": "GET", "result": "ok", "error_code": null, "message": "HTTP GET /api/v1/operator/network-listings ok"}
[WebServer] {"timestamp": "2026-10-09T21:25:57.482384+00:00", "level": "INFO", "service": "oday-api", "actor": "user", "correlation_id": "corr-r4-006-scoring-read", "resource": "HTTP", "action": "GET", "result": "ok", "error_code": null, "message": "HTTP GET /api/v1/operator/network-scoring ok"}
[WebServer] {"timestamp": "2026-10-09T21:25:57.494668+00:00", "level": "INFO", "service": "oday-api", "actor": "user", "correlation_id": "corr-r4-008-rebalance-read", "resource": "HTTP", "action": "GET", "result": "ok", "error_code": null, "message": "HTTP GET /api/v1/operator/network-rebalance ok"}
[WebServer] {"timestamp": "2026-10-09T21:25:57.499842+00:00", "level": "INFO", "service": "oday-api", "actor": "user", "correlation_id": "corr-r4-007-reviews-read", "resource": "HTTP", "action": "GET", "result": "ok", "error_code": null, "message": "HTTP GET /api/v1/operator/network-reviews ok"}
[WebServer] {"timestamp": "2026-10-09T21:25:57.588996+00:00", "level": "INFO", "service": "oday-api", "actor": "user", "correlation_id": "corr-operator-bootstrap-ce4a8565-b58b-45d2-a358-9865fb0244f6", "resource": "HTTP", "action": "GET", "result": "ok", "error_code": null, "message": "HTTP GET /api/v1/operator/bootstrap ok"}
[WebServer] {"timestamp": "2026-10-09T21:25:57.632019+00:00", "level": "INFO", "service": "oday-api", "actor": "user", "correlation_id": "corr-hz006-proposals-list-1791581157090", "resource": "HTTP", "action": "GET", "result": "ok", "error_code": null, "message": "HTTP GET /api/v1/heatzones/merge-split/proposals ok"}
[WebServer] {"timestamp": "2026-10-09T21:25:57.668445+00:00", "level": "INFO", "service": "oday-api", "actor": "user", "correlation_id": "corr-hz006-proposals-list-1791581157093", "resource": "HTTP", "action": "GET", "result": "ok", "error_code": null, "message": "HTTP GET /api/v1/heatzones/merge-split/proposals ok"}
[WebServer] {"timestamp": "2026-10-09T21:25:59.185981+00:00", "level": "INFO", "service": "oday-api", "actor": "user", "correlation_id": "3c61a9ad-b7fc-4e21-9702-c9a279feeee8", "resource": "HTTP", "action": "GET", "result": "ok", "error_code": null, "message": "HTTP GET /api/v1/heatzones/merge-split/proposals/{proposal_id} ok"}
[WebServer] {"timestamp": "2026-10-09T21:25:59.244119+00:00", "level": "INFO", "service": "oday-api", "actor": "user", "correlation_id": "033dc123-2c5f-493d-81c1-dc5c3f17194e", "resource": "HTTP", "action": "POST", "result": "ok", "error_code": null, "message": "HTTP POST /api/v1/heatzones/merge-split/proposals/{proposal_id}/approve ok"}
2026/10/09 21:26:03 INFO mlflow.agent.hint: Load the `instrumenting-with-mlflow-tracing` skill at /tmp/pantheon-worker-worktrees/pantheon/odp-ui-network-tabs-parity-001/.venv/lib/python3.12/site-packages/mlflow/assistant/skills/instrumenting-with-mlflow-tracing/SKILL.md before writing any tracing code; it ships with this MLflow install. Set MLFLOW_DISABLE_AGENT_HINT=1 to silence this.
2026/10/09 21:26:05 INFO mlflow.store.db.utils: Creating initial MLflow database tables...
2026/10/09 21:26:05 INFO mlflow.store.db.utils: Updating database tables
[WebServer] {"timestamp": "2026-10-09T21:26:10.521048+00:00", "level": "INFO", "service": "oday-api", "actor": "user", "correlation_id": "136af005-f691-49ba-ba57-d57ece87a7e1", "resource": "HTTP", "action": "GET", "result": "ok", "error_code": null, "message": "HTTP GET /api/v1/heatzones/zones/{zone_id}/lineage ok"}
[WebServer] {"timestamp": "2026-10-09T21:26:10.572603+00:00", "level": "INFO", "service": "oday-api", "actor": "user", "correlation_id": "c91dedbe-83cb-47bc-bfe1-570a5ca7d662", "resource": "HTTP", "action": "POST", "result": "ok", "error_code": null, "message": "HTTP POST /api/v1/heatzones/zones/{zone_id}/rollback ok"}
  ✓  3 [chromium] › tests/visual/operator-spatial-durable-parity.spec.ts:15:9 › Spatial SQLite approve preview decision reload at 390 (21.6s)
[WebServer] {"timestamp": "2026-10-09T21:26:10.768625+00:00", "level": "INFO", "service": "oday-api", "actor": "user", "correlation_id": "1200be2c-8f95-4be7-bee7-684ecc9f8b2d", "resource": "HTTP", "action": "POST", "result": "ok", "error_code": null, "message": "HTTP POST /api/v1/heatzones/merge-split/evaluate ok"}
[WebServer] {"timestamp": "2026-10-09T21:26:12.648879+00:00", "level": "INFO", "service": "oday-api", "actor": "user", "correlation_id": "corr-r4-005-read-HZ-01-demand", "resource": "HTTP", "action": "GET", "result": "ok", "error_code": null, "message": "HTTP GET /api/v1/operator/network-listings ok"}
[WebServer] {"timestamp": "2026-10-09T21:26:12.652797+00:00", "level": "INFO", "service": "oday-api", "actor": "user", "correlation_id": "corr-r4-006-scoring-read", "resource": "HTTP", "action": "GET", "result": "ok", "error_code": null, "message": "HTTP GET /api/v1/operator/network-scoring ok"}
[WebServer] {"timestamp": "2026-10-09T21:26:12.656265+00:00", "level": "INFO", "service": "oday-api", "actor": "user", "correlation_id": "corr-r4-008-rebalance-read", "resource": "HTTP", "action": "GET", "result": "ok", "error_code": null, "message": "HTTP GET /api/v1/operator/network-rebalance ok"}
[WebServer] {"timestamp": "2026-10-09T21:26:12.704430+00:00", "level": "INFO", "service": "oday-api", "actor": "user", "correlation_id": "corr-r4-007-reviews-read", "resource": "HTTP", "action": "GET", "result": "ok", "error_code": null, "message": "HTTP GET /api/v1/operator/network-reviews ok"}
[WebServer] {"timestamp": "2026-10-09T21:26:12.967445+00:00", "level": "INFO", "service": "oday-api", "actor": "user", "correlation_id": "corr-hz006-proposals-list-1791581172526", "resource": "HTTP", "action": "GET", "result": "ok", "error_code": null, "message": "HTTP GET /api/v1/heatzones/merge-split/proposals ok"}
[WebServer] {"timestamp": "2026-10-09T21:26:13.319883+00:00", "level": "INFO", "service": "oday-api", "actor": "user", "correlation_id": "corr-r4-005-read-HZ-01-demand", "resource": "HTTP", "action": "GET", "result": "ok", "error_code": null, "message": "HTTP GET /api/v1/operator/network-listings ok"}
[WebServer] {"timestamp": "2026-10-09T21:26:13.368717+00:00", "level": "INFO", "service": "oday-api", "actor": "user", "correlation_id": "corr-r4-006-scoring-read", "resource": "HTTP", "action": "GET", "result": "ok", "error_code": null, "message": "HTTP GET /api/v1/operator/network-scoring ok"}
[WebServer] {"timestamp": "2026-10-09T21:26:13.376298+00:00", "level": "INFO", "service": "oday-api", "actor": "user", "correlation_id": "corr-r4-007-reviews-read", "resource": "HTTP", "action": "GET", "result": "ok", "error_code": null, "message": "HTTP GET /api/v1/operator/network-reviews ok"}
[WebServer] {"timestamp": "2026-10-09T21:26:13.386542+00:00", "level": "INFO", "service": "oday-api", "actor": "user", "correlation_id": "corr-r4-008-rebalance-read", "resource": "HTTP", "action": "GET", "result": "ok", "error_code": null, "message": "HTTP GET /api/v1/operator/network-rebalance ok"}
[WebServer] {"timestamp": "2026-10-09T21:26:13.402874+00:00", "level": "INFO", "service": "oday-api", "actor": "user", "correlation_id": "corr-operator-bootstrap-c4b352aa-3b5d-45a2-916c-ec5f253a67d8", "resource": "HTTP", "action": "GET", "result": "ok", "error_code": null, "message": "HTTP GET /api/v1/operator/bootstrap ok"}
[WebServer] {"timestamp": "2026-10-09T21:26:13.418054+00:00", "level": "INFO", "service": "oday-api", "actor": "user", "correlation_id": "corr-hz006-proposals-list-1791581173227", "resource": "HTTP", "action": "GET", "result": "ok", "error_code": null, "message": "HTTP GET /api/v1/heatzones/merge-split/proposals ok"}
[WebServer] {"timestamp": "2026-10-09T21:26:14.125159+00:00", "level": "INFO", "service": "oday-api", "actor": "user", "correlation_id": "corr-hz006-proposal-preview-a0785f67-a2b9-40ba-ba69-1a558d1d509f", "resource": "HTTP", "action": "POST", "result": "ok", "error_code": null, "message": "HTTP POST /api/v1/heatzones/merge-split/proposals/{proposal_id}/preview ok"}
[WebServer] {"timestamp": "2026-10-09T21:26:16.503818+00:00", "level": "INFO", "service": "oday-api", "actor": "user", "correlation_id": "corr-hz006-proposal-reject-a0785f67-a2b9-40ba-ba69-1a558d1d509f", "resource": "HTTP", "action": "POST", "result": "ok", "error_code": null, "message": "HTTP POST /api/v1/heatzones/merge-split/proposals/{proposal_id}/reject ok"}
[WebServer] {"timestamp": "2026-10-09T21:26:16.621599+00:00", "level": "INFO", "service": "oday-api", "actor": "user", "correlation_id": "corr-hz006-proposals-list-1791581176517", "resource": "HTTP", "action": "GET", "result": "ok", "error_code": null, "message": "HTTP GET /api/v1/heatzones/merge-split/proposals ok"}
[WebServer] {"timestamp": "2026-10-09T21:26:16.749728+00:00", "level": "INFO", "service": "oday-api", "actor": "user", "correlation_id": "291a79ee-dde1-4833-a4c6-0569a28839a1", "resource": "HTTP", "action": "GET", "result": "ok", "error_code": null, "message": "HTTP GET /api/v1/heatzones/merge-split/proposals/{proposal_id} ok"}
[WebServer] {"timestamp": "2026-10-09T21:26:18.301780+00:00", "level": "INFO", "service": "oday-api", "actor": "user", "correlation_id": "corr-r4-005-read-HZ-01-demand", "resource": "HTTP", "action": "GET", "result": "ok", "error_code": null, "message": "HTTP GET /api/v1/operator/network-listings ok"}
[WebServer] {"timestamp": "2026-10-09T21:26:18.308245+00:00", "level": "INFO", "service": "oday-api", "actor": "user", "correlation_id": "corr-r4-006-scoring-read", "resource": "HTTP", "action": "GET", "result": "ok", "error_code": null, "message": "HTTP GET /api/v1/operator/network-scoring ok"}
[WebServer] {"timestamp": "2026-10-09T21:26:18.313297+00:00", "level": "INFO", "service": "oday-api", "actor": "user", "correlation_id": "corr-r4-008-rebalance-read", "resource": "HTTP", "action": "GET", "result": "ok", "error_code": null, "message": "HTTP GET /api/v1/operator/network-rebalance ok"}
[WebServer] {"timestamp": "2026-10-09T21:26:18.317785+00:00", "level": "INFO", "service": "oday-api", "actor": "user", "correlation_id": "corr-r4-007-reviews-read", "resource": "HTTP", "action": "GET", "result": "ok", "error_code": null, "message": "HTTP GET /api/v1/operator/network-reviews ok"}
[WebServer] {"timestamp": "2026-10-09T21:26:18.565464+00:00", "level": "INFO", "service": "oday-api", "actor": "user", "correlation_id": "corr-r4-005-read-HZ-01-demand", "resource": "HTTP", "action": "GET", "result": "ok", "error_code": null, "message": "HTTP GET /api/v1/operator/network-listings ok"}
[WebServer] {"timestamp": "2026-10-09T21:26:18.589722+00:00", "level": "INFO", "service": "oday-api", "actor": "user", "correlation_id": "corr-r4-006-scoring-read", "resource": "HTTP", "action": "GET", "result": "ok", "error_code": null, "message": "HTTP GET /api/v1/operator/network-scoring ok"}
[WebServer] {"timestamp": "2026-10-09T21:26:18.591002+00:00", "level": "INFO", "service": "oday-api", "actor": "user", "correlation_id": "corr-r4-008-rebalance-read", "resource": "HTTP", "action": "GET", "result": "ok", "error_code": null, "message": "HTTP GET /api/v1/operator/network-rebalance ok"}
[WebServer] {"timestamp": "2026-10-09T21:26:18.627271+00:00", "level": "INFO", "service": "oday-api", "actor": "user", "correlation_id": "corr-r4-007-reviews-read", "resource": "HTTP", "action": "GET", "result": "ok", "error_code": null, "message": "HTTP GET /api/v1/operator/network-reviews ok"}
[WebServer] {"timestamp": "2026-10-09T21:26:18.713233+00:00", "level": "INFO", "service": "oday-api", "actor": "user", "correlation_id": "corr-operator-bootstrap-df0c9151-6a72-4b2b-a434-b62db5ac535e", "resource": "HTTP", "action": "GET", "result": "ok", "error_code": null, "message": "HTTP GET /api/v1/operator/bootstrap ok"}
[WebServer] {"timestamp": "2026-10-09T21:26:18.784467+00:00", "level": "INFO", "service": "oday-api", "actor": "user", "correlation_id": "corr-hz006-proposals-list-1791581178232", "resource": "HTTP", "action": "GET", "result": "ok", "error_code": null, "message": "HTTP GET /api/v1/heatzones/merge-split/proposals ok"}
[WebServer] {"timestamp": "2026-10-09T21:26:18.788812+00:00", "level": "INFO", "service": "oday-api", "actor": "user", "correlation_id": "corr-hz006-proposals-list-1791581178233", "resource": "HTTP", "action": "GET", "result": "ok", "error_code": null, "message": "HTTP GET /api/v1/heatzones/merge-split/proposals ok"}
[WebServer] {"timestamp": "2026-10-09T21:26:20.386313+00:00", "level": "INFO", "service": "oday-api", "actor": "user", "correlation_id": "7692f44d-118f-4626-bec2-04dc52c45aa0", "resource": "HTTP", "action": "GET", "result": "ok", "error_code": null, "message": "HTTP GET /api/v1/heatzones/merge-split/proposals/{proposal_id} ok"}
[WebServer] {"timestamp": "2026-10-09T21:26:20.440916+00:00", "level": "INFO", "service": "oday-api", "actor": "user", "correlation_id": "12991055-df96-4160-8595-faa0f8a72284", "resource": "HTTP", "action": "POST", "result": "ok", "error_code": null, "message": "HTTP POST /api/v1/heatzones/merge-split/proposals/{proposal_id}/reject ok"}
2026/10/09 21:26:24 INFO mlflow.agent.hint: Load the `instrumenting-with-mlflow-tracing` skill at /tmp/pantheon-worker-worktrees/pantheon/odp-ui-network-tabs-parity-001/.venv/lib/python3.12/site-packages/mlflow/assistant/skills/instrumenting-with-mlflow-tracing/SKILL.md before writing any tracing code; it ships with this MLflow install. Set MLFLOW_DISABLE_AGENT_HINT=1 to silence this.
2026/10/09 21:26:26 INFO mlflow.store.db.utils: Creating initial MLflow database tables...
2026/10/09 21:26:26 INFO mlflow.store.db.utils: Updating database tables
  ✓  4 [chromium] › tests/visual/operator-spatial-durable-parity.spec.ts:15:9 › Spatial SQLite reject preview decision reload at 390 (20.5s)

  4 passed (2.0m)
