[WebServer] 2026/10/09 21:19:01 INFO mlflow.agent.hint: Load the `instrumenting-with-mlflow-tracing` skill at /tmp/pantheon-worker-worktrees/pantheon/odp-ui-network-tabs-parity-001/.venv/lib/python3.12/site-packages/mlflow/assistant/skills/instrumenting-with-mlflow-tracing/SKILL.md before writing any tracing code; it ships with this MLflow install. Set MLFLOW_DISABLE_AGENT_HINT=1 to silence this.
[WebServer] 2026/10/09 21:19:03 INFO mlflow.store.db.utils: Creating initial MLflow database tables...
[WebServer] 2026/10/09 21:19:03 INFO mlflow.store.db.utils: Updating database tables
[WebServer] 2026/10/09 21:19:08 INFO mlflow.store.db.utils: Creating initial MLflow database tables...
[WebServer] 2026/10/09 21:19:08 INFO mlflow.store.db.utils: Updating database tables
[WebServer] INFO:     Started server process [2188653]
[WebServer] INFO:     Waiting for application startup.
[WebServer] INFO:     Application startup complete.
[WebServer] INFO:     Uvicorn running on http://127.0.0.1:8310 (Press CTRL+C to quit)
[WebServer] {"timestamp": "2026-10-09T21:19:11.644842+00:00", "level": "INFO", "service": "oday-api", "actor": "user", "correlation_id": "96e1b983-db6d-4cec-9382-f35f1e68a812", "resource": "HTTP", "action": "GET", "result": "ok", "error_code": null, "message": "HTTP GET /platform/health ok"}

Running 4 tests using 1 worker

[WebServer] {"timestamp": "2026-10-09T21:19:30.551074+00:00", "level": "INFO", "service": "oday-api", "actor": "user", "correlation_id": "cf434393-d783-4902-9411-8e9c2f067e2f", "resource": "HTTP", "action": "POST", "result": "ok", "error_code": null, "message": "HTTP POST /api/v1/heatzones/merge-split/evaluate ok"}
[WebServer] {"timestamp": "2026-10-09T21:19:35.930934+00:00", "level": "INFO", "service": "oday-api", "actor": "user", "correlation_id": "corr-r4-006-scoring-read", "resource": "HTTP", "action": "GET", "result": "ok", "error_code": null, "message": "HTTP GET /api/v1/operator/network-scoring ok"}
[WebServer] {"timestamp": "2026-10-09T21:19:35.937362+00:00", "level": "INFO", "service": "oday-api", "actor": "user", "correlation_id": "corr-r4-008-rebalance-read", "resource": "HTTP", "action": "GET", "result": "ok", "error_code": null, "message": "HTTP GET /api/v1/operator/network-rebalance ok"}
[WebServer] {"timestamp": "2026-10-09T21:19:35.942937+00:00", "level": "INFO", "service": "oday-api", "actor": "user", "correlation_id": "corr-r4-005-read-HZ-01-demand", "resource": "HTTP", "action": "GET", "result": "ok", "error_code": null, "message": "HTTP GET /api/v1/operator/network-listings ok"}
[WebServer] {"timestamp": "2026-10-09T21:19:35.948478+00:00", "level": "INFO", "service": "oday-api", "actor": "user", "correlation_id": "corr-r4-007-reviews-read", "resource": "HTTP", "action": "GET", "result": "ok", "error_code": null, "message": "HTTP GET /api/v1/operator/network-reviews ok"}
[WebServer] {"timestamp": "2026-10-09T21:19:36.276626+00:00", "level": "INFO", "service": "oday-api", "actor": "user", "correlation_id": "corr-hz006-proposals-list-1791580773102", "resource": "HTTP", "action": "GET", "result": "ok", "error_code": null, "message": "HTTP GET /api/v1/heatzones/merge-split/proposals ok"}
[WebServer] {"timestamp": "2026-10-09T21:19:37.178647+00:00", "level": "INFO", "service": "oday-api", "actor": "user", "correlation_id": "corr-r4-005-read-HZ-01-demand", "resource": "HTTP", "action": "GET", "result": "ok", "error_code": null, "message": "HTTP GET /api/v1/operator/network-listings ok"}
[WebServer] {"timestamp": "2026-10-09T21:19:37.227583+00:00", "level": "INFO", "service": "oday-api", "actor": "user", "correlation_id": "corr-r4-006-scoring-read", "resource": "HTTP", "action": "GET", "result": "ok", "error_code": null, "message": "HTTP GET /api/v1/operator/network-scoring ok"}
[WebServer] {"timestamp": "2026-10-09T21:19:37.234306+00:00", "level": "INFO", "service": "oday-api", "actor": "user", "correlation_id": "corr-r4-007-reviews-read", "resource": "HTTP", "action": "GET", "result": "ok", "error_code": null, "message": "HTTP GET /api/v1/operator/network-reviews ok"}
[WebServer] {"timestamp": "2026-10-09T21:19:37.239717+00:00", "level": "INFO", "service": "oday-api", "actor": "user", "correlation_id": "corr-r4-008-rebalance-read", "resource": "HTTP", "action": "GET", "result": "ok", "error_code": null, "message": "HTTP GET /api/v1/operator/network-rebalance ok"}
[WebServer] {"timestamp": "2026-10-09T21:19:37.257716+00:00", "level": "INFO", "service": "oday-api", "actor": "user", "correlation_id": "corr-operator-bootstrap-9ab49b6e-5cef-4915-be4f-d3c02b5bcda8", "resource": "HTTP", "action": "GET", "result": "ok", "error_code": null, "message": "HTTP GET /api/v1/operator/bootstrap ok"}
[WebServer] {"timestamp": "2026-10-09T21:19:37.261897+00:00", "level": "INFO", "service": "oday-api", "actor": "user", "correlation_id": "corr-hz006-proposals-list-1791580777088", "resource": "HTTP", "action": "GET", "result": "ok", "error_code": null, "message": "HTTP GET /api/v1/heatzones/merge-split/proposals ok"}
[WebServer] {"timestamp": "2026-10-09T21:19:37.559533+00:00", "level": "INFO", "service": "oday-api", "actor": "user", "correlation_id": "corr-hz006-proposal-preview-6906076c-0c14-4fee-9482-7983bd9cefd9", "resource": "HTTP", "action": "POST", "result": "ok", "error_code": null, "message": "HTTP POST /api/v1/heatzones/merge-split/proposals/{proposal_id}/preview ok"}
[WebServer] {"timestamp": "2026-10-09T21:19:40.015500+00:00", "level": "INFO", "service": "oday-api", "actor": "user", "correlation_id": "corr-hz006-proposal-approve-6906076c-0c14-4fee-9482-7983bd9cefd9", "resource": "HTTP", "action": "POST", "result": "ok", "error_code": null, "message": "HTTP POST /api/v1/heatzones/merge-split/proposals/{proposal_id}/approve ok"}
[WebServer] {"timestamp": "2026-10-09T21:19:40.062068+00:00", "level": "INFO", "service": "oday-api", "actor": "user", "correlation_id": "corr-hz006-proposals-list-1791580780021", "resource": "HTTP", "action": "GET", "result": "ok", "error_code": null, "message": "HTTP GET /api/v1/heatzones/merge-split/proposals ok"}
  ✘  1 [chromium] › tests/visual/operator-spatial-durable-parity.spec.ts:13:9 › Spatial SQLite approve preview decision reload at 1440 (2.0m)
[WebServer] {"timestamp": "2026-10-09T21:21:28.339080+00:00", "level": "INFO", "service": "oday-api", "actor": "user", "correlation_id": "9b71e77a-ee12-4769-8575-6845549eb73a", "resource": "HTTP", "action": "POST", "result": "ok", "error_code": null, "message": "HTTP POST /api/v1/heatzones/merge-split/evaluate ok"}
  ✘  2 [chromium] › tests/visual/operator-spatial-durable-parity.spec.ts:13:9 › Spatial SQLite reject preview decision reload at 1440 (322ms)
[WebServer] {"timestamp": "2026-10-09T21:21:29.696246+00:00", "level": "INFO", "service": "oday-api", "actor": "user", "correlation_id": "954ec0c4-5bed-4fc4-86be-c0e9b0373afb", "resource": "HTTP", "action": "POST", "result": "ok", "error_code": null, "message": "HTTP POST /api/v1/heatzones/merge-split/evaluate ok"}
  ✘  3 [chromium] › tests/visual/operator-spatial-durable-parity.spec.ts:13:9 › Spatial SQLite approve preview decision reload at 390 (334ms)
[WebServer] {"timestamp": "2026-10-09T21:21:31.071480+00:00", "level": "INFO", "service": "oday-api", "actor": "user", "correlation_id": "cd46fd11-d992-4581-9a01-2f0c377d8185", "resource": "HTTP", "action": "POST", "result": "ok", "error_code": null, "message": "HTTP POST /api/v1/heatzones/merge-split/evaluate ok"}
  ✘  4 [chromium] › tests/visual/operator-spatial-durable-parity.spec.ts:13:9 › Spatial SQLite reject preview decision reload at 390 (361ms)


  1) [chromium] › tests/visual/operator-spatial-durable-parity.spec.ts:13:9 › Spatial SQLite approve preview decision reload at 1440 

    Test timeout of 120000ms exceeded.

    Error: response.json: Test timeout of 120000ms exceeded.

      83 |       const decisionHTTP = await decisionResponse;
      84 |       expect(decisionHTTP.status()).toBe(200);
    > 85 |       const decision = await decisionHTTP.json();
         |                                           ^
      86 |       await save("decision", { status: decisionHTTP.status(), request: decisionHTTP.request().postDataJSON(), response: decision });
      87 |       expect(decision.proposal.status).toBe(kind === "approve" ? "APPROVED" : "REJECTED");
      88 |       expect(decision.proposal.approved_by).toBe(subject);
        at /tmp/pantheon-worker-worktrees/pantheon/odp-ui-network-tabs-parity-001/tests/visual/operator-spatial-durable-parity.spec.ts:85:43

    Error Context: test-results/operator-spatial-durable-p-9e355-iew-decision-reload-at-1440-chromium/error-context.md

  2) [chromium] › tests/visual/operator-spatial-durable-parity.spec.ts:13:9 › Spatial SQLite reject preview decision reload at 1440 

    Error: expect(received).toHaveLength(expected)

    Expected length: 1
    Received length: 0
    Received array:  []

      25 |       await save("generation", generation);
      26 |       expect(generation.abstained).toBe(false);
    > 27 |       expect(generation.proposals).toHaveLength(1);
         |                                    ^
      28 |       const proposal = generation.proposals[0];
      29 |       expect(proposal.composition_kind).toBe("MERGED");
      30 |       expect(proposal.member_cell_ids).toEqual(["cell-taipei-00", "cell-taipei-01"]);
        at /tmp/pantheon-worker-worktrees/pantheon/odp-ui-network-tabs-parity-001/tests/visual/operator-spatial-durable-parity.spec.ts:27:36

    Error Context: test-results/operator-spatial-durable-p-92d32-iew-decision-reload-at-1440-chromium/error-context.md

  3) [chromium] › tests/visual/operator-spatial-durable-parity.spec.ts:13:9 › Spatial SQLite approve preview decision reload at 390 

    Error: expect(received).toHaveLength(expected)

    Expected length: 1
    Received length: 0
    Received array:  []

      25 |       await save("generation", generation);
      26 |       expect(generation.abstained).toBe(false);
    > 27 |       expect(generation.proposals).toHaveLength(1);
         |                                    ^
      28 |       const proposal = generation.proposals[0];
      29 |       expect(proposal.composition_kind).toBe("MERGED");
      30 |       expect(proposal.member_cell_ids).toEqual(["cell-taipei-00", "cell-taipei-01"]);
        at /tmp/pantheon-worker-worktrees/pantheon/odp-ui-network-tabs-parity-001/tests/visual/operator-spatial-durable-parity.spec.ts:27:36

    Error Context: test-results/operator-spatial-durable-p-aa59e-view-decision-reload-at-390-chromium/error-context.md

  4) [chromium] › tests/visual/operator-spatial-durable-parity.spec.ts:13:9 › Spatial SQLite reject preview decision reload at 390 

    Error: expect(received).toHaveLength(expected)

    Expected length: 1
    Received length: 0
    Received array:  []

      25 |       await save("generation", generation);
      26 |       expect(generation.abstained).toBe(false);
    > 27 |       expect(generation.proposals).toHaveLength(1);
         |                                    ^
      28 |       const proposal = generation.proposals[0];
      29 |       expect(proposal.composition_kind).toBe("MERGED");
      30 |       expect(proposal.member_cell_ids).toEqual(["cell-taipei-00", "cell-taipei-01"]);
        at /tmp/pantheon-worker-worktrees/pantheon/odp-ui-network-tabs-parity-001/tests/visual/operator-spatial-durable-parity.spec.ts:27:36

    Error Context: test-results/operator-spatial-durable-p-e59bb-view-decision-reload-at-390-chromium/error-context.md

  4 failed
    [chromium] › tests/visual/operator-spatial-durable-parity.spec.ts:13:9 › Spatial SQLite approve preview decision reload at 1440 
    [chromium] › tests/visual/operator-spatial-durable-parity.spec.ts:13:9 › Spatial SQLite reject preview decision reload at 1440 
    [chromium] › tests/visual/operator-spatial-durable-parity.spec.ts:13:9 › Spatial SQLite approve preview decision reload at 390 
    [chromium] › tests/visual/operator-spatial-durable-parity.spec.ts:13:9 › Spatial SQLite reject preview decision reload at 390 
