
 RUN  v4.1.10 /tmp/pantheon-worker-worktrees/pantheon/odp-ui-network-tabs-parity-001/apps/web

 ✓ features/operator/network/intake/__tests__/AssignmentSlaSummary.test.tsx (34 tests) 237ms
 ✓ features/operator/network/intake/__tests__/Package10VisualP1.test.tsx (4 tests) 544ms
Error: connect ECONNREFUSED 127.0.0.1:3000
    at TCPConnectWrap.afterConnect [as oncomplete] (node:net:1638:16) {
  errno: -111,
  code: 'ECONNREFUSED',
  syscall: 'connect',
  address: '127.0.0.1',
  port: 3000
}
Error: connect ECONNREFUSED 127.0.0.1:3000
    at TCPConnectWrap.afterConnect [as oncomplete] (node:net:1638:16) {
  errno: -111,
  code: 'ECONNREFUSED',
  syscall: 'connect',
  address: '127.0.0.1',
  port: 3000
}
Error: connect ECONNREFUSED 127.0.0.1:3000
    at TCPConnectWrap.afterConnect [as oncomplete] (node:net:1638:16) {
  errno: -111,
  code: 'ECONNREFUSED',
  syscall: 'connect',
  address: '127.0.0.1',
  port: 3000
}
Error: connect ECONNREFUSED 127.0.0.1:3000
    at TCPConnectWrap.afterConnect [as oncomplete] (node:net:1638:16) {
  errno: -111,
  code: 'ECONNREFUSED',
  syscall: 'connect',
  address: '127.0.0.1',
  port: 3000
}
Error: connect ECONNREFUSED 127.0.0.1:3000
    at TCPConnectWrap.afterConnect [as oncomplete] (node:net:1638:16) {
  errno: -111,
  code: 'ECONNREFUSED',
  syscall: 'connect',
  address: '127.0.0.1',
  port: 3000
}
Error: connect ECONNREFUSED 127.0.0.1:3000
    at TCPConnectWrap.afterConnect [as oncomplete] (node:net:1638:16) {
  errno: -111,
  code: 'ECONNREFUSED',
  syscall: 'connect',
  address: '127.0.0.1',
  port: 3000
}
Error: connect ECONNREFUSED 127.0.0.1:3000
    at TCPConnectWrap.afterConnect [as oncomplete] (node:net:1638:16) {
  errno: -111,
  code: 'ECONNREFUSED',
  syscall: 'connect',
  address: '127.0.0.1',
  port: 3000
}
stderr | features/operator/network/intake/__tests__/IntakeProcessingDetail.test.tsx > AssistedIntakeSection production container > replaces the inbox with detail and restores filters and selection on return
Error loading operator shell envelope: DOMException [NetworkError]: Failed to execute "fetch()" on "Window" with URL "http://localhost:3000/api/v1/operator/bootstrap": connect ECONNREFUSED 127.0.0.1:3000
    at Fetch.onError (file:///tmp/pantheon-worker-worktrees/pantheon/odp-ui-network-tabs-parity-001/node_modules/happy-dom/lib/fetch/Fetch.js:540:21)
    at ClientRequest.emit (node:events:519:28)
    at emitErrorEvent (node:_http_client:108:11)
    at Socket.socketErrorListener (node:_http_client:575:5)
    at Socket.emit (node:events:519:28)
    at emitErrorNT (node:internal/streams/destroy:170:8)
    at emitErrorCloseNT (node:internal/streams/destroy:129:3)
    at processTicksAndRejections (node:internal/process/task_queues:89:21)

stderr | features/operator/network/intake/__tests__/IntakeProcessingDetail.test.tsx > AssistedIntakeSection production container > mounts a real direct pathname while unrelated shell bootstrap fails
Retrying operator bootstrap (1/3): RetryableBootstrapStatus: Operator bootstrap returned 503
    at attemptBootstrap (/tmp/pantheon-worker-worktrees/pantheon/odp-ui-network-tabs-parity-001/apps/web/features/operator/OperatorConsole.tsx:570:19)
    at loadShellEnvelope (/tmp/pantheon-worker-worktrees/pantheon/odp-ui-network-tabs-parity-001/apps/web/features/operator/OperatorConsole.tsx:590:23) {
  status: 503
}

 ✓ features/operator/network/intake/__tests__/IntakeProcessingDetail.test.tsx (35 tests) 3760ms
     ✓ supersedes a cached claim receipt after a real container 409 refresh without losing the transfer draft  393ms

 Test Files  3 passed (3)
      Tests  73 passed (73)
   Start at  01:33:06
   Duration  7.94s (transform 4.46s, setup 0ms, import 6.38s, tests 4.54s, environment 2.39s)

JUNIT report written to /tmp/pantheon-worker-worktrees/pantheon/odp-ui-network-tabs-parity-001/docs/evidence/completion/ODP-UI-NETWORK-TABS-PARITY-001/sla-status/final-unit.xml
