actual-unavailable/unavailable-pause-1440.png: OK
actual-unavailable/unavailable-pause-390.png: OK
actual-unavailable/unavailable-transfer-1440.png: OK
actual-unavailable/unavailable-transfer-390.png: OK
shots/after-breached-1440.png: OK
shots/after-breached-390.png: OK
shots/after-completed-1440.png: OK
shots/after-completed-390.png: OK
shots/after-due_soon-1440.png: OK
shots/after-due_soon-390.png: OK
shots/after-on_track-1440.png: OK
shots/after-on_track-390.png: OK
shots/after-overdue-1440.png: OK
shots/after-overdue-390.png: OK
shots/after-paused-1440.png: OK
shots/after-paused-390.png: OK
shots/after-unavailable-1440.png: OK
shots/after-unavailable-390.png: OK
shots/before-breached-1440.png: OK
shots/before-breached-390.png: OK
shots/before-completed-1440.png: OK
shots/before-completed-390.png: OK
shots/before-due_soon-1440.png: OK
shots/before-due_soon-390.png: OK
shots/before-on_track-1440.png: OK
shots/before-on_track-390.png: OK
shots/before-overdue-1440.png: OK
shots/before-overdue-390.png: OK
shots/before-paused-1440.png: OK
shots/before-paused-390.png: OK
shots/before-unavailable-1440.png: OK
shots/before-unavailable-390.png: OK
shots/design-detail-1440.png: OK
shots/design-detail-390.png: OK
