[WebServer] 2026/10/09 18:56:40 INFO mlflow.agent.hint: Load the `instrumenting-with-mlflow-tracing` skill at /tmp/pantheon-worker-worktrees/pantheon/odp-ui-network-tabs-parity-001/.venv/lib/python3.12/site-packages/mlflow/assistant/skills/instrumenting-with-mlflow-tracing/SKILL.md before writing any tracing code; it ships with this MLflow install. Set MLFLOW_DISABLE_AGENT_HINT=1 to silence this.
[WebServer] 2026/10/09 18:56:42 INFO mlflow.store.db.utils: Creating initial MLflow database tables...
[WebServer] 2026/10/09 18:56:42 INFO mlflow.store.db.utils: Updating database tables
[WebServer] INFO:     Started server process [2082814]
[WebServer] INFO:     Waiting for application startup.
[WebServer] INFO:     Application startup complete.
[WebServer] INFO:     Uvicorn running on http://127.0.0.1:8312 (Press CTRL+C to quit)
[WebServer] {"timestamp": "2026-10-09T18:56:45.624322+00:00", "level": "INFO", "service": "oday-api", "actor": "user", "correlation_id": "cda1abab-8089-4490-a284-04ff1baf66fc", "resource": "HTTP", "action": "GET", "result": "ok", "error_code": null, "message": "HTTP GET /platform/health ok"}

Running 8 tests using 1 worker

[WebServer] {"timestamp": "2026-10-09T18:57:01.280705+00:00", "level": "INFO", "service": "oday-api", "actor": "user", "correlation_id": "d5cbf725-9bff-4afc-804a-c29de480fd63", "resource": "HTTP", "action": "POST", "result": "ok", "error_code": null, "message": "HTTP POST /api/v1/operator/network-reviews/reset ok"}
[WebServer] {"timestamp": "2026-10-09T18:57:03.956285+00:00", "level": "INFO", "service": "oday-api", "actor": "user", "correlation_id": "436f1bb7-b262-4db8-9fd5-67e2e529e9ee", "resource": "HTTP", "action": "GET", "result": "ok", "error_code": null, "message": "HTTP GET /api/v1/operator/network-reviews ok"}
[WebServer] {"timestamp": "2026-10-09T18:57:06.707090+00:00", "level": "INFO", "service": "oday-api", "actor": "user", "correlation_id": "corr-r4-005-read-HZ-01-demand", "resource": "HTTP", "action": "GET", "result": "ok", "error_code": null, "message": "HTTP GET /api/v1/operator/network-listings ok"}
[WebServer] {"timestamp": "2026-10-09T18:57:06.937154+00:00", "level": "INFO", "service": "oday-api", "actor": "user", "correlation_id": "corr-r4-006-scoring-read", "resource": "HTTP", "action": "GET", "result": "ok", "error_code": null, "message": "HTTP GET /api/v1/operator/network-scoring ok"}
[WebServer] {"timestamp": "2026-10-09T18:57:06.943909+00:00", "level": "INFO", "service": "oday-api", "actor": "user", "correlation_id": "corr-r4-008-rebalance-read", "resource": "HTTP", "action": "GET", "result": "ok", "error_code": null, "message": "HTTP GET /api/v1/operator/network-rebalance ok"}
[WebServer] {"timestamp": "2026-10-09T18:57:06.947600+00:00", "level": "INFO", "service": "oday-api", "actor": "user", "correlation_id": "corr-r4-007-reviews-read", "resource": "HTTP", "action": "GET", "result": "ok", "error_code": null, "message": "HTTP GET /api/v1/operator/network-reviews ok"}
[WebServer] {"timestamp": "2026-10-09T18:57:09.739554+00:00", "level": "INFO", "service": "oday-api", "actor": "user", "correlation_id": "corr-r4-005-read-HZ-01-demand", "resource": "HTTP", "action": "GET", "result": "ok", "error_code": null, "message": "HTTP GET /api/v1/operator/network-listings ok"}
[WebServer] {"timestamp": "2026-10-09T18:57:09.794513+00:00", "level": "INFO", "service": "oday-api", "actor": "user", "correlation_id": "corr-r4-008-rebalance-read", "resource": "HTTP", "action": "GET", "result": "ok", "error_code": null, "message": "HTTP GET /api/v1/operator/network-rebalance ok"}
[WebServer] {"timestamp": "2026-10-09T18:57:09.796880+00:00", "level": "INFO", "service": "oday-api", "actor": "user", "correlation_id": "corr-r4-006-scoring-read", "resource": "HTTP", "action": "GET", "result": "ok", "error_code": null, "message": "HTTP GET /api/v1/operator/network-scoring ok"}
[WebServer] {"timestamp": "2026-10-09T18:57:09.798046+00:00", "level": "INFO", "service": "oday-api", "actor": "user", "correlation_id": "corr-r4-007-reviews-read", "resource": "HTTP", "action": "GET", "result": "ok", "error_code": null, "message": "HTTP GET /api/v1/operator/network-reviews ok"}
[WebServer] {"timestamp": "2026-10-09T18:57:09.806210+00:00", "level": "INFO", "service": "oday-api", "actor": "user", "correlation_id": "corr-operator-bootstrap-c82aed18-93d3-432f-9d51-5f62aabc741f", "resource": "HTTP", "action": "GET", "result": "ok", "error_code": null, "message": "HTTP GET /api/v1/operator/bootstrap ok"}
[WebServer] {"timestamp": "2026-10-09T18:57:10.722072+00:00", "level": "INFO", "service": "oday-api", "actor": "user", "correlation_id": "corr-r4-007-decide-RV-702", "resource": "HTTP", "action": "POST", "result": "ok", "error_code": null, "message": "HTTP POST /api/v1/operator/network-reviews/{review_id}/decide ok"}
[WebServer] {"timestamp": "2026-10-09T18:57:10.769182+00:00", "level": "INFO", "service": "oday-api", "actor": "user", "correlation_id": "corr-r4-007-reviews-read", "resource": "HTTP", "action": "GET", "result": "ok", "error_code": null, "message": "HTTP GET /api/v1/operator/network-reviews ok"}
  ✓  1 [chromium] › tests/e2e/operator-network-review.spec.ts:49:7 › ODP-OC-R4-007 Network Review decision › Review panel opens the decision dialog and approves the golden GO flow (11.7s)
[WebServer] {"timestamp": "2026-10-09T18:57:11.060521+00:00", "level": "INFO", "service": "oday-api", "actor": "user", "correlation_id": "2243cea1-2334-44ad-995b-433234c58cc6", "resource": "HTTP", "action": "POST", "result": "ok", "error_code": null, "message": "HTTP POST /api/v1/operator/network-reviews/reset ok"}
[WebServer] {"timestamp": "2026-10-09T18:57:11.134183+00:00", "level": "INFO", "service": "oday-api", "actor": "user", "correlation_id": "968596dd-ff44-458a-bfdc-c2994143b447", "resource": "HTTP", "action": "GET", "result": "ok", "error_code": null, "message": "HTTP GET /api/v1/operator/network-reviews ok"}
[WebServer] {"timestamp": "2026-10-09T18:57:13.061040+00:00", "level": "INFO", "service": "oday-api", "actor": "user", "correlation_id": "corr-r4-005-read-HZ-01-demand", "resource": "HTTP", "action": "GET", "result": "ok", "error_code": null, "message": "HTTP GET /api/v1/operator/network-listings ok"}
[WebServer] {"timestamp": "2026-10-09T18:57:13.143337+00:00", "level": "INFO", "service": "oday-api", "actor": "user", "correlation_id": "corr-r4-007-reviews-read", "resource": "HTTP", "action": "GET", "result": "ok", "error_code": null, "message": "HTTP GET /api/v1/operator/network-reviews ok"}
[WebServer] {"timestamp": "2026-10-09T18:57:13.143873+00:00", "level": "INFO", "service": "oday-api", "actor": "user", "correlation_id": "corr-r4-006-scoring-read", "resource": "HTTP", "action": "GET", "result": "ok", "error_code": null, "message": "HTTP GET /api/v1/operator/network-scoring ok"}
[WebServer] {"timestamp": "2026-10-09T18:57:13.145723+00:00", "level": "INFO", "service": "oday-api", "actor": "user", "correlation_id": "corr-r4-008-rebalance-read", "resource": "HTTP", "action": "GET", "result": "ok", "error_code": null, "message": "HTTP GET /api/v1/operator/network-rebalance ok"}
[WebServer] {"timestamp": "2026-10-09T18:57:14.405613+00:00", "level": "INFO", "service": "oday-api", "actor": "user", "correlation_id": "corr-r4-005-read-HZ-01-demand", "resource": "HTTP", "action": "GET", "result": "ok", "error_code": null, "message": "HTTP GET /api/v1/operator/network-listings ok"}
[WebServer] {"timestamp": "2026-10-09T18:57:14.467674+00:00", "level": "INFO", "service": "oday-api", "actor": "user", "correlation_id": "corr-r4-006-scoring-read", "resource": "HTTP", "action": "GET", "result": "ok", "error_code": null, "message": "HTTP GET /api/v1/operator/network-scoring ok"}
[WebServer] {"timestamp": "2026-10-09T18:57:14.469067+00:00", "level": "INFO", "service": "oday-api", "actor": "user", "correlation_id": "corr-r4-007-reviews-read", "resource": "HTTP", "action": "GET", "result": "ok", "error_code": null, "message": "HTTP GET /api/v1/operator/network-reviews ok"}
[WebServer] {"timestamp": "2026-10-09T18:57:14.469477+00:00", "level": "INFO", "service": "oday-api", "actor": "user", "correlation_id": "corr-r4-008-rebalance-read", "resource": "HTTP", "action": "GET", "result": "ok", "error_code": null, "message": "HTTP GET /api/v1/operator/network-rebalance ok"}
[WebServer] {"timestamp": "2026-10-09T18:57:14.519525+00:00", "level": "INFO", "service": "oday-api", "actor": "user", "correlation_id": "corr-operator-bootstrap-41cf7774-e021-43db-b051-3fa48dbebc66", "resource": "HTTP", "action": "GET", "result": "ok", "error_code": null, "message": "HTTP GET /api/v1/operator/bootstrap ok"}
  ✓  2 [chromium] › tests/e2e/operator-network-review.spec.ts:77:7 › ODP-OC-R4-007 Network Review decision › WAIT decision requires pass conditions before it can submit (4.4s)
[WebServer] {"timestamp": "2026-10-09T18:57:15.471305+00:00", "level": "INFO", "service": "oday-api", "actor": "user", "correlation_id": "55d2fb10-8fdd-47a4-8159-a695a021db38", "resource": "HTTP", "action": "POST", "result": "ok", "error_code": null, "message": "HTTP POST /api/v1/operator/network-reviews/reset ok"}
[WebServer] {"timestamp": "2026-10-09T18:57:15.547650+00:00", "level": "INFO", "service": "oday-api", "actor": "user", "correlation_id": "70571069-47c3-4d17-9fc7-758ee53448e8", "resource": "HTTP", "action": "GET", "result": "ok", "error_code": null, "message": "HTTP GET /api/v1/operator/network-reviews ok"}
[WebServer] {"timestamp": "2026-10-09T18:57:15.571817+00:00", "level": "INFO", "service": "oday-api", "actor": "user", "correlation_id": "05c6f321-6e9c-4cb5-9ec6-dfdeaec1fb24", "resource": "HTTP", "action": "POST", "result": "ok", "error_code": null, "message": "HTTP POST /api/v1/operator/network-reviews/{review_id}/decide ok"}
[WebServer] {"timestamp": "2026-10-09T18:57:15.593456+00:00", "level": "INFO", "service": "oday-api", "actor": "user", "correlation_id": "5767c2b0-c012-4929-9c08-51c6b2b16e43", "resource": "HTTP", "action": "GET", "result": "ok", "error_code": null, "message": "HTTP GET /api/v1/operator/network-reviews ok"}
  ✓  3 [chromium] › tests/e2e/operator-network-review.spec.ts:94:7 › ODP-OC-R4-007 Network Review decision › GO decision syncs five records and survives reload (231ms)
[WebServer] {"timestamp": "2026-10-09T18:57:15.739243+00:00", "level": "INFO", "service": "oday-api", "actor": "user", "correlation_id": "3109d588-a092-4601-9c3e-62fd39f518f2", "resource": "HTTP", "action": "POST", "result": "ok", "error_code": null, "message": "HTTP POST /api/v1/operator/network-reviews/reset ok"}
[WebServer] {"timestamp": "2026-10-09T18:57:15.785665+00:00", "level": "INFO", "service": "oday-api", "actor": "user", "correlation_id": "53029df5-0dcf-47f8-96a1-bafa0567187a", "resource": "HTTP", "action": "GET", "result": "ok", "error_code": null, "message": "HTTP GET /api/v1/operator/network-reviews ok"}
[WebServer] {"timestamp": "2026-10-09T18:57:15.808903+00:00", "level": "INFO", "service": "oday-api", "actor": "user", "correlation_id": "d5d5797c-f874-4929-a4df-fcc906e8eee4", "resource": "HTTP", "action": "POST", "result": "ok", "error_code": null, "message": "HTTP POST /api/v1/operator/network-reviews/{review_id}/decide ok"}
[WebServer] {"timestamp": "2026-10-09T18:57:15.824922+00:00", "level": "INFO", "service": "oday-api", "actor": "user", "correlation_id": "7b8d90cf-5a52-4736-b667-ede1a82e31dc", "resource": "HTTP", "action": "POST", "result": "ok", "error_code": null, "message": "HTTP POST /api/v1/operator/network-reviews/{review_id}/decide ok"}
  ✓  4 [chromium] › tests/e2e/operator-network-review.spec.ts:116:7 › ODP-OC-R4-007 Network Review decision › Decision mapping covers WAIT / Return / Reject (209ms)
[WebServer] {"timestamp": "2026-10-09T18:57:15.978228+00:00", "level": "INFO", "service": "oday-api", "actor": "user", "correlation_id": "f349445f-8579-4224-9109-a014e61912cc", "resource": "HTTP", "action": "POST", "result": "ok", "error_code": null, "message": "HTTP POST /api/v1/operator/network-reviews/reset ok"}
[WebServer] {"timestamp": "2026-10-09T18:57:16.014150+00:00", "level": "INFO", "service": "oday-api", "actor": "user", "correlation_id": "da528641-9014-4f7c-a904-ccb41913c309", "resource": "HTTP", "action": "GET", "result": "ok", "error_code": null, "message": "HTTP GET /api/v1/operator/network-reviews ok"}
[WebServer] /tmp/pantheon-worker-worktrees/pantheon/odp-ui-network-tabs-parity-001/.venv/lib/python3.12/site-packages/anyio/_backends/_asyncio.py:1033: StarletteDeprecationWarning: 'HTTP_422_UNPROCESSABLE_ENTITY' is deprecated. Use 'HTTP_422_UNPROCESSABLE_CONTENT' instead.
[WebServer]   result = context.run(func, *args)
[WebServer] {"timestamp": "2026-10-09T18:57:16.038864+00:00", "level": "INFO", "service": "oday-api", "actor": "user", "correlation_id": "005e1610-1d97-4000-a166-b658bfb218f6", "resource": "HTTP", "action": "POST", "result": "ok", "error_code": null, "message": "HTTP POST /api/v1/operator/network-reviews/{review_id}/decide ok"}
[WebServer] {"timestamp": "2026-10-09T18:57:16.049596+00:00", "level": "INFO", "service": "oday-api", "actor": "user", "correlation_id": "dc0653bb-7573-4816-8f93-e1d161be892f", "resource": "HTTP", "action": "GET", "result": "ok", "error_code": null, "message": "HTTP GET /api/v1/operator/network-reviews ok"}
  ✓  5 [chromium] › tests/e2e/operator-network-review.spec.ts:143:7 › ODP-OC-R4-007 Network Review decision › Failed transaction leaves all five records unchanged (182ms)
[WebServer] {"timestamp": "2026-10-09T18:57:16.166890+00:00", "level": "INFO", "service": "oday-api", "actor": "user", "correlation_id": "e4bef73b-d84c-4d46-b870-352cbad89fa4", "resource": "HTTP", "action": "POST", "result": "ok", "error_code": null, "message": "HTTP POST /api/v1/operator/network-reviews/reset ok"}
[WebServer] {"timestamp": "2026-10-09T18:57:16.218533+00:00", "level": "INFO", "service": "oday-api", "actor": "user", "correlation_id": "d2097709-50c2-4502-8941-8f3fdea85a06", "resource": "HTTP", "action": "GET", "result": "ok", "error_code": null, "message": "HTTP GET /api/v1/operator/network-reviews ok"}
[WebServer] {"timestamp": "2026-10-09T18:57:16.240540+00:00", "level": "INFO", "service": "oday-api", "actor": "user", "correlation_id": "3a5e4fcb-c38b-4a06-a5ec-a4f8f2821df8", "resource": "HTTP", "action": "POST", "result": "ok", "error_code": null, "message": "HTTP POST /api/v1/operator/network-reviews/{review_id}/decide ok"}
[WebServer] {"timestamp": "2026-10-09T18:57:16.252641+00:00", "level": "INFO", "service": "oday-api", "actor": "user", "correlation_id": "cf070e71-7fe4-4a28-a7bd-491a1c5f6199", "resource": "HTTP", "action": "POST", "result": "ok", "error_code": null, "message": "HTTP POST /api/v1/operator/network-reviews/{review_id}/decide ok"}
[WebServer] {"timestamp": "2026-10-09T18:57:16.265782+00:00", "level": "INFO", "service": "oday-api", "actor": "user", "correlation_id": "704d8349-5900-4440-b54a-8a78be9ff33c", "resource": "HTTP", "action": "GET", "result": "ok", "error_code": null, "message": "HTTP GET /api/v1/operator/network-reviews ok"}
  ✓  6 [chromium] › tests/e2e/operator-network-review.spec.ts:157:7 › ODP-OC-R4-007 Network Review decision › Idempotent replay creates no duplicate records (198ms)
[WebServer] {"timestamp": "2026-10-09T18:57:16.450891+00:00", "level": "INFO", "service": "oday-api", "actor": "user", "correlation_id": "0d50b6e6-b16a-4eff-8907-a75068bd077b", "resource": "HTTP", "action": "POST", "result": "ok", "error_code": null, "message": "HTTP POST /api/v1/operator/network-reviews/reset ok"}
[WebServer] {"timestamp": "2026-10-09T18:57:16.514072+00:00", "level": "INFO", "service": "oday-api", "actor": "user", "correlation_id": "f0af5272-6d4d-48aa-b9f3-c92cdd053cce", "resource": "HTTP", "action": "GET", "result": "ok", "error_code": null, "message": "HTTP GET /api/v1/operator/network-reviews ok"}
[WebServer] {"timestamp": "2026-10-09T18:57:18.418877+00:00", "level": "INFO", "service": "oday-api", "actor": "user", "correlation_id": "corr-r4-005-read-HZ-01-demand", "resource": "HTTP", "action": "GET", "result": "ok", "error_code": null, "message": "HTTP GET /api/v1/operator/network-listings ok"}
[WebServer] {"timestamp": "2026-10-09T18:57:18.559324+00:00", "level": "INFO", "service": "oday-api", "actor": "user", "correlation_id": "corr-r4-008-rebalance-read", "resource": "HTTP", "action": "GET", "result": "ok", "error_code": null, "message": "HTTP GET /api/v1/operator/network-rebalance ok"}
[WebServer] {"timestamp": "2026-10-09T18:57:18.560566+00:00", "level": "INFO", "service": "oday-api", "actor": "user", "correlation_id": "corr-r4-007-reviews-read", "resource": "HTTP", "action": "GET", "result": "ok", "error_code": null, "message": "HTTP GET /api/v1/operator/network-reviews ok"}
[WebServer] {"timestamp": "2026-10-09T18:57:18.561538+00:00", "level": "INFO", "service": "oday-api", "actor": "user", "correlation_id": "corr-r4-006-scoring-read", "resource": "HTTP", "action": "GET", "result": "ok", "error_code": null, "message": "HTTP GET /api/v1/operator/network-scoring ok"}
[WebServer] {"timestamp": "2026-10-09T18:57:18.621879+00:00", "level": "INFO", "service": "oday-api", "actor": "user", "correlation_id": "corr-operator-bootstrap-f139b310-a18e-4d9b-8148-3fd15f940afd", "resource": "HTTP", "action": "GET", "result": "ok", "error_code": null, "message": "HTTP GET /api/v1/operator/bootstrap ok"}
  ✓  7 [chromium] › tests/e2e/operator-network-review.spec.ts:174:7 › ODP-OC-R4-007 Network Review decision › Operations lead sees read-only review actions (no decision bar) (2.6s)
[WebServer] {"timestamp": "2026-10-09T18:57:19.004932+00:00", "level": "INFO", "service": "oday-api", "actor": "user", "correlation_id": "cc7675f7-9ef3-412a-b392-dc4b157e64fc", "resource": "HTTP", "action": "POST", "result": "ok", "error_code": null, "message": "HTTP POST /api/v1/operator/network-reviews/reset ok"}
[WebServer] {"timestamp": "2026-10-09T18:57:19.040763+00:00", "level": "INFO", "service": "oday-api", "actor": "user", "correlation_id": "c7153267-840e-438a-bef2-3b10d376eb0b", "resource": "HTTP", "action": "GET", "result": "ok", "error_code": null, "message": "HTTP GET /api/v1/operator/network-reviews ok"}
[WebServer] {"timestamp": "2026-10-09T18:57:19.057475+00:00", "level": "INFO", "service": "oday-api", "actor": "user", "correlation_id": "baa766b7-d5e2-436d-b8d1-02e6cef50ea3", "resource": "HTTP", "action": "GET", "result": "ok", "error_code": null, "message": "HTTP GET /api/v1/operator/network-reviews ok"}
[WebServer] {"timestamp": "2026-10-09T18:57:19.067254+00:00", "level": "INFO", "service": "oday-api", "actor": "user", "correlation_id": "5fcd86bf-7047-4e02-a2c4-6d7197f2c17f", "resource": "HTTP", "action": "POST", "result": "ok", "error_code": null, "message": "HTTP POST /api/v1/operator/network-reviews/{review_id}/decide ok"}
[WebServer] {"timestamp": "2026-10-09T18:57:19.081719+00:00", "level": "INFO", "service": "oday-api", "actor": "user", "correlation_id": "dcf7063a-7cd1-43c5-97cf-90c9ee81faae", "resource": "HTTP", "action": "POST", "result": "ok", "error_code": null, "message": "HTTP POST /api/v1/operator/network-reviews/{review_id}/decide ok"}
  ✓  8 [chromium] › tests/e2e/operator-network-review.spec.ts:199:7 › ODP-OC-R4-007 Network Review decision › Expansion may read but not decide; reviewer may decide (173ms)

  8 passed (43.7s)
